2015-11-01 11:14:49,191 INFO  akka.event.slf4j.Slf4jLogger  - Slf4jLogger started
2015-11-01 11:14:49,210 DEBUG akka.event.EventStream main - logger log1-Slf4jLogger started
2015-11-01 11:14:49,215 DEBUG akka.event.EventStream main - Default Loggers started
2015-11-01 11:14:49,226 INFO  akka.actor.ActorSystemImpl main - {
    # merge of application.conf @ jar:file:/app/hello-akka-assembly-1.0.jar!/application.conf: 1,reference.conf @ jar:file:/app/hello-akka-assembly-1.0.jar!/reference.conf: 8
    "akka" : {
        # reference.conf @ jar:file:/app/hello-akka-assembly-1.0.jar!/reference.conf: 71
        "actor" : {
            # reference.conf @ jar:file:/app/hello-akka-assembly-1.0.jar!/reference.conf: 83
            # Timeout for ActorSystem.actorOf
            "creation-timeout" : "20s",
            # reference.conf @ jar:file:/app/hello-akka-assembly-1.0.jar!/reference.conf: 456
            "debug" : {
                # reference.conf @ jar:file:/app/hello-akka-assembly-1.0.jar!/reference.conf: 473
                # enable DEBUG logging of all AutoReceiveMessages (Kill, PoisonPill et.c.)
                "autoreceive" : "off",
                # reference.conf @ jar:file:/app/hello-akka-assembly-1.0.jar!/reference.conf: 482
                # enable DEBUG logging of subscription changes on the eventStream
                "event-stream" : "off",
                # reference.conf @ jar:file:/app/hello-akka-assembly-1.0.jar!/reference.conf: 479
                # enable DEBUG logging of all LoggingFSMs for events, transitions and timers
                "fsm" : "off",
                # reference.conf @ jar:file:/app/hello-akka-assembly-1.0.jar!/reference.conf: 476
                # enable DEBUG logging of actor lifecycle changes
                "lifecycle" : "off",
                # reference.conf @ jar:file:/app/hello-akka-assembly-1.0.jar!/reference.conf: 470
                # enable function of Actor.loggable(), which is to log any received message
                # at DEBUG level, see the “Testing Actor Systems” section of the Akka
                # Documentation at http://akka.io/docs
                "receive" : "off",
                # reference.conf @ jar:file:/app/hello-akka-assembly-1.0.jar!/reference.conf: 488
                # enable WARN logging of misconfigured routers
                "router-misconfiguration" : "off",
                # reference.conf @ jar:file:/app/hello-akka-assembly-1.0.jar!/reference.conf: 485
                # enable DEBUG logging of unhandled messages
                "unhandled" : "off"
            },
            # reference.conf @ jar:file:/app/hello-akka-assembly-1.0.jar!/reference.conf: 253
            "default-dispatcher" : {
                # reference.conf @ jar:file:/app/hello-akka-assembly-1.0.jar!/reference.conf: 353
                # For BalancingDispatcher: If the balancing dispatcher should attempt to
                # schedule idle actors using the same dispatcher when a message comes in,
                # and the dispatchers ExecutorService is not fully busy already.
                "attempt-teamwork" : "on",
                # reference.conf @ jar:file:/app/hello-akka-assembly-1.0.jar!/reference.conf: 278
                # This will be used if you have set "executor = "default-executor"".
                # If an ActorSystem is created with a given ExecutionContext, this
                # ExecutionContext will be used as the default executor for all
                # dispatchers in the ActorSystem configured with
                # executor = "default-executor". Note that "default-executor"
                # is the default value for executor, and therefore used if not
                # specified otherwise. If no ExecutionContext is given,
                # the executor configured in "fallback" will be used.
                "default-executor" : {
                    # reference.conf @ jar:file:/app/hello-akka-assembly-1.0.jar!/reference.conf: 279
                    "fallback" : "fork-join-executor"
                },
                # reference.conf @ jar:file:/app/hello-akka-assembly-1.0.jar!/reference.conf: 268
                # Which kind of ExecutorService to use for this dispatcher
                # Valid options:
                #  - "default-executor" requires a "default-executor" section
                #  - "fork-join-executor" requires a "fork-join-executor" section
                #  - "thread-pool-executor" requires a "thread-pool-executor" section
                #  - A FQCN of a class extending ExecutorServiceConfigurator
                "executor" : "default-executor",
                # reference.conf @ jar:file:/app/hello-akka-assembly-1.0.jar!/reference.conf: 283
                # This will be used if you have set "executor = "fork-join-executor""
                "fork-join-executor" : {
                    # reference.conf @ jar:file:/app/hello-akka-assembly-1.0.jar!/reference.conf: 290
                    # The parallelism factor is used to determine thread pool size using the
                    # following formula: ceil(available processors * factor). Resulting size
                    # is then bounded by the parallelism-min and parallelism-max values.
                    "parallelism-factor" : 3,
                    # reference.conf @ jar:file:/app/hello-akka-assembly-1.0.jar!/reference.conf: 293
                    # Max number of threads to cap factor-based parallelism number to
                    "parallelism-max" : 64,
                    # reference.conf @ jar:file:/app/hello-akka-assembly-1.0.jar!/reference.conf: 285
                    # Min number of threads to cap factor-based parallelism number to
                    "parallelism-min" : 8,
                    # reference.conf @ jar:file:/app/hello-akka-assembly-1.0.jar!/reference.conf: 297
                    # Setting to "FIFO" to use queue like peeking mode which "poll" or "LIFO" to use stack
                    # like peeking mode which "pop".
                    "task-peeking-mode" : "FIFO"
                },
                # reference.conf @ jar:file:/app/hello-akka-assembly-1.0.jar!/reference.conf: 358
                # If this dispatcher requires a specific type of mailbox, specify the
                # fully-qualified class name here; the actually created mailbox will
                # be a subtype of this type. The empty string signifies no requirement.
                "mailbox-requirement" : "",
                # reference.conf @ jar:file:/app/hello-akka-assembly-1.0.jar!/reference.conf: 341
                # How long time the dispatcher will wait for new actors until it shuts down
                "shutdown-timeout" : "1s",
                # reference.conf @ jar:file:/app/hello-akka-assembly-1.0.jar!/reference.conf: 301
                # This will be used if you have set "executor = "thread-pool-executor""
                "thread-pool-executor" : {
                    # reference.conf @ jar:file:/app/hello-akka-assembly-1.0.jar!/reference.conf: 337
                    # Allow core threads to time out
                    "allow-core-timeout" : "on",
                    # reference.conf @ jar:file:/app/hello-akka-assembly-1.0.jar!/reference.conf: 312
                    # The core pool size factor is used to determine thread pool core size
                    # using the following formula: ceil(available processors * factor).
                    # Resulting size is then bounded by the core-pool-size-min and
                    # core-pool-size-max values.
                    "core-pool-size-factor" : 3,
                    # reference.conf @ jar:file:/app/hello-akka-assembly-1.0.jar!/reference.conf: 315
                    # Max number of threads to cap factor-based number to
                    "core-pool-size-max" : 64,
                    # reference.conf @ jar:file:/app/hello-akka-assembly-1.0.jar!/reference.conf: 306
                    # Min number of threads to cap factor-based core number to
                    "core-pool-size-min" : 8,
                    # reference.conf @ jar:file:/app/hello-akka-assembly-1.0.jar!/reference.conf: 303
                    # Keep alive time for threads
                    "keep-alive-time" : "60s",
                    # reference.conf @ jar:file:/app/hello-akka-assembly-1.0.jar!/reference.conf: 323
                    # Max no of threads (if using a bounded task queue) is determined by
                    # calculating: ceil(available processors * factor)
                    "max-pool-size-factor" : 3,
                    # reference.conf @ jar:file:/app/hello-akka-assembly-1.0.jar!/reference.conf: 327
                    # Max number of threads to cap factor-based max number to
                    # (if using a  bounded task queue)
                    "max-pool-size-max" : 64,
                    # reference.conf @ jar:file:/app/hello-akka-assembly-1.0.jar!/reference.conf: 319
                    # Minimum number of threads to cap factor-based max number to
                    # (if using a bounded task queue)
                    "max-pool-size-min" : 8,
                    # reference.conf @ jar:file:/app/hello-akka-assembly-1.0.jar!/reference.conf: 330
                    # Specifies the bounded capacity of the task queue (< 1 == unbounded)
                    "task-queue-size" : -1,
                    # reference.conf @ jar:file:/app/hello-akka-assembly-1.0.jar!/reference.conf: 334
                    # Specifies which type of task queue will be used, can be "array" or
                    # "linked" (default)
                    "task-queue-type" : "linked"
                },
                # reference.conf @ jar:file:/app/hello-akka-assembly-1.0.jar!/reference.conf: 345
                # Throughput defines the number of messages that are processed in a batch
                # before the thread is returned to the pool. Set to 1 for as fair as possible.
                "throughput" : 5,
                # reference.conf @ jar:file:/app/hello-akka-assembly-1.0.jar!/reference.conf: 348
                # Throughput deadline for Dispatcher, set to 0 or negative for no deadline
                "throughput-deadline-time" : "0ms",
                # reference.conf @ jar:file:/app/hello-akka-assembly-1.0.jar!/reference.conf: 260
                # Must be one of the following
                # Dispatcher, PinnedDispatcher, or a FQCN to a class inheriting
                # MessageDispatcherConfigurator with a public constructor with
                # both com.typesafe.config.Config parameter and
                # akka.dispatch.DispatcherPrerequisites parameters.
                # PinnedDispatcher must be used together with executor=thread-pool-executor.
                "type" : "Dispatcher"
            },
            # reference.conf @ jar:file:/app/hello-akka-assembly-1.0.jar!/reference.conf: 361
            "default-mailbox" : {
                # reference.conf @ jar:file:/app/hello-akka-assembly-1.0.jar!/reference.conf: 372
                # If the mailbox is bounded then it uses this setting to determine its
                # capacity. The provided value must be positive.
                # NOTICE:
                # Up to version 2.1 the mailbox type was determined based on this setting;
                # this is no longer the case, the type must explicitly be a bounded mailbox.
                "mailbox-capacity" : 1000,
                # reference.conf @ jar:file:/app/hello-akka-assembly-1.0.jar!/reference.conf: 377
                # If the mailbox is bounded then this is the timeout for enqueueing
                # in case the mailbox is full. Negative values signify infinite
                # timeout, which should be avoided as it bears the risk of dead-lock.
                "mailbox-push-timeout-time" : "10s",
                # reference.conf @ jar:file:/app/hello-akka-assembly-1.0.jar!/reference.conf: 365
                # FQCN of the MailboxType. The Class of the FQCN must have a public
                # constructor with
                # (akka.actor.ActorSystem.Settings, com.typesafe.config.Config) parameters.
                "mailbox-type" : "akka.dispatch.UnboundedMailbox",
                # reference.conf @ jar:file:/app/hello-akka-assembly-1.0.jar!/reference.conf: 383
                # For Actor with Stash: The default capacity of the stash.
                # If negative (or zero) then an unbounded stash is used (default)
                # If positive then a bounded stash is used and the capacity is set using
                # the property
                "stash-capacity" : -1
            },
            # reference.conf @ jar:file:/app/hello-akka-assembly-1.0.jar!/reference.conf: 127
            "deployment" : {
                # reference.conf @ jar:file:/app/hello-akka-assembly-1.0.jar!/reference.conf: 246
                "/IO-DNS/inet-address" : {
                    # reference.conf @ jar:file:/app/hello-akka-assembly-1.0.jar!/reference.conf: 247
                    "mailbox" : "unbounded",
                    # reference.conf @ jar:file:/app/hello-akka-assembly-1.0.jar!/reference.conf: 249
                    "nr-of-instances" : 4,
                    # reference.conf @ jar:file:/app/hello-akka-assembly-1.0.jar!/reference.conf: 248
                    "router" : "consistent-hashing-pool"
                },
                # reference.conf @ jar:file:/app/hello-akka-assembly-1.0.jar!/reference.conf: 130
                # deployment id pattern - on the format: /parent/child etc.
                "default" : {
                    # reference.conf @ jar:file:/app/hello-akka-assembly-1.0.jar!/reference.conf: 136
                    # The id of the dispatcher to use for this actor.
                    # If undefined or empty the dispatcher specified in code
                    # (Props.withDispatcher) is used, or default-dispatcher if not
                    # specified at all.
                    "dispatcher" : "",
                    # reference.conf @ jar:file:/app/hello-akka-assembly-1.0.jar!/reference.conf: 144
                    # The id of the mailbox to use for this actor.
                    # If undefined or empty the default mailbox of the configured dispatcher
                    # is used or if there is no mailbox configuration the mailbox specified
                    # in code (Props.withMailbox) is used.
                    # If there is a mailbox defined in the configured dispatcher then that
                    # overrides this setting.
                    "mailbox" : "",
                    # reference.conf @ jar:file:/app/hello-akka-assembly-1.0.jar!/reference.conf: 169
                    # number of children to create in case of a router;
                    # this setting is ignored if routees.paths is given
                    "nr-of-instances" : 1,
                    # reference.conf @ jar:file:/app/hello-akka-assembly-1.0.jar!/reference.conf: 200
                    # Routers with dynamically resizable number of routees; this feature is
                    # enabled by including (parts of) this section in the deployment
                    "resizer" : {
                        # reference.conf @ jar:file:/app/hello-akka-assembly-1.0.jar!/reference.conf: 238
                        # Fraction of routees to be removed when the resizer reaches the
                        # backoffThreshold.
                        # For example, 0.1 would decrease 10% (rounded up), i.e. if current
                        # capacity is 9 it will request an decrease of 1 routee.
                        "backoff-rate" : 0.1,
                        # reference.conf @ jar:file:/app/hello-akka-assembly-1.0.jar!/reference.conf: 232
                        # Minimum fraction of busy routees before backing off.
                        # For example, if this is 0.3, then we'll remove some routees only when
                        # less than 30% of routees are busy, i.e. if current capacity is 10 and
                        # 3 are busy then the capacity is unchanged, but if 2 or less are busy
                        # the capacity is decreased.
                        # Use 0.0 or negative to avoid removal of routees.
                        "backoff-threshold" : 0.3,
                        # reference.conf @ jar:file:/app/hello-akka-assembly-1.0.jar!/reference.conf: 202
                        "enabled" : "off",
                        # reference.conf @ jar:file:/app/hello-akka-assembly-1.0.jar!/reference.conf: 205
                        # The fewest number of routees the router should ever have.
                        "lower-bound" : 1,
                        # reference.conf @ jar:file:/app/hello-akka-assembly-1.0.jar!/reference.conf: 242
                        # Number of messages between resize operation.
                        # Use 1 to resize before each message.
                        "messages-per-resize" : 10,
                        # reference.conf @ jar:file:/app/hello-akka-assembly-1.0.jar!/reference.conf: 219
                        # Threshold used to evaluate if a routee is considered to be busy
                        # (under pressure). Implementation depends on this value (default is 1).
                        # 0:   number of routees currently processing a message.
                        # 1:   number of routees currently processing a message has
                        #      some messages in mailbox.
                        # > 1: number of routees with at least the configured pressure-threshold
                        #      messages in their mailbox. Note that estimating mailbox size of
                        #      default UnboundedMailbox is O(N) operation.
                        "pressure-threshold" : 1,
                        # reference.conf @ jar:file:/app/hello-akka-assembly-1.0.jar!/reference.conf: 224
                        # Percentage to increase capacity whenever all routees are busy.
                        # For example, 0.2 would increase 20% (rounded up), i.e. if current
                        # capacity is 6 it will request an increase of 2 more routees.
                        "rampup-rate" : 0.2,
                        # reference.conf @ jar:file:/app/hello-akka-assembly-1.0.jar!/reference.conf: 209
                        # The most number of routees the router should ever have.
                        # Must be greater than or equal to lower-bound.
                        "upper-bound" : 10
                    },
                    # reference.conf @ jar:file:/app/hello-akka-assembly-1.0.jar!/reference.conf: 182
                    "routees" : {
                        # reference.conf @ jar:file:/app/hello-akka-assembly-1.0.jar!/reference.conf: 186
                        # Alternatively to giving nr-of-instances you can specify the full
                        # paths of those actors which should be routed to. This setting takes
                        # precedence over nr-of-instances
                        "paths" : []
                    },
                    # reference.conf @ jar:file:/app/hello-akka-assembly-1.0.jar!/reference.conf: 165
                    # routing (load-balance) scheme to use
                    # - available: "from-code", "round-robin", "random", "smallest-mailbox",
                    #              "scatter-gather", "broadcast"
                    # - or:        Fully qualified class name of the router class.
                    #              The class must extend akka.routing.CustomRouterConfig and
                    #              have a public constructor with com.typesafe.config.Config
                    #              and optional akka.actor.DynamicAccess parameter.
                    # - default is "from-code";
                    # Whether or not an actor is transformed to a Router is decided in code
                    # only (Props.withRouter). The type of router can be overridden in the
                    # configuration; specifying "from-code" means that the values specified
                    # in the code shall be used.
                    # In case of routing, the actors to be routed to can be specified
                    # in several ways:
                    # - nr-of-instances: will create that many children
                    # - routees.paths: will route messages to these paths using ActorSelection,
                    #   i.e. will not create children
                    # - resizer: dynamically resizable number of routees as specified in
                    #   resizer below
                    "router" : "from-code",
                    # reference.conf @ jar:file:/app/hello-akka-assembly-1.0.jar!/reference.conf: 177
                    "tail-chopping-router" : {
                        # reference.conf @ jar:file:/app/hello-akka-assembly-1.0.jar!/reference.conf: 179
                        # interval is duration between sending message to next routee
                        "interval" : "10 milliseconds"
                    },
                    # reference.conf @ jar:file:/app/hello-akka-assembly-1.0.jar!/reference.conf: 175
                    # number of virtual nodes per node for consistent-hashing router
                    "virtual-nodes-factor" : 10,
                    # reference.conf @ jar:file:/app/hello-akka-assembly-1.0.jar!/reference.conf: 172
                    # within is the timeout used for routers containing future calls
                    "within" : "5 seconds"
                }
            },
            # reference.conf @ jar:file:/app/hello-akka-assembly-1.0.jar!/reference.conf: 511
            # Configuration items which are used by the akka.actor.ActorDSL._ methods
            "dsl" : {
                # reference.conf @ jar:file:/app/hello-akka-assembly-1.0.jar!/reference.conf: 527
                # Default timeout to assume for operations like Inbox.receive et al
                "default-timeout" : "5s",
                # reference.conf @ jar:file:/app/hello-akka-assembly-1.0.jar!/reference.conf: 524
                # Maximum queue size of the actor created by newInbox(); this protects
                # against faulty programs which use select() and consistently miss messages
                "inbox-size" : 1000
            },
            # reference.conf @ jar:file:/app/hello-akka-assembly-1.0.jar!/reference.conf: 80
            # The guardian "/user" will use this class to obtain its supervisorStrategy.
            # It needs to be a subclass of akka.actor.SupervisorStrategyConfigurator.
            # In addition to the default there is akka.actor.StoppingSupervisorStrategy.
            "guardian-supervisor-strategy" : "akka.actor.DefaultSupervisorStrategy",
            # reference.conf @ jar:file:/app/hello-akka-assembly-1.0.jar!/reference.conf: 386
            "mailbox" : {
                # reference.conf @ jar:file:/app/hello-akka-assembly-1.0.jar!/reference.conf: 441
                "bounded-control-aware-queue-based" : {
                    # reference.conf @ jar:file:/app/hello-akka-assembly-1.0.jar!/reference.conf: 455
                    # FQCN of the MailboxType, The Class of the FQCN must have a public
                    # constructor with (akka.actor.ActorSystem.Settings,
                    # com.typesafe.config.Config) parameters.
                    "mailbox-type" : "akka.dispatch.BoundedControlAwareMailbox"
                },
                # reference.conf @ jar:file:/app/hello-akka-assembly-1.0.jar!/reference.conf: 427
                "bounded-deque-based" : {
                    # reference.conf @ jar:file:/app/hello-akka-assembly-1.0.jar!/reference.conf: 441
                    # FQCN of the MailboxType, The Class of the FQCN must have a public
                    # constructor with (akka.actor.ActorSystem.Settings,
                    # com.typesafe.config.Config) parameters.
                    "mailbox-type" : "akka.dispatch.BoundedDequeBasedMailbox"
                },
                # reference.conf @ jar:file:/app/hello-akka-assembly-1.0.jar!/reference.conf: 413
                "bounded-queue-based" : {
                    # reference.conf @ jar:file:/app/hello-akka-assembly-1.0.jar!/reference.conf: 427
                    # FQCN of the MailboxType, The Class of the FQCN must have a public
                    # constructor with (akka.actor.ActorSystem.Settings,
                    # com.typesafe.config.Config) parameters.
                    "mailbox-type" : "akka.dispatch.BoundedMailbox"
                },
                # reference.conf @ jar:file:/app/hello-akka-assembly-1.0.jar!/reference.conf: 451
                # The LoggerMailbox will drain all messages in the mailbox
                # when the system is shutdown and deliver them to the StandardOutLogger.
                # Do not change this unless you know what you are doing.
                "logger-queue" : {
                    # reference.conf @ jar:file:/app/hello-akka-assembly-1.0.jar!/reference.conf: 462
                    "mailbox-type" : "akka.event.LoggerMailboxType"
                },
                # reference.conf @ jar:file:/app/hello-akka-assembly-1.0.jar!/reference.conf: 393
                # Mapping between message queue semantics and mailbox configurations.
                # Used by akka.dispatch.RequiresMessageQueue[T] to enforce different
                # mailbox types on actors.
                # If your Actor implements RequiresMessageQueue[T], then when you create
                # an instance of that actor its mailbox type will be decided by looking
                # up a mailbox configuration via T in this mapping
                "requirements" : {
                    # reference.conf @ jar:file:/app/hello-akka-assembly-1.0.jar!/reference.conf: 411
                    "akka.dispatch.BoundedControlAwareMessageQueueSemantics" : "akka.actor.mailbox.bounded-control-aware-queue-based",
                    # reference.conf @ jar:file:/app/hello-akka-assembly-1.0.jar!/reference.conf: 403
                    "akka.dispatch.BoundedDequeBasedMessageQueueSemantics" : "akka.actor.mailbox.bounded-deque-based",
                    # reference.conf @ jar:file:/app/hello-akka-assembly-1.0.jar!/reference.conf: 397
                    "akka.dispatch.BoundedMessageQueueSemantics" : "akka.actor.mailbox.bounded-queue-based",
                    # reference.conf @ jar:file:/app/hello-akka-assembly-1.0.jar!/reference.conf: 407
                    "akka.dispatch.ControlAwareMessageQueueSemantics" : "akka.actor.mailbox.unbounded-control-aware-queue-based",
                    # reference.conf @ jar:file:/app/hello-akka-assembly-1.0.jar!/reference.conf: 399
                    "akka.dispatch.DequeBasedMessageQueueSemantics" : "akka.actor.mailbox.unbounded-deque-based",
                    # reference.conf @ jar:file:/app/hello-akka-assembly-1.0.jar!/reference.conf: 405
                    "akka.dispatch.MultipleConsumerSemantics" : "akka.actor.mailbox.unbounded-queue-based",
                    # reference.conf @ jar:file:/app/hello-akka-assembly-1.0.jar!/reference.conf: 409
                    "akka.dispatch.UnboundedControlAwareMessageQueueSemantics" : "akka.actor.mailbox.unbounded-control-aware-queue-based",
                    # reference.conf @ jar:file:/app/hello-akka-assembly-1.0.jar!/reference.conf: 401
                    "akka.dispatch.UnboundedDequeBasedMessageQueueSemantics" : "akka.actor.mailbox.unbounded-deque-based",
                    # reference.conf @ jar:file:/app/hello-akka-assembly-1.0.jar!/reference.conf: 395
                    "akka.dispatch.UnboundedMessageQueueSemantics" : "akka.actor.mailbox.unbounded-queue-based",
                    # reference.conf @ jar:file:/app/hello-akka-assembly-1.0.jar!/reference.conf: 413
                    "akka.event.LoggerMessageQueueSemantics" : "akka.actor.mailbox.logger-queue"
                },
                # reference.conf @ jar:file:/app/hello-akka-assembly-1.0.jar!/reference.conf: 434
                "unbounded-control-aware-queue-based" : {
                    # reference.conf @ jar:file:/app/hello-akka-assembly-1.0.jar!/reference.conf: 448
                    # FQCN of the MailboxType, The Class of the FQCN must have a public
                    # constructor with (akka.actor.ActorSystem.Settings,
                    # com.typesafe.config.Config) parameters.
                    "mailbox-type" : "akka.dispatch.UnboundedControlAwareMailbox"
                },
                # reference.conf @ jar:file:/app/hello-akka-assembly-1.0.jar!/reference.conf: 420
                "unbounded-deque-based" : {
                    # reference.conf @ jar:file:/app/hello-akka-assembly-1.0.jar!/reference.conf: 434
                    # FQCN of the MailboxType, The Class of the FQCN must have a public
                    # constructor with (akka.actor.ActorSystem.Settings,
                    # com.typesafe.config.Config) parameters.
                    "mailbox-type" : "akka.dispatch.UnboundedDequeBasedMailbox"
                },
                # reference.conf @ jar:file:/app/hello-akka-assembly-1.0.jar!/reference.conf: 406
                "unbounded-queue-based" : {
                    # reference.conf @ jar:file:/app/hello-akka-assembly-1.0.jar!/reference.conf: 420
                    # FQCN of the MailboxType, The Class of the FQCN must have a public
                    # constructor with (akka.actor.ActorSystem.Settings,
                    # com.typesafe.config.Config) parameters.
                    "mailbox-type" : "akka.dispatch.UnboundedMailbox"
                }
            },
            # reference.conf @ jar:file:/app/hello-akka-assembly-1.0.jar!/reference.conf: 75
            # FQCN of the ActorRefProvider to be used; the below is the built-in default,
            # another one is akka.remote.RemoteActorRefProvider in the akka-remote bundle.
            "provider" : "akka.actor.LocalActorRefProvider",
            # reference.conf @ jar:file:/app/hello-akka-assembly-1.0.jar!/reference.conf: 87
            # Frequency with which stopping actors are prodded in case they had to be
            # removed from their parents
            "reaper-interval" : "5s",
            # reference.conf @ jar:file:/app/hello-akka-assembly-1.0.jar!/reference.conf: 109
            "router" : {
                # reference.conf @ jar:file:/app/hello-akka-assembly-1.0.jar!/reference.conf: 109
                # Mapping between ´deployment.router' short names to fully qualified class names
                "type-mapping" : {
                    # reference.conf @ jar:file:/app/hello-akka-assembly-1.0.jar!/reference.conf: 115
                    "balancing-pool" : "akka.routing.BalancingPool",
                    # reference.conf @ jar:file:/app/hello-akka-assembly-1.0.jar!/reference.conf: 118
                    "broadcast-group" : "akka.routing.BroadcastGroup",
                    # reference.conf @ jar:file:/app/hello-akka-assembly-1.0.jar!/reference.conf: 117
                    "broadcast-pool" : "akka.routing.BroadcastPool",
                    # reference.conf @ jar:file:/app/hello-akka-assembly-1.0.jar!/reference.conf: 124
                    "consistent-hashing-group" : "akka.routing.ConsistentHashingGroup",
                    # reference.conf @ jar:file:/app/hello-akka-assembly-1.0.jar!/reference.conf: 123
                    "consistent-hashing-pool" : "akka.routing.ConsistentHashingPool",
                    # reference.conf @ jar:file:/app/hello-akka-assembly-1.0.jar!/reference.conf: 110
                    "from-code" : "akka.routing.NoRouter",
                    # reference.conf @ jar:file:/app/hello-akka-assembly-1.0.jar!/reference.conf: 114
                    "random-group" : "akka.routing.RandomGroup",
                    # reference.conf @ jar:file:/app/hello-akka-assembly-1.0.jar!/reference.conf: 113
                    "random-pool" : "akka.routing.RandomPool",
                    # reference.conf @ jar:file:/app/hello-akka-assembly-1.0.jar!/reference.conf: 112
                    "round-robin-group" : "akka.routing.RoundRobinGroup",
                    # reference.conf @ jar:file:/app/hello-akka-assembly-1.0.jar!/reference.conf: 111
                    "round-robin-pool" : "akka.routing.RoundRobinPool",
                    # reference.conf @ jar:file:/app/hello-akka-assembly-1.0.jar!/reference.conf: 120
                    "scatter-gather-group" : "akka.routing.ScatterGatherFirstCompletedGroup",
                    # reference.conf @ jar:file:/app/hello-akka-assembly-1.0.jar!/reference.conf: 119
                    "scatter-gather-pool" : "akka.routing.ScatterGatherFirstCompletedPool",
                    # reference.conf @ jar:file:/app/hello-akka-assembly-1.0.jar!/reference.conf: 116
                    "smallest-mailbox-pool" : "akka.routing.SmallestMailboxPool",
                    # reference.conf @ jar:file:/app/hello-akka-assembly-1.0.jar!/reference.conf: 122
                    "tail-chopping-group" : "akka.routing.TailChoppingGroup",
                    # reference.conf @ jar:file:/app/hello-akka-assembly-1.0.jar!/reference.conf: 121
                    "tail-chopping-pool" : "akka.routing.TailChoppingPool"
                }
            },
            # reference.conf @ jar:file:/app/hello-akka-assembly-1.0.jar!/reference.conf: 494
            # Class to Serializer binding. You only need to specify the name of an
            # interface or abstract base class of the messages. In case of ambiguity it
            # is using the most specific configured class, or giving a warning and
            # choosing the “first” one.
            # 
            # To disable one of the default serializers, assign its class to "none", like
            # "java.io.Serializable" = none
            "serialization-bindings" : {
                # reference.conf @ jar:file:/app/hello-akka-assembly-1.0.jar!/reference.conf: 505
                "[B" : "bytes",
                # reference.conf @ jar:file:/app/hello-akka-assembly-1.0.jar!/reference.conf: 506
                "java.io.Serializable" : "java"
            },
            # reference.conf @ jar:file:/app/hello-akka-assembly-1.0.jar!/reference.conf: 505
            # Configuration namespace of serialization identifiers.
            # Each serializer implementation must have an entry in the following format:
            # `akka.actor.serialization-identifiers."FQCN" = ID`
            # where `FQCN` is fully qualified class name of the serializer implementation
            # and `ID` is globally unique serializer identifier number.
            # Identifier values from 0 to 16 are reserved for Akka internal usage.
            "serialization-identifiers" : {
                # reference.conf @ jar:file:/app/hello-akka-assembly-1.0.jar!/reference.conf: 517
                "akka.serialization.ByteArraySerializer" : 4,
                # reference.conf @ jar:file:/app/hello-akka-assembly-1.0.jar!/reference.conf: 516
                "akka.serialization.JavaSerializer" : 1
            },
            # reference.conf @ jar:file:/app/hello-akka-assembly-1.0.jar!/reference.conf: 96
            # Serializes and deserializes creators (in Props) to ensure that they can be
            # sent over the network, this is only intended for testing. Purely local deployments
            # as marked with deploy.scope == LocalScope are exempt from verification.
            "serialize-creators" : "off",
            # reference.conf @ jar:file:/app/hello-akka-assembly-1.0.jar!/reference.conf: 91
            # Serializes and deserializes (non-primitive) messages to ensure immutability,
            # this is only intended for testing.
            "serialize-messages" : "off",
            # reference.conf @ jar:file:/app/hello-akka-assembly-1.0.jar!/reference.conf: 482
            # Entries for pluggable serializers and their bindings.
            "serializers" : {
                # reference.conf @ jar:file:/app/hello-akka-assembly-1.0.jar!/reference.conf: 494
                "bytes" : "akka.serialization.ByteArraySerializer",
                # reference.conf @ jar:file:/app/hello-akka-assembly-1.0.jar!/reference.conf: 493
                "java" : "akka.serialization.JavaSerializer"
            },
            # reference.conf @ jar:file:/app/hello-akka-assembly-1.0.jar!/reference.conf: 103
            "typed" : {
                # reference.conf @ jar:file:/app/hello-akka-assembly-1.0.jar!/reference.conf: 105
                # Default timeout for typed actor methods with non-void return type
                "timeout" : "5s"
            },
            # reference.conf @ jar:file:/app/hello-akka-assembly-1.0.jar!/reference.conf: 101
            # Timeout for send operations to top-level actors which are in the process
            # of being started. This is only relevant if using a bounded mailbox or the
            # CallingThreadDispatcher for a top-level actor.
            "unstarted-push-timeout" : "10s"
        },
        # reference.conf @ jar:file:/app/hello-akka-assembly-1.0.jar!/reference.conf: 65
        # Toggles whether threads created by this ActorSystem should be daemons or not
        "daemonic" : "off",
        # reference.conf @ jar:file:/app/hello-akka-assembly-1.0.jar!/reference.conf: 62
        # List FQCN of extensions which shall be loaded at actor system startup.
        # Should be on the format: 'extensions = ["foo", "bar"]' etc.
        # See the Akka Documentation for more info about Extensions
        "extensions" : [],
        # reference.conf @ jar:file:/app/hello-akka-assembly-1.0.jar!/reference.conf: 13
        # Home directory of Akka, modules in the deploy directory will be loaded
        "home" : "",
        # reference.conf @ jar:file:/app/hello-akka-assembly-1.0.jar!/reference.conf: 560
        "io" : {
            # reference.conf @ jar:file:/app/hello-akka-assembly-1.0.jar!/reference.conf: 780
            "dns" : {
                # reference.conf @ jar:file:/app/hello-akka-assembly-1.0.jar!/reference.conf: 794
                # Fully qualified config path which holds the dispatcher configuration
                # for the manager and resolver router actors.
                # For actual router configuration see akka.actor.deployment./IO-DNS/*
                "dispatcher" : "akka.actor.default-dispatcher",
                # reference.conf @ jar:file:/app/hello-akka-assembly-1.0.jar!/reference.conf: 789
                "inet-address" : {
                    # reference.conf @ jar:file:/app/hello-akka-assembly-1.0.jar!/reference.conf: 809
                    # How often to sweep out expired cache entries.
                    # Note that this interval has nothing to do with TTLs
                    "cache-cleanup-interval" : "120s",
                    # reference.conf @ jar:file:/app/hello-akka-assembly-1.0.jar!/reference.conf: 805
                    "negative-ttl" : "10s",
                    # reference.conf @ jar:file:/app/hello-akka-assembly-1.0.jar!/reference.conf: 804
                    # These TTLs are set to default java 6 values
                    "positive-ttl" : "30s",
                    # reference.conf @ jar:file:/app/hello-akka-assembly-1.0.jar!/reference.conf: 801
                    # Must implement akka.io.DnsProvider
                    "provider-object" : "akka.io.InetAddressDnsProvider"
                },
                # reference.conf @ jar:file:/app/hello-akka-assembly-1.0.jar!/reference.conf: 797
                # Name of the subconfig at path akka.io.dns, see inet-address below
                "resolver" : "inet-address"
            },
            # reference.conf @ jar:file:/app/hello-akka-assembly-1.0.jar!/reference.conf: 564
            # By default the select loops run on dedicated threads, hence using a
            # PinnedDispatcher
            "pinned-dispatcher" : {
                # reference.conf @ jar:file:/app/hello-akka-assembly-1.0.jar!/reference.conf: 576
                "executor" : "thread-pool-executor",
                # reference.conf @ jar:file:/app/hello-akka-assembly-1.0.jar!/reference.conf: 577
                "thread-pool-executor" : {
                    # reference.conf @ jar:file:/app/hello-akka-assembly-1.0.jar!/reference.conf: 577
                    "allow-core-timeout" : "off"
                },
                # reference.conf @ jar:file:/app/hello-akka-assembly-1.0.jar!/reference.conf: 575
                "type" : "PinnedDispatcher"
            },
            # reference.conf @ jar:file:/app/hello-akka-assembly-1.0.jar!/reference.conf: 570
            "tcp" : {
                # reference.conf @ jar:file:/app/hello-akka-assembly-1.0.jar!/reference.conf: 602
                # The maximum number of connection that are accepted in one go,
                # higher numbers decrease latency, lower numbers increase fairness on
                # the worker-dispatcher
                "batch-accept-limit" : 10,
                # reference.conf @ jar:file:/app/hello-akka-assembly-1.0.jar!/reference.conf: 610
                # The maximal number of direct buffers kept in the direct buffer pool for
                # reuse.
                "direct-buffer-pool-limit" : 1000,
                # reference.conf @ jar:file:/app/hello-akka-assembly-1.0.jar!/reference.conf: 606
                # The number of bytes per direct buffer in the pool used to read or write
                # network data from the kernel.
                "direct-buffer-size" : "128 KiB",
                # reference.conf @ jar:file:/app/hello-akka-assembly-1.0.jar!/reference.conf: 643
                # Fully qualified config path which holds the dispatcher configuration
                # on which file IO tasks are scheduled
                "file-io-dispatcher" : "akka.actor.default-dispatcher",
                # reference.conf @ jar:file:/app/hello-akka-assembly-1.0.jar!/reference.conf: 651
                # The maximum number of bytes (or "unlimited") to transfer in one batch
                # when using `WriteFile` command which uses `FileChannel.transferTo` to
                # pipe files to a TCP socket. On some OS like Linux `FileChannel.transferTo`
                # may block for a long time when network IO is faster than file IO.
                # Decreasing the value may improve fairness while increasing may improve
                # throughput.
                "file-io-transferTo-limit" : "512 KiB",
                # reference.conf @ jar:file:/app/hello-akka-assembly-1.0.jar!/reference.conf: 656
                # The number of times to retry the `finishConnect` call after being notified about
                # OP_CONNECT. Retries are needed if the OP_CONNECT notification doesn't imply that
                # `finishConnect` will succeed, which is the case on Android.
                "finish-connect-retries" : 5,
                # reference.conf @ jar:file:/app/hello-akka-assembly-1.0.jar!/reference.conf: 639
                # Fully qualified config path which holds the dispatcher configuration
                # for the selector management actors
                "management-dispatcher" : "akka.actor.default-dispatcher",
                # reference.conf @ jar:file:/app/hello-akka-assembly-1.0.jar!/reference.conf: 592
                # Maximum number of open channels supported by this TCP module; there is
                # no intrinsic general limit, this setting is meant to enable DoS
                # protection by limiting the number of concurrently connected clients.
                # Also note that this is a "soft" limit; in certain cases the implementation
                # will accept a few connections more or a few less than the number configured
                # here. Must be an integer > 0 or "unlimited".
                "max-channels" : 256000,
                # reference.conf @ jar:file:/app/hello-akka-assembly-1.0.jar!/reference.conf: 622
                # The maximum number of bytes delivered by a `Received` message. Before
                # more data is read from the network the connection actor will try to
                # do other work.
                # The purpose of this setting is to impose a smaller limit than the 
                # configured receive buffer size. When using value 'unlimited' it will
                # try to read all from the receive buffer.
                "max-received-message-size" : "unlimited",
                # reference.conf @ jar:file:/app/hello-akka-assembly-1.0.jar!/reference.conf: 584
                # The number of selectors to stripe the served channels over; each of
                # these will use one select loop on the selector-dispatcher.
                "nr-of-selectors" : 1,
                # reference.conf @ jar:file:/app/hello-akka-assembly-1.0.jar!/reference.conf: 614
                # The duration a connection actor waits for a `Register` message from
                # its commander before aborting the connection.
                "register-timeout" : "5s",
                # reference.conf @ jar:file:/app/hello-akka-assembly-1.0.jar!/reference.conf: 597
                # When trying to assign a new connection to a selector and the chosen
                # selector is at full capacity, retry selector choosing and assignment
                # this many times before giving up
                "selector-association-retries" : 10,
                # reference.conf @ jar:file:/app/hello-akka-assembly-1.0.jar!/reference.conf: 631
                # Fully qualified config path which holds the dispatcher configuration
                # to be used for running the select() calls in the selectors
                "selector-dispatcher" : "akka.io.pinned-dispatcher",
                # reference.conf @ jar:file:/app/hello-akka-assembly-1.0.jar!/reference.conf: 627
                # Enable fine grained logging of what goes on inside the implementation.
                # Be aware that this may log more than once per message sent to the actors
                # of the tcp implementation.
                "trace-logging" : "off",
                # reference.conf @ jar:file:/app/hello-akka-assembly-1.0.jar!/reference.conf: 665
                # On Windows connection aborts are not reliably detected unless an OP_READ is
                # registered on the selector _after_ the connection has been reset. This
                # workaround enables an OP_CONNECT which forces the abort to be visible on Windows.
                # Enabling this setting on other platforms than Windows will cause various failures
                # and undefined behavior.
                # Possible values of this key are on, off and auto where auto will enable the
                # workaround if Windows is detected automatically.
                "windows-connection-abort-workaround-enabled" : "off",
                # reference.conf @ jar:file:/app/hello-akka-assembly-1.0.jar!/reference.conf: 635
                # Fully qualified config path which holds the dispatcher configuration
                # for the read/write worker actors
                "worker-dispatcher" : "akka.actor.default-dispatcher"
            },
            # reference.conf @ jar:file:/app/hello-akka-assembly-1.0.jar!/reference.conf: 658
            "udp" : {
                # reference.conf @ jar:file:/app/hello-akka-assembly-1.0.jar!/reference.conf: 704
                # The maximal number of direct buffers kept in the direct buffer pool for
                # reuse.
                "direct-buffer-pool-limit" : 1000,
                # reference.conf @ jar:file:/app/hello-akka-assembly-1.0.jar!/reference.conf: 700
                # The number of bytes per direct buffer in the pool used to read or write
                # network data from the kernel.
                "direct-buffer-size" : "128 KiB",
                # reference.conf @ jar:file:/app/hello-akka-assembly-1.0.jar!/reference.conf: 726
                # Fully qualified config path which holds the dispatcher configuration
                # for the selector management actors
                "management-dispatcher" : "akka.actor.default-dispatcher",
                # reference.conf @ jar:file:/app/hello-akka-assembly-1.0.jar!/reference.conf: 677
                # Maximum number of open channels supported by this UDP module Generally
                # UDP does not require a large number of channels, therefore it is
                # recommended to keep this setting low.
                "max-channels" : 4096,
                # reference.conf @ jar:file:/app/hello-akka-assembly-1.0.jar!/reference.conf: 672
                # The number of selectors to stripe the served channels over; each of
                # these will use one select loop on the selector-dispatcher.
                "nr-of-selectors" : 1,
                # reference.conf @ jar:file:/app/hello-akka-assembly-1.0.jar!/reference.conf: 696
                # The maximum number of datagrams that are read in one go,
                # higher numbers decrease latency, lower numbers increase fairness on
                # the worker-dispatcher
                "receive-throughput" : 3,
                # reference.conf @ jar:file:/app/hello-akka-assembly-1.0.jar!/reference.conf: 709
                # The maximum number of bytes delivered by a `Received` message. Before
                # more data is read from the network the connection actor will try to
                # do other work.
                "received-message-size-limit" : "unlimited",
                # reference.conf @ jar:file:/app/hello-akka-assembly-1.0.jar!/reference.conf: 686
                # The select loop can be used in two modes:
                # - setting "infinite" will select without a timeout, hogging a thread
                # - setting a positive timeout will do a bounded select call,
                #   enabling sharing of a single thread between multiple selectors
                #   (in this case you will have to use a different configuration for the
                #   selector-dispatcher, e.g. using "type=Dispatcher" with size 1)
                # - setting it to zero means polling, i.e. calling selectNow()
                "select-timeout" : "infinite",
                # reference.conf @ jar:file:/app/hello-akka-assembly-1.0.jar!/reference.conf: 691
                # When trying to assign a new connection to a selector and the chosen
                # selector is at full capacity, retry selector choosing and assignment
                # this many times before giving up
                "selector-association-retries" : 10,
                # reference.conf @ jar:file:/app/hello-akka-assembly-1.0.jar!/reference.conf: 718
                # Fully qualified config path which holds the dispatcher configuration
                # to be used for running the select() calls in the selectors
                "selector-dispatcher" : "akka.io.pinned-dispatcher",
                # reference.conf @ jar:file:/app/hello-akka-assembly-1.0.jar!/reference.conf: 714
                # Enable fine grained logging of what goes on inside the implementation.
                # Be aware that this may log more than once per message sent to the actors
                # of the tcp implementation.
                "trace-logging" : "off",
                # reference.conf @ jar:file:/app/hello-akka-assembly-1.0.jar!/reference.conf: 722
                # Fully qualified config path which holds the dispatcher configuration
                # for the read/write worker actors
                "worker-dispatcher" : "akka.actor.default-dispatcher"
            },
            # reference.conf @ jar:file:/app/hello-akka-assembly-1.0.jar!/reference.conf: 719
            "udp-connected" : {
                # reference.conf @ jar:file:/app/hello-akka-assembly-1.0.jar!/reference.conf: 765
                # The maximal number of direct buffers kept in the direct buffer pool for
                # reuse.
                "direct-buffer-pool-limit" : 1000,
                # reference.conf @ jar:file:/app/hello-akka-assembly-1.0.jar!/reference.conf: 761
                # The number of bytes per direct buffer in the pool used to read or write
                # network data from the kernel.
                "direct-buffer-size" : "128 KiB",
                # reference.conf @ jar:file:/app/hello-akka-assembly-1.0.jar!/reference.conf: 787
                # Fully qualified config path which holds the dispatcher configuration
                # for the selector management actors
                "management-dispatcher" : "akka.actor.default-dispatcher",
                # reference.conf @ jar:file:/app/hello-akka-assembly-1.0.jar!/reference.conf: 738
                # Maximum number of open channels supported by this UDP module Generally
                # UDP does not require a large number of channels, therefore it is
                # recommended to keep this setting low.
                "max-channels" : 4096,
                # reference.conf @ jar:file:/app/hello-akka-assembly-1.0.jar!/reference.conf: 733
                # The number of selectors to stripe the served channels over; each of
                # these will use one select loop on the selector-dispatcher.
                "nr-of-selectors" : 1,
                # reference.conf @ jar:file:/app/hello-akka-assembly-1.0.jar!/reference.conf: 757
                # The maximum number of datagrams that are read in one go,
                # higher numbers decrease latency, lower numbers increase fairness on
                # the worker-dispatcher
                "receive-throughput" : 3,
                # reference.conf @ jar:file:/app/hello-akka-assembly-1.0.jar!/reference.conf: 770
                # The maximum number of bytes delivered by a `Received` message. Before
                # more data is read from the network the connection actor will try to
                # do other work.
                "received-message-size-limit" : "unlimited",
                # reference.conf @ jar:file:/app/hello-akka-assembly-1.0.jar!/reference.conf: 747
                # The select loop can be used in two modes:
                # - setting "infinite" will select without a timeout, hogging a thread
                # - setting a positive timeout will do a bounded select call,
                #   enabling sharing of a single thread between multiple selectors
                #   (in this case you will have to use a different configuration for the
                #   selector-dispatcher, e.g. using "type=Dispatcher" with size 1)
                # - setting it to zero means polling, i.e. calling selectNow()
                "select-timeout" : "infinite",
                # reference.conf @ jar:file:/app/hello-akka-assembly-1.0.jar!/reference.conf: 752
                # When trying to assign a new connection to a selector and the chosen
                # selector is at full capacity, retry selector choosing and assignment
                # this many times before giving up
                "selector-association-retries" : 10,
                # reference.conf @ jar:file:/app/hello-akka-assembly-1.0.jar!/reference.conf: 779
                # Fully qualified config path which holds the dispatcher configuration
                # to be used for running the select() calls in the selectors
                "selector-dispatcher" : "akka.io.pinned-dispatcher",
                # reference.conf @ jar:file:/app/hello-akka-assembly-1.0.jar!/reference.conf: 775
                # Enable fine grained logging of what goes on inside the implementation.
                # Be aware that this may log more than once per message sent to the actors
                # of the tcp implementation.
                "trace-logging" : "off",
                # reference.conf @ jar:file:/app/hello-akka-assembly-1.0.jar!/reference.conf: 783
                # Fully qualified config path which holds the dispatcher configuration
                # for the read/write worker actors
                "worker-dispatcher" : "akka.actor.default-dispatcher"
            }
        },
        # reference.conf @ jar:file:/app/hello-akka-assembly-1.0.jar!/reference.conf: 69
        # JVM shutdown, System.exit(-1), in case of a fatal error,
        # such as OutOfMemoryError
        "jvm-exit-on-fatal-error" : "on",
        # application.conf @ jar:file:/app/hello-akka-assembly-1.0.jar!/application.conf: 2
        "log-config-on-start" : "on",
        # reference.conf @ jar:file:/app/hello-akka-assembly-1.0.jar!/reference.conf: 52
        # Log at info level when messages are sent to dead letters.
        # Possible values:
        # on: all dead letters are logged
        # off: no logging of dead letters
        # n: positive integer, number of dead letters that will be logged
        "log-dead-letters" : 10,
        # reference.conf @ jar:file:/app/hello-akka-assembly-1.0.jar!/reference.conf: 57
        # Possibility to turn off logging of dead letters while the actor system
        # is shutting down. Logging is only done when enabled by 'log-dead-letters'
        # setting.
        "log-dead-letters-during-shutdown" : "on",
        # reference.conf @ jar:file:/app/hello-akka-assembly-1.0.jar!/reference.conf: 31
        # Loggers are created and registered synchronously during ActorSystem
        # start-up, and since they are actors, this timeout is used to bound the
        # waiting time
        "logger-startup-timeout" : "5s",
        # application.conf @ jar:file:/app/hello-akka-assembly-1.0.jar!/application.conf: 4
        "loggers" : [
            # application.conf @ jar:file:/app/hello-akka-assembly-1.0.jar!/application.conf: 4
            "akka.event.slf4j.Slf4jLogger"
        ],
        # application.conf @ jar:file:/app/hello-akka-assembly-1.0.jar!/application.conf: 9
        "logging-filter" : "akka.event.slf4j.Slf4jLoggingFilter",
        # application.conf @ jar:file:/app/hello-akka-assembly-1.0.jar!/application.conf: 7
        # Options: ERROR, WARNING, INFO, DEBUG
        "loglevel" : "DEBUG",
        # reference.conf @ jar:file:/app/hello-akka-assembly-1.0.jar!/reference.conf: 525
        # Used to set the behavior of the scheduler.
        # Changing the default values may change the system behavior drastically so make
        # sure you know what you're doing! See the Scheduler section of the Akka
        # Documentation for more details.
        "scheduler" : {
            # reference.conf @ jar:file:/app/hello-akka-assembly-1.0.jar!/reference.conf: 561
            # This setting selects the timer implementation which shall be loaded at
            # system start-up.
            # The class given here must implement the akka.actor.Scheduler interface
            # and offer a public constructor which takes three arguments:
            #  1) com.typesafe.config.Config
            #  2) akka.event.LoggingAdapter
            #  3) java.util.concurrent.ThreadFactory
            "implementation" : "akka.actor.LightArrayRevolverScheduler",
            # reference.conf @ jar:file:/app/hello-akka-assembly-1.0.jar!/reference.conf: 567
            # When shutting down the scheduler, there will typically be a thread which
            # needs to be stopped, and this timeout determines how long to wait for
            # that to happen. In case of timeout the shutdown of the actor system will
            # proceed without running possibly still enqueued tasks.
            "shutdown-timeout" : "5s",
            # reference.conf @ jar:file:/app/hello-akka-assembly-1.0.jar!/reference.conf: 545
            # The LightArrayRevolverScheduler is used as the default scheduler in the
            # system. It does not execute the scheduled tasks on exact time, but on every
            # tick, it will run everything that is (over)due. You can increase or decrease
            # the accuracy of the execution timing by specifying smaller or larger tick
            # duration. If you are scheduling a lot of tasks you should consider increasing
            # the ticks per wheel.
            # Note that it might take up to 1 tick to stop the Timer, so setting the
            # tick-duration to a high value will make shutting down the actor system
            # take longer.
            "tick-duration" : "10ms",
            # reference.conf @ jar:file:/app/hello-akka-assembly-1.0.jar!/reference.conf: 552
            # The timer uses a circular wheel of buckets to store the timer tasks.
            # This should be set such that the majority of scheduled timeouts (for high
            # scheduling frequency) will be shorter than one rotation of the wheel
            # (ticks-per-wheel * ticks-duration)
            # THIS MUST BE A POWER OF TWO!
            "ticks-per-wheel" : 512
        },
        # reference.conf @ jar:file:/app/hello-akka-assembly-1.0.jar!/reference.conf: 41
        # Log level for the very basic logger activated during ActorSystem startup.
        # This logger prints the log messages to stdout (System.out).
        # Options: OFF, ERROR, WARNING, INFO, DEBUG
        "stdout-loglevel" : "WARNING",
        # reference.conf @ jar:file:/app/hello-akka-assembly-1.0.jar!/reference.conf: 10
        # Akka version, checked against the runtime version of Akka.
        "version" : "2.4.0"
    },
    # system properties
    "awt" : {
        # system properties
        "toolkit" : "sun.awt.X11.XToolkit"
    },
    # system properties
    "file" : {
        # system properties
        "encoding" : {
            # system properties
            "pkg" : "sun.io"
        },
        # system properties
        "separator" : "/"
    },
    # system properties
    "java" : {
        # system properties
        "awt" : {
            # system properties
            "graphicsenv" : "sun.awt.X11GraphicsEnvironment",
            # system properties
            "printerjob" : "sun.print.PSPrinterJob"
        },
        # system properties
        "class" : {
            # system properties
            "path" : "/app/hello-akka-assembly-1.0.jar",
            # system properties
            "version" : "52.0"
        },
        # system properties
        "endorsed" : {
            # system properties
            "dirs" : "/usr/lib/jvm/java-8-openjdk-amd64/jre/lib/endorsed"
        },
        # system properties
        "ext" : {
            # system properties
            "dirs" : "/usr/lib/jvm/java-8-openjdk-amd64/jre/lib/ext:/usr/java/packages/lib/ext"
        },
        # system properties
        "home" : "/usr/lib/jvm/java-8-openjdk-amd64/jre",
        # system properties
        "io" : {
            # system properties
            "tmpdir" : "/tmp"
        },
        # system properties
        "library" : {
            # system properties
            "path" : "/usr/java/packages/lib/amd64:/usr/lib/x86_64-linux-gnu/jni:/lib/x86_64-linux-gnu:/usr/lib/x86_64-linux-gnu:/usr/lib/jni:/lib:/usr/lib"
        },
        # system properties
        "runtime" : {
            # system properties
            "name" : "OpenJDK Runtime Environment",
            # system properties
            "version" : "1.8.0_66-internal-b01"
        },
        # system properties
        "specification" : {
            # system properties
            "name" : "Java Platform API Specification",
            # system properties
            "vendor" : "Oracle Corporation",
            # system properties
            "version" : "1.8"
        },
        # system properties
        "vendor" : {
            # system properties
            "url" : {
                # system properties
                "bug" : "http://bugreport.sun.com/bugreport/"
            }
        },
        # system properties
        "version" : "1.8.0_66-internal",
        # system properties
        "vm" : {
            # system properties
            "info" : "mixed mode",
            # system properties
            "name" : "OpenJDK 64-Bit Server VM",
            # system properties
            "specification" : {
                # system properties
                "name" : "Java Virtual Machine Specification",
                # system properties
                "vendor" : "Oracle Corporation",
                # system properties
                "version" : "1.8"
            },
            # system properties
            "vendor" : "Oracle Corporation",
            # system properties
            "version" : "25.66-b01"
        }
    },
    # system properties
    "line" : {
        # system properties
        "separator" : "\n"
    },
    # system properties
    "os" : {
        # system properties
        "arch" : "amd64",
        # system properties
        "name" : "Linux",
        # system properties
        "version" : "4.0.7-boot2docker"
    },
    # system properties
    "path" : {
        # system properties
        "separator" : ":"
    },
    # system properties
    "sun" : {
        # system properties
        "arch" : {
            # system properties
            "data" : {
                # system properties
                "model" : "64"
            }
        },
        # system properties
        "boot" : {
            # system properties
            "class" : {
                # system properties
                "path" : "/usr/lib/jvm/java-8-openjdk-amd64/jre/lib/resources.jar:/usr/lib/jvm/java-8-openjdk-amd64/jre/lib/rt.jar:/usr/lib/jvm/java-8-openjdk-amd64/jre/lib/sunrsasign.jar:/usr/lib/jvm/java-8-openjdk-amd64/jre/lib/jsse.jar:/usr/lib/jvm/java-8-openjdk-amd64/jre/lib/jce.jar:/usr/lib/jvm/java-8-openjdk-amd64/jre/lib/charsets.jar:/usr/lib/jvm/java-8-openjdk-amd64/jre/lib/jfr.jar:/usr/lib/jvm/java-8-openjdk-amd64/jre/classes"
            },
            # system properties
            "library" : {
                # system properties
                "path" : "/usr/lib/jvm/java-8-openjdk-amd64/jre/lib/amd64"
            }
        },
        # system properties
        "cpu" : {
            # system properties
            "endian" : "little",
            # system properties
            "isalist" : ""
        },
        # system properties
        "io" : {
            # system properties
            "unicode" : {
                # system properties
                "encoding" : "UnicodeLittle"
            }
        },
        # system properties
        "java" : {
            # system properties
            "command" : "/app/hello-akka-assembly-1.0.jar",
            # system properties
            "launcher" : "SUN_STANDARD"
        },
        # system properties
        "jnu" : {
            # system properties
            "encoding" : "UTF-8"
        },
        # system properties
        "management" : {
            # system properties
            "compiler" : "HotSpot 64-Bit Tiered Compilers"
        },
        # system properties
        "os" : {
            # system properties
            "patch" : {
                # system properties
                "level" : "unknown"
            }
        }
    },
    # system properties
    "user" : {
        # system properties
        "dir" : "/",
        # system properties
        "home" : "/root",
        # system properties
        "language" : "en",
        # system properties
        "name" : "root",
        # system properties
        "timezone" : ""
    }
}

2015-11-01 11:14:49,228 INFO  nl.rdj.Greeter  - Hello
2015-11-01 11:14:49,241 INFO  nl.rdj.Greeter  - Hello
2015-11-01 11:14:49,263 INFO  nl.rdj.Greeter  - Hello
2015-11-01 11:14:49,268 INFO  nl.rdj.Greeter  - Hello
2015-11-01 11:14:50,278 INFO  nl.rdj.Greeter  - Hello
2015-11-01 11:14:51,279 INFO  nl.rdj.Greeter  - Hello
2015-11-01 11:14:52,277 INFO  nl.rdj.Greeter  - Hello
2015-11-01 11:14:53,278 INFO  nl.rdj.Greeter  - Hello
2015-11-01 11:14:54,278 INFO  nl.rdj.Greeter  - Hello
2015-11-01 11:14:55,278 INFO  nl.rdj.Greeter  - Hello
2015-11-01 11:14:56,278 INFO  nl.rdj.Greeter  - Hello
2015-11-01 11:14:57,278 INFO  nl.rdj.Greeter  - Hello
2015-11-01 11:14:58,276 INFO  nl.rdj.Greeter  - Hello
2015-11-01 11:14:59,288 INFO  nl.rdj.Greeter  - Hello
2015-11-01 11:15:00,277 INFO  nl.rdj.Greeter  - Hello
2015-11-01 11:15:01,277 INFO  nl.rdj.Greeter  - Hello
2015-11-01 11:15:02,277 INFO  nl.rdj.Greeter  - Hello
2015-11-01 11:15:03,277 INFO  nl.rdj.Greeter  - Hello
2015-11-01 11:15:04,276 INFO  nl.rdj.Greeter  - Hello
2015-11-01 11:15:05,287 INFO  nl.rdj.Greeter  - Hello
2015-11-01 11:15:06,278 INFO  nl.rdj.Greeter  - Hello
2015-11-01 11:15:07,277 INFO  nl.rdj.Greeter  - Hello
2015-11-01 11:15:08,277 INFO  nl.rdj.Greeter  - Hello
2015-11-01 11:15:09,278 INFO  nl.rdj.Greeter  - Hello
2015-11-01 11:15:10,278 INFO  nl.rdj.Greeter  - Hello
2015-11-01 11:15:11,278 INFO  nl.rdj.Greeter  - Hello
2015-11-01 11:15:12,277 INFO  nl.rdj.Greeter  - Hello
2015-11-01 11:15:13,277 INFO  nl.rdj.Greeter  - Hello
2015-11-01 11:15:14,277 INFO  nl.rdj.Greeter  - Hello
2015-11-01 11:15:15,277 INFO  nl.rdj.Greeter  - Hello
2015-11-01 11:15:16,277 INFO  nl.rdj.Greeter  - Hello
2015-11-01 11:15:17,277 INFO  nl.rdj.Greeter  - Hello
2015-11-01 11:15:18,277 INFO  nl.rdj.Greeter  - Hello
2015-11-01 11:15:19,277 INFO  nl.rdj.Greeter  - Hello
2015-11-01 11:15:20,277 INFO  nl.rdj.Greeter  - Hello
2015-11-01 11:15:21,279 INFO  nl.rdj.Greeter  - Hello
2015-11-01 11:15:22,277 INFO  nl.rdj.Greeter  - Hello
2015-11-01 11:15:23,287 INFO  nl.rdj.Greeter  - Hello
2015-11-01 11:15:24,287 INFO  nl.rdj.Greeter  - Hello
2015-11-01 11:15:25,278 INFO  nl.rdj.Greeter  - Hello
2015-11-01 11:15:26,277 INFO  nl.rdj.Greeter  - Hello
2015-11-01 11:15:27,277 INFO  nl.rdj.Greeter  - Hello
2015-11-01 11:15:28,287 INFO  nl.rdj.Greeter  - Hello
2015-11-01 11:15:29,287 INFO  nl.rdj.Greeter  - Hello
2015-11-01 11:15:30,277 INFO  nl.rdj.Greeter  - Hello
2015-11-01 11:15:31,287 INFO  nl.rdj.Greeter  - Hello
2015-11-01 11:15:32,278 INFO  nl.rdj.Greeter  - Hello
2015-11-01 11:15:33,276 INFO  nl.rdj.Greeter  - Hello
2015-11-01 11:15:34,286 INFO  nl.rdj.Greeter  - Hello
2015-11-01 11:15:35,288 INFO  nl.rdj.Greeter  - Hello
2015-11-01 11:15:36,278 INFO  nl.rdj.Greeter  - Hello
2015-11-01 11:15:37,278 INFO  nl.rdj.Greeter  - Hello
2015-11-01 11:15:38,277 INFO  nl.rdj.Greeter  - Hello
2015-11-01 11:15:39,278 INFO  nl.rdj.Greeter  - Hello
2015-11-01 11:15:40,276 INFO  nl.rdj.Greeter  - Hello
2015-11-01 11:15:41,287 INFO  nl.rdj.Greeter  - Hello
2015-11-01 11:15:42,278 INFO  nl.rdj.Greeter  - Hello
2015-11-01 11:15:43,278 INFO  nl.rdj.Greeter  - Hello
2015-11-01 11:15:44,277 INFO  nl.rdj.Greeter  - Hello
2015-11-01 11:15:45,277 INFO  nl.rdj.Greeter  - Hello
2015-11-01 11:15:46,276 INFO  nl.rdj.Greeter  - Hello
2015-11-01 11:15:47,288 INFO  nl.rdj.Greeter  - Hello
2015-11-01 11:15:48,278 INFO  nl.rdj.Greeter  - Hello
2015-11-01 11:15:49,278 INFO  nl.rdj.Greeter  - Hello
2015-11-01 11:15:50,278 INFO  nl.rdj.Greeter  - Hello
2015-11-01 11:15:51,276 INFO  nl.rdj.Greeter  - Hello
2015-11-01 11:15:52,288 INFO  nl.rdj.Greeter  - Hello
2015-11-01 11:15:53,277 INFO  nl.rdj.Greeter  - Hello
2015-11-01 11:15:54,277 INFO  nl.rdj.Greeter  - Hello
2015-11-01 11:15:55,277 INFO  nl.rdj.Greeter  - Hello
2015-11-01 11:15:56,289 INFO  nl.rdj.Greeter  - Hello
2015-11-01 11:15:57,277 INFO  nl.rdj.Greeter  - Hello
2015-11-01 11:15:58,278 INFO  nl.rdj.Greeter  - Hello
2015-11-01 11:15:59,278 INFO  nl.rdj.Greeter  - Hello
2015-11-01 11:16:00,277 INFO  nl.rdj.Greeter  - Hello
2015-11-01 11:16:01,277 INFO  nl.rdj.Greeter  - Hello
2015-11-01 11:16:02,278 INFO  nl.rdj.Greeter  - Hello
2015-11-01 11:16:03,277 INFO  nl.rdj.Greeter  - Hello
2015-11-01 11:16:04,288 INFO  nl.rdj.Greeter  - Hello
2015-11-01 11:16:05,278 INFO  nl.rdj.Greeter  - Hello
2015-11-01 11:16:06,278 INFO  nl.rdj.Greeter  - Hello
2015-11-01 11:16:07,277 INFO  nl.rdj.Greeter  - Hello
2015-11-01 11:16:08,277 INFO  nl.rdj.Greeter  - Hello
2015-11-01 11:16:09,287 INFO  nl.rdj.Greeter  - Hello
2015-11-01 11:16:10,287 INFO  nl.rdj.Greeter  - Hello
2015-11-01 11:16:11,287 INFO  nl.rdj.Greeter  - Hello
2015-11-01 11:16:12,277 INFO  nl.rdj.Greeter  - Hello
2015-11-01 11:16:13,276 INFO  nl.rdj.Greeter  - Hello
2015-11-01 11:16:14,287 INFO  nl.rdj.Greeter  - Hello
2015-11-01 11:16:15,278 INFO  nl.rdj.Greeter  - Hello
2015-11-01 11:16:16,276 INFO  nl.rdj.Greeter  - Hello
2015-11-01 11:16:17,287 INFO  nl.rdj.Greeter  - Hello
2015-11-01 11:16:18,277 INFO  nl.rdj.Greeter  - Hello
2015-11-01 11:16:19,277 INFO  nl.rdj.Greeter  - Hello
2015-11-01 11:16:20,277 INFO  nl.rdj.Greeter  - Hello
2015-11-01 11:16:21,277 INFO  nl.rdj.Greeter  - Hello
2015-11-01 11:16:22,277 INFO  nl.rdj.Greeter  - Hello
2015-11-01 11:16:23,278 INFO  nl.rdj.Greeter  - Hello
2015-11-01 11:16:24,276 INFO  nl.rdj.Greeter  - Hello
2015-11-01 11:16:25,287 INFO  nl.rdj.Greeter  - Hello
2015-11-01 11:16:26,277 INFO  nl.rdj.Greeter  - Hello
2015-11-01 11:16:27,277 INFO  nl.rdj.Greeter  - Hello
2015-11-01 11:16:28,277 INFO  nl.rdj.Greeter  - Hello
2015-11-01 11:16:29,287 INFO  nl.rdj.Greeter  - Hello
2015-11-01 11:16:30,277 INFO  nl.rdj.Greeter  - Hello
2015-11-01 11:16:31,277 INFO  nl.rdj.Greeter  - Hello
2015-11-01 11:16:32,281 INFO  nl.rdj.Greeter  - Hello
2015-11-01 11:16:33,277 INFO  nl.rdj.Greeter  - Hello
2015-11-01 11:16:34,277 INFO  nl.rdj.Greeter  - Hello
2015-11-01 11:16:35,277 INFO  nl.rdj.Greeter  - Hello
2015-11-01 11:16:36,278 INFO  nl.rdj.Greeter  - Hello
2015-11-01 11:16:37,277 INFO  nl.rdj.Greeter  - Hello
2015-11-01 11:16:38,287 INFO  nl.rdj.Greeter  - Hello
2015-11-01 11:16:39,286 INFO  nl.rdj.Greeter  - Hello
2015-11-01 11:16:40,288 INFO  nl.rdj.Greeter  - Hello
2015-11-01 11:16:41,277 INFO  nl.rdj.Greeter  - Hello
2015-11-01 11:16:42,288 INFO  nl.rdj.Greeter  - Hello
2015-11-01 11:16:43,276 INFO  nl.rdj.Greeter  - Hello
2015-11-01 11:16:44,287 INFO  nl.rdj.Greeter  - Hello
2015-11-01 11:16:45,286 INFO  nl.rdj.Greeter  - Hello
2015-11-01 11:16:46,287 INFO  nl.rdj.Greeter  - Hello
2015-11-01 11:16:47,287 INFO  nl.rdj.Greeter  - Hello
2015-11-01 11:16:48,278 INFO  nl.rdj.Greeter  - Hello
2015-11-01 11:16:49,276 INFO  nl.rdj.Greeter  - Hello
2015-11-01 11:16:50,287 INFO  nl.rdj.Greeter  - Hello
2015-11-01 11:16:51,277 INFO  nl.rdj.Greeter  - Hello
2015-11-01 11:16:52,277 INFO  nl.rdj.Greeter  - Hello
2015-11-01 11:16:53,277 INFO  nl.rdj.Greeter  - Hello
2015-11-01 11:16:54,277 INFO  nl.rdj.Greeter  - Hello
2015-11-01 11:16:55,277 INFO  nl.rdj.Greeter  - Hello
2015-11-01 11:16:56,287 INFO  nl.rdj.Greeter  - Hello
2015-11-01 11:16:57,277 INFO  nl.rdj.Greeter  - Hello
2015-11-01 11:16:58,277 INFO  nl.rdj.Greeter  - Hello
2015-11-01 11:16:59,277 INFO  nl.rdj.Greeter  - Hello
2015-11-01 11:17:00,287 INFO  nl.rdj.Greeter  - Hello
2015-11-01 11:17:01,289 INFO  nl.rdj.Greeter  - Hello
2015-11-01 11:17:02,277 INFO  nl.rdj.Greeter  - Hello
2015-11-01 11:17:03,287 INFO  nl.rdj.Greeter  - Hello
2015-11-01 11:17:04,291 INFO  nl.rdj.Greeter  - Hello
2015-11-01 11:17:05,287 INFO  nl.rdj.Greeter  - Hello
2015-11-01 11:17:06,278 INFO  nl.rdj.Greeter  - Hello
2015-11-01 11:17:07,278 INFO  nl.rdj.Greeter  - Hello
2015-11-01 11:17:08,277 INFO  nl.rdj.Greeter  - Hello
2015-11-01 11:17:09,277 INFO  nl.rdj.Greeter  - Hello
2015-11-01 11:17:10,277 INFO  nl.rdj.Greeter  - Hello
2015-11-01 11:17:11,277 INFO  nl.rdj.Greeter  - Hello
2015-11-01 11:17:12,288 INFO  nl.rdj.Greeter  - Hello
2015-11-01 11:17:13,278 INFO  nl.rdj.Greeter  - Hello
2015-11-01 11:17:14,277 INFO  nl.rdj.Greeter  - Hello
2015-11-01 11:17:15,287 INFO  nl.rdj.Greeter  - Hello
2015-11-01 11:17:16,277 INFO  nl.rdj.Greeter  - Hello
2015-11-01 11:17:17,278 INFO  nl.rdj.Greeter  - Hello
2015-11-01 11:17:18,277 INFO  nl.rdj.Greeter  - Hello
2015-11-01 11:17:19,287 INFO  nl.rdj.Greeter  - Hello
2015-11-01 11:17:20,277 INFO  nl.rdj.Greeter  - Hello
2015-11-01 11:17:21,279 INFO  nl.rdj.Greeter  - Hello
2015-11-01 11:17:22,278 INFO  nl.rdj.Greeter  - Hello
2015-11-01 11:17:23,278 INFO  nl.rdj.Greeter  - Hello
2015-11-01 11:17:24,278 INFO  nl.rdj.Greeter  - Hello
2015-11-01 11:17:25,277 INFO  nl.rdj.Greeter  - Hello
2015-11-01 11:17:26,278 INFO  nl.rdj.Greeter  - Hello
2015-11-01 11:17:27,278 INFO  nl.rdj.Greeter  - Hello
2015-11-01 11:17:28,276 INFO  nl.rdj.Greeter  - Hello
2015-11-01 11:17:29,287 INFO  nl.rdj.Greeter  - Hello
2015-11-01 11:17:30,278 INFO  nl.rdj.Greeter  - Hello
2015-11-01 11:17:31,277 INFO  nl.rdj.Greeter  - Hello
2015-11-01 11:17:32,287 INFO  nl.rdj.Greeter  - Hello
2015-11-01 11:17:33,278 INFO  nl.rdj.Greeter  - Hello
2015-11-01 11:17:34,278 INFO  nl.rdj.Greeter  - Hello
2015-11-01 11:17:35,277 INFO  nl.rdj.Greeter  - Hello
2015-11-01 11:17:36,278 INFO  nl.rdj.Greeter  - Hello
2015-11-01 11:17:37,279 INFO  nl.rdj.Greeter  - Hello
2015-11-01 11:17:38,277 INFO  nl.rdj.Greeter  - Hello
2015-11-01 11:17:39,278 INFO  nl.rdj.Greeter  - Hello
2015-11-01 11:17:40,277 INFO  nl.rdj.Greeter  - Hello
2015-11-01 11:17:41,277 INFO  nl.rdj.Greeter  - Hello
2015-11-01 11:17:42,277 INFO  nl.rdj.Greeter  - Hello
2015-11-01 11:17:43,294 INFO  nl.rdj.Greeter  - Hello
2015-11-01 12:41:55,061 INFO  akka.event.slf4j.Slf4jLogger  - Slf4jLogger started
2015-11-01 12:41:55,079 DEBUG akka.event.EventStream main - logger log1-Slf4jLogger started
2015-11-01 12:41:55,089 DEBUG akka.event.EventStream main - Default Loggers started
2015-11-01 12:41:55,100 INFO  akka.actor.ActorSystemImpl main - {
    # merge of application.conf @ jar:file:/app/hello-akka-assembly-1.0.jar!/application.conf: 1,reference.conf @ jar:file:/app/hello-akka-assembly-1.0.jar!/reference.conf: 8
    "akka" : {
        # reference.conf @ jar:file:/app/hello-akka-assembly-1.0.jar!/reference.conf: 71
        "actor" : {
            # reference.conf @ jar:file:/app/hello-akka-assembly-1.0.jar!/reference.conf: 83
            # Timeout for ActorSystem.actorOf
            "creation-timeout" : "20s",
            # reference.conf @ jar:file:/app/hello-akka-assembly-1.0.jar!/reference.conf: 456
            "debug" : {
                # reference.conf @ jar:file:/app/hello-akka-assembly-1.0.jar!/reference.conf: 473
                # enable DEBUG logging of all AutoReceiveMessages (Kill, PoisonPill et.c.)
                "autoreceive" : "off",
                # reference.conf @ jar:file:/app/hello-akka-assembly-1.0.jar!/reference.conf: 482
                # enable DEBUG logging of subscription changes on the eventStream
                "event-stream" : "off",
                # reference.conf @ jar:file:/app/hello-akka-assembly-1.0.jar!/reference.conf: 479
                # enable DEBUG logging of all LoggingFSMs for events, transitions and timers
                "fsm" : "off",
                # reference.conf @ jar:file:/app/hello-akka-assembly-1.0.jar!/reference.conf: 476
                # enable DEBUG logging of actor lifecycle changes
                "lifecycle" : "off",
                # reference.conf @ jar:file:/app/hello-akka-assembly-1.0.jar!/reference.conf: 470
                # enable function of Actor.loggable(), which is to log any received message
                # at DEBUG level, see the “Testing Actor Systems” section of the Akka
                # Documentation at http://akka.io/docs
                "receive" : "off",
                # reference.conf @ jar:file:/app/hello-akka-assembly-1.0.jar!/reference.conf: 488
                # enable WARN logging of misconfigured routers
                "router-misconfiguration" : "off",
                # reference.conf @ jar:file:/app/hello-akka-assembly-1.0.jar!/reference.conf: 485
                # enable DEBUG logging of unhandled messages
                "unhandled" : "off"
            },
            # reference.conf @ jar:file:/app/hello-akka-assembly-1.0.jar!/reference.conf: 253
            "default-dispatcher" : {
                # reference.conf @ jar:file:/app/hello-akka-assembly-1.0.jar!/reference.conf: 353
                # For BalancingDispatcher: If the balancing dispatcher should attempt to
                # schedule idle actors using the same dispatcher when a message comes in,
                # and the dispatchers ExecutorService is not fully busy already.
                "attempt-teamwork" : "on",
                # reference.conf @ jar:file:/app/hello-akka-assembly-1.0.jar!/reference.conf: 278
                # This will be used if you have set "executor = "default-executor"".
                # If an ActorSystem is created with a given ExecutionContext, this
                # ExecutionContext will be used as the default executor for all
                # dispatchers in the ActorSystem configured with
                # executor = "default-executor". Note that "default-executor"
                # is the default value for executor, and therefore used if not
                # specified otherwise. If no ExecutionContext is given,
                # the executor configured in "fallback" will be used.
                "default-executor" : {
                    # reference.conf @ jar:file:/app/hello-akka-assembly-1.0.jar!/reference.conf: 279
                    "fallback" : "fork-join-executor"
                },
                # reference.conf @ jar:file:/app/hello-akka-assembly-1.0.jar!/reference.conf: 268
                # Which kind of ExecutorService to use for this dispatcher
                # Valid options:
                #  - "default-executor" requires a "default-executor" section
                #  - "fork-join-executor" requires a "fork-join-executor" section
                #  - "thread-pool-executor" requires a "thread-pool-executor" section
                #  - A FQCN of a class extending ExecutorServiceConfigurator
                "executor" : "default-executor",
                # reference.conf @ jar:file:/app/hello-akka-assembly-1.0.jar!/reference.conf: 283
                # This will be used if you have set "executor = "fork-join-executor""
                "fork-join-executor" : {
                    # reference.conf @ jar:file:/app/hello-akka-assembly-1.0.jar!/reference.conf: 290
                    # The parallelism factor is used to determine thread pool size using the
                    # following formula: ceil(available processors * factor). Resulting size
                    # is then bounded by the parallelism-min and parallelism-max values.
                    "parallelism-factor" : 3,
                    # reference.conf @ jar:file:/app/hello-akka-assembly-1.0.jar!/reference.conf: 293
                    # Max number of threads to cap factor-based parallelism number to
                    "parallelism-max" : 64,
                    # reference.conf @ jar:file:/app/hello-akka-assembly-1.0.jar!/reference.conf: 285
                    # Min number of threads to cap factor-based parallelism number to
                    "parallelism-min" : 8,
                    # reference.conf @ jar:file:/app/hello-akka-assembly-1.0.jar!/reference.conf: 297
                    # Setting to "FIFO" to use queue like peeking mode which "poll" or "LIFO" to use stack
                    # like peeking mode which "pop".
                    "task-peeking-mode" : "FIFO"
                },
                # reference.conf @ jar:file:/app/hello-akka-assembly-1.0.jar!/reference.conf: 358
                # If this dispatcher requires a specific type of mailbox, specify the
                # fully-qualified class name here; the actually created mailbox will
                # be a subtype of this type. The empty string signifies no requirement.
                "mailbox-requirement" : "",
                # reference.conf @ jar:file:/app/hello-akka-assembly-1.0.jar!/reference.conf: 341
                # How long time the dispatcher will wait for new actors until it shuts down
                "shutdown-timeout" : "1s",
                # reference.conf @ jar:file:/app/hello-akka-assembly-1.0.jar!/reference.conf: 301
                # This will be used if you have set "executor = "thread-pool-executor""
                "thread-pool-executor" : {
                    # reference.conf @ jar:file:/app/hello-akka-assembly-1.0.jar!/reference.conf: 337
                    # Allow core threads to time out
                    "allow-core-timeout" : "on",
                    # reference.conf @ jar:file:/app/hello-akka-assembly-1.0.jar!/reference.conf: 312
                    # The core pool size factor is used to determine thread pool core size
                    # using the following formula: ceil(available processors * factor).
                    # Resulting size is then bounded by the core-pool-size-min and
                    # core-pool-size-max values.
                    "core-pool-size-factor" : 3,
                    # reference.conf @ jar:file:/app/hello-akka-assembly-1.0.jar!/reference.conf: 315
                    # Max number of threads to cap factor-based number to
                    "core-pool-size-max" : 64,
                    # reference.conf @ jar:file:/app/hello-akka-assembly-1.0.jar!/reference.conf: 306
                    # Min number of threads to cap factor-based core number to
                    "core-pool-size-min" : 8,
                    # reference.conf @ jar:file:/app/hello-akka-assembly-1.0.jar!/reference.conf: 303
                    # Keep alive time for threads
                    "keep-alive-time" : "60s",
                    # reference.conf @ jar:file:/app/hello-akka-assembly-1.0.jar!/reference.conf: 323
                    # Max no of threads (if using a bounded task queue) is determined by
                    # calculating: ceil(available processors * factor)
                    "max-pool-size-factor" : 3,
                    # reference.conf @ jar:file:/app/hello-akka-assembly-1.0.jar!/reference.conf: 327
                    # Max number of threads to cap factor-based max number to
                    # (if using a  bounded task queue)
                    "max-pool-size-max" : 64,
                    # reference.conf @ jar:file:/app/hello-akka-assembly-1.0.jar!/reference.conf: 319
                    # Minimum number of threads to cap factor-based max number to
                    # (if using a bounded task queue)
                    "max-pool-size-min" : 8,
                    # reference.conf @ jar:file:/app/hello-akka-assembly-1.0.jar!/reference.conf: 330
                    # Specifies the bounded capacity of the task queue (< 1 == unbounded)
                    "task-queue-size" : -1,
                    # reference.conf @ jar:file:/app/hello-akka-assembly-1.0.jar!/reference.conf: 334
                    # Specifies which type of task queue will be used, can be "array" or
                    # "linked" (default)
                    "task-queue-type" : "linked"
                },
                # reference.conf @ jar:file:/app/hello-akka-assembly-1.0.jar!/reference.conf: 345
                # Throughput defines the number of messages that are processed in a batch
                # before the thread is returned to the pool. Set to 1 for as fair as possible.
                "throughput" : 5,
                # reference.conf @ jar:file:/app/hello-akka-assembly-1.0.jar!/reference.conf: 348
                # Throughput deadline for Dispatcher, set to 0 or negative for no deadline
                "throughput-deadline-time" : "0ms",
                # reference.conf @ jar:file:/app/hello-akka-assembly-1.0.jar!/reference.conf: 260
                # Must be one of the following
                # Dispatcher, PinnedDispatcher, or a FQCN to a class inheriting
                # MessageDispatcherConfigurator with a public constructor with
                # both com.typesafe.config.Config parameter and
                # akka.dispatch.DispatcherPrerequisites parameters.
                # PinnedDispatcher must be used together with executor=thread-pool-executor.
                "type" : "Dispatcher"
            },
            # reference.conf @ jar:file:/app/hello-akka-assembly-1.0.jar!/reference.conf: 361
            "default-mailbox" : {
                # reference.conf @ jar:file:/app/hello-akka-assembly-1.0.jar!/reference.conf: 372
                # If the mailbox is bounded then it uses this setting to determine its
                # capacity. The provided value must be positive.
                # NOTICE:
                # Up to version 2.1 the mailbox type was determined based on this setting;
                # this is no longer the case, the type must explicitly be a bounded mailbox.
                "mailbox-capacity" : 1000,
                # reference.conf @ jar:file:/app/hello-akka-assembly-1.0.jar!/reference.conf: 377
                # If the mailbox is bounded then this is the timeout for enqueueing
                # in case the mailbox is full. Negative values signify infinite
                # timeout, which should be avoided as it bears the risk of dead-lock.
                "mailbox-push-timeout-time" : "10s",
                # reference.conf @ jar:file:/app/hello-akka-assembly-1.0.jar!/reference.conf: 365
                # FQCN of the MailboxType. The Class of the FQCN must have a public
                # constructor with
                # (akka.actor.ActorSystem.Settings, com.typesafe.config.Config) parameters.
                "mailbox-type" : "akka.dispatch.UnboundedMailbox",
                # reference.conf @ jar:file:/app/hello-akka-assembly-1.0.jar!/reference.conf: 383
                # For Actor with Stash: The default capacity of the stash.
                # If negative (or zero) then an unbounded stash is used (default)
                # If positive then a bounded stash is used and the capacity is set using
                # the property
                "stash-capacity" : -1
            },
            # reference.conf @ jar:file:/app/hello-akka-assembly-1.0.jar!/reference.conf: 127
            "deployment" : {
                # reference.conf @ jar:file:/app/hello-akka-assembly-1.0.jar!/reference.conf: 246
                "/IO-DNS/inet-address" : {
                    # reference.conf @ jar:file:/app/hello-akka-assembly-1.0.jar!/reference.conf: 247
                    "mailbox" : "unbounded",
                    # reference.conf @ jar:file:/app/hello-akka-assembly-1.0.jar!/reference.conf: 249
                    "nr-of-instances" : 4,
                    # reference.conf @ jar:file:/app/hello-akka-assembly-1.0.jar!/reference.conf: 248
                    "router" : "consistent-hashing-pool"
                },
                # reference.conf @ jar:file:/app/hello-akka-assembly-1.0.jar!/reference.conf: 130
                # deployment id pattern - on the format: /parent/child etc.
                "default" : {
                    # reference.conf @ jar:file:/app/hello-akka-assembly-1.0.jar!/reference.conf: 136
                    # The id of the dispatcher to use for this actor.
                    # If undefined or empty the dispatcher specified in code
                    # (Props.withDispatcher) is used, or default-dispatcher if not
                    # specified at all.
                    "dispatcher" : "",
                    # reference.conf @ jar:file:/app/hello-akka-assembly-1.0.jar!/reference.conf: 144
                    # The id of the mailbox to use for this actor.
                    # If undefined or empty the default mailbox of the configured dispatcher
                    # is used or if there is no mailbox configuration the mailbox specified
                    # in code (Props.withMailbox) is used.
                    # If there is a mailbox defined in the configured dispatcher then that
                    # overrides this setting.
                    "mailbox" : "",
                    # reference.conf @ jar:file:/app/hello-akka-assembly-1.0.jar!/reference.conf: 169
                    # number of children to create in case of a router;
                    # this setting is ignored if routees.paths is given
                    "nr-of-instances" : 1,
                    # reference.conf @ jar:file:/app/hello-akka-assembly-1.0.jar!/reference.conf: 200
                    # Routers with dynamically resizable number of routees; this feature is
                    # enabled by including (parts of) this section in the deployment
                    "resizer" : {
                        # reference.conf @ jar:file:/app/hello-akka-assembly-1.0.jar!/reference.conf: 238
                        # Fraction of routees to be removed when the resizer reaches the
                        # backoffThreshold.
                        # For example, 0.1 would decrease 10% (rounded up), i.e. if current
                        # capacity is 9 it will request an decrease of 1 routee.
                        "backoff-rate" : 0.1,
                        # reference.conf @ jar:file:/app/hello-akka-assembly-1.0.jar!/reference.conf: 232
                        # Minimum fraction of busy routees before backing off.
                        # For example, if this is 0.3, then we'll remove some routees only when
                        # less than 30% of routees are busy, i.e. if current capacity is 10 and
                        # 3 are busy then the capacity is unchanged, but if 2 or less are busy
                        # the capacity is decreased.
                        # Use 0.0 or negative to avoid removal of routees.
                        "backoff-threshold" : 0.3,
                        # reference.conf @ jar:file:/app/hello-akka-assembly-1.0.jar!/reference.conf: 202
                        "enabled" : "off",
                        # reference.conf @ jar:file:/app/hello-akka-assembly-1.0.jar!/reference.conf: 205
                        # The fewest number of routees the router should ever have.
                        "lower-bound" : 1,
                        # reference.conf @ jar:file:/app/hello-akka-assembly-1.0.jar!/reference.conf: 242
                        # Number of messages between resize operation.
                        # Use 1 to resize before each message.
                        "messages-per-resize" : 10,
                        # reference.conf @ jar:file:/app/hello-akka-assembly-1.0.jar!/reference.conf: 219
                        # Threshold used to evaluate if a routee is considered to be busy
                        # (under pressure). Implementation depends on this value (default is 1).
                        # 0:   number of routees currently processing a message.
                        # 1:   number of routees currently processing a message has
                        #      some messages in mailbox.
                        # > 1: number of routees with at least the configured pressure-threshold
                        #      messages in their mailbox. Note that estimating mailbox size of
                        #      default UnboundedMailbox is O(N) operation.
                        "pressure-threshold" : 1,
                        # reference.conf @ jar:file:/app/hello-akka-assembly-1.0.jar!/reference.conf: 224
                        # Percentage to increase capacity whenever all routees are busy.
                        # For example, 0.2 would increase 20% (rounded up), i.e. if current
                        # capacity is 6 it will request an increase of 2 more routees.
                        "rampup-rate" : 0.2,
                        # reference.conf @ jar:file:/app/hello-akka-assembly-1.0.jar!/reference.conf: 209
                        # The most number of routees the router should ever have.
                        # Must be greater than or equal to lower-bound.
                        "upper-bound" : 10
                    },
                    # reference.conf @ jar:file:/app/hello-akka-assembly-1.0.jar!/reference.conf: 182
                    "routees" : {
                        # reference.conf @ jar:file:/app/hello-akka-assembly-1.0.jar!/reference.conf: 186
                        # Alternatively to giving nr-of-instances you can specify the full
                        # paths of those actors which should be routed to. This setting takes
                        # precedence over nr-of-instances
                        "paths" : []
                    },
                    # reference.conf @ jar:file:/app/hello-akka-assembly-1.0.jar!/reference.conf: 165
                    # routing (load-balance) scheme to use
                    # - available: "from-code", "round-robin", "random", "smallest-mailbox",
                    #              "scatter-gather", "broadcast"
                    # - or:        Fully qualified class name of the router class.
                    #              The class must extend akka.routing.CustomRouterConfig and
                    #              have a public constructor with com.typesafe.config.Config
                    #              and optional akka.actor.DynamicAccess parameter.
                    # - default is "from-code";
                    # Whether or not an actor is transformed to a Router is decided in code
                    # only (Props.withRouter). The type of router can be overridden in the
                    # configuration; specifying "from-code" means that the values specified
                    # in the code shall be used.
                    # In case of routing, the actors to be routed to can be specified
                    # in several ways:
                    # - nr-of-instances: will create that many children
                    # - routees.paths: will route messages to these paths using ActorSelection,
                    #   i.e. will not create children
                    # - resizer: dynamically resizable number of routees as specified in
                    #   resizer below
                    "router" : "from-code",
                    # reference.conf @ jar:file:/app/hello-akka-assembly-1.0.jar!/reference.conf: 177
                    "tail-chopping-router" : {
                        # reference.conf @ jar:file:/app/hello-akka-assembly-1.0.jar!/reference.conf: 179
                        # interval is duration between sending message to next routee
                        "interval" : "10 milliseconds"
                    },
                    # reference.conf @ jar:file:/app/hello-akka-assembly-1.0.jar!/reference.conf: 175
                    # number of virtual nodes per node for consistent-hashing router
                    "virtual-nodes-factor" : 10,
                    # reference.conf @ jar:file:/app/hello-akka-assembly-1.0.jar!/reference.conf: 172
                    # within is the timeout used for routers containing future calls
                    "within" : "5 seconds"
                }
            },
            # reference.conf @ jar:file:/app/hello-akka-assembly-1.0.jar!/reference.conf: 511
            # Configuration items which are used by the akka.actor.ActorDSL._ methods
            "dsl" : {
                # reference.conf @ jar:file:/app/hello-akka-assembly-1.0.jar!/reference.conf: 527
                # Default timeout to assume for operations like Inbox.receive et al
                "default-timeout" : "5s",
                # reference.conf @ jar:file:/app/hello-akka-assembly-1.0.jar!/reference.conf: 524
                # Maximum queue size of the actor created by newInbox(); this protects
                # against faulty programs which use select() and consistently miss messages
                "inbox-size" : 1000
            },
            # reference.conf @ jar:file:/app/hello-akka-assembly-1.0.jar!/reference.conf: 80
            # The guardian "/user" will use this class to obtain its supervisorStrategy.
            # It needs to be a subclass of akka.actor.SupervisorStrategyConfigurator.
            # In addition to the default there is akka.actor.StoppingSupervisorStrategy.
            "guardian-supervisor-strategy" : "akka.actor.DefaultSupervisorStrategy",
            # reference.conf @ jar:file:/app/hello-akka-assembly-1.0.jar!/reference.conf: 386
            "mailbox" : {
                # reference.conf @ jar:file:/app/hello-akka-assembly-1.0.jar!/reference.conf: 441
                "bounded-control-aware-queue-based" : {
                    # reference.conf @ jar:file:/app/hello-akka-assembly-1.0.jar!/reference.conf: 455
                    # FQCN of the MailboxType, The Class of the FQCN must have a public
                    # constructor with (akka.actor.ActorSystem.Settings,
                    # com.typesafe.config.Config) parameters.
                    "mailbox-type" : "akka.dispatch.BoundedControlAwareMailbox"
                },
                # reference.conf @ jar:file:/app/hello-akka-assembly-1.0.jar!/reference.conf: 427
                "bounded-deque-based" : {
                    # reference.conf @ jar:file:/app/hello-akka-assembly-1.0.jar!/reference.conf: 441
                    # FQCN of the MailboxType, The Class of the FQCN must have a public
                    # constructor with (akka.actor.ActorSystem.Settings,
                    # com.typesafe.config.Config) parameters.
                    "mailbox-type" : "akka.dispatch.BoundedDequeBasedMailbox"
                },
                # reference.conf @ jar:file:/app/hello-akka-assembly-1.0.jar!/reference.conf: 413
                "bounded-queue-based" : {
                    # reference.conf @ jar:file:/app/hello-akka-assembly-1.0.jar!/reference.conf: 427
                    # FQCN of the MailboxType, The Class of the FQCN must have a public
                    # constructor with (akka.actor.ActorSystem.Settings,
                    # com.typesafe.config.Config) parameters.
                    "mailbox-type" : "akka.dispatch.BoundedMailbox"
                },
                # reference.conf @ jar:file:/app/hello-akka-assembly-1.0.jar!/reference.conf: 451
                # The LoggerMailbox will drain all messages in the mailbox
                # when the system is shutdown and deliver them to the StandardOutLogger.
                # Do not change this unless you know what you are doing.
                "logger-queue" : {
                    # reference.conf @ jar:file:/app/hello-akka-assembly-1.0.jar!/reference.conf: 462
                    "mailbox-type" : "akka.event.LoggerMailboxType"
                },
                # reference.conf @ jar:file:/app/hello-akka-assembly-1.0.jar!/reference.conf: 393
                # Mapping between message queue semantics and mailbox configurations.
                # Used by akka.dispatch.RequiresMessageQueue[T] to enforce different
                # mailbox types on actors.
                # If your Actor implements RequiresMessageQueue[T], then when you create
                # an instance of that actor its mailbox type will be decided by looking
                # up a mailbox configuration via T in this mapping
                "requirements" : {
                    # reference.conf @ jar:file:/app/hello-akka-assembly-1.0.jar!/reference.conf: 411
                    "akka.dispatch.BoundedControlAwareMessageQueueSemantics" : "akka.actor.mailbox.bounded-control-aware-queue-based",
                    # reference.conf @ jar:file:/app/hello-akka-assembly-1.0.jar!/reference.conf: 403
                    "akka.dispatch.BoundedDequeBasedMessageQueueSemantics" : "akka.actor.mailbox.bounded-deque-based",
                    # reference.conf @ jar:file:/app/hello-akka-assembly-1.0.jar!/reference.conf: 397
                    "akka.dispatch.BoundedMessageQueueSemantics" : "akka.actor.mailbox.bounded-queue-based",
                    # reference.conf @ jar:file:/app/hello-akka-assembly-1.0.jar!/reference.conf: 407
                    "akka.dispatch.ControlAwareMessageQueueSemantics" : "akka.actor.mailbox.unbounded-control-aware-queue-based",
                    # reference.conf @ jar:file:/app/hello-akka-assembly-1.0.jar!/reference.conf: 399
                    "akka.dispatch.DequeBasedMessageQueueSemantics" : "akka.actor.mailbox.unbounded-deque-based",
                    # reference.conf @ jar:file:/app/hello-akka-assembly-1.0.jar!/reference.conf: 405
                    "akka.dispatch.MultipleConsumerSemantics" : "akka.actor.mailbox.unbounded-queue-based",
                    # reference.conf @ jar:file:/app/hello-akka-assembly-1.0.jar!/reference.conf: 409
                    "akka.dispatch.UnboundedControlAwareMessageQueueSemantics" : "akka.actor.mailbox.unbounded-control-aware-queue-based",
                    # reference.conf @ jar:file:/app/hello-akka-assembly-1.0.jar!/reference.conf: 401
                    "akka.dispatch.UnboundedDequeBasedMessageQueueSemantics" : "akka.actor.mailbox.unbounded-deque-based",
                    # reference.conf @ jar:file:/app/hello-akka-assembly-1.0.jar!/reference.conf: 395
                    "akka.dispatch.UnboundedMessageQueueSemantics" : "akka.actor.mailbox.unbounded-queue-based",
                    # reference.conf @ jar:file:/app/hello-akka-assembly-1.0.jar!/reference.conf: 413
                    "akka.event.LoggerMessageQueueSemantics" : "akka.actor.mailbox.logger-queue"
                },
                # reference.conf @ jar:file:/app/hello-akka-assembly-1.0.jar!/reference.conf: 434
                "unbounded-control-aware-queue-based" : {
                    # reference.conf @ jar:file:/app/hello-akka-assembly-1.0.jar!/reference.conf: 448
                    # FQCN of the MailboxType, The Class of the FQCN must have a public
                    # constructor with (akka.actor.ActorSystem.Settings,
                    # com.typesafe.config.Config) parameters.
                    "mailbox-type" : "akka.dispatch.UnboundedControlAwareMailbox"
                },
                # reference.conf @ jar:file:/app/hello-akka-assembly-1.0.jar!/reference.conf: 420
                "unbounded-deque-based" : {
                    # reference.conf @ jar:file:/app/hello-akka-assembly-1.0.jar!/reference.conf: 434
                    # FQCN of the MailboxType, The Class of the FQCN must have a public
                    # constructor with (akka.actor.ActorSystem.Settings,
                    # com.typesafe.config.Config) parameters.
                    "mailbox-type" : "akka.dispatch.UnboundedDequeBasedMailbox"
                },
                # reference.conf @ jar:file:/app/hello-akka-assembly-1.0.jar!/reference.conf: 406
                "unbounded-queue-based" : {
                    # reference.conf @ jar:file:/app/hello-akka-assembly-1.0.jar!/reference.conf: 420
                    # FQCN of the MailboxType, The Class of the FQCN must have a public
                    # constructor with (akka.actor.ActorSystem.Settings,
                    # com.typesafe.config.Config) parameters.
                    "mailbox-type" : "akka.dispatch.UnboundedMailbox"
                }
            },
            # reference.conf @ jar:file:/app/hello-akka-assembly-1.0.jar!/reference.conf: 75
            # FQCN of the ActorRefProvider to be used; the below is the built-in default,
            # another one is akka.remote.RemoteActorRefProvider in the akka-remote bundle.
            "provider" : "akka.actor.LocalActorRefProvider",
            # reference.conf @ jar:file:/app/hello-akka-assembly-1.0.jar!/reference.conf: 87
            # Frequency with which stopping actors are prodded in case they had to be
            # removed from their parents
            "reaper-interval" : "5s",
            # reference.conf @ jar:file:/app/hello-akka-assembly-1.0.jar!/reference.conf: 109
            "router" : {
                # reference.conf @ jar:file:/app/hello-akka-assembly-1.0.jar!/reference.conf: 109
                # Mapping between ´deployment.router' short names to fully qualified class names
                "type-mapping" : {
                    # reference.conf @ jar:file:/app/hello-akka-assembly-1.0.jar!/reference.conf: 115
                    "balancing-pool" : "akka.routing.BalancingPool",
                    # reference.conf @ jar:file:/app/hello-akka-assembly-1.0.jar!/reference.conf: 118
                    "broadcast-group" : "akka.routing.BroadcastGroup",
                    # reference.conf @ jar:file:/app/hello-akka-assembly-1.0.jar!/reference.conf: 117
                    "broadcast-pool" : "akka.routing.BroadcastPool",
                    # reference.conf @ jar:file:/app/hello-akka-assembly-1.0.jar!/reference.conf: 124
                    "consistent-hashing-group" : "akka.routing.ConsistentHashingGroup",
                    # reference.conf @ jar:file:/app/hello-akka-assembly-1.0.jar!/reference.conf: 123
                    "consistent-hashing-pool" : "akka.routing.ConsistentHashingPool",
                    # reference.conf @ jar:file:/app/hello-akka-assembly-1.0.jar!/reference.conf: 110
                    "from-code" : "akka.routing.NoRouter",
                    # reference.conf @ jar:file:/app/hello-akka-assembly-1.0.jar!/reference.conf: 114
                    "random-group" : "akka.routing.RandomGroup",
                    # reference.conf @ jar:file:/app/hello-akka-assembly-1.0.jar!/reference.conf: 113
                    "random-pool" : "akka.routing.RandomPool",
                    # reference.conf @ jar:file:/app/hello-akka-assembly-1.0.jar!/reference.conf: 112
                    "round-robin-group" : "akka.routing.RoundRobinGroup",
                    # reference.conf @ jar:file:/app/hello-akka-assembly-1.0.jar!/reference.conf: 111
                    "round-robin-pool" : "akka.routing.RoundRobinPool",
                    # reference.conf @ jar:file:/app/hello-akka-assembly-1.0.jar!/reference.conf: 120
                    "scatter-gather-group" : "akka.routing.ScatterGatherFirstCompletedGroup",
                    # reference.conf @ jar:file:/app/hello-akka-assembly-1.0.jar!/reference.conf: 119
                    "scatter-gather-pool" : "akka.routing.ScatterGatherFirstCompletedPool",
                    # reference.conf @ jar:file:/app/hello-akka-assembly-1.0.jar!/reference.conf: 116
                    "smallest-mailbox-pool" : "akka.routing.SmallestMailboxPool",
                    # reference.conf @ jar:file:/app/hello-akka-assembly-1.0.jar!/reference.conf: 122
                    "tail-chopping-group" : "akka.routing.TailChoppingGroup",
                    # reference.conf @ jar:file:/app/hello-akka-assembly-1.0.jar!/reference.conf: 121
                    "tail-chopping-pool" : "akka.routing.TailChoppingPool"
                }
            },
            # reference.conf @ jar:file:/app/hello-akka-assembly-1.0.jar!/reference.conf: 494
            # Class to Serializer binding. You only need to specify the name of an
            # interface or abstract base class of the messages. In case of ambiguity it
            # is using the most specific configured class, or giving a warning and
            # choosing the “first” one.
            # 
            # To disable one of the default serializers, assign its class to "none", like
            # "java.io.Serializable" = none
            "serialization-bindings" : {
                # reference.conf @ jar:file:/app/hello-akka-assembly-1.0.jar!/reference.conf: 505
                "[B" : "bytes",
                # reference.conf @ jar:file:/app/hello-akka-assembly-1.0.jar!/reference.conf: 506
                "java.io.Serializable" : "java"
            },
            # reference.conf @ jar:file:/app/hello-akka-assembly-1.0.jar!/reference.conf: 505
            # Configuration namespace of serialization identifiers.
            # Each serializer implementation must have an entry in the following format:
            # `akka.actor.serialization-identifiers."FQCN" = ID`
            # where `FQCN` is fully qualified class name of the serializer implementation
            # and `ID` is globally unique serializer identifier number.
            # Identifier values from 0 to 16 are reserved for Akka internal usage.
            "serialization-identifiers" : {
                # reference.conf @ jar:file:/app/hello-akka-assembly-1.0.jar!/reference.conf: 517
                "akka.serialization.ByteArraySerializer" : 4,
                # reference.conf @ jar:file:/app/hello-akka-assembly-1.0.jar!/reference.conf: 516
                "akka.serialization.JavaSerializer" : 1
            },
            # reference.conf @ jar:file:/app/hello-akka-assembly-1.0.jar!/reference.conf: 96
            # Serializes and deserializes creators (in Props) to ensure that they can be
            # sent over the network, this is only intended for testing. Purely local deployments
            # as marked with deploy.scope == LocalScope are exempt from verification.
            "serialize-creators" : "off",
            # reference.conf @ jar:file:/app/hello-akka-assembly-1.0.jar!/reference.conf: 91
            # Serializes and deserializes (non-primitive) messages to ensure immutability,
            # this is only intended for testing.
            "serialize-messages" : "off",
            # reference.conf @ jar:file:/app/hello-akka-assembly-1.0.jar!/reference.conf: 482
            # Entries for pluggable serializers and their bindings.
            "serializers" : {
                # reference.conf @ jar:file:/app/hello-akka-assembly-1.0.jar!/reference.conf: 494
                "bytes" : "akka.serialization.ByteArraySerializer",
                # reference.conf @ jar:file:/app/hello-akka-assembly-1.0.jar!/reference.conf: 493
                "java" : "akka.serialization.JavaSerializer"
            },
            # reference.conf @ jar:file:/app/hello-akka-assembly-1.0.jar!/reference.conf: 103
            "typed" : {
                # reference.conf @ jar:file:/app/hello-akka-assembly-1.0.jar!/reference.conf: 105
                # Default timeout for typed actor methods with non-void return type
                "timeout" : "5s"
            },
            # reference.conf @ jar:file:/app/hello-akka-assembly-1.0.jar!/reference.conf: 101
            # Timeout for send operations to top-level actors which are in the process
            # of being started. This is only relevant if using a bounded mailbox or the
            # CallingThreadDispatcher for a top-level actor.
            "unstarted-push-timeout" : "10s"
        },
        # reference.conf @ jar:file:/app/hello-akka-assembly-1.0.jar!/reference.conf: 65
        # Toggles whether threads created by this ActorSystem should be daemons or not
        "daemonic" : "off",
        # reference.conf @ jar:file:/app/hello-akka-assembly-1.0.jar!/reference.conf: 62
        # List FQCN of extensions which shall be loaded at actor system startup.
        # Should be on the format: 'extensions = ["foo", "bar"]' etc.
        # See the Akka Documentation for more info about Extensions
        "extensions" : [],
        # reference.conf @ jar:file:/app/hello-akka-assembly-1.0.jar!/reference.conf: 13
        # Home directory of Akka, modules in the deploy directory will be loaded
        "home" : "",
        # reference.conf @ jar:file:/app/hello-akka-assembly-1.0.jar!/reference.conf: 560
        "io" : {
            # reference.conf @ jar:file:/app/hello-akka-assembly-1.0.jar!/reference.conf: 780
            "dns" : {
                # reference.conf @ jar:file:/app/hello-akka-assembly-1.0.jar!/reference.conf: 794
                # Fully qualified config path which holds the dispatcher configuration
                # for the manager and resolver router actors.
                # For actual router configuration see akka.actor.deployment./IO-DNS/*
                "dispatcher" : "akka.actor.default-dispatcher",
                # reference.conf @ jar:file:/app/hello-akka-assembly-1.0.jar!/reference.conf: 789
                "inet-address" : {
                    # reference.conf @ jar:file:/app/hello-akka-assembly-1.0.jar!/reference.conf: 809
                    # How often to sweep out expired cache entries.
                    # Note that this interval has nothing to do with TTLs
                    "cache-cleanup-interval" : "120s",
                    # reference.conf @ jar:file:/app/hello-akka-assembly-1.0.jar!/reference.conf: 805
                    "negative-ttl" : "10s",
                    # reference.conf @ jar:file:/app/hello-akka-assembly-1.0.jar!/reference.conf: 804
                    # These TTLs are set to default java 6 values
                    "positive-ttl" : "30s",
                    # reference.conf @ jar:file:/app/hello-akka-assembly-1.0.jar!/reference.conf: 801
                    # Must implement akka.io.DnsProvider
                    "provider-object" : "akka.io.InetAddressDnsProvider"
                },
                # reference.conf @ jar:file:/app/hello-akka-assembly-1.0.jar!/reference.conf: 797
                # Name of the subconfig at path akka.io.dns, see inet-address below
                "resolver" : "inet-address"
            },
            # reference.conf @ jar:file:/app/hello-akka-assembly-1.0.jar!/reference.conf: 564
            # By default the select loops run on dedicated threads, hence using a
            # PinnedDispatcher
            "pinned-dispatcher" : {
                # reference.conf @ jar:file:/app/hello-akka-assembly-1.0.jar!/reference.conf: 576
                "executor" : "thread-pool-executor",
                # reference.conf @ jar:file:/app/hello-akka-assembly-1.0.jar!/reference.conf: 577
                "thread-pool-executor" : {
                    # reference.conf @ jar:file:/app/hello-akka-assembly-1.0.jar!/reference.conf: 577
                    "allow-core-timeout" : "off"
                },
                # reference.conf @ jar:file:/app/hello-akka-assembly-1.0.jar!/reference.conf: 575
                "type" : "PinnedDispatcher"
            },
            # reference.conf @ jar:file:/app/hello-akka-assembly-1.0.jar!/reference.conf: 570
            "tcp" : {
                # reference.conf @ jar:file:/app/hello-akka-assembly-1.0.jar!/reference.conf: 602
                # The maximum number of connection that are accepted in one go,
                # higher numbers decrease latency, lower numbers increase fairness on
                # the worker-dispatcher
                "batch-accept-limit" : 10,
                # reference.conf @ jar:file:/app/hello-akka-assembly-1.0.jar!/reference.conf: 610
                # The maximal number of direct buffers kept in the direct buffer pool for
                # reuse.
                "direct-buffer-pool-limit" : 1000,
                # reference.conf @ jar:file:/app/hello-akka-assembly-1.0.jar!/reference.conf: 606
                # The number of bytes per direct buffer in the pool used to read or write
                # network data from the kernel.
                "direct-buffer-size" : "128 KiB",
                # reference.conf @ jar:file:/app/hello-akka-assembly-1.0.jar!/reference.conf: 643
                # Fully qualified config path which holds the dispatcher configuration
                # on which file IO tasks are scheduled
                "file-io-dispatcher" : "akka.actor.default-dispatcher",
                # reference.conf @ jar:file:/app/hello-akka-assembly-1.0.jar!/reference.conf: 651
                # The maximum number of bytes (or "unlimited") to transfer in one batch
                # when using `WriteFile` command which uses `FileChannel.transferTo` to
                # pipe files to a TCP socket. On some OS like Linux `FileChannel.transferTo`
                # may block for a long time when network IO is faster than file IO.
                # Decreasing the value may improve fairness while increasing may improve
                # throughput.
                "file-io-transferTo-limit" : "512 KiB",
                # reference.conf @ jar:file:/app/hello-akka-assembly-1.0.jar!/reference.conf: 656
                # The number of times to retry the `finishConnect` call after being notified about
                # OP_CONNECT. Retries are needed if the OP_CONNECT notification doesn't imply that
                # `finishConnect` will succeed, which is the case on Android.
                "finish-connect-retries" : 5,
                # reference.conf @ jar:file:/app/hello-akka-assembly-1.0.jar!/reference.conf: 639
                # Fully qualified config path which holds the dispatcher configuration
                # for the selector management actors
                "management-dispatcher" : "akka.actor.default-dispatcher",
                # reference.conf @ jar:file:/app/hello-akka-assembly-1.0.jar!/reference.conf: 592
                # Maximum number of open channels supported by this TCP module; there is
                # no intrinsic general limit, this setting is meant to enable DoS
                # protection by limiting the number of concurrently connected clients.
                # Also note that this is a "soft" limit; in certain cases the implementation
                # will accept a few connections more or a few less than the number configured
                # here. Must be an integer > 0 or "unlimited".
                "max-channels" : 256000,
                # reference.conf @ jar:file:/app/hello-akka-assembly-1.0.jar!/reference.conf: 622
                # The maximum number of bytes delivered by a `Received` message. Before
                # more data is read from the network the connection actor will try to
                # do other work.
                # The purpose of this setting is to impose a smaller limit than the 
                # configured receive buffer size. When using value 'unlimited' it will
                # try to read all from the receive buffer.
                "max-received-message-size" : "unlimited",
                # reference.conf @ jar:file:/app/hello-akka-assembly-1.0.jar!/reference.conf: 584
                # The number of selectors to stripe the served channels over; each of
                # these will use one select loop on the selector-dispatcher.
                "nr-of-selectors" : 1,
                # reference.conf @ jar:file:/app/hello-akka-assembly-1.0.jar!/reference.conf: 614
                # The duration a connection actor waits for a `Register` message from
                # its commander before aborting the connection.
                "register-timeout" : "5s",
                # reference.conf @ jar:file:/app/hello-akka-assembly-1.0.jar!/reference.conf: 597
                # When trying to assign a new connection to a selector and the chosen
                # selector is at full capacity, retry selector choosing and assignment
                # this many times before giving up
                "selector-association-retries" : 10,
                # reference.conf @ jar:file:/app/hello-akka-assembly-1.0.jar!/reference.conf: 631
                # Fully qualified config path which holds the dispatcher configuration
                # to be used for running the select() calls in the selectors
                "selector-dispatcher" : "akka.io.pinned-dispatcher",
                # reference.conf @ jar:file:/app/hello-akka-assembly-1.0.jar!/reference.conf: 627
                # Enable fine grained logging of what goes on inside the implementation.
                # Be aware that this may log more than once per message sent to the actors
                # of the tcp implementation.
                "trace-logging" : "off",
                # reference.conf @ jar:file:/app/hello-akka-assembly-1.0.jar!/reference.conf: 665
                # On Windows connection aborts are not reliably detected unless an OP_READ is
                # registered on the selector _after_ the connection has been reset. This
                # workaround enables an OP_CONNECT which forces the abort to be visible on Windows.
                # Enabling this setting on other platforms than Windows will cause various failures
                # and undefined behavior.
                # Possible values of this key are on, off and auto where auto will enable the
                # workaround if Windows is detected automatically.
                "windows-connection-abort-workaround-enabled" : "off",
                # reference.conf @ jar:file:/app/hello-akka-assembly-1.0.jar!/reference.conf: 635
                # Fully qualified config path which holds the dispatcher configuration
                # for the read/write worker actors
                "worker-dispatcher" : "akka.actor.default-dispatcher"
            },
            # reference.conf @ jar:file:/app/hello-akka-assembly-1.0.jar!/reference.conf: 658
            "udp" : {
                # reference.conf @ jar:file:/app/hello-akka-assembly-1.0.jar!/reference.conf: 704
                # The maximal number of direct buffers kept in the direct buffer pool for
                # reuse.
                "direct-buffer-pool-limit" : 1000,
                # reference.conf @ jar:file:/app/hello-akka-assembly-1.0.jar!/reference.conf: 700
                # The number of bytes per direct buffer in the pool used to read or write
                # network data from the kernel.
                "direct-buffer-size" : "128 KiB",
                # reference.conf @ jar:file:/app/hello-akka-assembly-1.0.jar!/reference.conf: 726
                # Fully qualified config path which holds the dispatcher configuration
                # for the selector management actors
                "management-dispatcher" : "akka.actor.default-dispatcher",
                # reference.conf @ jar:file:/app/hello-akka-assembly-1.0.jar!/reference.conf: 677
                # Maximum number of open channels supported by this UDP module Generally
                # UDP does not require a large number of channels, therefore it is
                # recommended to keep this setting low.
                "max-channels" : 4096,
                # reference.conf @ jar:file:/app/hello-akka-assembly-1.0.jar!/reference.conf: 672
                # The number of selectors to stripe the served channels over; each of
                # these will use one select loop on the selector-dispatcher.
                "nr-of-selectors" : 1,
                # reference.conf @ jar:file:/app/hello-akka-assembly-1.0.jar!/reference.conf: 696
                # The maximum number of datagrams that are read in one go,
                # higher numbers decrease latency, lower numbers increase fairness on
                # the worker-dispatcher
                "receive-throughput" : 3,
                # reference.conf @ jar:file:/app/hello-akka-assembly-1.0.jar!/reference.conf: 709
                # The maximum number of bytes delivered by a `Received` message. Before
                # more data is read from the network the connection actor will try to
                # do other work.
                "received-message-size-limit" : "unlimited",
                # reference.conf @ jar:file:/app/hello-akka-assembly-1.0.jar!/reference.conf: 686
                # The select loop can be used in two modes:
                # - setting "infinite" will select without a timeout, hogging a thread
                # - setting a positive timeout will do a bounded select call,
                #   enabling sharing of a single thread between multiple selectors
                #   (in this case you will have to use a different configuration for the
                #   selector-dispatcher, e.g. using "type=Dispatcher" with size 1)
                # - setting it to zero means polling, i.e. calling selectNow()
                "select-timeout" : "infinite",
                # reference.conf @ jar:file:/app/hello-akka-assembly-1.0.jar!/reference.conf: 691
                # When trying to assign a new connection to a selector and the chosen
                # selector is at full capacity, retry selector choosing and assignment
                # this many times before giving up
                "selector-association-retries" : 10,
                # reference.conf @ jar:file:/app/hello-akka-assembly-1.0.jar!/reference.conf: 718
                # Fully qualified config path which holds the dispatcher configuration
                # to be used for running the select() calls in the selectors
                "selector-dispatcher" : "akka.io.pinned-dispatcher",
                # reference.conf @ jar:file:/app/hello-akka-assembly-1.0.jar!/reference.conf: 714
                # Enable fine grained logging of what goes on inside the implementation.
                # Be aware that this may log more than once per message sent to the actors
                # of the tcp implementation.
                "trace-logging" : "off",
                # reference.conf @ jar:file:/app/hello-akka-assembly-1.0.jar!/reference.conf: 722
                # Fully qualified config path which holds the dispatcher configuration
                # for the read/write worker actors
                "worker-dispatcher" : "akka.actor.default-dispatcher"
            },
            # reference.conf @ jar:file:/app/hello-akka-assembly-1.0.jar!/reference.conf: 719
            "udp-connected" : {
                # reference.conf @ jar:file:/app/hello-akka-assembly-1.0.jar!/reference.conf: 765
                # The maximal number of direct buffers kept in the direct buffer pool for
                # reuse.
                "direct-buffer-pool-limit" : 1000,
                # reference.conf @ jar:file:/app/hello-akka-assembly-1.0.jar!/reference.conf: 761
                # The number of bytes per direct buffer in the pool used to read or write
                # network data from the kernel.
                "direct-buffer-size" : "128 KiB",
                # reference.conf @ jar:file:/app/hello-akka-assembly-1.0.jar!/reference.conf: 787
                # Fully qualified config path which holds the dispatcher configuration
                # for the selector management actors
                "management-dispatcher" : "akka.actor.default-dispatcher",
                # reference.conf @ jar:file:/app/hello-akka-assembly-1.0.jar!/reference.conf: 738
                # Maximum number of open channels supported by this UDP module Generally
                # UDP does not require a large number of channels, therefore it is
                # recommended to keep this setting low.
                "max-channels" : 4096,
                # reference.conf @ jar:file:/app/hello-akka-assembly-1.0.jar!/reference.conf: 733
                # The number of selectors to stripe the served channels over; each of
                # these will use one select loop on the selector-dispatcher.
                "nr-of-selectors" : 1,
                # reference.conf @ jar:file:/app/hello-akka-assembly-1.0.jar!/reference.conf: 757
                # The maximum number of datagrams that are read in one go,
                # higher numbers decrease latency, lower numbers increase fairness on
                # the worker-dispatcher
                "receive-throughput" : 3,
                # reference.conf @ jar:file:/app/hello-akka-assembly-1.0.jar!/reference.conf: 770
                # The maximum number of bytes delivered by a `Received` message. Before
                # more data is read from the network the connection actor will try to
                # do other work.
                "received-message-size-limit" : "unlimited",
                # reference.conf @ jar:file:/app/hello-akka-assembly-1.0.jar!/reference.conf: 747
                # The select loop can be used in two modes:
                # - setting "infinite" will select without a timeout, hogging a thread
                # - setting a positive timeout will do a bounded select call,
                #   enabling sharing of a single thread between multiple selectors
                #   (in this case you will have to use a different configuration for the
                #   selector-dispatcher, e.g. using "type=Dispatcher" with size 1)
                # - setting it to zero means polling, i.e. calling selectNow()
                "select-timeout" : "infinite",
                # reference.conf @ jar:file:/app/hello-akka-assembly-1.0.jar!/reference.conf: 752
                # When trying to assign a new connection to a selector and the chosen
                # selector is at full capacity, retry selector choosing and assignment
                # this many times before giving up
                "selector-association-retries" : 10,
                # reference.conf @ jar:file:/app/hello-akka-assembly-1.0.jar!/reference.conf: 779
                # Fully qualified config path which holds the dispatcher configuration
                # to be used for running the select() calls in the selectors
                "selector-dispatcher" : "akka.io.pinned-dispatcher",
                # reference.conf @ jar:file:/app/hello-akka-assembly-1.0.jar!/reference.conf: 775
                # Enable fine grained logging of what goes on inside the implementation.
                # Be aware that this may log more than once per message sent to the actors
                # of the tcp implementation.
                "trace-logging" : "off",
                # reference.conf @ jar:file:/app/hello-akka-assembly-1.0.jar!/reference.conf: 783
                # Fully qualified config path which holds the dispatcher configuration
                # for the read/write worker actors
                "worker-dispatcher" : "akka.actor.default-dispatcher"
            }
        },
        # reference.conf @ jar:file:/app/hello-akka-assembly-1.0.jar!/reference.conf: 69
        # JVM shutdown, System.exit(-1), in case of a fatal error,
        # such as OutOfMemoryError
        "jvm-exit-on-fatal-error" : "on",
        # application.conf @ jar:file:/app/hello-akka-assembly-1.0.jar!/application.conf: 2
        "log-config-on-start" : "on",
        # reference.conf @ jar:file:/app/hello-akka-assembly-1.0.jar!/reference.conf: 52
        # Log at info level when messages are sent to dead letters.
        # Possible values:
        # on: all dead letters are logged
        # off: no logging of dead letters
        # n: positive integer, number of dead letters that will be logged
        "log-dead-letters" : 10,
        # reference.conf @ jar:file:/app/hello-akka-assembly-1.0.jar!/reference.conf: 57
        # Possibility to turn off logging of dead letters while the actor system
        # is shutting down. Logging is only done when enabled by 'log-dead-letters'
        # setting.
        "log-dead-letters-during-shutdown" : "on",
        # reference.conf @ jar:file:/app/hello-akka-assembly-1.0.jar!/reference.conf: 31
        # Loggers are created and registered synchronously during ActorSystem
        # start-up, and since they are actors, this timeout is used to bound the
        # waiting time
        "logger-startup-timeout" : "5s",
        # application.conf @ jar:file:/app/hello-akka-assembly-1.0.jar!/application.conf: 4
        "loggers" : [
            # application.conf @ jar:file:/app/hello-akka-assembly-1.0.jar!/application.conf: 4
            "akka.event.slf4j.Slf4jLogger"
        ],
        # application.conf @ jar:file:/app/hello-akka-assembly-1.0.jar!/application.conf: 9
        "logging-filter" : "akka.event.slf4j.Slf4jLoggingFilter",
        # application.conf @ jar:file:/app/hello-akka-assembly-1.0.jar!/application.conf: 7
        # Options: ERROR, WARNING, INFO, DEBUG
        "loglevel" : "DEBUG",
        # reference.conf @ jar:file:/app/hello-akka-assembly-1.0.jar!/reference.conf: 525
        # Used to set the behavior of the scheduler.
        # Changing the default values may change the system behavior drastically so make
        # sure you know what you're doing! See the Scheduler section of the Akka
        # Documentation for more details.
        "scheduler" : {
            # reference.conf @ jar:file:/app/hello-akka-assembly-1.0.jar!/reference.conf: 561
            # This setting selects the timer implementation which shall be loaded at
            # system start-up.
            # The class given here must implement the akka.actor.Scheduler interface
            # and offer a public constructor which takes three arguments:
            #  1) com.typesafe.config.Config
            #  2) akka.event.LoggingAdapter
            #  3) java.util.concurrent.ThreadFactory
            "implementation" : "akka.actor.LightArrayRevolverScheduler",
            # reference.conf @ jar:file:/app/hello-akka-assembly-1.0.jar!/reference.conf: 567
            # When shutting down the scheduler, there will typically be a thread which
            # needs to be stopped, and this timeout determines how long to wait for
            # that to happen. In case of timeout the shutdown of the actor system will
            # proceed without running possibly still enqueued tasks.
            "shutdown-timeout" : "5s",
            # reference.conf @ jar:file:/app/hello-akka-assembly-1.0.jar!/reference.conf: 545
            # The LightArrayRevolverScheduler is used as the default scheduler in the
            # system. It does not execute the scheduled tasks on exact time, but on every
            # tick, it will run everything that is (over)due. You can increase or decrease
            # the accuracy of the execution timing by specifying smaller or larger tick
            # duration. If you are scheduling a lot of tasks you should consider increasing
            # the ticks per wheel.
            # Note that it might take up to 1 tick to stop the Timer, so setting the
            # tick-duration to a high value will make shutting down the actor system
            # take longer.
            "tick-duration" : "10ms",
            # reference.conf @ jar:file:/app/hello-akka-assembly-1.0.jar!/reference.conf: 552
            # The timer uses a circular wheel of buckets to store the timer tasks.
            # This should be set such that the majority of scheduled timeouts (for high
            # scheduling frequency) will be shorter than one rotation of the wheel
            # (ticks-per-wheel * ticks-duration)
            # THIS MUST BE A POWER OF TWO!
            "ticks-per-wheel" : 512
        },
        # reference.conf @ jar:file:/app/hello-akka-assembly-1.0.jar!/reference.conf: 41
        # Log level for the very basic logger activated during ActorSystem startup.
        # This logger prints the log messages to stdout (System.out).
        # Options: OFF, ERROR, WARNING, INFO, DEBUG
        "stdout-loglevel" : "WARNING",
        # reference.conf @ jar:file:/app/hello-akka-assembly-1.0.jar!/reference.conf: 10
        # Akka version, checked against the runtime version of Akka.
        "version" : "2.4.0"
    },
    # system properties
    "awt" : {
        # system properties
        "toolkit" : "sun.awt.X11.XToolkit"
    },
    # system properties
    "file" : {
        # system properties
        "encoding" : {
            # system properties
            "pkg" : "sun.io"
        },
        # system properties
        "separator" : "/"
    },
    # system properties
    "java" : {
        # system properties
        "awt" : {
            # system properties
            "graphicsenv" : "sun.awt.X11GraphicsEnvironment",
            # system properties
            "printerjob" : "sun.print.PSPrinterJob"
        },
        # system properties
        "class" : {
            # system properties
            "path" : "/app/hello-akka-assembly-1.0.jar",
            # system properties
            "version" : "52.0"
        },
        # system properties
        "endorsed" : {
            # system properties
            "dirs" : "/usr/lib/jvm/java-8-openjdk-amd64/jre/lib/endorsed"
        },
        # system properties
        "ext" : {
            # system properties
            "dirs" : "/usr/lib/jvm/java-8-openjdk-amd64/jre/lib/ext:/usr/java/packages/lib/ext"
        },
        # system properties
        "home" : "/usr/lib/jvm/java-8-openjdk-amd64/jre",
        # system properties
        "io" : {
            # system properties
            "tmpdir" : "/tmp"
        },
        # system properties
        "library" : {
            # system properties
            "path" : "/usr/java/packages/lib/amd64:/usr/lib/x86_64-linux-gnu/jni:/lib/x86_64-linux-gnu:/usr/lib/x86_64-linux-gnu:/usr/lib/jni:/lib:/usr/lib"
        },
        # system properties
        "runtime" : {
            # system properties
            "name" : "OpenJDK Runtime Environment",
            # system properties
            "version" : "1.8.0_66-internal-b01"
        },
        # system properties
        "specification" : {
            # system properties
            "name" : "Java Platform API Specification",
            # system properties
            "vendor" : "Oracle Corporation",
            # system properties
            "version" : "1.8"
        },
        # system properties
        "vendor" : {
            # system properties
            "url" : {
                # system properties
                "bug" : "http://bugreport.sun.com/bugreport/"
            }
        },
        # system properties
        "version" : "1.8.0_66-internal",
        # system properties
        "vm" : {
            # system properties
            "info" : "mixed mode",
            # system properties
            "name" : "OpenJDK 64-Bit Server VM",
            # system properties
            "specification" : {
                # system properties
                "name" : "Java Virtual Machine Specification",
                # system properties
                "vendor" : "Oracle Corporation",
                # system properties
                "version" : "1.8"
            },
            # system properties
            "vendor" : "Oracle Corporation",
            # system properties
            "version" : "25.66-b01"
        }
    },
    # system properties
    "line" : {
        # system properties
        "separator" : "\n"
    },
    # system properties
    "os" : {
        # system properties
        "arch" : "amd64",
        # system properties
        "name" : "Linux",
        # system properties
        "version" : "4.0.7-boot2docker"
    },
    # system properties
    "path" : {
        # system properties
        "separator" : ":"
    },
    # system properties
    "sun" : {
        # system properties
        "arch" : {
            # system properties
            "data" : {
                # system properties
                "model" : "64"
            }
        },
        # system properties
        "boot" : {
            # system properties
            "class" : {
                # system properties
                "path" : "/usr/lib/jvm/java-8-openjdk-amd64/jre/lib/resources.jar:/usr/lib/jvm/java-8-openjdk-amd64/jre/lib/rt.jar:/usr/lib/jvm/java-8-openjdk-amd64/jre/lib/sunrsasign.jar:/usr/lib/jvm/java-8-openjdk-amd64/jre/lib/jsse.jar:/usr/lib/jvm/java-8-openjdk-amd64/jre/lib/jce.jar:/usr/lib/jvm/java-8-openjdk-amd64/jre/lib/charsets.jar:/usr/lib/jvm/java-8-openjdk-amd64/jre/lib/jfr.jar:/usr/lib/jvm/java-8-openjdk-amd64/jre/classes"
            },
            # system properties
            "library" : {
                # system properties
                "path" : "/usr/lib/jvm/java-8-openjdk-amd64/jre/lib/amd64"
            }
        },
        # system properties
        "cpu" : {
            # system properties
            "endian" : "little",
            # system properties
            "isalist" : ""
        },
        # system properties
        "io" : {
            # system properties
            "unicode" : {
                # system properties
                "encoding" : "UnicodeLittle"
            }
        },
        # system properties
        "java" : {
            # system properties
            "command" : "/app/hello-akka-assembly-1.0.jar",
            # system properties
            "launcher" : "SUN_STANDARD"
        },
        # system properties
        "jnu" : {
            # system properties
            "encoding" : "UTF-8"
        },
        # system properties
        "management" : {
            # system properties
            "compiler" : "HotSpot 64-Bit Tiered Compilers"
        },
        # system properties
        "os" : {
            # system properties
            "patch" : {
                # system properties
                "level" : "unknown"
            }
        }
    },
    # system properties
    "user" : {
        # system properties
        "dir" : "/",
        # system properties
        "home" : "/root",
        # system properties
        "language" : "en",
        # system properties
        "name" : "root",
        # system properties
        "timezone" : ""
    }
}

2015-11-01 12:41:55,103 INFO  nl.rdj.Greeter  - Hello
2015-11-01 12:41:55,120 INFO  nl.rdj.Greeter  - Hello
2015-11-01 12:41:55,146 INFO  nl.rdj.Greeter  - Hello
2015-11-01 12:41:55,151 INFO  nl.rdj.Greeter  - Hello
2015-11-01 12:41:56,156 INFO  nl.rdj.Greeter  - Hello
2015-11-01 12:41:57,168 INFO  nl.rdj.Greeter  - Hello
2015-11-01 12:41:58,170 INFO  nl.rdj.Greeter  - Hello
2015-11-01 12:41:59,158 INFO  nl.rdj.Greeter  - Hello
2015-11-01 12:42:00,167 INFO  nl.rdj.Greeter  - Hello
2015-11-01 12:42:01,167 INFO  nl.rdj.Greeter  - Hello
2015-11-01 12:42:02,168 INFO  nl.rdj.Greeter  - Hello
2015-11-01 12:42:03,167 INFO  nl.rdj.Greeter  - Hello
2015-11-01 12:42:04,167 INFO  nl.rdj.Greeter  - Hello
2015-11-01 12:42:05,167 INFO  nl.rdj.Greeter  - Hello
2015-11-01 12:42:06,170 INFO  nl.rdj.Greeter  - Hello
2015-11-01 12:42:07,148 INFO  nl.rdj.Greeter  - Hello
2015-11-01 12:42:08,169 INFO  nl.rdj.Greeter  - Hello
2015-11-01 12:42:09,168 INFO  nl.rdj.Greeter  - Hello
2015-11-01 12:42:10,168 INFO  nl.rdj.Greeter  - Hello
2015-11-01 12:42:11,168 INFO  nl.rdj.Greeter  - Hello
2015-11-01 12:42:12,167 INFO  nl.rdj.Greeter  - Hello
2015-11-01 12:42:13,168 INFO  nl.rdj.Greeter  - Hello
2015-11-01 12:42:14,166 INFO  nl.rdj.Greeter  - Hello
2015-11-01 12:42:15,169 INFO  nl.rdj.Greeter  - Hello
2015-11-01 12:42:16,168 INFO  nl.rdj.Greeter  - Hello
2015-11-01 12:42:17,168 INFO  nl.rdj.Greeter  - Hello
2015-11-01 12:42:18,167 INFO  nl.rdj.Greeter  - Hello
2015-11-01 12:42:19,170 INFO  nl.rdj.Greeter  - Hello
2015-11-01 12:42:20,158 INFO  nl.rdj.Greeter  - Hello
2015-11-01 12:42:21,167 INFO  nl.rdj.Greeter  - Hello
2015-11-01 12:42:22,170 INFO  nl.rdj.Greeter  - Hello
2015-11-01 12:42:23,158 INFO  nl.rdj.Greeter  - Hello
2015-11-01 12:42:24,169 INFO  nl.rdj.Greeter  - Hello
2015-11-01 12:42:25,157 INFO  nl.rdj.Greeter  - Hello
2015-11-01 12:42:26,170 INFO  nl.rdj.Greeter  - Hello
2015-11-01 12:42:27,158 INFO  nl.rdj.Greeter  - Hello
2015-11-01 12:42:28,167 INFO  nl.rdj.Greeter  - Hello
2015-11-01 12:42:29,167 INFO  nl.rdj.Greeter  - Hello
2015-11-01 12:42:30,167 INFO  nl.rdj.Greeter  - Hello
2015-11-01 12:42:31,167 INFO  nl.rdj.Greeter  - Hello
2015-11-01 12:42:32,167 INFO  nl.rdj.Greeter  - Hello
2015-11-01 12:42:33,168 INFO  nl.rdj.Greeter  - Hello
2015-11-01 12:42:34,168 INFO  nl.rdj.Greeter  - Hello
2015-11-01 12:42:35,167 INFO  nl.rdj.Greeter  - Hello
2015-11-01 12:42:36,168 INFO  nl.rdj.Greeter  - Hello
2015-11-01 12:42:37,167 INFO  nl.rdj.Greeter  - Hello
2015-11-01 12:42:38,168 INFO  nl.rdj.Greeter  - Hello
2015-11-01 12:42:39,167 INFO  nl.rdj.Greeter  - Hello
2015-11-01 12:42:40,167 INFO  nl.rdj.Greeter  - Hello
2015-11-01 12:42:41,167 INFO  nl.rdj.Greeter  - Hello
2015-11-01 12:42:42,168 INFO  nl.rdj.Greeter  - Hello
2015-11-01 12:42:43,167 INFO  nl.rdj.Greeter  - Hello
2015-11-01 12:42:44,166 INFO  nl.rdj.Greeter  - Hello
2015-11-01 12:42:45,167 INFO  nl.rdj.Greeter  - Hello
2015-11-01 12:42:46,166 INFO  nl.rdj.Greeter  - Hello
2015-11-01 12:42:47,168 INFO  nl.rdj.Greeter  - Hello
2015-11-01 12:42:48,167 INFO  nl.rdj.Greeter  - Hello
2015-11-01 12:42:49,167 INFO  nl.rdj.Greeter  - Hello
2015-11-01 12:42:50,167 INFO  nl.rdj.Greeter  - Hello
2015-11-01 12:42:51,167 INFO  nl.rdj.Greeter  - Hello
2015-11-03 21:59:23,494 INFO  akka.event.slf4j.Slf4jLogger  - Slf4jLogger started
2015-11-03 21:59:23,530 DEBUG akka.event.EventStream main - logger log1-Slf4jLogger started
2015-11-03 21:59:23,546 DEBUG akka.event.EventStream main - Default Loggers started
2015-11-03 21:59:23,593 INFO  akka.actor.ActorSystemImpl main - {
    # merge of application.conf @ jar:file:/app/hello-akka-assembly-1.0.jar!/application.conf: 1,reference.conf @ jar:file:/app/hello-akka-assembly-1.0.jar!/reference.conf: 8
    "akka" : {
        # reference.conf @ jar:file:/app/hello-akka-assembly-1.0.jar!/reference.conf: 71
        "actor" : {
            # reference.conf @ jar:file:/app/hello-akka-assembly-1.0.jar!/reference.conf: 83
            # Timeout for ActorSystem.actorOf
            "creation-timeout" : "20s",
            # reference.conf @ jar:file:/app/hello-akka-assembly-1.0.jar!/reference.conf: 456
            "debug" : {
                # reference.conf @ jar:file:/app/hello-akka-assembly-1.0.jar!/reference.conf: 473
                # enable DEBUG logging of all AutoReceiveMessages (Kill, PoisonPill et.c.)
                "autoreceive" : "off",
                # reference.conf @ jar:file:/app/hello-akka-assembly-1.0.jar!/reference.conf: 482
                # enable DEBUG logging of subscription changes on the eventStream
                "event-stream" : "off",
                # reference.conf @ jar:file:/app/hello-akka-assembly-1.0.jar!/reference.conf: 479
                # enable DEBUG logging of all LoggingFSMs for events, transitions and timers
                "fsm" : "off",
                # reference.conf @ jar:file:/app/hello-akka-assembly-1.0.jar!/reference.conf: 476
                # enable DEBUG logging of actor lifecycle changes
                "lifecycle" : "off",
                # reference.conf @ jar:file:/app/hello-akka-assembly-1.0.jar!/reference.conf: 470
                # enable function of Actor.loggable(), which is to log any received message
                # at DEBUG level, see the “Testing Actor Systems” section of the Akka
                # Documentation at http://akka.io/docs
                "receive" : "off",
                # reference.conf @ jar:file:/app/hello-akka-assembly-1.0.jar!/reference.conf: 488
                # enable WARN logging of misconfigured routers
                "router-misconfiguration" : "off",
                # reference.conf @ jar:file:/app/hello-akka-assembly-1.0.jar!/reference.conf: 485
                # enable DEBUG logging of unhandled messages
                "unhandled" : "off"
            },
            # reference.conf @ jar:file:/app/hello-akka-assembly-1.0.jar!/reference.conf: 253
            "default-dispatcher" : {
                # reference.conf @ jar:file:/app/hello-akka-assembly-1.0.jar!/reference.conf: 353
                # For BalancingDispatcher: If the balancing dispatcher should attempt to
                # schedule idle actors using the same dispatcher when a message comes in,
                # and the dispatchers ExecutorService is not fully busy already.
                "attempt-teamwork" : "on",
                # reference.conf @ jar:file:/app/hello-akka-assembly-1.0.jar!/reference.conf: 278
                # This will be used if you have set "executor = "default-executor"".
                # If an ActorSystem is created with a given ExecutionContext, this
                # ExecutionContext will be used as the default executor for all
                # dispatchers in the ActorSystem configured with
                # executor = "default-executor". Note that "default-executor"
                # is the default value for executor, and therefore used if not
                # specified otherwise. If no ExecutionContext is given,
                # the executor configured in "fallback" will be used.
                "default-executor" : {
                    # reference.conf @ jar:file:/app/hello-akka-assembly-1.0.jar!/reference.conf: 279
                    "fallback" : "fork-join-executor"
                },
                # reference.conf @ jar:file:/app/hello-akka-assembly-1.0.jar!/reference.conf: 268
                # Which kind of ExecutorService to use for this dispatcher
                # Valid options:
                #  - "default-executor" requires a "default-executor" section
                #  - "fork-join-executor" requires a "fork-join-executor" section
                #  - "thread-pool-executor" requires a "thread-pool-executor" section
                #  - A FQCN of a class extending ExecutorServiceConfigurator
                "executor" : "default-executor",
                # reference.conf @ jar:file:/app/hello-akka-assembly-1.0.jar!/reference.conf: 283
                # This will be used if you have set "executor = "fork-join-executor""
                "fork-join-executor" : {
                    # reference.conf @ jar:file:/app/hello-akka-assembly-1.0.jar!/reference.conf: 290
                    # The parallelism factor is used to determine thread pool size using the
                    # following formula: ceil(available processors * factor). Resulting size
                    # is then bounded by the parallelism-min and parallelism-max values.
                    "parallelism-factor" : 3,
                    # reference.conf @ jar:file:/app/hello-akka-assembly-1.0.jar!/reference.conf: 293
                    # Max number of threads to cap factor-based parallelism number to
                    "parallelism-max" : 64,
                    # reference.conf @ jar:file:/app/hello-akka-assembly-1.0.jar!/reference.conf: 285
                    # Min number of threads to cap factor-based parallelism number to
                    "parallelism-min" : 8,
                    # reference.conf @ jar:file:/app/hello-akka-assembly-1.0.jar!/reference.conf: 297
                    # Setting to "FIFO" to use queue like peeking mode which "poll" or "LIFO" to use stack
                    # like peeking mode which "pop".
                    "task-peeking-mode" : "FIFO"
                },
                # reference.conf @ jar:file:/app/hello-akka-assembly-1.0.jar!/reference.conf: 358
                # If this dispatcher requires a specific type of mailbox, specify the
                # fully-qualified class name here; the actually created mailbox will
                # be a subtype of this type. The empty string signifies no requirement.
                "mailbox-requirement" : "",
                # reference.conf @ jar:file:/app/hello-akka-assembly-1.0.jar!/reference.conf: 341
                # How long time the dispatcher will wait for new actors until it shuts down
                "shutdown-timeout" : "1s",
                # reference.conf @ jar:file:/app/hello-akka-assembly-1.0.jar!/reference.conf: 301
                # This will be used if you have set "executor = "thread-pool-executor""
                "thread-pool-executor" : {
                    # reference.conf @ jar:file:/app/hello-akka-assembly-1.0.jar!/reference.conf: 337
                    # Allow core threads to time out
                    "allow-core-timeout" : "on",
                    # reference.conf @ jar:file:/app/hello-akka-assembly-1.0.jar!/reference.conf: 312
                    # The core pool size factor is used to determine thread pool core size
                    # using the following formula: ceil(available processors * factor).
                    # Resulting size is then bounded by the core-pool-size-min and
                    # core-pool-size-max values.
                    "core-pool-size-factor" : 3,
                    # reference.conf @ jar:file:/app/hello-akka-assembly-1.0.jar!/reference.conf: 315
                    # Max number of threads to cap factor-based number to
                    "core-pool-size-max" : 64,
                    # reference.conf @ jar:file:/app/hello-akka-assembly-1.0.jar!/reference.conf: 306
                    # Min number of threads to cap factor-based core number to
                    "core-pool-size-min" : 8,
                    # reference.conf @ jar:file:/app/hello-akka-assembly-1.0.jar!/reference.conf: 303
                    # Keep alive time for threads
                    "keep-alive-time" : "60s",
                    # reference.conf @ jar:file:/app/hello-akka-assembly-1.0.jar!/reference.conf: 323
                    # Max no of threads (if using a bounded task queue) is determined by
                    # calculating: ceil(available processors * factor)
                    "max-pool-size-factor" : 3,
                    # reference.conf @ jar:file:/app/hello-akka-assembly-1.0.jar!/reference.conf: 327
                    # Max number of threads to cap factor-based max number to
                    # (if using a  bounded task queue)
                    "max-pool-size-max" : 64,
                    # reference.conf @ jar:file:/app/hello-akka-assembly-1.0.jar!/reference.conf: 319
                    # Minimum number of threads to cap factor-based max number to
                    # (if using a bounded task queue)
                    "max-pool-size-min" : 8,
                    # reference.conf @ jar:file:/app/hello-akka-assembly-1.0.jar!/reference.conf: 330
                    # Specifies the bounded capacity of the task queue (< 1 == unbounded)
                    "task-queue-size" : -1,
                    # reference.conf @ jar:file:/app/hello-akka-assembly-1.0.jar!/reference.conf: 334
                    # Specifies which type of task queue will be used, can be "array" or
                    # "linked" (default)
                    "task-queue-type" : "linked"
                },
                # reference.conf @ jar:file:/app/hello-akka-assembly-1.0.jar!/reference.conf: 345
                # Throughput defines the number of messages that are processed in a batch
                # before the thread is returned to the pool. Set to 1 for as fair as possible.
                "throughput" : 5,
                # reference.conf @ jar:file:/app/hello-akka-assembly-1.0.jar!/reference.conf: 348
                # Throughput deadline for Dispatcher, set to 0 or negative for no deadline
                "throughput-deadline-time" : "0ms",
                # reference.conf @ jar:file:/app/hello-akka-assembly-1.0.jar!/reference.conf: 260
                # Must be one of the following
                # Dispatcher, PinnedDispatcher, or a FQCN to a class inheriting
                # MessageDispatcherConfigurator with a public constructor with
                # both com.typesafe.config.Config parameter and
                # akka.dispatch.DispatcherPrerequisites parameters.
                # PinnedDispatcher must be used together with executor=thread-pool-executor.
                "type" : "Dispatcher"
            },
            # reference.conf @ jar:file:/app/hello-akka-assembly-1.0.jar!/reference.conf: 361
            "default-mailbox" : {
                # reference.conf @ jar:file:/app/hello-akka-assembly-1.0.jar!/reference.conf: 372
                # If the mailbox is bounded then it uses this setting to determine its
                # capacity. The provided value must be positive.
                # NOTICE:
                # Up to version 2.1 the mailbox type was determined based on this setting;
                # this is no longer the case, the type must explicitly be a bounded mailbox.
                "mailbox-capacity" : 1000,
                # reference.conf @ jar:file:/app/hello-akka-assembly-1.0.jar!/reference.conf: 377
                # If the mailbox is bounded then this is the timeout for enqueueing
                # in case the mailbox is full. Negative values signify infinite
                # timeout, which should be avoided as it bears the risk of dead-lock.
                "mailbox-push-timeout-time" : "10s",
                # reference.conf @ jar:file:/app/hello-akka-assembly-1.0.jar!/reference.conf: 365
                # FQCN of the MailboxType. The Class of the FQCN must have a public
                # constructor with
                # (akka.actor.ActorSystem.Settings, com.typesafe.config.Config) parameters.
                "mailbox-type" : "akka.dispatch.UnboundedMailbox",
                # reference.conf @ jar:file:/app/hello-akka-assembly-1.0.jar!/reference.conf: 383
                # For Actor with Stash: The default capacity of the stash.
                # If negative (or zero) then an unbounded stash is used (default)
                # If positive then a bounded stash is used and the capacity is set using
                # the property
                "stash-capacity" : -1
            },
            # reference.conf @ jar:file:/app/hello-akka-assembly-1.0.jar!/reference.conf: 127
            "deployment" : {
                # reference.conf @ jar:file:/app/hello-akka-assembly-1.0.jar!/reference.conf: 246
                "/IO-DNS/inet-address" : {
                    # reference.conf @ jar:file:/app/hello-akka-assembly-1.0.jar!/reference.conf: 247
                    "mailbox" : "unbounded",
                    # reference.conf @ jar:file:/app/hello-akka-assembly-1.0.jar!/reference.conf: 249
                    "nr-of-instances" : 4,
                    # reference.conf @ jar:file:/app/hello-akka-assembly-1.0.jar!/reference.conf: 248
                    "router" : "consistent-hashing-pool"
                },
                # reference.conf @ jar:file:/app/hello-akka-assembly-1.0.jar!/reference.conf: 130
                # deployment id pattern - on the format: /parent/child etc.
                "default" : {
                    # reference.conf @ jar:file:/app/hello-akka-assembly-1.0.jar!/reference.conf: 136
                    # The id of the dispatcher to use for this actor.
                    # If undefined or empty the dispatcher specified in code
                    # (Props.withDispatcher) is used, or default-dispatcher if not
                    # specified at all.
                    "dispatcher" : "",
                    # reference.conf @ jar:file:/app/hello-akka-assembly-1.0.jar!/reference.conf: 144
                    # The id of the mailbox to use for this actor.
                    # If undefined or empty the default mailbox of the configured dispatcher
                    # is used or if there is no mailbox configuration the mailbox specified
                    # in code (Props.withMailbox) is used.
                    # If there is a mailbox defined in the configured dispatcher then that
                    # overrides this setting.
                    "mailbox" : "",
                    # reference.conf @ jar:file:/app/hello-akka-assembly-1.0.jar!/reference.conf: 169
                    # number of children to create in case of a router;
                    # this setting is ignored if routees.paths is given
                    "nr-of-instances" : 1,
                    # reference.conf @ jar:file:/app/hello-akka-assembly-1.0.jar!/reference.conf: 200
                    # Routers with dynamically resizable number of routees; this feature is
                    # enabled by including (parts of) this section in the deployment
                    "resizer" : {
                        # reference.conf @ jar:file:/app/hello-akka-assembly-1.0.jar!/reference.conf: 238
                        # Fraction of routees to be removed when the resizer reaches the
                        # backoffThreshold.
                        # For example, 0.1 would decrease 10% (rounded up), i.e. if current
                        # capacity is 9 it will request an decrease of 1 routee.
                        "backoff-rate" : 0.1,
                        # reference.conf @ jar:file:/app/hello-akka-assembly-1.0.jar!/reference.conf: 232
                        # Minimum fraction of busy routees before backing off.
                        # For example, if this is 0.3, then we'll remove some routees only when
                        # less than 30% of routees are busy, i.e. if current capacity is 10 and
                        # 3 are busy then the capacity is unchanged, but if 2 or less are busy
                        # the capacity is decreased.
                        # Use 0.0 or negative to avoid removal of routees.
                        "backoff-threshold" : 0.3,
                        # reference.conf @ jar:file:/app/hello-akka-assembly-1.0.jar!/reference.conf: 202
                        "enabled" : "off",
                        # reference.conf @ jar:file:/app/hello-akka-assembly-1.0.jar!/reference.conf: 205
                        # The fewest number of routees the router should ever have.
                        "lower-bound" : 1,
                        # reference.conf @ jar:file:/app/hello-akka-assembly-1.0.jar!/reference.conf: 242
                        # Number of messages between resize operation.
                        # Use 1 to resize before each message.
                        "messages-per-resize" : 10,
                        # reference.conf @ jar:file:/app/hello-akka-assembly-1.0.jar!/reference.conf: 219
                        # Threshold used to evaluate if a routee is considered to be busy
                        # (under pressure). Implementation depends on this value (default is 1).
                        # 0:   number of routees currently processing a message.
                        # 1:   number of routees currently processing a message has
                        #      some messages in mailbox.
                        # > 1: number of routees with at least the configured pressure-threshold
                        #      messages in their mailbox. Note that estimating mailbox size of
                        #      default UnboundedMailbox is O(N) operation.
                        "pressure-threshold" : 1,
                        # reference.conf @ jar:file:/app/hello-akka-assembly-1.0.jar!/reference.conf: 224
                        # Percentage to increase capacity whenever all routees are busy.
                        # For example, 0.2 would increase 20% (rounded up), i.e. if current
                        # capacity is 6 it will request an increase of 2 more routees.
                        "rampup-rate" : 0.2,
                        # reference.conf @ jar:file:/app/hello-akka-assembly-1.0.jar!/reference.conf: 209
                        # The most number of routees the router should ever have.
                        # Must be greater than or equal to lower-bound.
                        "upper-bound" : 10
                    },
                    # reference.conf @ jar:file:/app/hello-akka-assembly-1.0.jar!/reference.conf: 182
                    "routees" : {
                        # reference.conf @ jar:file:/app/hello-akka-assembly-1.0.jar!/reference.conf: 186
                        # Alternatively to giving nr-of-instances you can specify the full
                        # paths of those actors which should be routed to. This setting takes
                        # precedence over nr-of-instances
                        "paths" : []
                    },
                    # reference.conf @ jar:file:/app/hello-akka-assembly-1.0.jar!/reference.conf: 165
                    # routing (load-balance) scheme to use
                    # - available: "from-code", "round-robin", "random", "smallest-mailbox",
                    #              "scatter-gather", "broadcast"
                    # - or:        Fully qualified class name of the router class.
                    #              The class must extend akka.routing.CustomRouterConfig and
                    #              have a public constructor with com.typesafe.config.Config
                    #              and optional akka.actor.DynamicAccess parameter.
                    # - default is "from-code";
                    # Whether or not an actor is transformed to a Router is decided in code
                    # only (Props.withRouter). The type of router can be overridden in the
                    # configuration; specifying "from-code" means that the values specified
                    # in the code shall be used.
                    # In case of routing, the actors to be routed to can be specified
                    # in several ways:
                    # - nr-of-instances: will create that many children
                    # - routees.paths: will route messages to these paths using ActorSelection,
                    #   i.e. will not create children
                    # - resizer: dynamically resizable number of routees as specified in
                    #   resizer below
                    "router" : "from-code",
                    # reference.conf @ jar:file:/app/hello-akka-assembly-1.0.jar!/reference.conf: 177
                    "tail-chopping-router" : {
                        # reference.conf @ jar:file:/app/hello-akka-assembly-1.0.jar!/reference.conf: 179
                        # interval is duration between sending message to next routee
                        "interval" : "10 milliseconds"
                    },
                    # reference.conf @ jar:file:/app/hello-akka-assembly-1.0.jar!/reference.conf: 175
                    # number of virtual nodes per node for consistent-hashing router
                    "virtual-nodes-factor" : 10,
                    # reference.conf @ jar:file:/app/hello-akka-assembly-1.0.jar!/reference.conf: 172
                    # within is the timeout used for routers containing future calls
                    "within" : "5 seconds"
                }
            },
            # reference.conf @ jar:file:/app/hello-akka-assembly-1.0.jar!/reference.conf: 511
            # Configuration items which are used by the akka.actor.ActorDSL._ methods
            "dsl" : {
                # reference.conf @ jar:file:/app/hello-akka-assembly-1.0.jar!/reference.conf: 527
                # Default timeout to assume for operations like Inbox.receive et al
                "default-timeout" : "5s",
                # reference.conf @ jar:file:/app/hello-akka-assembly-1.0.jar!/reference.conf: 524
                # Maximum queue size of the actor created by newInbox(); this protects
                # against faulty programs which use select() and consistently miss messages
                "inbox-size" : 1000
            },
            # reference.conf @ jar:file:/app/hello-akka-assembly-1.0.jar!/reference.conf: 80
            # The guardian "/user" will use this class to obtain its supervisorStrategy.
            # It needs to be a subclass of akka.actor.SupervisorStrategyConfigurator.
            # In addition to the default there is akka.actor.StoppingSupervisorStrategy.
            "guardian-supervisor-strategy" : "akka.actor.DefaultSupervisorStrategy",
            # reference.conf @ jar:file:/app/hello-akka-assembly-1.0.jar!/reference.conf: 386
            "mailbox" : {
                # reference.conf @ jar:file:/app/hello-akka-assembly-1.0.jar!/reference.conf: 441
                "bounded-control-aware-queue-based" : {
                    # reference.conf @ jar:file:/app/hello-akka-assembly-1.0.jar!/reference.conf: 455
                    # FQCN of the MailboxType, The Class of the FQCN must have a public
                    # constructor with (akka.actor.ActorSystem.Settings,
                    # com.typesafe.config.Config) parameters.
                    "mailbox-type" : "akka.dispatch.BoundedControlAwareMailbox"
                },
                # reference.conf @ jar:file:/app/hello-akka-assembly-1.0.jar!/reference.conf: 427
                "bounded-deque-based" : {
                    # reference.conf @ jar:file:/app/hello-akka-assembly-1.0.jar!/reference.conf: 441
                    # FQCN of the MailboxType, The Class of the FQCN must have a public
                    # constructor with (akka.actor.ActorSystem.Settings,
                    # com.typesafe.config.Config) parameters.
                    "mailbox-type" : "akka.dispatch.BoundedDequeBasedMailbox"
                },
                # reference.conf @ jar:file:/app/hello-akka-assembly-1.0.jar!/reference.conf: 413
                "bounded-queue-based" : {
                    # reference.conf @ jar:file:/app/hello-akka-assembly-1.0.jar!/reference.conf: 427
                    # FQCN of the MailboxType, The Class of the FQCN must have a public
                    # constructor with (akka.actor.ActorSystem.Settings,
                    # com.typesafe.config.Config) parameters.
                    "mailbox-type" : "akka.dispatch.BoundedMailbox"
                },
                # reference.conf @ jar:file:/app/hello-akka-assembly-1.0.jar!/reference.conf: 451
                # The LoggerMailbox will drain all messages in the mailbox
                # when the system is shutdown and deliver them to the StandardOutLogger.
                # Do not change this unless you know what you are doing.
                "logger-queue" : {
                    # reference.conf @ jar:file:/app/hello-akka-assembly-1.0.jar!/reference.conf: 462
                    "mailbox-type" : "akka.event.LoggerMailboxType"
                },
                # reference.conf @ jar:file:/app/hello-akka-assembly-1.0.jar!/reference.conf: 393
                # Mapping between message queue semantics and mailbox configurations.
                # Used by akka.dispatch.RequiresMessageQueue[T] to enforce different
                # mailbox types on actors.
                # If your Actor implements RequiresMessageQueue[T], then when you create
                # an instance of that actor its mailbox type will be decided by looking
                # up a mailbox configuration via T in this mapping
                "requirements" : {
                    # reference.conf @ jar:file:/app/hello-akka-assembly-1.0.jar!/reference.conf: 411
                    "akka.dispatch.BoundedControlAwareMessageQueueSemantics" : "akka.actor.mailbox.bounded-control-aware-queue-based",
                    # reference.conf @ jar:file:/app/hello-akka-assembly-1.0.jar!/reference.conf: 403
                    "akka.dispatch.BoundedDequeBasedMessageQueueSemantics" : "akka.actor.mailbox.bounded-deque-based",
                    # reference.conf @ jar:file:/app/hello-akka-assembly-1.0.jar!/reference.conf: 397
                    "akka.dispatch.BoundedMessageQueueSemantics" : "akka.actor.mailbox.bounded-queue-based",
                    # reference.conf @ jar:file:/app/hello-akka-assembly-1.0.jar!/reference.conf: 407
                    "akka.dispatch.ControlAwareMessageQueueSemantics" : "akka.actor.mailbox.unbounded-control-aware-queue-based",
                    # reference.conf @ jar:file:/app/hello-akka-assembly-1.0.jar!/reference.conf: 399
                    "akka.dispatch.DequeBasedMessageQueueSemantics" : "akka.actor.mailbox.unbounded-deque-based",
                    # reference.conf @ jar:file:/app/hello-akka-assembly-1.0.jar!/reference.conf: 405
                    "akka.dispatch.MultipleConsumerSemantics" : "akka.actor.mailbox.unbounded-queue-based",
                    # reference.conf @ jar:file:/app/hello-akka-assembly-1.0.jar!/reference.conf: 409
                    "akka.dispatch.UnboundedControlAwareMessageQueueSemantics" : "akka.actor.mailbox.unbounded-control-aware-queue-based",
                    # reference.conf @ jar:file:/app/hello-akka-assembly-1.0.jar!/reference.conf: 401
                    "akka.dispatch.UnboundedDequeBasedMessageQueueSemantics" : "akka.actor.mailbox.unbounded-deque-based",
                    # reference.conf @ jar:file:/app/hello-akka-assembly-1.0.jar!/reference.conf: 395
                    "akka.dispatch.UnboundedMessageQueueSemantics" : "akka.actor.mailbox.unbounded-queue-based",
                    # reference.conf @ jar:file:/app/hello-akka-assembly-1.0.jar!/reference.conf: 413
                    "akka.event.LoggerMessageQueueSemantics" : "akka.actor.mailbox.logger-queue"
                },
                # reference.conf @ jar:file:/app/hello-akka-assembly-1.0.jar!/reference.conf: 434
                "unbounded-control-aware-queue-based" : {
                    # reference.conf @ jar:file:/app/hello-akka-assembly-1.0.jar!/reference.conf: 448
                    # FQCN of the MailboxType, The Class of the FQCN must have a public
                    # constructor with (akka.actor.ActorSystem.Settings,
                    # com.typesafe.config.Config) parameters.
                    "mailbox-type" : "akka.dispatch.UnboundedControlAwareMailbox"
                },
                # reference.conf @ jar:file:/app/hello-akka-assembly-1.0.jar!/reference.conf: 420
                "unbounded-deque-based" : {
                    # reference.conf @ jar:file:/app/hello-akka-assembly-1.0.jar!/reference.conf: 434
                    # FQCN of the MailboxType, The Class of the FQCN must have a public
                    # constructor with (akka.actor.ActorSystem.Settings,
                    # com.typesafe.config.Config) parameters.
                    "mailbox-type" : "akka.dispatch.UnboundedDequeBasedMailbox"
                },
                # reference.conf @ jar:file:/app/hello-akka-assembly-1.0.jar!/reference.conf: 406
                "unbounded-queue-based" : {
                    # reference.conf @ jar:file:/app/hello-akka-assembly-1.0.jar!/reference.conf: 420
                    # FQCN of the MailboxType, The Class of the FQCN must have a public
                    # constructor with (akka.actor.ActorSystem.Settings,
                    # com.typesafe.config.Config) parameters.
                    "mailbox-type" : "akka.dispatch.UnboundedMailbox"
                }
            },
            # reference.conf @ jar:file:/app/hello-akka-assembly-1.0.jar!/reference.conf: 75
            # FQCN of the ActorRefProvider to be used; the below is the built-in default,
            # another one is akka.remote.RemoteActorRefProvider in the akka-remote bundle.
            "provider" : "akka.actor.LocalActorRefProvider",
            # reference.conf @ jar:file:/app/hello-akka-assembly-1.0.jar!/reference.conf: 87
            # Frequency with which stopping actors are prodded in case they had to be
            # removed from their parents
            "reaper-interval" : "5s",
            # reference.conf @ jar:file:/app/hello-akka-assembly-1.0.jar!/reference.conf: 109
            "router" : {
                # reference.conf @ jar:file:/app/hello-akka-assembly-1.0.jar!/reference.conf: 109
                # Mapping between ´deployment.router' short names to fully qualified class names
                "type-mapping" : {
                    # reference.conf @ jar:file:/app/hello-akka-assembly-1.0.jar!/reference.conf: 115
                    "balancing-pool" : "akka.routing.BalancingPool",
                    # reference.conf @ jar:file:/app/hello-akka-assembly-1.0.jar!/reference.conf: 118
                    "broadcast-group" : "akka.routing.BroadcastGroup",
                    # reference.conf @ jar:file:/app/hello-akka-assembly-1.0.jar!/reference.conf: 117
                    "broadcast-pool" : "akka.routing.BroadcastPool",
                    # reference.conf @ jar:file:/app/hello-akka-assembly-1.0.jar!/reference.conf: 124
                    "consistent-hashing-group" : "akka.routing.ConsistentHashingGroup",
                    # reference.conf @ jar:file:/app/hello-akka-assembly-1.0.jar!/reference.conf: 123
                    "consistent-hashing-pool" : "akka.routing.ConsistentHashingPool",
                    # reference.conf @ jar:file:/app/hello-akka-assembly-1.0.jar!/reference.conf: 110
                    "from-code" : "akka.routing.NoRouter",
                    # reference.conf @ jar:file:/app/hello-akka-assembly-1.0.jar!/reference.conf: 114
                    "random-group" : "akka.routing.RandomGroup",
                    # reference.conf @ jar:file:/app/hello-akka-assembly-1.0.jar!/reference.conf: 113
                    "random-pool" : "akka.routing.RandomPool",
                    # reference.conf @ jar:file:/app/hello-akka-assembly-1.0.jar!/reference.conf: 112
                    "round-robin-group" : "akka.routing.RoundRobinGroup",
                    # reference.conf @ jar:file:/app/hello-akka-assembly-1.0.jar!/reference.conf: 111
                    "round-robin-pool" : "akka.routing.RoundRobinPool",
                    # reference.conf @ jar:file:/app/hello-akka-assembly-1.0.jar!/reference.conf: 120
                    "scatter-gather-group" : "akka.routing.ScatterGatherFirstCompletedGroup",
                    # reference.conf @ jar:file:/app/hello-akka-assembly-1.0.jar!/reference.conf: 119
                    "scatter-gather-pool" : "akka.routing.ScatterGatherFirstCompletedPool",
                    # reference.conf @ jar:file:/app/hello-akka-assembly-1.0.jar!/reference.conf: 116
                    "smallest-mailbox-pool" : "akka.routing.SmallestMailboxPool",
                    # reference.conf @ jar:file:/app/hello-akka-assembly-1.0.jar!/reference.conf: 122
                    "tail-chopping-group" : "akka.routing.TailChoppingGroup",
                    # reference.conf @ jar:file:/app/hello-akka-assembly-1.0.jar!/reference.conf: 121
                    "tail-chopping-pool" : "akka.routing.TailChoppingPool"
                }
            },
            # reference.conf @ jar:file:/app/hello-akka-assembly-1.0.jar!/reference.conf: 494
            # Class to Serializer binding. You only need to specify the name of an
            # interface or abstract base class of the messages. In case of ambiguity it
            # is using the most specific configured class, or giving a warning and
            # choosing the “first” one.
            # 
            # To disable one of the default serializers, assign its class to "none", like
            # "java.io.Serializable" = none
            "serialization-bindings" : {
                # reference.conf @ jar:file:/app/hello-akka-assembly-1.0.jar!/reference.conf: 505
                "[B" : "bytes",
                # reference.conf @ jar:file:/app/hello-akka-assembly-1.0.jar!/reference.conf: 506
                "java.io.Serializable" : "java"
            },
            # reference.conf @ jar:file:/app/hello-akka-assembly-1.0.jar!/reference.conf: 505
            # Configuration namespace of serialization identifiers.
            # Each serializer implementation must have an entry in the following format:
            # `akka.actor.serialization-identifiers."FQCN" = ID`
            # where `FQCN` is fully qualified class name of the serializer implementation
            # and `ID` is globally unique serializer identifier number.
            # Identifier values from 0 to 16 are reserved for Akka internal usage.
            "serialization-identifiers" : {
                # reference.conf @ jar:file:/app/hello-akka-assembly-1.0.jar!/reference.conf: 517
                "akka.serialization.ByteArraySerializer" : 4,
                # reference.conf @ jar:file:/app/hello-akka-assembly-1.0.jar!/reference.conf: 516
                "akka.serialization.JavaSerializer" : 1
            },
            # reference.conf @ jar:file:/app/hello-akka-assembly-1.0.jar!/reference.conf: 96
            # Serializes and deserializes creators (in Props) to ensure that they can be
            # sent over the network, this is only intended for testing. Purely local deployments
            # as marked with deploy.scope == LocalScope are exempt from verification.
            "serialize-creators" : "off",
            # reference.conf @ jar:file:/app/hello-akka-assembly-1.0.jar!/reference.conf: 91
            # Serializes and deserializes (non-primitive) messages to ensure immutability,
            # this is only intended for testing.
            "serialize-messages" : "off",
            # reference.conf @ jar:file:/app/hello-akka-assembly-1.0.jar!/reference.conf: 482
            # Entries for pluggable serializers and their bindings.
            "serializers" : {
                # reference.conf @ jar:file:/app/hello-akka-assembly-1.0.jar!/reference.conf: 494
                "bytes" : "akka.serialization.ByteArraySerializer",
                # reference.conf @ jar:file:/app/hello-akka-assembly-1.0.jar!/reference.conf: 493
                "java" : "akka.serialization.JavaSerializer"
            },
            # reference.conf @ jar:file:/app/hello-akka-assembly-1.0.jar!/reference.conf: 103
            "typed" : {
                # reference.conf @ jar:file:/app/hello-akka-assembly-1.0.jar!/reference.conf: 105
                # Default timeout for typed actor methods with non-void return type
                "timeout" : "5s"
            },
            # reference.conf @ jar:file:/app/hello-akka-assembly-1.0.jar!/reference.conf: 101
            # Timeout for send operations to top-level actors which are in the process
            # of being started. This is only relevant if using a bounded mailbox or the
            # CallingThreadDispatcher for a top-level actor.
            "unstarted-push-timeout" : "10s"
        },
        # reference.conf @ jar:file:/app/hello-akka-assembly-1.0.jar!/reference.conf: 65
        # Toggles whether threads created by this ActorSystem should be daemons or not
        "daemonic" : "off",
        # reference.conf @ jar:file:/app/hello-akka-assembly-1.0.jar!/reference.conf: 62
        # List FQCN of extensions which shall be loaded at actor system startup.
        # Should be on the format: 'extensions = ["foo", "bar"]' etc.
        # See the Akka Documentation for more info about Extensions
        "extensions" : [],
        # reference.conf @ jar:file:/app/hello-akka-assembly-1.0.jar!/reference.conf: 13
        # Home directory of Akka, modules in the deploy directory will be loaded
        "home" : "",
        # reference.conf @ jar:file:/app/hello-akka-assembly-1.0.jar!/reference.conf: 560
        "io" : {
            # reference.conf @ jar:file:/app/hello-akka-assembly-1.0.jar!/reference.conf: 780
            "dns" : {
                # reference.conf @ jar:file:/app/hello-akka-assembly-1.0.jar!/reference.conf: 794
                # Fully qualified config path which holds the dispatcher configuration
                # for the manager and resolver router actors.
                # For actual router configuration see akka.actor.deployment./IO-DNS/*
                "dispatcher" : "akka.actor.default-dispatcher",
                # reference.conf @ jar:file:/app/hello-akka-assembly-1.0.jar!/reference.conf: 789
                "inet-address" : {
                    # reference.conf @ jar:file:/app/hello-akka-assembly-1.0.jar!/reference.conf: 809
                    # How often to sweep out expired cache entries.
                    # Note that this interval has nothing to do with TTLs
                    "cache-cleanup-interval" : "120s",
                    # reference.conf @ jar:file:/app/hello-akka-assembly-1.0.jar!/reference.conf: 805
                    "negative-ttl" : "10s",
                    # reference.conf @ jar:file:/app/hello-akka-assembly-1.0.jar!/reference.conf: 804
                    # These TTLs are set to default java 6 values
                    "positive-ttl" : "30s",
                    # reference.conf @ jar:file:/app/hello-akka-assembly-1.0.jar!/reference.conf: 801
                    # Must implement akka.io.DnsProvider
                    "provider-object" : "akka.io.InetAddressDnsProvider"
                },
                # reference.conf @ jar:file:/app/hello-akka-assembly-1.0.jar!/reference.conf: 797
                # Name of the subconfig at path akka.io.dns, see inet-address below
                "resolver" : "inet-address"
            },
            # reference.conf @ jar:file:/app/hello-akka-assembly-1.0.jar!/reference.conf: 564
            # By default the select loops run on dedicated threads, hence using a
            # PinnedDispatcher
            "pinned-dispatcher" : {
                # reference.conf @ jar:file:/app/hello-akka-assembly-1.0.jar!/reference.conf: 576
                "executor" : "thread-pool-executor",
                # reference.conf @ jar:file:/app/hello-akka-assembly-1.0.jar!/reference.conf: 577
                "thread-pool-executor" : {
                    # reference.conf @ jar:file:/app/hello-akka-assembly-1.0.jar!/reference.conf: 577
                    "allow-core-timeout" : "off"
                },
                # reference.conf @ jar:file:/app/hello-akka-assembly-1.0.jar!/reference.conf: 575
                "type" : "PinnedDispatcher"
            },
            # reference.conf @ jar:file:/app/hello-akka-assembly-1.0.jar!/reference.conf: 570
            "tcp" : {
                # reference.conf @ jar:file:/app/hello-akka-assembly-1.0.jar!/reference.conf: 602
                # The maximum number of connection that are accepted in one go,
                # higher numbers decrease latency, lower numbers increase fairness on
                # the worker-dispatcher
                "batch-accept-limit" : 10,
                # reference.conf @ jar:file:/app/hello-akka-assembly-1.0.jar!/reference.conf: 610
                # The maximal number of direct buffers kept in the direct buffer pool for
                # reuse.
                "direct-buffer-pool-limit" : 1000,
                # reference.conf @ jar:file:/app/hello-akka-assembly-1.0.jar!/reference.conf: 606
                # The number of bytes per direct buffer in the pool used to read or write
                # network data from the kernel.
                "direct-buffer-size" : "128 KiB",
                # reference.conf @ jar:file:/app/hello-akka-assembly-1.0.jar!/reference.conf: 643
                # Fully qualified config path which holds the dispatcher configuration
                # on which file IO tasks are scheduled
                "file-io-dispatcher" : "akka.actor.default-dispatcher",
                # reference.conf @ jar:file:/app/hello-akka-assembly-1.0.jar!/reference.conf: 651
                # The maximum number of bytes (or "unlimited") to transfer in one batch
                # when using `WriteFile` command which uses `FileChannel.transferTo` to
                # pipe files to a TCP socket. On some OS like Linux `FileChannel.transferTo`
                # may block for a long time when network IO is faster than file IO.
                # Decreasing the value may improve fairness while increasing may improve
                # throughput.
                "file-io-transferTo-limit" : "512 KiB",
                # reference.conf @ jar:file:/app/hello-akka-assembly-1.0.jar!/reference.conf: 656
                # The number of times to retry the `finishConnect` call after being notified about
                # OP_CONNECT. Retries are needed if the OP_CONNECT notification doesn't imply that
                # `finishConnect` will succeed, which is the case on Android.
                "finish-connect-retries" : 5,
                # reference.conf @ jar:file:/app/hello-akka-assembly-1.0.jar!/reference.conf: 639
                # Fully qualified config path which holds the dispatcher configuration
                # for the selector management actors
                "management-dispatcher" : "akka.actor.default-dispatcher",
                # reference.conf @ jar:file:/app/hello-akka-assembly-1.0.jar!/reference.conf: 592
                # Maximum number of open channels supported by this TCP module; there is
                # no intrinsic general limit, this setting is meant to enable DoS
                # protection by limiting the number of concurrently connected clients.
                # Also note that this is a "soft" limit; in certain cases the implementation
                # will accept a few connections more or a few less than the number configured
                # here. Must be an integer > 0 or "unlimited".
                "max-channels" : 256000,
                # reference.conf @ jar:file:/app/hello-akka-assembly-1.0.jar!/reference.conf: 622
                # The maximum number of bytes delivered by a `Received` message. Before
                # more data is read from the network the connection actor will try to
                # do other work.
                # The purpose of this setting is to impose a smaller limit than the 
                # configured receive buffer size. When using value 'unlimited' it will
                # try to read all from the receive buffer.
                "max-received-message-size" : "unlimited",
                # reference.conf @ jar:file:/app/hello-akka-assembly-1.0.jar!/reference.conf: 584
                # The number of selectors to stripe the served channels over; each of
                # these will use one select loop on the selector-dispatcher.
                "nr-of-selectors" : 1,
                # reference.conf @ jar:file:/app/hello-akka-assembly-1.0.jar!/reference.conf: 614
                # The duration a connection actor waits for a `Register` message from
                # its commander before aborting the connection.
                "register-timeout" : "5s",
                # reference.conf @ jar:file:/app/hello-akka-assembly-1.0.jar!/reference.conf: 597
                # When trying to assign a new connection to a selector and the chosen
                # selector is at full capacity, retry selector choosing and assignment
                # this many times before giving up
                "selector-association-retries" : 10,
                # reference.conf @ jar:file:/app/hello-akka-assembly-1.0.jar!/reference.conf: 631
                # Fully qualified config path which holds the dispatcher configuration
                # to be used for running the select() calls in the selectors
                "selector-dispatcher" : "akka.io.pinned-dispatcher",
                # reference.conf @ jar:file:/app/hello-akka-assembly-1.0.jar!/reference.conf: 627
                # Enable fine grained logging of what goes on inside the implementation.
                # Be aware that this may log more than once per message sent to the actors
                # of the tcp implementation.
                "trace-logging" : "off",
                # reference.conf @ jar:file:/app/hello-akka-assembly-1.0.jar!/reference.conf: 665
                # On Windows connection aborts are not reliably detected unless an OP_READ is
                # registered on the selector _after_ the connection has been reset. This
                # workaround enables an OP_CONNECT which forces the abort to be visible on Windows.
                # Enabling this setting on other platforms than Windows will cause various failures
                # and undefined behavior.
                # Possible values of this key are on, off and auto where auto will enable the
                # workaround if Windows is detected automatically.
                "windows-connection-abort-workaround-enabled" : "off",
                # reference.conf @ jar:file:/app/hello-akka-assembly-1.0.jar!/reference.conf: 635
                # Fully qualified config path which holds the dispatcher configuration
                # for the read/write worker actors
                "worker-dispatcher" : "akka.actor.default-dispatcher"
            },
            # reference.conf @ jar:file:/app/hello-akka-assembly-1.0.jar!/reference.conf: 658
            "udp" : {
                # reference.conf @ jar:file:/app/hello-akka-assembly-1.0.jar!/reference.conf: 704
                # The maximal number of direct buffers kept in the direct buffer pool for
                # reuse.
                "direct-buffer-pool-limit" : 1000,
                # reference.conf @ jar:file:/app/hello-akka-assembly-1.0.jar!/reference.conf: 700
                # The number of bytes per direct buffer in the pool used to read or write
                # network data from the kernel.
                "direct-buffer-size" : "128 KiB",
                # reference.conf @ jar:file:/app/hello-akka-assembly-1.0.jar!/reference.conf: 726
                # Fully qualified config path which holds the dispatcher configuration
                # for the selector management actors
                "management-dispatcher" : "akka.actor.default-dispatcher",
                # reference.conf @ jar:file:/app/hello-akka-assembly-1.0.jar!/reference.conf: 677
                # Maximum number of open channels supported by this UDP module Generally
                # UDP does not require a large number of channels, therefore it is
                # recommended to keep this setting low.
                "max-channels" : 4096,
                # reference.conf @ jar:file:/app/hello-akka-assembly-1.0.jar!/reference.conf: 672
                # The number of selectors to stripe the served channels over; each of
                # these will use one select loop on the selector-dispatcher.
                "nr-of-selectors" : 1,
                # reference.conf @ jar:file:/app/hello-akka-assembly-1.0.jar!/reference.conf: 696
                # The maximum number of datagrams that are read in one go,
                # higher numbers decrease latency, lower numbers increase fairness on
                # the worker-dispatcher
                "receive-throughput" : 3,
                # reference.conf @ jar:file:/app/hello-akka-assembly-1.0.jar!/reference.conf: 709
                # The maximum number of bytes delivered by a `Received` message. Before
                # more data is read from the network the connection actor will try to
                # do other work.
                "received-message-size-limit" : "unlimited",
                # reference.conf @ jar:file:/app/hello-akka-assembly-1.0.jar!/reference.conf: 686
                # The select loop can be used in two modes:
                # - setting "infinite" will select without a timeout, hogging a thread
                # - setting a positive timeout will do a bounded select call,
                #   enabling sharing of a single thread between multiple selectors
                #   (in this case you will have to use a different configuration for the
                #   selector-dispatcher, e.g. using "type=Dispatcher" with size 1)
                # - setting it to zero means polling, i.e. calling selectNow()
                "select-timeout" : "infinite",
                # reference.conf @ jar:file:/app/hello-akka-assembly-1.0.jar!/reference.conf: 691
                # When trying to assign a new connection to a selector and the chosen
                # selector is at full capacity, retry selector choosing and assignment
                # this many times before giving up
                "selector-association-retries" : 10,
                # reference.conf @ jar:file:/app/hello-akka-assembly-1.0.jar!/reference.conf: 718
                # Fully qualified config path which holds the dispatcher configuration
                # to be used for running the select() calls in the selectors
                "selector-dispatcher" : "akka.io.pinned-dispatcher",
                # reference.conf @ jar:file:/app/hello-akka-assembly-1.0.jar!/reference.conf: 714
                # Enable fine grained logging of what goes on inside the implementation.
                # Be aware that this may log more than once per message sent to the actors
                # of the tcp implementation.
                "trace-logging" : "off",
                # reference.conf @ jar:file:/app/hello-akka-assembly-1.0.jar!/reference.conf: 722
                # Fully qualified config path which holds the dispatcher configuration
                # for the read/write worker actors
                "worker-dispatcher" : "akka.actor.default-dispatcher"
            },
            # reference.conf @ jar:file:/app/hello-akka-assembly-1.0.jar!/reference.conf: 719
            "udp-connected" : {
                # reference.conf @ jar:file:/app/hello-akka-assembly-1.0.jar!/reference.conf: 765
                # The maximal number of direct buffers kept in the direct buffer pool for
                # reuse.
                "direct-buffer-pool-limit" : 1000,
                # reference.conf @ jar:file:/app/hello-akka-assembly-1.0.jar!/reference.conf: 761
                # The number of bytes per direct buffer in the pool used to read or write
                # network data from the kernel.
                "direct-buffer-size" : "128 KiB",
                # reference.conf @ jar:file:/app/hello-akka-assembly-1.0.jar!/reference.conf: 787
                # Fully qualified config path which holds the dispatcher configuration
                # for the selector management actors
                "management-dispatcher" : "akka.actor.default-dispatcher",
                # reference.conf @ jar:file:/app/hello-akka-assembly-1.0.jar!/reference.conf: 738
                # Maximum number of open channels supported by this UDP module Generally
                # UDP does not require a large number of channels, therefore it is
                # recommended to keep this setting low.
                "max-channels" : 4096,
                # reference.conf @ jar:file:/app/hello-akka-assembly-1.0.jar!/reference.conf: 733
                # The number of selectors to stripe the served channels over; each of
                # these will use one select loop on the selector-dispatcher.
                "nr-of-selectors" : 1,
                # reference.conf @ jar:file:/app/hello-akka-assembly-1.0.jar!/reference.conf: 757
                # The maximum number of datagrams that are read in one go,
                # higher numbers decrease latency, lower numbers increase fairness on
                # the worker-dispatcher
                "receive-throughput" : 3,
                # reference.conf @ jar:file:/app/hello-akka-assembly-1.0.jar!/reference.conf: 770
                # The maximum number of bytes delivered by a `Received` message. Before
                # more data is read from the network the connection actor will try to
                # do other work.
                "received-message-size-limit" : "unlimited",
                # reference.conf @ jar:file:/app/hello-akka-assembly-1.0.jar!/reference.conf: 747
                # The select loop can be used in two modes:
                # - setting "infinite" will select without a timeout, hogging a thread
                # - setting a positive timeout will do a bounded select call,
                #   enabling sharing of a single thread between multiple selectors
                #   (in this case you will have to use a different configuration for the
                #   selector-dispatcher, e.g. using "type=Dispatcher" with size 1)
                # - setting it to zero means polling, i.e. calling selectNow()
                "select-timeout" : "infinite",
                # reference.conf @ jar:file:/app/hello-akka-assembly-1.0.jar!/reference.conf: 752
                # When trying to assign a new connection to a selector and the chosen
                # selector is at full capacity, retry selector choosing and assignment
                # this many times before giving up
                "selector-association-retries" : 10,
                # reference.conf @ jar:file:/app/hello-akka-assembly-1.0.jar!/reference.conf: 779
                # Fully qualified config path which holds the dispatcher configuration
                # to be used for running the select() calls in the selectors
                "selector-dispatcher" : "akka.io.pinned-dispatcher",
                # reference.conf @ jar:file:/app/hello-akka-assembly-1.0.jar!/reference.conf: 775
                # Enable fine grained logging of what goes on inside the implementation.
                # Be aware that this may log more than once per message sent to the actors
                # of the tcp implementation.
                "trace-logging" : "off",
                # reference.conf @ jar:file:/app/hello-akka-assembly-1.0.jar!/reference.conf: 783
                # Fully qualified config path which holds the dispatcher configuration
                # for the read/write worker actors
                "worker-dispatcher" : "akka.actor.default-dispatcher"
            }
        },
        # reference.conf @ jar:file:/app/hello-akka-assembly-1.0.jar!/reference.conf: 69
        # JVM shutdown, System.exit(-1), in case of a fatal error,
        # such as OutOfMemoryError
        "jvm-exit-on-fatal-error" : "on",
        # application.conf @ jar:file:/app/hello-akka-assembly-1.0.jar!/application.conf: 2
        "log-config-on-start" : "on",
        # reference.conf @ jar:file:/app/hello-akka-assembly-1.0.jar!/reference.conf: 52
        # Log at info level when messages are sent to dead letters.
        # Possible values:
        # on: all dead letters are logged
        # off: no logging of dead letters
        # n: positive integer, number of dead letters that will be logged
        "log-dead-letters" : 10,
        # reference.conf @ jar:file:/app/hello-akka-assembly-1.0.jar!/reference.conf: 57
        # Possibility to turn off logging of dead letters while the actor system
        # is shutting down. Logging is only done when enabled by 'log-dead-letters'
        # setting.
        "log-dead-letters-during-shutdown" : "on",
        # reference.conf @ jar:file:/app/hello-akka-assembly-1.0.jar!/reference.conf: 31
        # Loggers are created and registered synchronously during ActorSystem
        # start-up, and since they are actors, this timeout is used to bound the
        # waiting time
        "logger-startup-timeout" : "5s",
        # application.conf @ jar:file:/app/hello-akka-assembly-1.0.jar!/application.conf: 4
        "loggers" : [
            # application.conf @ jar:file:/app/hello-akka-assembly-1.0.jar!/application.conf: 4
            "akka.event.slf4j.Slf4jLogger"
        ],
        # application.conf @ jar:file:/app/hello-akka-assembly-1.0.jar!/application.conf: 9
        "logging-filter" : "akka.event.slf4j.Slf4jLoggingFilter",
        # application.conf @ jar:file:/app/hello-akka-assembly-1.0.jar!/application.conf: 7
        # Options: ERROR, WARNING, INFO, DEBUG
        "loglevel" : "DEBUG",
        # reference.conf @ jar:file:/app/hello-akka-assembly-1.0.jar!/reference.conf: 525
        # Used to set the behavior of the scheduler.
        # Changing the default values may change the system behavior drastically so make
        # sure you know what you're doing! See the Scheduler section of the Akka
        # Documentation for more details.
        "scheduler" : {
            # reference.conf @ jar:file:/app/hello-akka-assembly-1.0.jar!/reference.conf: 561
            # This setting selects the timer implementation which shall be loaded at
            # system start-up.
            # The class given here must implement the akka.actor.Scheduler interface
            # and offer a public constructor which takes three arguments:
            #  1) com.typesafe.config.Config
            #  2) akka.event.LoggingAdapter
            #  3) java.util.concurrent.ThreadFactory
            "implementation" : "akka.actor.LightArrayRevolverScheduler",
            # reference.conf @ jar:file:/app/hello-akka-assembly-1.0.jar!/reference.conf: 567
            # When shutting down the scheduler, there will typically be a thread which
            # needs to be stopped, and this timeout determines how long to wait for
            # that to happen. In case of timeout the shutdown of the actor system will
            # proceed without running possibly still enqueued tasks.
            "shutdown-timeout" : "5s",
            # reference.conf @ jar:file:/app/hello-akka-assembly-1.0.jar!/reference.conf: 545
            # The LightArrayRevolverScheduler is used as the default scheduler in the
            # system. It does not execute the scheduled tasks on exact time, but on every
            # tick, it will run everything that is (over)due. You can increase or decrease
            # the accuracy of the execution timing by specifying smaller or larger tick
            # duration. If you are scheduling a lot of tasks you should consider increasing
            # the ticks per wheel.
            # Note that it might take up to 1 tick to stop the Timer, so setting the
            # tick-duration to a high value will make shutting down the actor system
            # take longer.
            "tick-duration" : "10ms",
            # reference.conf @ jar:file:/app/hello-akka-assembly-1.0.jar!/reference.conf: 552
            # The timer uses a circular wheel of buckets to store the timer tasks.
            # This should be set such that the majority of scheduled timeouts (for high
            # scheduling frequency) will be shorter than one rotation of the wheel
            # (ticks-per-wheel * ticks-duration)
            # THIS MUST BE A POWER OF TWO!
            "ticks-per-wheel" : 512
        },
        # reference.conf @ jar:file:/app/hello-akka-assembly-1.0.jar!/reference.conf: 41
        # Log level for the very basic logger activated during ActorSystem startup.
        # This logger prints the log messages to stdout (System.out).
        # Options: OFF, ERROR, WARNING, INFO, DEBUG
        "stdout-loglevel" : "WARNING",
        # reference.conf @ jar:file:/app/hello-akka-assembly-1.0.jar!/reference.conf: 10
        # Akka version, checked against the runtime version of Akka.
        "version" : "2.4.0"
    },
    # system properties
    "awt" : {
        # system properties
        "toolkit" : "sun.awt.X11.XToolkit"
    },
    # system properties
    "file" : {
        # system properties
        "encoding" : {
            # system properties
            "pkg" : "sun.io"
        },
        # system properties
        "separator" : "/"
    },
    # system properties
    "java" : {
        # system properties
        "awt" : {
            # system properties
            "graphicsenv" : "sun.awt.X11GraphicsEnvironment",
            # system properties
            "printerjob" : "sun.print.PSPrinterJob"
        },
        # system properties
        "class" : {
            # system properties
            "path" : "/app/hello-akka-assembly-1.0.jar",
            # system properties
            "version" : "52.0"
        },
        # system properties
        "endorsed" : {
            # system properties
            "dirs" : "/usr/lib/jvm/java-8-openjdk-amd64/jre/lib/endorsed"
        },
        # system properties
        "ext" : {
            # system properties
            "dirs" : "/usr/lib/jvm/java-8-openjdk-amd64/jre/lib/ext:/usr/java/packages/lib/ext"
        },
        # system properties
        "home" : "/usr/lib/jvm/java-8-openjdk-amd64/jre",
        # system properties
        "io" : {
            # system properties
            "tmpdir" : "/tmp"
        },
        # system properties
        "library" : {
            # system properties
            "path" : "/usr/java/packages/lib/amd64:/usr/lib/x86_64-linux-gnu/jni:/lib/x86_64-linux-gnu:/usr/lib/x86_64-linux-gnu:/usr/lib/jni:/lib:/usr/lib"
        },
        # system properties
        "runtime" : {
            # system properties
            "name" : "OpenJDK Runtime Environment",
            # system properties
            "version" : "1.8.0_66-internal-b17"
        },
        # system properties
        "specification" : {
            # system properties
            "name" : "Java Platform API Specification",
            # system properties
            "vendor" : "Oracle Corporation",
            # system properties
            "version" : "1.8"
        },
        # system properties
        "vendor" : {
            # system properties
            "url" : {
                # system properties
                "bug" : "http://bugreport.sun.com/bugreport/"
            }
        },
        # system properties
        "version" : "1.8.0_66-internal",
        # system properties
        "vm" : {
            # system properties
            "info" : "mixed mode",
            # system properties
            "name" : "OpenJDK 64-Bit Server VM",
            # system properties
            "specification" : {
                # system properties
                "name" : "Java Virtual Machine Specification",
                # system properties
                "vendor" : "Oracle Corporation",
                # system properties
                "version" : "1.8"
            },
            # system properties
            "vendor" : "Oracle Corporation",
            # system properties
            "version" : "25.66-b17"
        }
    },
    # system properties
    "line" : {
        # system properties
        "separator" : "\n"
    },
    # system properties
    "os" : {
        # system properties
        "arch" : "amd64",
        # system properties
        "name" : "Linux",
        # system properties
        "version" : "4.1.12-boot2docker"
    },
    # system properties
    "path" : {
        # system properties
        "separator" : ":"
    },
    # system properties
    "sun" : {
        # system properties
        "arch" : {
            # system properties
            "data" : {
                # system properties
                "model" : "64"
            }
        },
        # system properties
        "boot" : {
            # system properties
            "class" : {
                # system properties
                "path" : "/usr/lib/jvm/java-8-openjdk-amd64/jre/lib/resources.jar:/usr/lib/jvm/java-8-openjdk-amd64/jre/lib/rt.jar:/usr/lib/jvm/java-8-openjdk-amd64/jre/lib/sunrsasign.jar:/usr/lib/jvm/java-8-openjdk-amd64/jre/lib/jsse.jar:/usr/lib/jvm/java-8-openjdk-amd64/jre/lib/jce.jar:/usr/lib/jvm/java-8-openjdk-amd64/jre/lib/charsets.jar:/usr/lib/jvm/java-8-openjdk-amd64/jre/lib/jfr.jar:/usr/lib/jvm/java-8-openjdk-amd64/jre/classes"
            },
            # system properties
            "library" : {
                # system properties
                "path" : "/usr/lib/jvm/java-8-openjdk-amd64/jre/lib/amd64"
            }
        },
        # system properties
        "cpu" : {
            # system properties
            "endian" : "little",
            # system properties
            "isalist" : ""
        },
        # system properties
        "io" : {
            # system properties
            "unicode" : {
                # system properties
                "encoding" : "UnicodeLittle"
            }
        },
        # system properties
        "java" : {
            # system properties
            "command" : "/app/hello-akka-assembly-1.0.jar",
            # system properties
            "launcher" : "SUN_STANDARD"
        },
        # system properties
        "jnu" : {
            # system properties
            "encoding" : "UTF-8"
        },
        # system properties
        "management" : {
            # system properties
            "compiler" : "HotSpot 64-Bit Tiered Compilers"
        },
        # system properties
        "os" : {
            # system properties
            "patch" : {
                # system properties
                "level" : "unknown"
            }
        }
    },
    # system properties
    "user" : {
        # system properties
        "dir" : "/",
        # system properties
        "home" : "/root",
        # system properties
        "language" : "en",
        # system properties
        "name" : "root",
        # system properties
        "timezone" : ""
    }
}

2015-11-03 21:59:23,596 INFO  nl.rdj.Greeter  - Hello
2015-11-03 21:59:23,641 INFO  nl.rdj.Greeter  - Hello
2015-11-03 21:59:23,669 INFO  nl.rdj.HelloAkkaScala$  - Greeting: hello, akka
2015-11-03 21:59:23,669 INFO  nl.rdj.Greeter  - Hello
2015-11-03 21:59:23,670 INFO  nl.rdj.HelloAkkaScala$  - Greeting: hello, typesafe
2015-11-03 21:59:23,677 INFO  nl.rdj.Greeter  - Hello
2015-11-03 21:59:23,677 INFO  nl.rdj.GreetPrinter  - hello, typesafe
2015-11-03 21:59:24,684 INFO  nl.rdj.Greeter  - Hello
2015-11-03 21:59:24,685 INFO  nl.rdj.GreetPrinter  - hello, typesafe
2015-11-03 21:59:25,694 INFO  nl.rdj.Greeter  - Hello
2015-11-03 21:59:25,695 INFO  nl.rdj.GreetPrinter  - hello, typesafe
2015-11-03 21:59:26,695 INFO  nl.rdj.Greeter  - Hello
2015-11-03 21:59:26,695 INFO  nl.rdj.GreetPrinter  - hello, typesafe
2015-11-03 21:59:27,684 INFO  nl.rdj.Greeter  - Hello
2015-11-03 21:59:27,684 INFO  nl.rdj.GreetPrinter  - hello, typesafe
2015-11-03 21:59:28,685 INFO  nl.rdj.Greeter  - Hello
2015-11-03 21:59:28,686 INFO  nl.rdj.GreetPrinter  - hello, typesafe
2015-11-03 21:59:29,677 INFO  nl.rdj.Greeter  - Hello
2015-11-03 21:59:29,677 INFO  nl.rdj.GreetPrinter  - hello, typesafe
2015-11-03 21:59:30,677 INFO  nl.rdj.Greeter  - Hello
2015-11-03 21:59:30,678 INFO  nl.rdj.GreetPrinter  - hello, typesafe
2015-11-03 21:59:31,676 INFO  nl.rdj.Greeter  - Hello
2015-11-03 21:59:31,676 INFO  nl.rdj.GreetPrinter  - hello, typesafe
2015-11-03 21:59:32,675 INFO  nl.rdj.Greeter  - Hello
2015-11-03 21:59:32,675 INFO  nl.rdj.GreetPrinter  - hello, typesafe
2015-11-03 21:59:33,688 INFO  nl.rdj.Greeter  - Hello
2015-11-03 21:59:33,689 INFO  nl.rdj.GreetPrinter  - hello, typesafe
2015-11-03 21:59:34,675 INFO  nl.rdj.Greeter  - Hello
2015-11-03 21:59:34,675 INFO  nl.rdj.GreetPrinter  - hello, typesafe
2015-11-03 21:59:35,684 INFO  nl.rdj.Greeter  - Hello
2015-11-03 21:59:35,684 INFO  nl.rdj.GreetPrinter  - hello, typesafe
2015-11-03 21:59:36,684 INFO  nl.rdj.Greeter  - Hello
2015-11-03 21:59:36,685 INFO  nl.rdj.GreetPrinter  - hello, typesafe
2015-11-03 21:59:37,686 INFO  nl.rdj.Greeter  - Hello
2015-11-03 21:59:37,687 INFO  nl.rdj.GreetPrinter  - hello, typesafe
2015-11-03 21:59:38,675 INFO  nl.rdj.Greeter  - Hello
2015-11-03 21:59:38,675 INFO  nl.rdj.GreetPrinter  - hello, typesafe
2015-11-03 21:59:39,695 INFO  nl.rdj.Greeter  - Hello
2015-11-03 21:59:39,695 INFO  nl.rdj.GreetPrinter  - hello, typesafe
2015-11-03 21:59:40,687 INFO  nl.rdj.Greeter  - Hello
2015-11-03 21:59:40,688 INFO  nl.rdj.GreetPrinter  - hello, typesafe
2015-11-03 21:59:41,684 INFO  nl.rdj.Greeter  - Hello
2015-11-03 21:59:41,685 INFO  nl.rdj.GreetPrinter  - hello, typesafe
2015-11-03 21:59:42,689 INFO  nl.rdj.Greeter  - Hello
2015-11-03 21:59:42,690 INFO  nl.rdj.GreetPrinter  - hello, typesafe
2015-11-03 21:59:43,676 INFO  nl.rdj.Greeter  - Hello
2015-11-03 21:59:43,676 INFO  nl.rdj.GreetPrinter  - hello, typesafe
2015-11-03 21:59:44,686 INFO  nl.rdj.Greeter  - Hello
2015-11-03 21:59:44,687 INFO  nl.rdj.GreetPrinter  - hello, typesafe
2015-11-03 21:59:45,685 INFO  nl.rdj.Greeter  - Hello
2015-11-03 21:59:45,685 INFO  nl.rdj.GreetPrinter  - hello, typesafe
2015-11-03 21:59:46,694 INFO  nl.rdj.Greeter  - Hello
2015-11-03 21:59:46,695 INFO  nl.rdj.GreetPrinter  - hello, typesafe
2015-11-03 21:59:47,694 INFO  nl.rdj.Greeter  - Hello
2015-11-03 21:59:47,695 INFO  nl.rdj.GreetPrinter  - hello, typesafe
2015-11-03 21:59:48,696 INFO  nl.rdj.Greeter  - Hello
2015-11-03 21:59:48,696 INFO  nl.rdj.GreetPrinter  - hello, typesafe
2015-11-03 21:59:49,684 INFO  nl.rdj.Greeter  - Hello
2015-11-03 21:59:49,684 INFO  nl.rdj.GreetPrinter  - hello, typesafe
2015-11-03 21:59:50,696 INFO  nl.rdj.Greeter  - Hello
2015-11-03 21:59:50,696 INFO  nl.rdj.GreetPrinter  - hello, typesafe
2015-11-03 21:59:51,684 INFO  nl.rdj.Greeter  - Hello
2015-11-03 21:59:51,685 INFO  nl.rdj.GreetPrinter  - hello, typesafe
2015-11-03 21:59:52,698 INFO  nl.rdj.Greeter  - Hello
2015-11-03 21:59:52,698 INFO  nl.rdj.GreetPrinter  - hello, typesafe
2015-11-03 21:59:53,685 INFO  nl.rdj.Greeter  - Hello
2015-11-03 21:59:53,685 INFO  nl.rdj.GreetPrinter  - hello, typesafe
2015-11-03 21:59:54,695 INFO  nl.rdj.Greeter  - Hello
2015-11-03 21:59:54,695 INFO  nl.rdj.GreetPrinter  - hello, typesafe
2015-11-03 21:59:55,695 INFO  nl.rdj.Greeter  - Hello
2015-11-03 21:59:55,695 INFO  nl.rdj.GreetPrinter  - hello, typesafe
2015-11-03 21:59:56,700 INFO  nl.rdj.Greeter  - Hello
2015-11-03 21:59:56,700 INFO  nl.rdj.GreetPrinter  - hello, typesafe
2015-11-03 21:59:57,684 INFO  nl.rdj.Greeter  - Hello
2015-11-03 21:59:57,684 INFO  nl.rdj.GreetPrinter  - hello, typesafe
2015-11-03 21:59:58,698 INFO  nl.rdj.Greeter  - Hello
2015-11-03 21:59:58,698 INFO  nl.rdj.GreetPrinter  - hello, typesafe
2015-11-03 21:59:59,675 INFO  nl.rdj.Greeter  - Hello
2015-11-03 21:59:59,676 INFO  nl.rdj.GreetPrinter  - hello, typesafe
2015-11-03 22:00:00,679 INFO  nl.rdj.Greeter  - Hello
2015-11-03 22:00:00,679 INFO  nl.rdj.GreetPrinter  - hello, typesafe
2015-11-03 22:00:01,675 INFO  nl.rdj.Greeter  - Hello
2015-11-03 22:00:01,675 INFO  nl.rdj.GreetPrinter  - hello, typesafe
2015-11-03 22:00:02,686 INFO  nl.rdj.Greeter  - Hello
2015-11-03 22:00:02,686 INFO  nl.rdj.GreetPrinter  - hello, typesafe
2015-11-03 22:00:03,685 INFO  nl.rdj.Greeter  - Hello
2015-11-03 22:00:03,685 INFO  nl.rdj.GreetPrinter  - hello, typesafe
2015-11-03 22:00:04,685 INFO  nl.rdj.Greeter  - Hello
2015-11-03 22:00:04,685 INFO  nl.rdj.GreetPrinter  - hello, typesafe
2015-11-03 22:00:05,684 INFO  nl.rdj.Greeter  - Hello
2015-11-03 22:00:05,685 INFO  nl.rdj.GreetPrinter  - hello, typesafe
2015-11-03 22:00:06,684 INFO  nl.rdj.Greeter  - Hello
2015-11-03 22:00:06,685 INFO  nl.rdj.GreetPrinter  - hello, typesafe
2015-11-03 22:00:07,694 INFO  nl.rdj.Greeter  - Hello
2015-11-03 22:00:07,695 INFO  nl.rdj.GreetPrinter  - hello, typesafe
2015-11-03 22:00:08,695 INFO  nl.rdj.Greeter  - Hello
2015-11-03 22:00:08,696 INFO  nl.rdj.GreetPrinter  - hello, typesafe
2015-11-03 22:00:09,685 INFO  nl.rdj.Greeter  - Hello
2015-11-03 22:00:09,685 INFO  nl.rdj.GreetPrinter  - hello, typesafe
2015-11-03 22:00:10,685 INFO  nl.rdj.Greeter  - Hello
2015-11-03 22:00:10,685 INFO  nl.rdj.GreetPrinter  - hello, typesafe
2015-11-03 22:00:11,696 INFO  nl.rdj.Greeter  - Hello
2015-11-03 22:00:11,697 INFO  nl.rdj.GreetPrinter  - hello, typesafe
2015-11-03 22:00:12,688 INFO  nl.rdj.Greeter  - Hello
2015-11-03 22:00:12,688 INFO  nl.rdj.GreetPrinter  - hello, typesafe
2015-11-03 22:00:13,685 INFO  nl.rdj.Greeter  - Hello
2015-11-03 22:00:13,686 INFO  nl.rdj.GreetPrinter  - hello, typesafe
2015-11-03 22:00:14,685 INFO  nl.rdj.Greeter  - Hello
2015-11-03 22:00:14,686 INFO  nl.rdj.GreetPrinter  - hello, typesafe
2015-11-03 22:00:15,695 INFO  nl.rdj.Greeter  - Hello
2015-11-03 22:00:15,696 INFO  nl.rdj.GreetPrinter  - hello, typesafe
2015-11-03 22:00:16,688 INFO  nl.rdj.Greeter  - Hello
2015-11-03 22:00:16,689 INFO  nl.rdj.GreetPrinter  - hello, typesafe
2015-11-03 22:00:17,685 INFO  nl.rdj.Greeter  - Hello
2015-11-03 22:00:17,685 INFO  nl.rdj.GreetPrinter  - hello, typesafe
2015-11-03 22:00:18,699 INFO  nl.rdj.Greeter  - Hello
2015-11-03 22:00:18,699 INFO  nl.rdj.GreetPrinter  - hello, typesafe
2015-11-03 22:00:19,685 INFO  nl.rdj.Greeter  - Hello
2015-11-03 22:00:19,686 INFO  nl.rdj.GreetPrinter  - hello, typesafe
2015-11-03 22:00:20,685 INFO  nl.rdj.Greeter  - Hello
2015-11-03 22:00:20,685 INFO  nl.rdj.GreetPrinter  - hello, typesafe
2015-11-03 22:00:21,695 INFO  nl.rdj.Greeter  - Hello
2015-11-03 22:00:21,696 INFO  nl.rdj.GreetPrinter  - hello, typesafe
2015-11-03 22:00:22,685 INFO  nl.rdj.Greeter  - Hello
2015-11-03 22:00:22,686 INFO  nl.rdj.GreetPrinter  - hello, typesafe
2015-11-03 22:00:23,687 INFO  nl.rdj.Greeter  - Hello
2015-11-03 22:00:23,687 INFO  nl.rdj.GreetPrinter  - hello, typesafe
2015-11-03 22:00:24,685 INFO  nl.rdj.Greeter  - Hello
2015-11-03 22:00:24,685 INFO  nl.rdj.GreetPrinter  - hello, typesafe
2015-11-03 22:00:25,698 INFO  nl.rdj.Greeter  - Hello
2015-11-03 22:00:25,699 INFO  nl.rdj.GreetPrinter  - hello, typesafe
2015-11-03 22:00:26,685 INFO  nl.rdj.Greeter  - Hello
2015-11-03 22:00:26,686 INFO  nl.rdj.GreetPrinter  - hello, typesafe
2015-11-03 22:00:27,684 INFO  nl.rdj.Greeter  - Hello
2015-11-03 22:00:27,685 INFO  nl.rdj.GreetPrinter  - hello, typesafe
2015-11-03 22:00:28,696 INFO  nl.rdj.Greeter  - Hello
2015-11-03 22:00:28,696 INFO  nl.rdj.GreetPrinter  - hello, typesafe
2015-11-03 22:00:29,687 INFO  nl.rdj.Greeter  - Hello
2015-11-03 22:00:29,687 INFO  nl.rdj.GreetPrinter  - hello, typesafe
2015-11-03 22:00:30,685 INFO  nl.rdj.Greeter  - Hello
2015-11-03 22:00:30,685 INFO  nl.rdj.GreetPrinter  - hello, typesafe
2015-11-03 22:00:31,695 INFO  nl.rdj.Greeter  - Hello
2015-11-03 22:00:31,695 INFO  nl.rdj.GreetPrinter  - hello, typesafe
2015-11-03 22:00:32,695 INFO  nl.rdj.Greeter  - Hello
2015-11-03 22:00:32,696 INFO  nl.rdj.GreetPrinter  - hello, typesafe
2015-11-03 22:00:33,684 INFO  nl.rdj.Greeter  - Hello
2015-11-03 22:00:33,685 INFO  nl.rdj.GreetPrinter  - hello, typesafe
2015-11-03 22:00:34,694 INFO  nl.rdj.Greeter  - Hello
2015-11-03 22:00:34,695 INFO  nl.rdj.GreetPrinter  - hello, typesafe
2015-11-03 22:00:35,694 INFO  nl.rdj.Greeter  - Hello
2015-11-03 22:00:35,695 INFO  nl.rdj.GreetPrinter  - hello, typesafe
2015-11-03 22:00:36,700 INFO  nl.rdj.Greeter  - Hello
2015-11-03 22:00:36,700 INFO  nl.rdj.GreetPrinter  - hello, typesafe
2015-11-03 22:00:37,689 INFO  nl.rdj.Greeter  - Hello
2015-11-03 22:00:37,689 INFO  nl.rdj.GreetPrinter  - hello, typesafe
2015-11-03 22:00:38,686 INFO  nl.rdj.Greeter  - Hello
2015-11-03 22:00:38,686 INFO  nl.rdj.GreetPrinter  - hello, typesafe
2015-11-03 22:00:39,676 INFO  nl.rdj.Greeter  - Hello
2015-11-03 22:00:39,676 INFO  nl.rdj.GreetPrinter  - hello, typesafe
2015-11-03 22:00:40,677 INFO  nl.rdj.Greeter  - Hello
2015-11-03 22:00:40,678 INFO  nl.rdj.GreetPrinter  - hello, typesafe
2015-11-03 22:00:41,685 INFO  nl.rdj.Greeter  - Hello
2015-11-03 22:00:41,685 INFO  nl.rdj.GreetPrinter  - hello, typesafe
2015-11-03 22:00:42,685 INFO  nl.rdj.Greeter  - Hello
2015-11-03 22:00:42,685 INFO  nl.rdj.GreetPrinter  - hello, typesafe
2015-11-03 22:00:43,675 INFO  nl.rdj.Greeter  - Hello
2015-11-03 22:00:43,675 INFO  nl.rdj.GreetPrinter  - hello, typesafe
2015-11-03 22:00:44,687 INFO  nl.rdj.Greeter  - Hello
2015-11-03 22:00:44,688 INFO  nl.rdj.GreetPrinter  - hello, typesafe
2015-11-03 22:00:45,675 INFO  nl.rdj.Greeter  - Hello
2015-11-03 22:00:45,676 INFO  nl.rdj.GreetPrinter  - hello, typesafe
2015-11-03 22:00:46,675 INFO  nl.rdj.Greeter  - Hello
2015-11-03 22:00:46,676 INFO  nl.rdj.GreetPrinter  - hello, typesafe
2015-11-03 22:00:47,676 INFO  nl.rdj.Greeter  - Hello
2015-11-03 22:00:47,676 INFO  nl.rdj.GreetPrinter  - hello, typesafe
2015-11-03 22:00:48,675 INFO  nl.rdj.Greeter  - Hello
2015-11-03 22:00:48,675 INFO  nl.rdj.GreetPrinter  - hello, typesafe
2015-11-03 22:00:49,689 INFO  nl.rdj.Greeter  - Hello
2015-11-03 22:00:49,690 INFO  nl.rdj.GreetPrinter  - hello, typesafe
2015-11-03 22:00:50,679 INFO  nl.rdj.Greeter  - Hello
2015-11-03 22:00:50,679 INFO  nl.rdj.GreetPrinter  - hello, typesafe
2015-11-03 22:00:51,675 INFO  nl.rdj.Greeter  - Hello
2015-11-03 22:00:51,676 INFO  nl.rdj.GreetPrinter  - hello, typesafe
2015-11-03 22:00:52,677 INFO  nl.rdj.Greeter  - Hello
2015-11-03 22:00:52,678 INFO  nl.rdj.GreetPrinter  - hello, typesafe
2015-11-03 22:00:53,675 INFO  nl.rdj.Greeter  - Hello
2015-11-03 22:00:53,676 INFO  nl.rdj.GreetPrinter  - hello, typesafe
2015-11-03 22:00:54,675 INFO  nl.rdj.Greeter  - Hello
2015-11-03 22:00:54,676 INFO  nl.rdj.GreetPrinter  - hello, typesafe
2015-11-03 22:00:55,676 INFO  nl.rdj.Greeter  - Hello
2015-11-03 22:00:55,677 INFO  nl.rdj.GreetPrinter  - hello, typesafe
2015-11-03 22:00:56,675 INFO  nl.rdj.Greeter  - Hello
2015-11-03 22:00:56,676 INFO  nl.rdj.GreetPrinter  - hello, typesafe
2015-11-03 22:00:57,675 INFO  nl.rdj.Greeter  - Hello
2015-11-03 22:00:57,675 INFO  nl.rdj.GreetPrinter  - hello, typesafe
2015-11-03 22:00:58,685 INFO  nl.rdj.Greeter  - Hello
2015-11-03 22:00:58,686 INFO  nl.rdj.GreetPrinter  - hello, typesafe
2015-11-03 22:00:59,677 INFO  nl.rdj.Greeter  - Hello
2015-11-03 22:00:59,677 INFO  nl.rdj.GreetPrinter  - hello, typesafe
2015-11-03 22:01:00,688 INFO  nl.rdj.Greeter  - Hello
2015-11-03 22:01:00,688 INFO  nl.rdj.GreetPrinter  - hello, typesafe
2015-11-03 22:01:01,685 INFO  nl.rdj.Greeter  - Hello
2015-11-03 22:01:01,685 INFO  nl.rdj.GreetPrinter  - hello, typesafe
2015-11-03 22:01:02,697 INFO  nl.rdj.Greeter  - Hello
2015-11-03 22:01:02,697 INFO  nl.rdj.GreetPrinter  - hello, typesafe
2015-11-03 22:01:03,684 INFO  nl.rdj.Greeter  - Hello
2015-11-03 22:01:03,685 INFO  nl.rdj.GreetPrinter  - hello, typesafe
2015-11-03 22:01:04,697 INFO  nl.rdj.Greeter  - Hello
2015-11-03 22:01:04,697 INFO  nl.rdj.GreetPrinter  - hello, typesafe
2015-11-03 22:01:05,685 INFO  nl.rdj.Greeter  - Hello
2015-11-03 22:01:05,686 INFO  nl.rdj.GreetPrinter  - hello, typesafe
2015-11-03 22:01:06,684 INFO  nl.rdj.Greeter  - Hello
2015-11-03 22:01:06,685 INFO  nl.rdj.GreetPrinter  - hello, typesafe
2015-11-03 22:01:07,694 INFO  nl.rdj.Greeter  - Hello
2015-11-03 22:01:07,695 INFO  nl.rdj.GreetPrinter  - hello, typesafe
2015-11-03 22:01:08,697 INFO  nl.rdj.Greeter  - Hello
2015-11-03 22:01:08,697 INFO  nl.rdj.GreetPrinter  - hello, typesafe
2015-11-03 22:01:09,686 INFO  nl.rdj.Greeter  - Hello
2015-11-03 22:01:09,686 INFO  nl.rdj.GreetPrinter  - hello, typesafe
2015-11-03 22:01:10,685 INFO  nl.rdj.Greeter  - Hello
2015-11-03 22:01:10,685 INFO  nl.rdj.GreetPrinter  - hello, typesafe
2015-11-03 22:01:11,684 INFO  nl.rdj.Greeter  - Hello
2015-11-03 22:01:11,684 INFO  nl.rdj.GreetPrinter  - hello, typesafe
2015-11-03 22:01:12,695 INFO  nl.rdj.Greeter  - Hello
2015-11-03 22:01:12,696 INFO  nl.rdj.GreetPrinter  - hello, typesafe
2015-11-03 22:01:13,687 INFO  nl.rdj.Greeter  - Hello
2015-11-03 22:01:13,688 INFO  nl.rdj.GreetPrinter  - hello, typesafe
2015-11-03 22:01:14,685 INFO  nl.rdj.Greeter  - Hello
2015-11-03 22:01:14,686 INFO  nl.rdj.GreetPrinter  - hello, typesafe
2015-11-03 22:01:15,685 INFO  nl.rdj.Greeter  - Hello
2015-11-03 22:01:15,686 INFO  nl.rdj.GreetPrinter  - hello, typesafe
2015-11-03 22:01:16,684 INFO  nl.rdj.Greeter  - Hello
2015-11-03 22:01:16,685 INFO  nl.rdj.GreetPrinter  - hello, typesafe
2015-11-03 22:01:17,695 INFO  nl.rdj.Greeter  - Hello
2015-11-03 22:01:17,696 INFO  nl.rdj.GreetPrinter  - hello, typesafe
2015-11-03 22:01:18,685 INFO  nl.rdj.Greeter  - Hello
2015-11-03 22:01:18,686 INFO  nl.rdj.GreetPrinter  - hello, typesafe
2015-11-03 22:01:19,698 INFO  nl.rdj.Greeter  - Hello
2015-11-03 22:01:19,699 INFO  nl.rdj.GreetPrinter  - hello, typesafe
2015-11-03 22:01:20,685 INFO  nl.rdj.Greeter  - Hello
2015-11-03 22:01:20,686 INFO  nl.rdj.GreetPrinter  - hello, typesafe
2015-11-03 22:01:21,685 INFO  nl.rdj.Greeter  - Hello
2015-11-03 22:01:21,685 INFO  nl.rdj.GreetPrinter  - hello, typesafe
2015-11-03 22:01:22,695 INFO  nl.rdj.Greeter  - Hello
2015-11-03 22:01:22,696 INFO  nl.rdj.GreetPrinter  - hello, typesafe
2015-11-03 22:01:23,675 INFO  nl.rdj.Greeter  - Hello
2015-11-03 22:01:23,675 INFO  nl.rdj.GreetPrinter  - hello, typesafe
2015-11-03 22:01:24,697 INFO  nl.rdj.Greeter  - Hello
2015-11-03 22:01:24,698 INFO  nl.rdj.GreetPrinter  - hello, typesafe
2015-11-03 22:01:25,687 INFO  nl.rdj.Greeter  - Hello
2015-11-03 22:01:25,688 INFO  nl.rdj.GreetPrinter  - hello, typesafe
2015-11-03 22:01:26,685 INFO  nl.rdj.Greeter  - Hello
2015-11-03 22:01:26,688 INFO  nl.rdj.GreetPrinter  - hello, typesafe
2015-11-03 22:01:27,686 INFO  nl.rdj.Greeter  - Hello
2015-11-03 22:01:27,686 INFO  nl.rdj.GreetPrinter  - hello, typesafe
2015-11-03 22:01:28,685 INFO  nl.rdj.Greeter  - Hello
2015-11-03 22:01:28,686 INFO  nl.rdj.GreetPrinter  - hello, typesafe
2015-11-03 22:01:29,684 INFO  nl.rdj.Greeter  - Hello
2015-11-03 22:01:29,685 INFO  nl.rdj.GreetPrinter  - hello, typesafe
2015-11-03 22:01:30,696 INFO  nl.rdj.Greeter  - Hello
2015-11-03 22:01:30,696 INFO  nl.rdj.GreetPrinter  - hello, typesafe
2015-11-03 22:01:31,685 INFO  nl.rdj.Greeter  - Hello
2015-11-03 22:01:31,685 INFO  nl.rdj.GreetPrinter  - hello, typesafe
2015-11-03 22:01:32,697 INFO  nl.rdj.Greeter  - Hello
2015-11-03 22:01:32,697 INFO  nl.rdj.GreetPrinter  - hello, typesafe
2015-11-03 22:01:33,684 INFO  nl.rdj.Greeter  - Hello
2015-11-03 22:01:33,685 INFO  nl.rdj.GreetPrinter  - hello, typesafe
2015-11-03 22:01:34,696 INFO  nl.rdj.Greeter  - Hello
2015-11-03 22:01:34,697 INFO  nl.rdj.GreetPrinter  - hello, typesafe
2015-11-03 22:01:35,687 INFO  nl.rdj.Greeter  - Hello
2015-11-03 22:01:35,687 INFO  nl.rdj.GreetPrinter  - hello, typesafe
2015-11-03 22:01:36,687 INFO  nl.rdj.Greeter  - Hello
2015-11-03 22:01:36,688 INFO  nl.rdj.GreetPrinter  - hello, typesafe
2015-11-03 22:01:37,685 INFO  nl.rdj.Greeter  - Hello
2015-11-03 22:01:37,686 INFO  nl.rdj.GreetPrinter  - hello, typesafe
2015-11-03 22:01:38,695 INFO  nl.rdj.Greeter  - Hello
2015-11-03 22:01:38,695 INFO  nl.rdj.GreetPrinter  - hello, typesafe
2015-11-03 22:01:39,696 INFO  nl.rdj.Greeter  - Hello
2015-11-03 22:01:39,701 INFO  nl.rdj.GreetPrinter  - hello, typesafe
2015-11-03 22:01:40,686 INFO  nl.rdj.Greeter  - Hello
2015-11-03 22:01:40,686 INFO  nl.rdj.GreetPrinter  - hello, typesafe
2015-11-03 22:01:41,685 INFO  nl.rdj.Greeter  - Hello
2015-11-03 22:01:41,685 INFO  nl.rdj.GreetPrinter  - hello, typesafe
2015-11-03 22:01:42,696 INFO  nl.rdj.Greeter  - Hello
2015-11-03 22:01:42,697 INFO  nl.rdj.GreetPrinter  - hello, typesafe
2015-11-03 22:01:43,688 INFO  nl.rdj.Greeter  - Hello
2015-11-03 22:01:43,688 INFO  nl.rdj.GreetPrinter  - hello, typesafe
2015-11-03 22:01:44,687 INFO  nl.rdj.Greeter  - Hello
2015-11-03 22:01:44,688 INFO  nl.rdj.GreetPrinter  - hello, typesafe
2015-11-03 22:01:45,684 INFO  nl.rdj.Greeter  - Hello
2015-11-03 22:01:45,684 INFO  nl.rdj.GreetPrinter  - hello, typesafe
2015-11-03 22:01:46,698 INFO  nl.rdj.Greeter  - Hello
2015-11-03 22:01:46,698 INFO  nl.rdj.GreetPrinter  - hello, typesafe
2015-11-03 22:01:47,684 INFO  nl.rdj.Greeter  - Hello
2015-11-03 22:01:47,685 INFO  nl.rdj.GreetPrinter  - hello, typesafe
2015-11-03 22:01:48,696 INFO  nl.rdj.Greeter  - Hello
2015-11-03 22:01:48,696 INFO  nl.rdj.GreetPrinter  - hello, typesafe
2015-11-03 22:01:49,687 INFO  nl.rdj.Greeter  - Hello
2015-11-03 22:01:49,687 INFO  nl.rdj.GreetPrinter  - hello, typesafe
2015-11-03 22:01:50,688 INFO  nl.rdj.Greeter  - Hello
2015-11-03 22:01:50,688 INFO  nl.rdj.GreetPrinter  - hello, typesafe
2015-11-03 22:01:51,686 INFO  nl.rdj.Greeter  - Hello
2015-11-03 22:01:51,688 INFO  nl.rdj.GreetPrinter  - hello, typesafe
2015-11-03 22:01:52,687 INFO  nl.rdj.Greeter  - Hello
2015-11-03 22:01:52,687 INFO  nl.rdj.GreetPrinter  - hello, typesafe
2015-11-03 22:01:53,684 INFO  nl.rdj.Greeter  - Hello
2015-11-03 22:01:53,685 INFO  nl.rdj.GreetPrinter  - hello, typesafe
2015-11-03 22:01:54,695 INFO  nl.rdj.Greeter  - Hello
2015-11-03 22:01:54,695 INFO  nl.rdj.GreetPrinter  - hello, typesafe
2015-11-03 22:01:55,695 INFO  nl.rdj.Greeter  - Hello
2015-11-03 22:01:55,695 INFO  nl.rdj.GreetPrinter  - hello, typesafe
2015-11-03 22:01:56,676 INFO  nl.rdj.Greeter  - Hello
2015-11-03 22:01:56,676 INFO  nl.rdj.GreetPrinter  - hello, typesafe
2015-11-03 22:01:57,675 INFO  nl.rdj.Greeter  - Hello
2015-11-03 22:01:57,676 INFO  nl.rdj.GreetPrinter  - hello, typesafe
2015-11-03 22:01:58,686 INFO  nl.rdj.Greeter  - Hello
2015-11-03 22:01:58,686 INFO  nl.rdj.GreetPrinter  - hello, typesafe
2015-11-03 22:01:59,685 INFO  nl.rdj.Greeter  - Hello
2015-11-03 22:01:59,685 INFO  nl.rdj.GreetPrinter  - hello, typesafe
2015-11-03 22:02:00,685 INFO  nl.rdj.Greeter  - Hello
2015-11-03 22:02:00,686 INFO  nl.rdj.GreetPrinter  - hello, typesafe
2015-11-03 22:02:01,685 INFO  nl.rdj.Greeter  - Hello
2015-11-03 22:02:01,685 INFO  nl.rdj.GreetPrinter  - hello, typesafe
2015-11-03 22:02:02,695 INFO  nl.rdj.Greeter  - Hello
2015-11-03 22:02:02,695 INFO  nl.rdj.GreetPrinter  - hello, typesafe
2015-11-03 22:02:03,697 INFO  nl.rdj.Greeter  - Hello
2015-11-03 22:02:03,698 INFO  nl.rdj.GreetPrinter  - hello, typesafe
2015-11-03 22:02:04,686 INFO  nl.rdj.Greeter  - Hello
2015-11-03 22:02:04,686 INFO  nl.rdj.GreetPrinter  - hello, typesafe
2015-11-03 22:02:05,686 INFO  nl.rdj.Greeter  - Hello
2015-11-03 22:02:05,686 INFO  nl.rdj.GreetPrinter  - hello, typesafe
2015-11-03 22:02:06,684 INFO  nl.rdj.Greeter  - Hello
2015-11-03 22:02:06,685 INFO  nl.rdj.GreetPrinter  - hello, typesafe
2015-11-03 22:02:07,696 INFO  nl.rdj.Greeter  - Hello
2015-11-03 22:02:07,697 INFO  nl.rdj.GreetPrinter  - hello, typesafe
2015-11-03 22:02:08,686 INFO  nl.rdj.Greeter  - Hello
2015-11-03 22:02:08,686 INFO  nl.rdj.GreetPrinter  - hello, typesafe
2015-11-03 22:02:09,685 INFO  nl.rdj.Greeter  - Hello
2015-11-03 22:02:09,686 INFO  nl.rdj.GreetPrinter  - hello, typesafe
2015-11-03 22:02:10,689 INFO  nl.rdj.Greeter  - Hello
2015-11-03 22:02:10,689 INFO  nl.rdj.GreetPrinter  - hello, typesafe
2015-11-03 22:02:11,685 INFO  nl.rdj.Greeter  - Hello
2015-11-03 22:02:11,685 INFO  nl.rdj.GreetPrinter  - hello, typesafe
2015-11-03 22:02:12,685 INFO  nl.rdj.Greeter  - Hello
2015-11-03 22:02:12,686 INFO  nl.rdj.GreetPrinter  - hello, typesafe
2015-11-03 22:02:13,685 INFO  nl.rdj.Greeter  - Hello
2015-11-03 22:02:13,686 INFO  nl.rdj.GreetPrinter  - hello, typesafe
2015-11-03 22:02:14,685 INFO  nl.rdj.Greeter  - Hello
2015-11-03 22:02:14,685 INFO  nl.rdj.GreetPrinter  - hello, typesafe
2015-11-03 22:02:15,694 INFO  nl.rdj.Greeter  - Hello
2015-11-03 22:02:15,695 INFO  nl.rdj.GreetPrinter  - hello, typesafe
2015-11-03 22:02:16,700 INFO  nl.rdj.Greeter  - Hello
2015-11-03 22:02:16,700 INFO  nl.rdj.GreetPrinter  - hello, typesafe
2015-11-03 22:02:17,686 INFO  nl.rdj.Greeter  - Hello
2015-11-03 22:02:17,686 INFO  nl.rdj.GreetPrinter  - hello, typesafe
2015-11-03 22:02:18,685 INFO  nl.rdj.Greeter  - Hello
2015-11-03 22:02:18,686 INFO  nl.rdj.GreetPrinter  - hello, typesafe
2015-11-03 22:02:19,685 INFO  nl.rdj.Greeter  - Hello
2015-11-03 22:02:19,686 INFO  nl.rdj.GreetPrinter  - hello, typesafe
2015-11-03 22:02:20,685 INFO  nl.rdj.Greeter  - Hello
2015-11-03 22:02:20,685 INFO  nl.rdj.GreetPrinter  - hello, typesafe
2015-11-03 22:02:21,695 INFO  nl.rdj.Greeter  - Hello
2015-11-03 22:02:21,695 INFO  nl.rdj.GreetPrinter  - hello, typesafe
2015-11-03 22:02:22,685 INFO  nl.rdj.Greeter  - Hello
2015-11-03 22:02:22,685 INFO  nl.rdj.GreetPrinter  - hello, typesafe
2015-11-03 22:02:23,688 INFO  nl.rdj.Greeter  - Hello
2015-11-03 22:02:23,688 INFO  nl.rdj.GreetPrinter  - hello, typesafe
2015-11-03 22:02:24,686 INFO  nl.rdj.Greeter  - Hello
2015-11-03 22:02:24,686 INFO  nl.rdj.GreetPrinter  - hello, typesafe
2015-11-03 22:02:25,686 INFO  nl.rdj.Greeter  - Hello
2015-11-03 22:02:25,686 INFO  nl.rdj.GreetPrinter  - hello, typesafe
2015-11-03 22:02:26,684 INFO  nl.rdj.Greeter  - Hello
2015-11-03 22:02:26,685 INFO  nl.rdj.GreetPrinter  - hello, typesafe
2015-11-03 22:02:27,695 INFO  nl.rdj.Greeter  - Hello
2015-11-03 22:02:27,696 INFO  nl.rdj.GreetPrinter  - hello, typesafe
2015-11-03 22:02:28,687 INFO  nl.rdj.Greeter  - Hello
2015-11-03 22:02:28,688 INFO  nl.rdj.GreetPrinter  - hello, typesafe
2015-11-03 22:02:29,684 INFO  nl.rdj.Greeter  - Hello
2015-11-03 22:02:29,685 INFO  nl.rdj.GreetPrinter  - hello, typesafe
2015-11-03 22:02:30,695 INFO  nl.rdj.Greeter  - Hello
2015-11-03 22:02:30,695 INFO  nl.rdj.GreetPrinter  - hello, typesafe
2015-11-03 22:02:31,694 INFO  nl.rdj.Greeter  - Hello
2015-11-03 22:02:31,694 INFO  nl.rdj.GreetPrinter  - hello, typesafe
2015-11-03 22:02:32,695 INFO  nl.rdj.Greeter  - Hello
2015-11-03 22:02:32,695 INFO  nl.rdj.GreetPrinter  - hello, typesafe
2015-11-03 22:02:33,695 INFO  nl.rdj.Greeter  - Hello
2015-11-03 22:02:33,696 INFO  nl.rdj.GreetPrinter  - hello, typesafe
2015-11-03 22:02:34,684 INFO  nl.rdj.Greeter  - Hello
2015-11-03 22:02:34,685 INFO  nl.rdj.GreetPrinter  - hello, typesafe
2015-11-03 22:02:35,696 INFO  nl.rdj.Greeter  - Hello
2015-11-03 22:02:35,697 INFO  nl.rdj.GreetPrinter  - hello, typesafe
2015-11-03 22:02:36,675 INFO  nl.rdj.Greeter  - Hello
2015-11-03 22:02:36,676 INFO  nl.rdj.GreetPrinter  - hello, typesafe
2015-11-03 22:02:37,684 INFO  nl.rdj.Greeter  - Hello
2015-11-03 22:02:37,684 INFO  nl.rdj.GreetPrinter  - hello, typesafe
2015-11-03 22:02:38,699 INFO  nl.rdj.Greeter  - Hello
2015-11-03 22:02:38,699 INFO  nl.rdj.GreetPrinter  - hello, typesafe
2015-11-03 22:02:39,688 INFO  nl.rdj.Greeter  - Hello
2015-11-03 22:02:39,688 INFO  nl.rdj.GreetPrinter  - hello, typesafe
2015-11-03 22:02:40,684 INFO  nl.rdj.Greeter  - Hello
2015-11-03 22:02:40,684 INFO  nl.rdj.GreetPrinter  - hello, typesafe
2015-11-03 22:02:41,696 INFO  nl.rdj.Greeter  - Hello
2015-11-03 22:02:41,696 INFO  nl.rdj.GreetPrinter  - hello, typesafe
2015-11-03 22:02:42,684 INFO  nl.rdj.Greeter  - Hello
2015-11-03 22:02:42,685 INFO  nl.rdj.GreetPrinter  - hello, typesafe
2015-11-03 22:02:43,704 INFO  nl.rdj.Greeter  - Hello
2015-11-03 22:02:43,704 INFO  nl.rdj.GreetPrinter  - hello, typesafe
2015-11-03 22:02:44,695 INFO  nl.rdj.Greeter  - Hello
2015-11-03 22:02:44,695 INFO  nl.rdj.GreetPrinter  - hello, typesafe
2015-11-03 22:02:45,695 INFO  nl.rdj.Greeter  - Hello
2015-11-03 22:02:45,695 INFO  nl.rdj.GreetPrinter  - hello, typesafe
2015-11-03 22:02:46,685 INFO  nl.rdj.Greeter  - Hello
2015-11-03 22:02:46,686 INFO  nl.rdj.GreetPrinter  - hello, typesafe
2015-11-03 22:02:47,686 INFO  nl.rdj.Greeter  - Hello
2015-11-03 22:02:47,687 INFO  nl.rdj.GreetPrinter  - hello, typesafe
2015-11-03 22:02:48,685 INFO  nl.rdj.Greeter  - Hello
2015-11-03 22:02:48,685 INFO  nl.rdj.GreetPrinter  - hello, typesafe
2015-11-03 22:02:49,686 INFO  nl.rdj.Greeter  - Hello
2015-11-03 22:02:49,686 INFO  nl.rdj.GreetPrinter  - hello, typesafe
2015-11-03 22:02:50,678 INFO  nl.rdj.Greeter  - Hello
2015-11-03 22:02:50,679 INFO  nl.rdj.GreetPrinter  - hello, typesafe
2015-11-03 22:02:51,684 INFO  nl.rdj.Greeter  - Hello
2015-11-03 22:02:51,684 INFO  nl.rdj.GreetPrinter  - hello, typesafe
2015-11-03 22:02:52,695 INFO  nl.rdj.Greeter  - Hello
2015-11-03 22:02:52,695 INFO  nl.rdj.GreetPrinter  - hello, typesafe
2015-11-03 22:02:53,685 INFO  nl.rdj.Greeter  - Hello
2015-11-03 22:02:53,685 INFO  nl.rdj.GreetPrinter  - hello, typesafe
2015-11-03 22:02:54,690 INFO  nl.rdj.Greeter  - Hello
2015-11-03 22:02:54,691 INFO  nl.rdj.GreetPrinter  - hello, typesafe
2015-11-03 22:02:55,686 INFO  nl.rdj.Greeter  - Hello
2015-11-03 22:02:55,686 INFO  nl.rdj.GreetPrinter  - hello, typesafe
2015-11-03 22:02:56,685 INFO  nl.rdj.Greeter  - Hello
2015-11-03 22:02:56,686 INFO  nl.rdj.GreetPrinter  - hello, typesafe
2015-11-03 22:02:57,685 INFO  nl.rdj.Greeter  - Hello
2015-11-03 22:02:57,685 INFO  nl.rdj.GreetPrinter  - hello, typesafe
2015-11-03 22:02:58,686 INFO  nl.rdj.Greeter  - Hello
2015-11-03 22:02:58,686 INFO  nl.rdj.GreetPrinter  - hello, typesafe
2015-11-03 22:02:59,684 INFO  nl.rdj.Greeter  - Hello
2015-11-03 22:02:59,685 INFO  nl.rdj.GreetPrinter  - hello, typesafe
2015-11-03 22:03:00,695 INFO  nl.rdj.Greeter  - Hello
2015-11-03 22:03:00,695 INFO  nl.rdj.GreetPrinter  - hello, typesafe
2015-11-03 22:03:01,695 INFO  nl.rdj.Greeter  - Hello
2015-11-03 22:03:01,696 INFO  nl.rdj.GreetPrinter  - hello, typesafe
2015-11-03 22:03:02,689 INFO  nl.rdj.Greeter  - Hello
2015-11-03 22:03:02,689 INFO  nl.rdj.GreetPrinter  - hello, typesafe
2015-11-03 22:03:03,674 INFO  nl.rdj.Greeter  - Hello
2015-11-03 22:03:03,674 INFO  nl.rdj.GreetPrinter  - hello, typesafe
2015-11-03 22:03:04,700 INFO  nl.rdj.Greeter  - Hello
2015-11-03 22:03:04,700 INFO  nl.rdj.GreetPrinter  - hello, typesafe
2015-11-03 22:03:05,685 INFO  nl.rdj.Greeter  - Hello
2015-11-03 22:03:05,686 INFO  nl.rdj.GreetPrinter  - hello, typesafe
2015-11-03 22:03:06,690 INFO  nl.rdj.Greeter  - Hello
2015-11-03 22:03:06,690 INFO  nl.rdj.GreetPrinter  - hello, typesafe
2015-11-03 22:03:07,686 INFO  nl.rdj.Greeter  - Hello
2015-11-03 22:03:07,686 INFO  nl.rdj.GreetPrinter  - hello, typesafe
2015-11-03 22:03:08,685 INFO  nl.rdj.Greeter  - Hello
2015-11-03 22:03:08,685 INFO  nl.rdj.GreetPrinter  - hello, typesafe
2015-11-03 22:03:09,694 INFO  nl.rdj.Greeter  - Hello
2015-11-03 22:03:09,695 INFO  nl.rdj.GreetPrinter  - hello, typesafe
2015-11-03 22:03:10,696 INFO  nl.rdj.Greeter  - Hello
2015-11-03 22:03:10,696 INFO  nl.rdj.GreetPrinter  - hello, typesafe
2015-11-03 22:03:11,684 INFO  nl.rdj.Greeter  - Hello
2015-11-03 22:03:11,684 INFO  nl.rdj.GreetPrinter  - hello, typesafe
2015-11-03 22:03:12,695 INFO  nl.rdj.Greeter  - Hello
2015-11-03 22:03:12,696 INFO  nl.rdj.GreetPrinter  - hello, typesafe
2015-11-03 22:03:13,685 INFO  nl.rdj.Greeter  - Hello
2015-11-03 22:03:13,685 INFO  nl.rdj.GreetPrinter  - hello, typesafe
2015-11-03 22:03:14,699 INFO  nl.rdj.Greeter  - Hello
2015-11-03 22:03:14,699 INFO  nl.rdj.GreetPrinter  - hello, typesafe
2015-11-03 22:03:15,684 INFO  nl.rdj.Greeter  - Hello
2015-11-03 22:03:15,684 INFO  nl.rdj.GreetPrinter  - hello, typesafe
2015-11-03 22:03:16,696 INFO  nl.rdj.Greeter  - Hello
2015-11-03 22:03:16,696 INFO  nl.rdj.GreetPrinter  - hello, typesafe
2015-11-03 22:03:17,685 INFO  nl.rdj.Greeter  - Hello
2015-11-03 22:03:17,685 INFO  nl.rdj.GreetPrinter  - hello, typesafe
2015-11-03 22:03:18,697 INFO  nl.rdj.Greeter  - Hello
2015-11-03 22:03:18,697 INFO  nl.rdj.GreetPrinter  - hello, typesafe
2015-11-03 22:03:19,685 INFO  nl.rdj.Greeter  - Hello
2015-11-03 22:03:19,685 INFO  nl.rdj.GreetPrinter  - hello, typesafe
2015-11-03 22:03:20,699 INFO  nl.rdj.Greeter  - Hello
2015-11-03 22:03:20,699 INFO  nl.rdj.GreetPrinter  - hello, typesafe
2015-11-03 22:03:21,675 INFO  nl.rdj.Greeter  - Hello
2015-11-03 22:03:21,676 INFO  nl.rdj.GreetPrinter  - hello, typesafe
2015-11-03 22:03:22,685 INFO  nl.rdj.Greeter  - Hello
2015-11-03 22:03:22,685 INFO  nl.rdj.GreetPrinter  - hello, typesafe
2015-11-03 22:03:23,689 INFO  nl.rdj.Greeter  - Hello
2015-11-03 22:03:23,689 INFO  nl.rdj.GreetPrinter  - hello, typesafe
2015-11-03 22:03:24,685 INFO  nl.rdj.Greeter  - Hello
2015-11-03 22:03:24,686 INFO  nl.rdj.GreetPrinter  - hello, typesafe
2015-11-03 22:03:25,686 INFO  nl.rdj.Greeter  - Hello
2015-11-03 22:03:25,686 INFO  nl.rdj.GreetPrinter  - hello, typesafe
2015-11-03 22:03:26,678 INFO  nl.rdj.Greeter  - Hello
2015-11-03 22:03:26,679 INFO  nl.rdj.GreetPrinter  - hello, typesafe
2015-11-03 22:03:27,686 INFO  nl.rdj.Greeter  - Hello
2015-11-03 22:03:27,686 INFO  nl.rdj.GreetPrinter  - hello, typesafe
2015-11-03 22:03:28,687 INFO  nl.rdj.Greeter  - Hello
2015-11-03 22:03:28,687 INFO  nl.rdj.GreetPrinter  - hello, typesafe
2015-11-03 22:03:29,675 INFO  nl.rdj.Greeter  - Hello
2015-11-03 22:03:29,675 INFO  nl.rdj.GreetPrinter  - hello, typesafe
2015-11-03 22:03:30,695 INFO  nl.rdj.Greeter  - Hello
2015-11-03 22:03:30,695 INFO  nl.rdj.GreetPrinter  - hello, typesafe
2015-11-03 22:03:31,694 INFO  nl.rdj.Greeter  - Hello
2015-11-03 22:03:31,695 INFO  nl.rdj.GreetPrinter  - hello, typesafe
2015-11-03 22:03:32,699 INFO  nl.rdj.Greeter  - Hello
2015-11-03 22:03:32,699 INFO  nl.rdj.GreetPrinter  - hello, typesafe
2015-11-03 22:03:33,687 INFO  nl.rdj.Greeter  - Hello
2015-11-03 22:03:33,687 INFO  nl.rdj.GreetPrinter  - hello, typesafe
2015-11-03 22:03:34,689 INFO  nl.rdj.Greeter  - Hello
2015-11-03 22:03:34,689 INFO  nl.rdj.GreetPrinter  - hello, typesafe
2015-11-03 22:03:35,685 INFO  nl.rdj.Greeter  - Hello
2015-11-03 22:03:35,686 INFO  nl.rdj.GreetPrinter  - hello, typesafe
2015-11-03 22:03:36,685 INFO  nl.rdj.Greeter  - Hello
2015-11-03 22:03:36,685 INFO  nl.rdj.GreetPrinter  - hello, typesafe
2015-11-03 22:03:37,696 INFO  nl.rdj.Greeter  - Hello
2015-11-03 22:03:37,696 INFO  nl.rdj.GreetPrinter  - hello, typesafe
2015-11-03 22:03:38,686 INFO  nl.rdj.Greeter  - Hello
2015-11-03 22:03:38,686 INFO  nl.rdj.GreetPrinter  - hello, typesafe
2015-11-03 22:03:39,677 INFO  nl.rdj.Greeter  - Hello
2015-11-03 22:03:39,677 INFO  nl.rdj.GreetPrinter  - hello, typesafe
2015-11-03 22:03:40,675 INFO  nl.rdj.Greeter  - Hello
2015-11-03 22:03:40,675 INFO  nl.rdj.GreetPrinter  - hello, typesafe
2015-11-03 22:03:41,696 INFO  nl.rdj.Greeter  - Hello
2015-11-03 22:03:41,697 INFO  nl.rdj.GreetPrinter  - hello, typesafe
2015-11-03 22:03:42,686 INFO  nl.rdj.Greeter  - Hello
2015-11-03 22:03:42,686 INFO  nl.rdj.GreetPrinter  - hello, typesafe
2015-11-03 22:03:43,685 INFO  nl.rdj.Greeter  - Hello
2015-11-03 22:03:43,685 INFO  nl.rdj.GreetPrinter  - hello, typesafe
2015-11-03 22:03:44,695 INFO  nl.rdj.Greeter  - Hello
2015-11-03 22:03:44,695 INFO  nl.rdj.GreetPrinter  - hello, typesafe
2015-11-03 22:03:45,686 INFO  nl.rdj.Greeter  - Hello
2015-11-03 22:03:45,686 INFO  nl.rdj.GreetPrinter  - hello, typesafe
2015-11-03 22:03:46,685 INFO  nl.rdj.Greeter  - Hello
2015-11-03 22:03:46,686 INFO  nl.rdj.GreetPrinter  - hello, typesafe
2015-11-03 22:03:47,687 INFO  nl.rdj.Greeter  - Hello
2015-11-03 22:03:47,688 INFO  nl.rdj.GreetPrinter  - hello, typesafe
2015-11-03 22:03:48,685 INFO  nl.rdj.Greeter  - Hello
2015-11-03 22:03:48,686 INFO  nl.rdj.GreetPrinter  - hello, typesafe
2015-11-03 22:03:49,685 INFO  nl.rdj.Greeter  - Hello
2015-11-03 22:03:49,685 INFO  nl.rdj.GreetPrinter  - hello, typesafe
2015-11-03 22:03:50,697 INFO  nl.rdj.Greeter  - Hello
2015-11-03 22:03:50,697 INFO  nl.rdj.GreetPrinter  - hello, typesafe
2015-11-03 22:03:51,685 INFO  nl.rdj.Greeter  - Hello
2015-11-03 22:03:51,685 INFO  nl.rdj.GreetPrinter  - hello, typesafe
2015-11-03 22:03:52,686 INFO  nl.rdj.Greeter  - Hello
2015-11-03 22:03:52,689 INFO  nl.rdj.GreetPrinter  - hello, typesafe
2015-11-03 22:03:53,674 INFO  nl.rdj.Greeter  - Hello
2015-11-03 22:03:53,674 INFO  nl.rdj.GreetPrinter  - hello, typesafe
2015-11-03 22:03:54,695 INFO  nl.rdj.Greeter  - Hello
2015-11-03 22:03:54,695 INFO  nl.rdj.GreetPrinter  - hello, typesafe
2015-11-03 22:03:55,697 INFO  nl.rdj.Greeter  - Hello
2015-11-03 22:03:55,698 INFO  nl.rdj.GreetPrinter  - hello, typesafe
2015-11-03 22:03:56,687 INFO  nl.rdj.Greeter  - Hello
2015-11-03 22:03:56,688 INFO  nl.rdj.GreetPrinter  - hello, typesafe
2015-11-03 22:03:57,677 INFO  nl.rdj.Greeter  - Hello
2015-11-03 22:03:57,677 INFO  nl.rdj.GreetPrinter  - hello, typesafe
2015-11-03 22:03:58,684 INFO  nl.rdj.Greeter  - Hello
2015-11-03 22:03:58,684 INFO  nl.rdj.GreetPrinter  - hello, typesafe
2015-11-03 22:03:59,696 INFO  nl.rdj.Greeter  - Hello
2015-11-03 22:03:59,696 INFO  nl.rdj.GreetPrinter  - hello, typesafe
2015-11-03 22:04:00,685 INFO  nl.rdj.Greeter  - Hello
2015-11-03 22:04:00,685 INFO  nl.rdj.GreetPrinter  - hello, typesafe
2015-11-03 22:04:01,685 INFO  nl.rdj.Greeter  - Hello
2015-11-03 22:04:01,685 INFO  nl.rdj.GreetPrinter  - hello, typesafe
2015-11-03 22:04:02,695 INFO  nl.rdj.Greeter  - Hello
2015-11-03 22:04:02,695 INFO  nl.rdj.GreetPrinter  - hello, typesafe
2015-11-03 22:04:03,696 INFO  nl.rdj.Greeter  - Hello
2015-11-03 22:04:03,696 INFO  nl.rdj.GreetPrinter  - hello, typesafe
2015-11-03 22:04:04,685 INFO  nl.rdj.Greeter  - Hello
2015-11-03 22:04:04,686 INFO  nl.rdj.GreetPrinter  - hello, typesafe
2015-11-03 22:04:05,684 INFO  nl.rdj.Greeter  - Hello
2015-11-03 22:04:05,684 INFO  nl.rdj.GreetPrinter  - hello, typesafe
2015-11-03 22:04:06,696 INFO  nl.rdj.Greeter  - Hello
2015-11-03 22:04:06,696 INFO  nl.rdj.GreetPrinter  - hello, typesafe
2015-11-03 22:04:07,675 INFO  nl.rdj.Greeter  - Hello
2015-11-03 22:04:07,675 INFO  nl.rdj.GreetPrinter  - hello, typesafe
2015-11-03 22:04:08,687 INFO  nl.rdj.Greeter  - Hello
2015-11-03 22:04:08,687 INFO  nl.rdj.GreetPrinter  - hello, typesafe
2015-11-03 22:04:09,686 INFO  nl.rdj.Greeter  - Hello
2015-11-03 22:04:09,686 INFO  nl.rdj.GreetPrinter  - hello, typesafe
2015-11-03 22:04:10,676 INFO  nl.rdj.Greeter  - Hello
2015-11-03 22:04:10,676 INFO  nl.rdj.GreetPrinter  - hello, typesafe
2015-11-03 22:04:11,675 INFO  nl.rdj.Greeter  - Hello
2015-11-03 22:04:11,675 INFO  nl.rdj.GreetPrinter  - hello, typesafe
2015-11-03 22:04:12,684 INFO  nl.rdj.Greeter  - Hello
2015-11-03 22:04:12,685 INFO  nl.rdj.GreetPrinter  - hello, typesafe
2015-11-03 22:04:13,695 INFO  nl.rdj.Greeter  - Hello
2015-11-03 22:04:13,695 INFO  nl.rdj.GreetPrinter  - hello, typesafe
2015-11-03 22:04:14,685 INFO  nl.rdj.Greeter  - Hello
2015-11-03 22:04:14,685 INFO  nl.rdj.GreetPrinter  - hello, typesafe
2015-11-03 22:04:15,685 INFO  nl.rdj.Greeter  - Hello
2015-11-03 22:04:15,685 INFO  nl.rdj.GreetPrinter  - hello, typesafe
2015-11-03 22:04:16,685 INFO  nl.rdj.Greeter  - Hello
2015-11-03 22:04:16,686 INFO  nl.rdj.GreetPrinter  - hello, typesafe
2015-11-03 22:04:17,685 INFO  nl.rdj.Greeter  - Hello
2015-11-03 22:04:17,686 INFO  nl.rdj.GreetPrinter  - hello, typesafe
2015-11-03 22:04:18,684 INFO  nl.rdj.Greeter  - Hello
2015-11-03 22:04:18,685 INFO  nl.rdj.GreetPrinter  - hello, typesafe
2015-11-03 22:04:19,694 INFO  nl.rdj.Greeter  - Hello
2015-11-03 22:04:19,695 INFO  nl.rdj.GreetPrinter  - hello, typesafe
2015-11-03 22:04:20,696 INFO  nl.rdj.Greeter  - Hello
2015-11-03 22:04:20,696 INFO  nl.rdj.GreetPrinter  - hello, typesafe
2015-11-03 22:04:21,685 INFO  nl.rdj.Greeter  - Hello
2015-11-03 22:04:21,686 INFO  nl.rdj.GreetPrinter  - hello, typesafe
2015-11-03 22:04:22,686 INFO  nl.rdj.Greeter  - Hello
2015-11-03 22:04:22,686 INFO  nl.rdj.GreetPrinter  - hello, typesafe
2015-11-03 22:04:23,685 INFO  nl.rdj.Greeter  - Hello
2015-11-03 22:04:23,686 INFO  nl.rdj.GreetPrinter  - hello, typesafe
2015-11-03 22:04:24,685 INFO  nl.rdj.Greeter  - Hello
2015-11-03 22:04:24,685 INFO  nl.rdj.GreetPrinter  - hello, typesafe
2015-11-03 22:04:25,696 INFO  nl.rdj.Greeter  - Hello
2015-11-03 22:04:25,696 INFO  nl.rdj.GreetPrinter  - hello, typesafe
2015-11-03 22:04:26,685 INFO  nl.rdj.Greeter  - Hello
2015-11-03 22:04:26,686 INFO  nl.rdj.GreetPrinter  - hello, typesafe
2015-11-03 22:04:27,688 INFO  nl.rdj.Greeter  - Hello
2015-11-03 22:04:27,688 INFO  nl.rdj.GreetPrinter  - hello, typesafe
2015-11-03 22:04:28,675 INFO  nl.rdj.Greeter  - Hello
2015-11-03 22:04:28,675 INFO  nl.rdj.GreetPrinter  - hello, typesafe
2015-11-03 22:04:29,685 INFO  nl.rdj.Greeter  - Hello
2015-11-03 22:04:29,686 INFO  nl.rdj.GreetPrinter  - hello, typesafe
2015-11-03 22:04:30,684 INFO  nl.rdj.Greeter  - Hello
2015-11-03 22:04:30,685 INFO  nl.rdj.GreetPrinter  - hello, typesafe
2015-11-03 22:04:31,685 INFO  nl.rdj.Greeter  - Hello
2015-11-03 22:04:31,686 INFO  nl.rdj.GreetPrinter  - hello, typesafe
2015-11-03 22:04:32,687 INFO  nl.rdj.Greeter  - Hello
2015-11-03 22:04:32,687 INFO  nl.rdj.GreetPrinter  - hello, typesafe
2015-11-03 22:04:33,685 INFO  nl.rdj.Greeter  - Hello
2015-11-03 22:04:33,685 INFO  nl.rdj.GreetPrinter  - hello, typesafe
2015-11-03 22:04:34,684 INFO  nl.rdj.Greeter  - Hello
2015-11-03 22:04:34,685 INFO  nl.rdj.GreetPrinter  - hello, typesafe
2015-11-03 22:04:35,694 INFO  nl.rdj.Greeter  - Hello
2015-11-03 22:04:35,694 INFO  nl.rdj.GreetPrinter  - hello, typesafe
2015-11-03 22:04:36,694 INFO  nl.rdj.Greeter  - Hello
2015-11-03 22:04:36,694 INFO  nl.rdj.GreetPrinter  - hello, typesafe
2015-11-03 22:04:37,695 INFO  nl.rdj.Greeter  - Hello
2015-11-03 22:04:37,695 INFO  nl.rdj.GreetPrinter  - hello, typesafe
2015-11-03 22:04:38,685 INFO  nl.rdj.Greeter  - Hello
2015-11-03 22:04:38,691 INFO  nl.rdj.GreetPrinter  - hello, typesafe
2015-11-03 22:04:39,685 INFO  nl.rdj.Greeter  - Hello
2015-11-03 22:04:39,685 INFO  nl.rdj.GreetPrinter  - hello, typesafe
2015-11-03 22:04:40,685 INFO  nl.rdj.Greeter  - Hello
2015-11-03 22:04:40,685 INFO  nl.rdj.GreetPrinter  - hello, typesafe
2015-11-03 22:04:41,695 INFO  nl.rdj.Greeter  - Hello
2015-11-03 22:04:41,695 INFO  nl.rdj.GreetPrinter  - hello, typesafe
2015-11-03 22:04:42,696 INFO  nl.rdj.Greeter  - Hello
2015-11-03 22:04:42,696 INFO  nl.rdj.GreetPrinter  - hello, typesafe
2015-11-03 22:04:43,675 INFO  nl.rdj.Greeter  - Hello
2015-11-03 22:04:43,675 INFO  nl.rdj.GreetPrinter  - hello, typesafe
2015-11-03 22:04:44,685 INFO  nl.rdj.Greeter  - Hello
2015-11-03 22:04:44,685 INFO  nl.rdj.GreetPrinter  - hello, typesafe
2015-11-03 22:04:45,695 INFO  nl.rdj.Greeter  - Hello
2015-11-03 22:04:45,695 INFO  nl.rdj.GreetPrinter  - hello, typesafe
2015-11-03 22:04:46,685 INFO  nl.rdj.Greeter  - Hello
2015-11-03 22:04:46,685 INFO  nl.rdj.GreetPrinter  - hello, typesafe
2015-11-03 22:04:47,675 INFO  nl.rdj.Greeter  - Hello
2015-11-03 22:04:47,675 INFO  nl.rdj.GreetPrinter  - hello, typesafe
2015-11-03 22:04:48,685 INFO  nl.rdj.Greeter  - Hello
2015-11-03 22:04:48,685 INFO  nl.rdj.GreetPrinter  - hello, typesafe
2015-11-03 22:04:49,685 INFO  nl.rdj.Greeter  - Hello
2015-11-03 22:04:49,685 INFO  nl.rdj.GreetPrinter  - hello, typesafe
2015-11-03 22:04:50,694 INFO  nl.rdj.Greeter  - Hello
2015-11-03 22:04:50,695 INFO  nl.rdj.GreetPrinter  - hello, typesafe
2015-11-03 22:04:51,690 INFO  nl.rdj.Greeter  - Hello
2015-11-03 22:04:51,690 INFO  nl.rdj.GreetPrinter  - hello, typesafe
2015-11-03 22:04:52,675 INFO  nl.rdj.Greeter  - Hello
2015-11-03 22:04:52,675 INFO  nl.rdj.GreetPrinter  - hello, typesafe
2015-11-03 22:04:53,687 INFO  nl.rdj.Greeter  - Hello
2015-11-03 22:04:53,688 INFO  nl.rdj.GreetPrinter  - hello, typesafe
2015-11-03 22:04:54,684 INFO  nl.rdj.Greeter  - Hello
2015-11-03 22:04:54,685 INFO  nl.rdj.GreetPrinter  - hello, typesafe
2015-11-03 22:04:55,684 INFO  nl.rdj.Greeter  - Hello
2015-11-03 22:04:55,684 INFO  nl.rdj.GreetPrinter  - hello, typesafe
2015-11-03 22:04:56,686 INFO  nl.rdj.Greeter  - Hello
2015-11-03 22:04:56,686 INFO  nl.rdj.GreetPrinter  - hello, typesafe
2015-11-03 22:04:57,684 INFO  nl.rdj.Greeter  - Hello
2015-11-03 22:04:57,684 INFO  nl.rdj.GreetPrinter  - hello, typesafe
2015-11-03 22:04:58,685 INFO  nl.rdj.Greeter  - Hello
2015-11-03 22:04:58,685 INFO  nl.rdj.GreetPrinter  - hello, typesafe
2015-11-03 22:04:59,675 INFO  nl.rdj.Greeter  - Hello
2015-11-03 22:04:59,675 INFO  nl.rdj.GreetPrinter  - hello, typesafe
2015-11-03 22:05:00,685 INFO  nl.rdj.Greeter  - Hello
2015-11-03 22:05:00,686 INFO  nl.rdj.GreetPrinter  - hello, typesafe
2015-11-03 22:05:01,674 INFO  nl.rdj.Greeter  - Hello
2015-11-03 22:05:01,675 INFO  nl.rdj.GreetPrinter  - hello, typesafe
2015-11-03 22:05:02,685 INFO  nl.rdj.Greeter  - Hello
2015-11-03 22:05:02,685 INFO  nl.rdj.GreetPrinter  - hello, typesafe
2015-11-03 22:05:03,698 INFO  nl.rdj.Greeter  - Hello
2015-11-03 22:05:03,698 INFO  nl.rdj.GreetPrinter  - hello, typesafe
2015-11-03 22:05:04,687 INFO  nl.rdj.Greeter  - Hello
2015-11-03 22:05:04,687 INFO  nl.rdj.GreetPrinter  - hello, typesafe
2015-11-03 22:05:05,679 INFO  nl.rdj.Greeter  - Hello
2015-11-03 22:05:05,679 INFO  nl.rdj.GreetPrinter  - hello, typesafe
2015-11-03 22:05:06,674 INFO  nl.rdj.Greeter  - Hello
2015-11-03 22:05:06,674 INFO  nl.rdj.GreetPrinter  - hello, typesafe
2015-11-03 22:05:07,685 INFO  nl.rdj.Greeter  - Hello
2015-11-03 22:05:07,685 INFO  nl.rdj.GreetPrinter  - hello, typesafe
2015-11-03 22:05:08,684 INFO  nl.rdj.Greeter  - Hello
2015-11-03 22:05:08,685 INFO  nl.rdj.GreetPrinter  - hello, typesafe
2015-11-03 22:05:09,687 INFO  nl.rdj.Greeter  - Hello
2015-11-03 22:05:09,688 INFO  nl.rdj.GreetPrinter  - hello, typesafe
2015-11-03 22:05:10,676 INFO  nl.rdj.Greeter  - Hello
2015-11-03 22:05:10,676 INFO  nl.rdj.GreetPrinter  - hello, typesafe
2015-11-03 22:05:11,676 INFO  nl.rdj.Greeter  - Hello
2015-11-03 22:05:11,676 INFO  nl.rdj.GreetPrinter  - hello, typesafe
2015-11-03 22:05:12,674 INFO  nl.rdj.Greeter  - Hello
2015-11-03 22:05:12,674 INFO  nl.rdj.GreetPrinter  - hello, typesafe
2015-11-03 22:05:13,686 INFO  nl.rdj.Greeter  - Hello
2015-11-03 22:05:13,686 INFO  nl.rdj.GreetPrinter  - hello, typesafe
2015-11-03 22:05:14,675 INFO  nl.rdj.Greeter  - Hello
2015-11-03 22:05:14,675 INFO  nl.rdj.GreetPrinter  - hello, typesafe
2015-11-03 22:05:15,685 INFO  nl.rdj.Greeter  - Hello
2015-11-03 22:05:15,685 INFO  nl.rdj.GreetPrinter  - hello, typesafe
2015-11-03 22:05:16,694 INFO  nl.rdj.Greeter  - Hello
2015-11-03 22:05:16,694 INFO  nl.rdj.GreetPrinter  - hello, typesafe
2015-11-03 22:05:17,696 INFO  nl.rdj.Greeter  - Hello
2015-11-03 22:05:17,696 INFO  nl.rdj.GreetPrinter  - hello, typesafe
2015-11-03 22:05:18,686 INFO  nl.rdj.Greeter  - Hello
2015-11-03 22:05:18,686 INFO  nl.rdj.GreetPrinter  - hello, typesafe
2015-11-03 22:05:19,685 INFO  nl.rdj.Greeter  - Hello
2015-11-03 22:05:19,686 INFO  nl.rdj.GreetPrinter  - hello, typesafe
2015-11-03 22:05:20,675 INFO  nl.rdj.Greeter  - Hello
2015-11-03 22:05:20,676 INFO  nl.rdj.GreetPrinter  - hello, typesafe
2015-11-03 22:05:21,679 INFO  nl.rdj.Greeter  - Hello
2015-11-03 22:05:21,679 INFO  nl.rdj.GreetPrinter  - hello, typesafe
2015-11-03 22:05:22,677 INFO  nl.rdj.Greeter  - Hello
2015-11-03 22:05:22,678 INFO  nl.rdj.GreetPrinter  - hello, typesafe
2015-11-03 22:05:23,685 INFO  nl.rdj.Greeter  - Hello
2015-11-03 22:05:23,686 INFO  nl.rdj.GreetPrinter  - hello, typesafe
2015-11-03 22:05:24,685 INFO  nl.rdj.Greeter  - Hello
2015-11-03 22:05:24,687 INFO  nl.rdj.GreetPrinter  - hello, typesafe
2015-11-03 22:05:25,687 INFO  nl.rdj.Greeter  - Hello
2015-11-03 22:05:25,687 INFO  nl.rdj.GreetPrinter  - hello, typesafe
2015-11-03 22:05:26,684 INFO  nl.rdj.Greeter  - Hello
2015-11-03 22:05:26,685 INFO  nl.rdj.GreetPrinter  - hello, typesafe
2015-11-03 22:05:27,696 INFO  nl.rdj.Greeter  - Hello
2015-11-03 22:05:27,696 INFO  nl.rdj.GreetPrinter  - hello, typesafe
2015-11-03 22:05:28,686 INFO  nl.rdj.Greeter  - Hello
2015-11-03 22:05:28,686 INFO  nl.rdj.GreetPrinter  - hello, typesafe
2015-11-03 22:05:29,685 INFO  nl.rdj.Greeter  - Hello
2015-11-03 22:05:29,685 INFO  nl.rdj.GreetPrinter  - hello, typesafe
2015-11-03 22:05:30,685 INFO  nl.rdj.Greeter  - Hello
2015-11-03 22:05:30,686 INFO  nl.rdj.GreetPrinter  - hello, typesafe
2015-11-03 22:05:31,684 INFO  nl.rdj.Greeter  - Hello
2015-11-03 22:05:31,684 INFO  nl.rdj.GreetPrinter  - hello, typesafe
2015-11-03 22:05:32,694 INFO  nl.rdj.Greeter  - Hello
2015-11-03 22:05:32,695 INFO  nl.rdj.GreetPrinter  - hello, typesafe
2015-11-03 22:05:33,696 INFO  nl.rdj.Greeter  - Hello
2015-11-03 22:05:33,696 INFO  nl.rdj.GreetPrinter  - hello, typesafe
2015-11-03 22:05:34,684 INFO  nl.rdj.Greeter  - Hello
2015-11-03 22:05:34,685 INFO  nl.rdj.GreetPrinter  - hello, typesafe
2015-11-03 22:05:35,695 INFO  nl.rdj.Greeter  - Hello
2015-11-03 22:05:35,696 INFO  nl.rdj.GreetPrinter  - hello, typesafe
2015-11-03 22:05:36,684 INFO  nl.rdj.Greeter  - Hello
2015-11-03 22:05:36,684 INFO  nl.rdj.GreetPrinter  - hello, typesafe
2015-11-03 22:05:37,694 INFO  nl.rdj.Greeter  - Hello
2015-11-03 22:05:37,695 INFO  nl.rdj.GreetPrinter  - hello, typesafe
2015-11-03 22:05:38,694 INFO  nl.rdj.Greeter  - Hello
2015-11-03 22:05:38,695 INFO  nl.rdj.GreetPrinter  - hello, typesafe
2015-11-03 22:05:39,695 INFO  nl.rdj.Greeter  - Hello
2015-11-03 22:05:39,695 INFO  nl.rdj.GreetPrinter  - hello, typesafe
2015-11-03 22:05:40,687 INFO  nl.rdj.Greeter  - Hello
2015-11-03 22:05:40,687 INFO  nl.rdj.GreetPrinter  - hello, typesafe
2015-11-03 22:05:41,687 INFO  nl.rdj.Greeter  - Hello
2015-11-03 22:05:41,687 INFO  nl.rdj.GreetPrinter  - hello, typesafe
2015-11-03 22:05:42,684 INFO  nl.rdj.Greeter  - Hello
2015-11-03 22:05:42,685 INFO  nl.rdj.GreetPrinter  - hello, typesafe
2015-11-03 22:05:43,695 INFO  nl.rdj.Greeter  - Hello
2015-11-03 22:05:43,695 INFO  nl.rdj.GreetPrinter  - hello, typesafe
2015-11-03 22:05:44,696 INFO  nl.rdj.Greeter  - Hello
2015-11-03 22:05:44,696 INFO  nl.rdj.GreetPrinter  - hello, typesafe
2015-11-03 22:05:45,684 INFO  nl.rdj.Greeter  - Hello
2015-11-03 22:05:45,684 INFO  nl.rdj.GreetPrinter  - hello, typesafe
2015-11-03 22:05:46,697 INFO  nl.rdj.Greeter  - Hello
2015-11-03 22:05:46,697 INFO  nl.rdj.GreetPrinter  - hello, typesafe
2015-11-03 22:05:47,684 INFO  nl.rdj.Greeter  - Hello
2015-11-03 22:05:47,684 INFO  nl.rdj.GreetPrinter  - hello, typesafe
2015-11-03 22:05:48,686 INFO  nl.rdj.Greeter  - Hello
2015-11-03 22:05:48,686 INFO  nl.rdj.GreetPrinter  - hello, typesafe
2015-11-03 22:05:49,674 INFO  nl.rdj.Greeter  - Hello
2015-11-03 22:05:49,674 INFO  nl.rdj.GreetPrinter  - hello, typesafe
2015-11-03 22:05:50,685 INFO  nl.rdj.Greeter  - Hello
2015-11-03 22:05:50,685 INFO  nl.rdj.GreetPrinter  - hello, typesafe
2015-11-03 22:05:51,675 INFO  nl.rdj.Greeter  - Hello
2015-11-03 22:05:51,676 INFO  nl.rdj.GreetPrinter  - hello, typesafe
2015-11-03 22:05:52,679 INFO  nl.rdj.Greeter  - Hello
2015-11-03 22:05:52,679 INFO  nl.rdj.GreetPrinter  - hello, typesafe
2015-11-03 22:05:53,677 INFO  nl.rdj.Greeter  - Hello
2015-11-03 22:05:53,678 INFO  nl.rdj.GreetPrinter  - hello, typesafe
2015-11-03 22:05:54,685 INFO  nl.rdj.Greeter  - Hello
2015-11-03 22:05:54,686 INFO  nl.rdj.GreetPrinter  - hello, typesafe
2015-11-03 22:05:55,685 INFO  nl.rdj.Greeter  - Hello
2015-11-03 22:05:55,685 INFO  nl.rdj.GreetPrinter  - hello, typesafe
2015-11-03 22:05:56,684 INFO  nl.rdj.Greeter  - Hello
2015-11-03 22:05:56,684 INFO  nl.rdj.GreetPrinter  - hello, typesafe
2015-11-03 22:05:57,685 INFO  nl.rdj.Greeter  - Hello
2015-11-03 22:05:57,685 INFO  nl.rdj.GreetPrinter  - hello, typesafe
2015-11-03 22:05:58,696 INFO  nl.rdj.Greeter  - Hello
2015-11-03 22:05:58,697 INFO  nl.rdj.GreetPrinter  - hello, typesafe
2015-11-03 22:05:59,684 INFO  nl.rdj.Greeter  - Hello
2015-11-03 22:05:59,684 INFO  nl.rdj.GreetPrinter  - hello, typesafe
2015-11-03 22:06:00,697 INFO  nl.rdj.Greeter  - Hello
2015-11-03 22:06:00,697 INFO  nl.rdj.GreetPrinter  - hello, typesafe
2015-11-03 22:06:01,685 INFO  nl.rdj.Greeter  - Hello
2015-11-03 22:06:01,685 INFO  nl.rdj.GreetPrinter  - hello, typesafe
2015-11-03 22:06:02,695 INFO  nl.rdj.Greeter  - Hello
2015-11-03 22:06:02,695 INFO  nl.rdj.GreetPrinter  - hello, typesafe
2015-11-03 22:06:03,699 INFO  nl.rdj.Greeter  - Hello
2015-11-03 22:06:03,699 INFO  nl.rdj.GreetPrinter  - hello, typesafe
2015-11-03 22:06:04,690 INFO  nl.rdj.Greeter  - Hello
2015-11-03 22:06:04,690 INFO  nl.rdj.GreetPrinter  - hello, typesafe
2015-11-03 22:06:05,687 INFO  nl.rdj.Greeter  - Hello
2015-11-03 22:06:05,687 INFO  nl.rdj.GreetPrinter  - hello, typesafe
2015-11-03 22:06:06,678 INFO  nl.rdj.Greeter  - Hello
2015-11-03 22:06:06,678 INFO  nl.rdj.GreetPrinter  - hello, typesafe
2015-11-03 22:06:07,675 INFO  nl.rdj.Greeter  - Hello
2015-11-03 22:06:07,675 INFO  nl.rdj.GreetPrinter  - hello, typesafe
2015-11-03 22:06:08,694 INFO  nl.rdj.Greeter  - Hello
2015-11-03 22:06:08,695 INFO  nl.rdj.GreetPrinter  - hello, typesafe
2015-11-03 22:06:09,688 INFO  nl.rdj.Greeter  - Hello
2015-11-03 22:06:09,688 INFO  nl.rdj.GreetPrinter  - hello, typesafe
2015-11-03 22:06:10,675 INFO  nl.rdj.Greeter  - Hello
2015-11-03 22:06:10,676 INFO  nl.rdj.GreetPrinter  - hello, typesafe
2015-11-03 22:06:11,685 INFO  nl.rdj.Greeter  - Hello
2015-11-03 22:06:11,685 INFO  nl.rdj.GreetPrinter  - hello, typesafe
2015-11-03 22:06:12,687 INFO  nl.rdj.Greeter  - Hello
2015-11-03 22:06:12,687 INFO  nl.rdj.GreetPrinter  - hello, typesafe
2015-11-03 22:06:13,685 INFO  nl.rdj.Greeter  - Hello
2015-11-03 22:06:13,685 INFO  nl.rdj.GreetPrinter  - hello, typesafe
2015-11-03 22:06:14,695 INFO  nl.rdj.Greeter  - Hello
2015-11-03 22:06:14,695 INFO  nl.rdj.GreetPrinter  - hello, typesafe
2015-11-03 22:06:15,676 INFO  nl.rdj.Greeter  - Hello
2015-11-03 22:06:15,677 INFO  nl.rdj.GreetPrinter  - hello, typesafe
2015-11-03 22:06:16,675 INFO  nl.rdj.Greeter  - Hello
2015-11-03 22:06:16,675 INFO  nl.rdj.GreetPrinter  - hello, typesafe
2015-11-03 22:06:17,684 INFO  nl.rdj.Greeter  - Hello
2015-11-03 22:06:17,684 INFO  nl.rdj.GreetPrinter  - hello, typesafe
2015-11-03 22:06:18,688 INFO  nl.rdj.Greeter  - Hello
2015-11-03 22:06:18,688 INFO  nl.rdj.GreetPrinter  - hello, typesafe
2015-11-03 22:06:19,686 INFO  nl.rdj.Greeter  - Hello
2015-11-03 22:06:19,687 INFO  nl.rdj.GreetPrinter  - hello, typesafe
2015-11-03 22:06:20,688 INFO  nl.rdj.Greeter  - Hello
2015-11-03 22:06:20,688 INFO  nl.rdj.GreetPrinter  - hello, typesafe
2015-11-03 22:06:21,685 INFO  nl.rdj.Greeter  - Hello
2015-11-03 22:06:21,686 INFO  nl.rdj.GreetPrinter  - hello, typesafe
2015-11-03 22:06:22,685 INFO  nl.rdj.Greeter  - Hello
2015-11-03 22:06:22,685 INFO  nl.rdj.GreetPrinter  - hello, typesafe
2015-11-03 22:06:23,686 INFO  nl.rdj.Greeter  - Hello
2015-11-03 22:06:23,686 INFO  nl.rdj.GreetPrinter  - hello, typesafe
2015-11-03 22:06:24,685 INFO  nl.rdj.Greeter  - Hello
2015-11-03 22:06:24,685 INFO  nl.rdj.GreetPrinter  - hello, typesafe
2015-11-03 22:06:25,694 INFO  nl.rdj.Greeter  - Hello
2015-11-03 22:06:25,695 INFO  nl.rdj.GreetPrinter  - hello, typesafe
2015-11-03 22:06:26,695 INFO  nl.rdj.Greeter  - Hello
2015-11-03 22:06:26,695 INFO  nl.rdj.GreetPrinter  - hello, typesafe
2015-11-03 22:06:27,686 INFO  nl.rdj.Greeter  - Hello
2015-11-03 22:06:27,686 INFO  nl.rdj.GreetPrinter  - hello, typesafe
2015-11-03 22:06:28,688 INFO  nl.rdj.Greeter  - Hello
2015-11-03 22:06:28,688 INFO  nl.rdj.GreetPrinter  - hello, typesafe
2015-11-03 22:06:29,684 INFO  nl.rdj.Greeter  - Hello
2015-11-03 22:06:29,685 INFO  nl.rdj.GreetPrinter  - hello, typesafe
2015-11-03 22:06:30,698 INFO  nl.rdj.Greeter  - Hello
2015-11-03 22:06:30,699 INFO  nl.rdj.GreetPrinter  - hello, typesafe
2015-11-03 22:06:31,685 INFO  nl.rdj.Greeter  - Hello
2015-11-03 22:06:31,685 INFO  nl.rdj.GreetPrinter  - hello, typesafe
2015-11-03 22:06:32,684 INFO  nl.rdj.Greeter  - Hello
2015-11-03 22:06:32,685 INFO  nl.rdj.GreetPrinter  - hello, typesafe
2015-11-03 22:06:33,695 INFO  nl.rdj.Greeter  - Hello
2015-11-03 22:06:33,695 INFO  nl.rdj.GreetPrinter  - hello, typesafe
2015-11-03 22:06:34,701 INFO  nl.rdj.Greeter  - Hello
2015-11-03 22:06:34,701 INFO  nl.rdj.GreetPrinter  - hello, typesafe
2015-11-03 22:06:35,685 INFO  nl.rdj.Greeter  - Hello
2015-11-03 22:06:35,686 INFO  nl.rdj.GreetPrinter  - hello, typesafe
2015-11-03 22:06:36,684 INFO  nl.rdj.Greeter  - Hello
2015-11-03 22:06:36,685 INFO  nl.rdj.GreetPrinter  - hello, typesafe
2015-11-03 22:06:37,695 INFO  nl.rdj.Greeter  - Hello
2015-11-03 22:06:37,696 INFO  nl.rdj.GreetPrinter  - hello, typesafe
2015-11-03 22:06:38,684 INFO  nl.rdj.Greeter  - Hello
2015-11-03 22:06:38,685 INFO  nl.rdj.GreetPrinter  - hello, typesafe
2015-11-03 22:06:39,696 INFO  nl.rdj.Greeter  - Hello
2015-11-03 22:06:39,696 INFO  nl.rdj.GreetPrinter  - hello, typesafe
2015-11-03 22:06:40,685 INFO  nl.rdj.Greeter  - Hello
2015-11-03 22:06:40,685 INFO  nl.rdj.GreetPrinter  - hello, typesafe
2015-11-03 22:06:41,695 INFO  nl.rdj.Greeter  - Hello
2015-11-03 22:06:41,695 INFO  nl.rdj.GreetPrinter  - hello, typesafe
2015-11-03 22:06:42,684 INFO  nl.rdj.Greeter  - Hello
2015-11-03 22:06:42,684 INFO  nl.rdj.GreetPrinter  - hello, typesafe
2015-11-03 22:06:43,695 INFO  nl.rdj.Greeter  - Hello
2015-11-03 22:06:43,695 INFO  nl.rdj.GreetPrinter  - hello, typesafe
2015-11-03 22:06:44,686 INFO  nl.rdj.Greeter  - Hello
2015-11-03 22:06:44,686 INFO  nl.rdj.GreetPrinter  - hello, typesafe
2015-11-03 22:06:45,686 INFO  nl.rdj.Greeter  - Hello
2015-11-03 22:06:45,686 INFO  nl.rdj.GreetPrinter  - hello, typesafe
2015-11-03 22:06:46,685 INFO  nl.rdj.Greeter  - Hello
2015-11-03 22:06:46,685 INFO  nl.rdj.GreetPrinter  - hello, typesafe
2015-11-03 22:06:47,686 INFO  nl.rdj.Greeter  - Hello
2015-11-03 22:06:47,686 INFO  nl.rdj.GreetPrinter  - hello, typesafe
2015-11-03 22:06:48,687 INFO  nl.rdj.Greeter  - Hello
2015-11-03 22:06:48,687 INFO  nl.rdj.GreetPrinter  - hello, typesafe
2015-11-03 22:06:49,684 INFO  nl.rdj.Greeter  - Hello
2015-11-03 22:06:49,684 INFO  nl.rdj.GreetPrinter  - hello, typesafe
2015-11-03 22:06:50,695 INFO  nl.rdj.Greeter  - Hello
2015-11-03 22:06:50,695 INFO  nl.rdj.GreetPrinter  - hello, typesafe
2015-11-03 22:06:51,695 INFO  nl.rdj.Greeter  - Hello
2015-11-03 22:06:51,695 INFO  nl.rdj.GreetPrinter  - hello, typesafe
2015-11-03 22:06:52,685 INFO  nl.rdj.Greeter  - Hello
2015-11-03 22:06:52,685 INFO  nl.rdj.GreetPrinter  - hello, typesafe
2015-11-03 22:06:53,695 INFO  nl.rdj.Greeter  - Hello
2015-11-03 22:06:53,695 INFO  nl.rdj.GreetPrinter  - hello, typesafe
2015-11-03 22:06:54,696 INFO  nl.rdj.Greeter  - Hello
2015-11-03 22:06:54,696 INFO  nl.rdj.GreetPrinter  - hello, typesafe
2015-11-03 22:06:55,684 INFO  nl.rdj.Greeter  - Hello
2015-11-03 22:06:55,685 INFO  nl.rdj.GreetPrinter  - hello, typesafe
2015-11-03 22:06:56,694 INFO  nl.rdj.Greeter  - Hello
2015-11-03 22:06:56,694 INFO  nl.rdj.GreetPrinter  - hello, typesafe
2015-11-03 22:06:57,684 INFO  nl.rdj.Greeter  - Hello
2015-11-03 22:06:57,685 INFO  nl.rdj.GreetPrinter  - hello, typesafe
2015-11-03 22:06:58,695 INFO  nl.rdj.Greeter  - Hello
2015-11-03 22:06:58,695 INFO  nl.rdj.GreetPrinter  - hello, typesafe
2015-11-03 22:06:59,695 INFO  nl.rdj.Greeter  - Hello
2015-11-03 22:06:59,696 INFO  nl.rdj.GreetPrinter  - hello, typesafe
2015-11-03 22:07:00,685 INFO  nl.rdj.Greeter  - Hello
2015-11-03 22:07:00,685 INFO  nl.rdj.GreetPrinter  - hello, typesafe
2015-11-03 22:07:01,684 INFO  nl.rdj.Greeter  - Hello
2015-11-03 22:07:01,684 INFO  nl.rdj.GreetPrinter  - hello, typesafe
2015-11-03 22:07:02,695 INFO  nl.rdj.Greeter  - Hello
2015-11-03 22:07:02,695 INFO  nl.rdj.GreetPrinter  - hello, typesafe
2015-11-03 22:07:03,685 INFO  nl.rdj.Greeter  - Hello
2015-11-03 22:07:03,685 INFO  nl.rdj.GreetPrinter  - hello, typesafe
2015-11-03 22:07:04,694 INFO  nl.rdj.Greeter  - Hello
2015-11-03 22:07:04,694 INFO  nl.rdj.GreetPrinter  - hello, typesafe
2015-11-03 22:07:05,695 INFO  nl.rdj.Greeter  - Hello
2015-11-03 22:07:05,695 INFO  nl.rdj.GreetPrinter  - hello, typesafe
2015-11-03 22:07:06,685 INFO  nl.rdj.Greeter  - Hello
2015-11-03 22:07:06,686 INFO  nl.rdj.GreetPrinter  - hello, typesafe
2015-11-03 22:07:07,684 INFO  nl.rdj.Greeter  - Hello
2015-11-03 22:07:07,685 INFO  nl.rdj.GreetPrinter  - hello, typesafe
2015-11-03 22:07:08,695 INFO  nl.rdj.Greeter  - Hello
2015-11-03 22:07:08,695 INFO  nl.rdj.GreetPrinter  - hello, typesafe
2015-11-03 22:07:09,695 INFO  nl.rdj.Greeter  - Hello
2015-11-03 22:07:09,696 INFO  nl.rdj.GreetPrinter  - hello, typesafe
2015-11-03 22:07:10,686 INFO  nl.rdj.Greeter  - Hello
2015-11-03 22:07:10,686 INFO  nl.rdj.GreetPrinter  - hello, typesafe
2015-11-03 22:07:11,685 INFO  nl.rdj.Greeter  - Hello
2015-11-03 22:07:11,685 INFO  nl.rdj.GreetPrinter  - hello, typesafe
2015-11-03 22:07:12,695 INFO  nl.rdj.Greeter  - Hello
2015-11-03 22:07:12,695 INFO  nl.rdj.GreetPrinter  - hello, typesafe
2015-11-03 22:07:13,686 INFO  nl.rdj.Greeter  - Hello
2015-11-03 22:07:13,686 INFO  nl.rdj.GreetPrinter  - hello, typesafe
2015-11-03 22:07:14,687 INFO  nl.rdj.Greeter  - Hello
2015-11-03 22:07:14,687 INFO  nl.rdj.GreetPrinter  - hello, typesafe
2015-11-03 22:07:15,684 INFO  nl.rdj.Greeter  - Hello
2015-11-03 22:07:15,685 INFO  nl.rdj.GreetPrinter  - hello, typesafe
2015-11-03 22:07:16,696 INFO  nl.rdj.Greeter  - Hello
2015-11-03 22:07:16,696 INFO  nl.rdj.GreetPrinter  - hello, typesafe
2015-11-03 22:07:17,686 INFO  nl.rdj.Greeter  - Hello
2015-11-03 22:07:17,687 INFO  nl.rdj.GreetPrinter  - hello, typesafe
2015-11-03 22:07:18,685 INFO  nl.rdj.Greeter  - Hello
2015-11-03 22:07:18,685 INFO  nl.rdj.GreetPrinter  - hello, typesafe
2015-11-03 22:07:19,687 INFO  nl.rdj.Greeter  - Hello
2015-11-03 22:07:19,687 INFO  nl.rdj.GreetPrinter  - hello, typesafe
2015-11-03 22:07:20,685 INFO  nl.rdj.Greeter  - Hello
2015-11-03 22:07:20,685 INFO  nl.rdj.GreetPrinter  - hello, typesafe
2015-11-03 22:07:21,694 INFO  nl.rdj.Greeter  - Hello
2015-11-03 22:07:21,695 INFO  nl.rdj.GreetPrinter  - hello, typesafe
2015-11-03 22:07:22,695 INFO  nl.rdj.Greeter  - Hello
2015-11-03 22:07:22,696 INFO  nl.rdj.GreetPrinter  - hello, typesafe
2015-11-03 22:07:23,685 INFO  nl.rdj.Greeter  - Hello
2015-11-03 22:07:23,685 INFO  nl.rdj.GreetPrinter  - hello, typesafe
2015-11-03 22:07:24,685 INFO  nl.rdj.Greeter  - Hello
2015-11-03 22:07:24,685 INFO  nl.rdj.GreetPrinter  - hello, typesafe
2015-11-03 22:07:25,694 INFO  nl.rdj.Greeter  - Hello
2015-11-03 22:07:25,694 INFO  nl.rdj.GreetPrinter  - hello, typesafe
2015-11-03 22:07:26,694 INFO  nl.rdj.Greeter  - Hello
2015-11-03 22:07:26,694 INFO  nl.rdj.GreetPrinter  - hello, typesafe
2015-11-03 22:07:29,791 INFO  akka.event.slf4j.Slf4jLogger  - Slf4jLogger started
2015-11-03 22:07:29,807 DEBUG akka.event.EventStream main - logger log1-Slf4jLogger started
2015-11-03 22:07:29,820 DEBUG akka.event.EventStream main - Default Loggers started
2015-11-03 22:07:29,822 INFO  nl.rdj.Greeter  - Hello
2015-11-03 22:07:29,830 INFO  akka.actor.ActorSystemImpl main - {
    # merge of application.conf @ jar:file:/app/hello-akka-assembly-1.0.jar!/application.conf: 1,reference.conf @ jar:file:/app/hello-akka-assembly-1.0.jar!/reference.conf: 8
    "akka" : {
        # reference.conf @ jar:file:/app/hello-akka-assembly-1.0.jar!/reference.conf: 71
        "actor" : {
            # reference.conf @ jar:file:/app/hello-akka-assembly-1.0.jar!/reference.conf: 83
            # Timeout for ActorSystem.actorOf
            "creation-timeout" : "20s",
            # reference.conf @ jar:file:/app/hello-akka-assembly-1.0.jar!/reference.conf: 456
            "debug" : {
                # reference.conf @ jar:file:/app/hello-akka-assembly-1.0.jar!/reference.conf: 473
                # enable DEBUG logging of all AutoReceiveMessages (Kill, PoisonPill et.c.)
                "autoreceive" : "off",
                # reference.conf @ jar:file:/app/hello-akka-assembly-1.0.jar!/reference.conf: 482
                # enable DEBUG logging of subscription changes on the eventStream
                "event-stream" : "off",
                # reference.conf @ jar:file:/app/hello-akka-assembly-1.0.jar!/reference.conf: 479
                # enable DEBUG logging of all LoggingFSMs for events, transitions and timers
                "fsm" : "off",
                # reference.conf @ jar:file:/app/hello-akka-assembly-1.0.jar!/reference.conf: 476
                # enable DEBUG logging of actor lifecycle changes
                "lifecycle" : "off",
                # reference.conf @ jar:file:/app/hello-akka-assembly-1.0.jar!/reference.conf: 470
                # enable function of Actor.loggable(), which is to log any received message
                # at DEBUG level, see the “Testing Actor Systems” section of the Akka
                # Documentation at http://akka.io/docs
                "receive" : "off",
                # reference.conf @ jar:file:/app/hello-akka-assembly-1.0.jar!/reference.conf: 488
                # enable WARN logging of misconfigured routers
                "router-misconfiguration" : "off",
                # reference.conf @ jar:file:/app/hello-akka-assembly-1.0.jar!/reference.conf: 485
                # enable DEBUG logging of unhandled messages
                "unhandled" : "off"
            },
            # reference.conf @ jar:file:/app/hello-akka-assembly-1.0.jar!/reference.conf: 253
            "default-dispatcher" : {
                # reference.conf @ jar:file:/app/hello-akka-assembly-1.0.jar!/reference.conf: 353
                # For BalancingDispatcher: If the balancing dispatcher should attempt to
                # schedule idle actors using the same dispatcher when a message comes in,
                # and the dispatchers ExecutorService is not fully busy already.
                "attempt-teamwork" : "on",
                # reference.conf @ jar:file:/app/hello-akka-assembly-1.0.jar!/reference.conf: 278
                # This will be used if you have set "executor = "default-executor"".
                # If an ActorSystem is created with a given ExecutionContext, this
                # ExecutionContext will be used as the default executor for all
                # dispatchers in the ActorSystem configured with
                # executor = "default-executor". Note that "default-executor"
                # is the default value for executor, and therefore used if not
                # specified otherwise. If no ExecutionContext is given,
                # the executor configured in "fallback" will be used.
                "default-executor" : {
                    # reference.conf @ jar:file:/app/hello-akka-assembly-1.0.jar!/reference.conf: 279
                    "fallback" : "fork-join-executor"
                },
                # reference.conf @ jar:file:/app/hello-akka-assembly-1.0.jar!/reference.conf: 268
                # Which kind of ExecutorService to use for this dispatcher
                # Valid options:
                #  - "default-executor" requires a "default-executor" section
                #  - "fork-join-executor" requires a "fork-join-executor" section
                #  - "thread-pool-executor" requires a "thread-pool-executor" section
                #  - A FQCN of a class extending ExecutorServiceConfigurator
                "executor" : "default-executor",
                # reference.conf @ jar:file:/app/hello-akka-assembly-1.0.jar!/reference.conf: 283
                # This will be used if you have set "executor = "fork-join-executor""
                "fork-join-executor" : {
                    # reference.conf @ jar:file:/app/hello-akka-assembly-1.0.jar!/reference.conf: 290
                    # The parallelism factor is used to determine thread pool size using the
                    # following formula: ceil(available processors * factor). Resulting size
                    # is then bounded by the parallelism-min and parallelism-max values.
                    "parallelism-factor" : 3,
                    # reference.conf @ jar:file:/app/hello-akka-assembly-1.0.jar!/reference.conf: 293
                    # Max number of threads to cap factor-based parallelism number to
                    "parallelism-max" : 64,
                    # reference.conf @ jar:file:/app/hello-akka-assembly-1.0.jar!/reference.conf: 285
                    # Min number of threads to cap factor-based parallelism number to
                    "parallelism-min" : 8,
                    # reference.conf @ jar:file:/app/hello-akka-assembly-1.0.jar!/reference.conf: 297
                    # Setting to "FIFO" to use queue like peeking mode which "poll" or "LIFO" to use stack
                    # like peeking mode which "pop".
                    "task-peeking-mode" : "FIFO"
                },
                # reference.conf @ jar:file:/app/hello-akka-assembly-1.0.jar!/reference.conf: 358
                # If this dispatcher requires a specific type of mailbox, specify the
                # fully-qualified class name here; the actually created mailbox will
                # be a subtype of this type. The empty string signifies no requirement.
                "mailbox-requirement" : "",
                # reference.conf @ jar:file:/app/hello-akka-assembly-1.0.jar!/reference.conf: 341
                # How long time the dispatcher will wait for new actors until it shuts down
                "shutdown-timeout" : "1s",
                # reference.conf @ jar:file:/app/hello-akka-assembly-1.0.jar!/reference.conf: 301
                # This will be used if you have set "executor = "thread-pool-executor""
                "thread-pool-executor" : {
                    # reference.conf @ jar:file:/app/hello-akka-assembly-1.0.jar!/reference.conf: 337
                    # Allow core threads to time out
                    "allow-core-timeout" : "on",
                    # reference.conf @ jar:file:/app/hello-akka-assembly-1.0.jar!/reference.conf: 312
                    # The core pool size factor is used to determine thread pool core size
                    # using the following formula: ceil(available processors * factor).
                    # Resulting size is then bounded by the core-pool-size-min and
                    # core-pool-size-max values.
                    "core-pool-size-factor" : 3,
                    # reference.conf @ jar:file:/app/hello-akka-assembly-1.0.jar!/reference.conf: 315
                    # Max number of threads to cap factor-based number to
                    "core-pool-size-max" : 64,
                    # reference.conf @ jar:file:/app/hello-akka-assembly-1.0.jar!/reference.conf: 306
                    # Min number of threads to cap factor-based core number to
                    "core-pool-size-min" : 8,
                    # reference.conf @ jar:file:/app/hello-akka-assembly-1.0.jar!/reference.conf: 303
                    # Keep alive time for threads
                    "keep-alive-time" : "60s",
                    # reference.conf @ jar:file:/app/hello-akka-assembly-1.0.jar!/reference.conf: 323
                    # Max no of threads (if using a bounded task queue) is determined by
                    # calculating: ceil(available processors * factor)
                    "max-pool-size-factor" : 3,
                    # reference.conf @ jar:file:/app/hello-akka-assembly-1.0.jar!/reference.conf: 327
                    # Max number of threads to cap factor-based max number to
                    # (if using a  bounded task queue)
                    "max-pool-size-max" : 64,
                    # reference.conf @ jar:file:/app/hello-akka-assembly-1.0.jar!/reference.conf: 319
                    # Minimum number of threads to cap factor-based max number to
                    # (if using a bounded task queue)
                    "max-pool-size-min" : 8,
                    # reference.conf @ jar:file:/app/hello-akka-assembly-1.0.jar!/reference.conf: 330
                    # Specifies the bounded capacity of the task queue (< 1 == unbounded)
                    "task-queue-size" : -1,
                    # reference.conf @ jar:file:/app/hello-akka-assembly-1.0.jar!/reference.conf: 334
                    # Specifies which type of task queue will be used, can be "array" or
                    # "linked" (default)
                    "task-queue-type" : "linked"
                },
                # reference.conf @ jar:file:/app/hello-akka-assembly-1.0.jar!/reference.conf: 345
                # Throughput defines the number of messages that are processed in a batch
                # before the thread is returned to the pool. Set to 1 for as fair as possible.
                "throughput" : 5,
                # reference.conf @ jar:file:/app/hello-akka-assembly-1.0.jar!/reference.conf: 348
                # Throughput deadline for Dispatcher, set to 0 or negative for no deadline
                "throughput-deadline-time" : "0ms",
                # reference.conf @ jar:file:/app/hello-akka-assembly-1.0.jar!/reference.conf: 260
                # Must be one of the following
                # Dispatcher, PinnedDispatcher, or a FQCN to a class inheriting
                # MessageDispatcherConfigurator with a public constructor with
                # both com.typesafe.config.Config parameter and
                # akka.dispatch.DispatcherPrerequisites parameters.
                # PinnedDispatcher must be used together with executor=thread-pool-executor.
                "type" : "Dispatcher"
            },
            # reference.conf @ jar:file:/app/hello-akka-assembly-1.0.jar!/reference.conf: 361
            "default-mailbox" : {
                # reference.conf @ jar:file:/app/hello-akka-assembly-1.0.jar!/reference.conf: 372
                # If the mailbox is bounded then it uses this setting to determine its
                # capacity. The provided value must be positive.
                # NOTICE:
                # Up to version 2.1 the mailbox type was determined based on this setting;
                # this is no longer the case, the type must explicitly be a bounded mailbox.
                "mailbox-capacity" : 1000,
                # reference.conf @ jar:file:/app/hello-akka-assembly-1.0.jar!/reference.conf: 377
                # If the mailbox is bounded then this is the timeout for enqueueing
                # in case the mailbox is full. Negative values signify infinite
                # timeout, which should be avoided as it bears the risk of dead-lock.
                "mailbox-push-timeout-time" : "10s",
                # reference.conf @ jar:file:/app/hello-akka-assembly-1.0.jar!/reference.conf: 365
                # FQCN of the MailboxType. The Class of the FQCN must have a public
                # constructor with
                # (akka.actor.ActorSystem.Settings, com.typesafe.config.Config) parameters.
                "mailbox-type" : "akka.dispatch.UnboundedMailbox",
                # reference.conf @ jar:file:/app/hello-akka-assembly-1.0.jar!/reference.conf: 383
                # For Actor with Stash: The default capacity of the stash.
                # If negative (or zero) then an unbounded stash is used (default)
                # If positive then a bounded stash is used and the capacity is set using
                # the property
                "stash-capacity" : -1
            },
            # reference.conf @ jar:file:/app/hello-akka-assembly-1.0.jar!/reference.conf: 127
            "deployment" : {
                # reference.conf @ jar:file:/app/hello-akka-assembly-1.0.jar!/reference.conf: 246
                "/IO-DNS/inet-address" : {
                    # reference.conf @ jar:file:/app/hello-akka-assembly-1.0.jar!/reference.conf: 247
                    "mailbox" : "unbounded",
                    # reference.conf @ jar:file:/app/hello-akka-assembly-1.0.jar!/reference.conf: 249
                    "nr-of-instances" : 4,
                    # reference.conf @ jar:file:/app/hello-akka-assembly-1.0.jar!/reference.conf: 248
                    "router" : "consistent-hashing-pool"
                },
                # reference.conf @ jar:file:/app/hello-akka-assembly-1.0.jar!/reference.conf: 130
                # deployment id pattern - on the format: /parent/child etc.
                "default" : {
                    # reference.conf @ jar:file:/app/hello-akka-assembly-1.0.jar!/reference.conf: 136
                    # The id of the dispatcher to use for this actor.
                    # If undefined or empty the dispatcher specified in code
                    # (Props.withDispatcher) is used, or default-dispatcher if not
                    # specified at all.
                    "dispatcher" : "",
                    # reference.conf @ jar:file:/app/hello-akka-assembly-1.0.jar!/reference.conf: 144
                    # The id of the mailbox to use for this actor.
                    # If undefined or empty the default mailbox of the configured dispatcher
                    # is used or if there is no mailbox configuration the mailbox specified
                    # in code (Props.withMailbox) is used.
                    # If there is a mailbox defined in the configured dispatcher then that
                    # overrides this setting.
                    "mailbox" : "",
                    # reference.conf @ jar:file:/app/hello-akka-assembly-1.0.jar!/reference.conf: 169
                    # number of children to create in case of a router;
                    # this setting is ignored if routees.paths is given
                    "nr-of-instances" : 1,
                    # reference.conf @ jar:file:/app/hello-akka-assembly-1.0.jar!/reference.conf: 200
                    # Routers with dynamically resizable number of routees; this feature is
                    # enabled by including (parts of) this section in the deployment
                    "resizer" : {
                        # reference.conf @ jar:file:/app/hello-akka-assembly-1.0.jar!/reference.conf: 238
                        # Fraction of routees to be removed when the resizer reaches the
                        # backoffThreshold.
                        # For example, 0.1 would decrease 10% (rounded up), i.e. if current
                        # capacity is 9 it will request an decrease of 1 routee.
                        "backoff-rate" : 0.1,
                        # reference.conf @ jar:file:/app/hello-akka-assembly-1.0.jar!/reference.conf: 232
                        # Minimum fraction of busy routees before backing off.
                        # For example, if this is 0.3, then we'll remove some routees only when
                        # less than 30% of routees are busy, i.e. if current capacity is 10 and
                        # 3 are busy then the capacity is unchanged, but if 2 or less are busy
                        # the capacity is decreased.
                        # Use 0.0 or negative to avoid removal of routees.
                        "backoff-threshold" : 0.3,
                        # reference.conf @ jar:file:/app/hello-akka-assembly-1.0.jar!/reference.conf: 202
                        "enabled" : "off",
                        # reference.conf @ jar:file:/app/hello-akka-assembly-1.0.jar!/reference.conf: 205
                        # The fewest number of routees the router should ever have.
                        "lower-bound" : 1,
                        # reference.conf @ jar:file:/app/hello-akka-assembly-1.0.jar!/reference.conf: 242
                        # Number of messages between resize operation.
                        # Use 1 to resize before each message.
                        "messages-per-resize" : 10,
                        # reference.conf @ jar:file:/app/hello-akka-assembly-1.0.jar!/reference.conf: 219
                        # Threshold used to evaluate if a routee is considered to be busy
                        # (under pressure). Implementation depends on this value (default is 1).
                        # 0:   number of routees currently processing a message.
                        # 1:   number of routees currently processing a message has
                        #      some messages in mailbox.
                        # > 1: number of routees with at least the configured pressure-threshold
                        #      messages in their mailbox. Note that estimating mailbox size of
                        #      default UnboundedMailbox is O(N) operation.
                        "pressure-threshold" : 1,
                        # reference.conf @ jar:file:/app/hello-akka-assembly-1.0.jar!/reference.conf: 224
                        # Percentage to increase capacity whenever all routees are busy.
                        # For example, 0.2 would increase 20% (rounded up), i.e. if current
                        # capacity is 6 it will request an increase of 2 more routees.
                        "rampup-rate" : 0.2,
                        # reference.conf @ jar:file:/app/hello-akka-assembly-1.0.jar!/reference.conf: 209
                        # The most number of routees the router should ever have.
                        # Must be greater than or equal to lower-bound.
                        "upper-bound" : 10
                    },
                    # reference.conf @ jar:file:/app/hello-akka-assembly-1.0.jar!/reference.conf: 182
                    "routees" : {
                        # reference.conf @ jar:file:/app/hello-akka-assembly-1.0.jar!/reference.conf: 186
                        # Alternatively to giving nr-of-instances you can specify the full
                        # paths of those actors which should be routed to. This setting takes
                        # precedence over nr-of-instances
                        "paths" : []
                    },
                    # reference.conf @ jar:file:/app/hello-akka-assembly-1.0.jar!/reference.conf: 165
                    # routing (load-balance) scheme to use
                    # - available: "from-code", "round-robin", "random", "smallest-mailbox",
                    #              "scatter-gather", "broadcast"
                    # - or:        Fully qualified class name of the router class.
                    #              The class must extend akka.routing.CustomRouterConfig and
                    #              have a public constructor with com.typesafe.config.Config
                    #              and optional akka.actor.DynamicAccess parameter.
                    # - default is "from-code";
                    # Whether or not an actor is transformed to a Router is decided in code
                    # only (Props.withRouter). The type of router can be overridden in the
                    # configuration; specifying "from-code" means that the values specified
                    # in the code shall be used.
                    # In case of routing, the actors to be routed to can be specified
                    # in several ways:
                    # - nr-of-instances: will create that many children
                    # - routees.paths: will route messages to these paths using ActorSelection,
                    #   i.e. will not create children
                    # - resizer: dynamically resizable number of routees as specified in
                    #   resizer below
                    "router" : "from-code",
                    # reference.conf @ jar:file:/app/hello-akka-assembly-1.0.jar!/reference.conf: 177
                    "tail-chopping-router" : {
                        # reference.conf @ jar:file:/app/hello-akka-assembly-1.0.jar!/reference.conf: 179
                        # interval is duration between sending message to next routee
                        "interval" : "10 milliseconds"
                    },
                    # reference.conf @ jar:file:/app/hello-akka-assembly-1.0.jar!/reference.conf: 175
                    # number of virtual nodes per node for consistent-hashing router
                    "virtual-nodes-factor" : 10,
                    # reference.conf @ jar:file:/app/hello-akka-assembly-1.0.jar!/reference.conf: 172
                    # within is the timeout used for routers containing future calls
                    "within" : "5 seconds"
                }
            },
            # reference.conf @ jar:file:/app/hello-akka-assembly-1.0.jar!/reference.conf: 511
            # Configuration items which are used by the akka.actor.ActorDSL._ methods
            "dsl" : {
                # reference.conf @ jar:file:/app/hello-akka-assembly-1.0.jar!/reference.conf: 527
                # Default timeout to assume for operations like Inbox.receive et al
                "default-timeout" : "5s",
                # reference.conf @ jar:file:/app/hello-akka-assembly-1.0.jar!/reference.conf: 524
                # Maximum queue size of the actor created by newInbox(); this protects
                # against faulty programs which use select() and consistently miss messages
                "inbox-size" : 1000
            },
            # reference.conf @ jar:file:/app/hello-akka-assembly-1.0.jar!/reference.conf: 80
            # The guardian "/user" will use this class to obtain its supervisorStrategy.
            # It needs to be a subclass of akka.actor.SupervisorStrategyConfigurator.
            # In addition to the default there is akka.actor.StoppingSupervisorStrategy.
            "guardian-supervisor-strategy" : "akka.actor.DefaultSupervisorStrategy",
            # reference.conf @ jar:file:/app/hello-akka-assembly-1.0.jar!/reference.conf: 386
            "mailbox" : {
                # reference.conf @ jar:file:/app/hello-akka-assembly-1.0.jar!/reference.conf: 441
                "bounded-control-aware-queue-based" : {
                    # reference.conf @ jar:file:/app/hello-akka-assembly-1.0.jar!/reference.conf: 455
                    # FQCN of the MailboxType, The Class of the FQCN must have a public
                    # constructor with (akka.actor.ActorSystem.Settings,
                    # com.typesafe.config.Config) parameters.
                    "mailbox-type" : "akka.dispatch.BoundedControlAwareMailbox"
                },
                # reference.conf @ jar:file:/app/hello-akka-assembly-1.0.jar!/reference.conf: 427
                "bounded-deque-based" : {
                    # reference.conf @ jar:file:/app/hello-akka-assembly-1.0.jar!/reference.conf: 441
                    # FQCN of the MailboxType, The Class of the FQCN must have a public
                    # constructor with (akka.actor.ActorSystem.Settings,
                    # com.typesafe.config.Config) parameters.
                    "mailbox-type" : "akka.dispatch.BoundedDequeBasedMailbox"
                },
                # reference.conf @ jar:file:/app/hello-akka-assembly-1.0.jar!/reference.conf: 413
                "bounded-queue-based" : {
                    # reference.conf @ jar:file:/app/hello-akka-assembly-1.0.jar!/reference.conf: 427
                    # FQCN of the MailboxType, The Class of the FQCN must have a public
                    # constructor with (akka.actor.ActorSystem.Settings,
                    # com.typesafe.config.Config) parameters.
                    "mailbox-type" : "akka.dispatch.BoundedMailbox"
                },
                # reference.conf @ jar:file:/app/hello-akka-assembly-1.0.jar!/reference.conf: 451
                # The LoggerMailbox will drain all messages in the mailbox
                # when the system is shutdown and deliver them to the StandardOutLogger.
                # Do not change this unless you know what you are doing.
                "logger-queue" : {
                    # reference.conf @ jar:file:/app/hello-akka-assembly-1.0.jar!/reference.conf: 462
                    "mailbox-type" : "akka.event.LoggerMailboxType"
                },
                # reference.conf @ jar:file:/app/hello-akka-assembly-1.0.jar!/reference.conf: 393
                # Mapping between message queue semantics and mailbox configurations.
                # Used by akka.dispatch.RequiresMessageQueue[T] to enforce different
                # mailbox types on actors.
                # If your Actor implements RequiresMessageQueue[T], then when you create
                # an instance of that actor its mailbox type will be decided by looking
                # up a mailbox configuration via T in this mapping
                "requirements" : {
                    # reference.conf @ jar:file:/app/hello-akka-assembly-1.0.jar!/reference.conf: 411
                    "akka.dispatch.BoundedControlAwareMessageQueueSemantics" : "akka.actor.mailbox.bounded-control-aware-queue-based",
                    # reference.conf @ jar:file:/app/hello-akka-assembly-1.0.jar!/reference.conf: 403
                    "akka.dispatch.BoundedDequeBasedMessageQueueSemantics" : "akka.actor.mailbox.bounded-deque-based",
                    # reference.conf @ jar:file:/app/hello-akka-assembly-1.0.jar!/reference.conf: 397
                    "akka.dispatch.BoundedMessageQueueSemantics" : "akka.actor.mailbox.bounded-queue-based",
                    # reference.conf @ jar:file:/app/hello-akka-assembly-1.0.jar!/reference.conf: 407
                    "akka.dispatch.ControlAwareMessageQueueSemantics" : "akka.actor.mailbox.unbounded-control-aware-queue-based",
                    # reference.conf @ jar:file:/app/hello-akka-assembly-1.0.jar!/reference.conf: 399
                    "akka.dispatch.DequeBasedMessageQueueSemantics" : "akka.actor.mailbox.unbounded-deque-based",
                    # reference.conf @ jar:file:/app/hello-akka-assembly-1.0.jar!/reference.conf: 405
                    "akka.dispatch.MultipleConsumerSemantics" : "akka.actor.mailbox.unbounded-queue-based",
                    # reference.conf @ jar:file:/app/hello-akka-assembly-1.0.jar!/reference.conf: 409
                    "akka.dispatch.UnboundedControlAwareMessageQueueSemantics" : "akka.actor.mailbox.unbounded-control-aware-queue-based",
                    # reference.conf @ jar:file:/app/hello-akka-assembly-1.0.jar!/reference.conf: 401
                    "akka.dispatch.UnboundedDequeBasedMessageQueueSemantics" : "akka.actor.mailbox.unbounded-deque-based",
                    # reference.conf @ jar:file:/app/hello-akka-assembly-1.0.jar!/reference.conf: 395
                    "akka.dispatch.UnboundedMessageQueueSemantics" : "akka.actor.mailbox.unbounded-queue-based",
                    # reference.conf @ jar:file:/app/hello-akka-assembly-1.0.jar!/reference.conf: 413
                    "akka.event.LoggerMessageQueueSemantics" : "akka.actor.mailbox.logger-queue"
                },
                # reference.conf @ jar:file:/app/hello-akka-assembly-1.0.jar!/reference.conf: 434
                "unbounded-control-aware-queue-based" : {
                    # reference.conf @ jar:file:/app/hello-akka-assembly-1.0.jar!/reference.conf: 448
                    # FQCN of the MailboxType, The Class of the FQCN must have a public
                    # constructor with (akka.actor.ActorSystem.Settings,
                    # com.typesafe.config.Config) parameters.
                    "mailbox-type" : "akka.dispatch.UnboundedControlAwareMailbox"
                },
                # reference.conf @ jar:file:/app/hello-akka-assembly-1.0.jar!/reference.conf: 420
                "unbounded-deque-based" : {
                    # reference.conf @ jar:file:/app/hello-akka-assembly-1.0.jar!/reference.conf: 434
                    # FQCN of the MailboxType, The Class of the FQCN must have a public
                    # constructor with (akka.actor.ActorSystem.Settings,
                    # com.typesafe.config.Config) parameters.
                    "mailbox-type" : "akka.dispatch.UnboundedDequeBasedMailbox"
                },
                # reference.conf @ jar:file:/app/hello-akka-assembly-1.0.jar!/reference.conf: 406
                "unbounded-queue-based" : {
                    # reference.conf @ jar:file:/app/hello-akka-assembly-1.0.jar!/reference.conf: 420
                    # FQCN of the MailboxType, The Class of the FQCN must have a public
                    # constructor with (akka.actor.ActorSystem.Settings,
                    # com.typesafe.config.Config) parameters.
                    "mailbox-type" : "akka.dispatch.UnboundedMailbox"
                }
            },
            # reference.conf @ jar:file:/app/hello-akka-assembly-1.0.jar!/reference.conf: 75
            # FQCN of the ActorRefProvider to be used; the below is the built-in default,
            # another one is akka.remote.RemoteActorRefProvider in the akka-remote bundle.
            "provider" : "akka.actor.LocalActorRefProvider",
            # reference.conf @ jar:file:/app/hello-akka-assembly-1.0.jar!/reference.conf: 87
            # Frequency with which stopping actors are prodded in case they had to be
            # removed from their parents
            "reaper-interval" : "5s",
            # reference.conf @ jar:file:/app/hello-akka-assembly-1.0.jar!/reference.conf: 109
            "router" : {
                # reference.conf @ jar:file:/app/hello-akka-assembly-1.0.jar!/reference.conf: 109
                # Mapping between ´deployment.router' short names to fully qualified class names
                "type-mapping" : {
                    # reference.conf @ jar:file:/app/hello-akka-assembly-1.0.jar!/reference.conf: 115
                    "balancing-pool" : "akka.routing.BalancingPool",
                    # reference.conf @ jar:file:/app/hello-akka-assembly-1.0.jar!/reference.conf: 118
                    "broadcast-group" : "akka.routing.BroadcastGroup",
                    # reference.conf @ jar:file:/app/hello-akka-assembly-1.0.jar!/reference.conf: 117
                    "broadcast-pool" : "akka.routing.BroadcastPool",
                    # reference.conf @ jar:file:/app/hello-akka-assembly-1.0.jar!/reference.conf: 124
                    "consistent-hashing-group" : "akka.routing.ConsistentHashingGroup",
                    # reference.conf @ jar:file:/app/hello-akka-assembly-1.0.jar!/reference.conf: 123
                    "consistent-hashing-pool" : "akka.routing.ConsistentHashingPool",
                    # reference.conf @ jar:file:/app/hello-akka-assembly-1.0.jar!/reference.conf: 110
                    "from-code" : "akka.routing.NoRouter",
                    # reference.conf @ jar:file:/app/hello-akka-assembly-1.0.jar!/reference.conf: 114
                    "random-group" : "akka.routing.RandomGroup",
                    # reference.conf @ jar:file:/app/hello-akka-assembly-1.0.jar!/reference.conf: 113
                    "random-pool" : "akka.routing.RandomPool",
                    # reference.conf @ jar:file:/app/hello-akka-assembly-1.0.jar!/reference.conf: 112
                    "round-robin-group" : "akka.routing.RoundRobinGroup",
                    # reference.conf @ jar:file:/app/hello-akka-assembly-1.0.jar!/reference.conf: 111
                    "round-robin-pool" : "akka.routing.RoundRobinPool",
                    # reference.conf @ jar:file:/app/hello-akka-assembly-1.0.jar!/reference.conf: 120
                    "scatter-gather-group" : "akka.routing.ScatterGatherFirstCompletedGroup",
                    # reference.conf @ jar:file:/app/hello-akka-assembly-1.0.jar!/reference.conf: 119
                    "scatter-gather-pool" : "akka.routing.ScatterGatherFirstCompletedPool",
                    # reference.conf @ jar:file:/app/hello-akka-assembly-1.0.jar!/reference.conf: 116
                    "smallest-mailbox-pool" : "akka.routing.SmallestMailboxPool",
                    # reference.conf @ jar:file:/app/hello-akka-assembly-1.0.jar!/reference.conf: 122
                    "tail-chopping-group" : "akka.routing.TailChoppingGroup",
                    # reference.conf @ jar:file:/app/hello-akka-assembly-1.0.jar!/reference.conf: 121
                    "tail-chopping-pool" : "akka.routing.TailChoppingPool"
                }
            },
            # reference.conf @ jar:file:/app/hello-akka-assembly-1.0.jar!/reference.conf: 494
            # Class to Serializer binding. You only need to specify the name of an
            # interface or abstract base class of the messages. In case of ambiguity it
            # is using the most specific configured class, or giving a warning and
            # choosing the “first” one.
            # 
            # To disable one of the default serializers, assign its class to "none", like
            # "java.io.Serializable" = none
            "serialization-bindings" : {
                # reference.conf @ jar:file:/app/hello-akka-assembly-1.0.jar!/reference.conf: 505
                "[B" : "bytes",
                # reference.conf @ jar:file:/app/hello-akka-assembly-1.0.jar!/reference.conf: 506
                "java.io.Serializable" : "java"
            },
            # reference.conf @ jar:file:/app/hello-akka-assembly-1.0.jar!/reference.conf: 505
            # Configuration namespace of serialization identifiers.
            # Each serializer implementation must have an entry in the following format:
            # `akka.actor.serialization-identifiers."FQCN" = ID`
            # where `FQCN` is fully qualified class name of the serializer implementation
            # and `ID` is globally unique serializer identifier number.
            # Identifier values from 0 to 16 are reserved for Akka internal usage.
            "serialization-identifiers" : {
                # reference.conf @ jar:file:/app/hello-akka-assembly-1.0.jar!/reference.conf: 517
                "akka.serialization.ByteArraySerializer" : 4,
                # reference.conf @ jar:file:/app/hello-akka-assembly-1.0.jar!/reference.conf: 516
                "akka.serialization.JavaSerializer" : 1
            },
            # reference.conf @ jar:file:/app/hello-akka-assembly-1.0.jar!/reference.conf: 96
            # Serializes and deserializes creators (in Props) to ensure that they can be
            # sent over the network, this is only intended for testing. Purely local deployments
            # as marked with deploy.scope == LocalScope are exempt from verification.
            "serialize-creators" : "off",
            # reference.conf @ jar:file:/app/hello-akka-assembly-1.0.jar!/reference.conf: 91
            # Serializes and deserializes (non-primitive) messages to ensure immutability,
            # this is only intended for testing.
            "serialize-messages" : "off",
            # reference.conf @ jar:file:/app/hello-akka-assembly-1.0.jar!/reference.conf: 482
            # Entries for pluggable serializers and their bindings.
            "serializers" : {
                # reference.conf @ jar:file:/app/hello-akka-assembly-1.0.jar!/reference.conf: 494
                "bytes" : "akka.serialization.ByteArraySerializer",
                # reference.conf @ jar:file:/app/hello-akka-assembly-1.0.jar!/reference.conf: 493
                "java" : "akka.serialization.JavaSerializer"
            },
            # reference.conf @ jar:file:/app/hello-akka-assembly-1.0.jar!/reference.conf: 103
            "typed" : {
                # reference.conf @ jar:file:/app/hello-akka-assembly-1.0.jar!/reference.conf: 105
                # Default timeout for typed actor methods with non-void return type
                "timeout" : "5s"
            },
            # reference.conf @ jar:file:/app/hello-akka-assembly-1.0.jar!/reference.conf: 101
            # Timeout for send operations to top-level actors which are in the process
            # of being started. This is only relevant if using a bounded mailbox or the
            # CallingThreadDispatcher for a top-level actor.
            "unstarted-push-timeout" : "10s"
        },
        # reference.conf @ jar:file:/app/hello-akka-assembly-1.0.jar!/reference.conf: 65
        # Toggles whether threads created by this ActorSystem should be daemons or not
        "daemonic" : "off",
        # reference.conf @ jar:file:/app/hello-akka-assembly-1.0.jar!/reference.conf: 62
        # List FQCN of extensions which shall be loaded at actor system startup.
        # Should be on the format: 'extensions = ["foo", "bar"]' etc.
        # See the Akka Documentation for more info about Extensions
        "extensions" : [],
        # reference.conf @ jar:file:/app/hello-akka-assembly-1.0.jar!/reference.conf: 13
        # Home directory of Akka, modules in the deploy directory will be loaded
        "home" : "",
        # reference.conf @ jar:file:/app/hello-akka-assembly-1.0.jar!/reference.conf: 560
        "io" : {
            # reference.conf @ jar:file:/app/hello-akka-assembly-1.0.jar!/reference.conf: 780
            "dns" : {
                # reference.conf @ jar:file:/app/hello-akka-assembly-1.0.jar!/reference.conf: 794
                # Fully qualified config path which holds the dispatcher configuration
                # for the manager and resolver router actors.
                # For actual router configuration see akka.actor.deployment./IO-DNS/*
                "dispatcher" : "akka.actor.default-dispatcher",
                # reference.conf @ jar:file:/app/hello-akka-assembly-1.0.jar!/reference.conf: 789
                "inet-address" : {
                    # reference.conf @ jar:file:/app/hello-akka-assembly-1.0.jar!/reference.conf: 809
                    # How often to sweep out expired cache entries.
                    # Note that this interval has nothing to do with TTLs
                    "cache-cleanup-interval" : "120s",
                    # reference.conf @ jar:file:/app/hello-akka-assembly-1.0.jar!/reference.conf: 805
                    "negative-ttl" : "10s",
                    # reference.conf @ jar:file:/app/hello-akka-assembly-1.0.jar!/reference.conf: 804
                    # These TTLs are set to default java 6 values
                    "positive-ttl" : "30s",
                    # reference.conf @ jar:file:/app/hello-akka-assembly-1.0.jar!/reference.conf: 801
                    # Must implement akka.io.DnsProvider
                    "provider-object" : "akka.io.InetAddressDnsProvider"
                },
                # reference.conf @ jar:file:/app/hello-akka-assembly-1.0.jar!/reference.conf: 797
                # Name of the subconfig at path akka.io.dns, see inet-address below
                "resolver" : "inet-address"
            },
            # reference.conf @ jar:file:/app/hello-akka-assembly-1.0.jar!/reference.conf: 564
            # By default the select loops run on dedicated threads, hence using a
            # PinnedDispatcher
            "pinned-dispatcher" : {
                # reference.conf @ jar:file:/app/hello-akka-assembly-1.0.jar!/reference.conf: 576
                "executor" : "thread-pool-executor",
                # reference.conf @ jar:file:/app/hello-akka-assembly-1.0.jar!/reference.conf: 577
                "thread-pool-executor" : {
                    # reference.conf @ jar:file:/app/hello-akka-assembly-1.0.jar!/reference.conf: 577
                    "allow-core-timeout" : "off"
                },
                # reference.conf @ jar:file:/app/hello-akka-assembly-1.0.jar!/reference.conf: 575
                "type" : "PinnedDispatcher"
            },
            # reference.conf @ jar:file:/app/hello-akka-assembly-1.0.jar!/reference.conf: 570
            "tcp" : {
                # reference.conf @ jar:file:/app/hello-akka-assembly-1.0.jar!/reference.conf: 602
                # The maximum number of connection that are accepted in one go,
                # higher numbers decrease latency, lower numbers increase fairness on
                # the worker-dispatcher
                "batch-accept-limit" : 10,
                # reference.conf @ jar:file:/app/hello-akka-assembly-1.0.jar!/reference.conf: 610
                # The maximal number of direct buffers kept in the direct buffer pool for
                # reuse.
                "direct-buffer-pool-limit" : 1000,
                # reference.conf @ jar:file:/app/hello-akka-assembly-1.0.jar!/reference.conf: 606
                # The number of bytes per direct buffer in the pool used to read or write
                # network data from the kernel.
                "direct-buffer-size" : "128 KiB",
                # reference.conf @ jar:file:/app/hello-akka-assembly-1.0.jar!/reference.conf: 643
                # Fully qualified config path which holds the dispatcher configuration
                # on which file IO tasks are scheduled
                "file-io-dispatcher" : "akka.actor.default-dispatcher",
                # reference.conf @ jar:file:/app/hello-akka-assembly-1.0.jar!/reference.conf: 651
                # The maximum number of bytes (or "unlimited") to transfer in one batch
                # when using `WriteFile` command which uses `FileChannel.transferTo` to
                # pipe files to a TCP socket. On some OS like Linux `FileChannel.transferTo`
                # may block for a long time when network IO is faster than file IO.
                # Decreasing the value may improve fairness while increasing may improve
                # throughput.
                "file-io-transferTo-limit" : "512 KiB",
                # reference.conf @ jar:file:/app/hello-akka-assembly-1.0.jar!/reference.conf: 656
                # The number of times to retry the `finishConnect` call after being notified about
                # OP_CONNECT. Retries are needed if the OP_CONNECT notification doesn't imply that
                # `finishConnect` will succeed, which is the case on Android.
                "finish-connect-retries" : 5,
                # reference.conf @ jar:file:/app/hello-akka-assembly-1.0.jar!/reference.conf: 639
                # Fully qualified config path which holds the dispatcher configuration
                # for the selector management actors
                "management-dispatcher" : "akka.actor.default-dispatcher",
                # reference.conf @ jar:file:/app/hello-akka-assembly-1.0.jar!/reference.conf: 592
                # Maximum number of open channels supported by this TCP module; there is
                # no intrinsic general limit, this setting is meant to enable DoS
                # protection by limiting the number of concurrently connected clients.
                # Also note that this is a "soft" limit; in certain cases the implementation
                # will accept a few connections more or a few less than the number configured
                # here. Must be an integer > 0 or "unlimited".
                "max-channels" : 256000,
                # reference.conf @ jar:file:/app/hello-akka-assembly-1.0.jar!/reference.conf: 622
                # The maximum number of bytes delivered by a `Received` message. Before
                # more data is read from the network the connection actor will try to
                # do other work.
                # The purpose of this setting is to impose a smaller limit than the 
                # configured receive buffer size. When using value 'unlimited' it will
                # try to read all from the receive buffer.
                "max-received-message-size" : "unlimited",
                # reference.conf @ jar:file:/app/hello-akka-assembly-1.0.jar!/reference.conf: 584
                # The number of selectors to stripe the served channels over; each of
                # these will use one select loop on the selector-dispatcher.
                "nr-of-selectors" : 1,
                # reference.conf @ jar:file:/app/hello-akka-assembly-1.0.jar!/reference.conf: 614
                # The duration a connection actor waits for a `Register` message from
                # its commander before aborting the connection.
                "register-timeout" : "5s",
                # reference.conf @ jar:file:/app/hello-akka-assembly-1.0.jar!/reference.conf: 597
                # When trying to assign a new connection to a selector and the chosen
                # selector is at full capacity, retry selector choosing and assignment
                # this many times before giving up
                "selector-association-retries" : 10,
                # reference.conf @ jar:file:/app/hello-akka-assembly-1.0.jar!/reference.conf: 631
                # Fully qualified config path which holds the dispatcher configuration
                # to be used for running the select() calls in the selectors
                "selector-dispatcher" : "akka.io.pinned-dispatcher",
                # reference.conf @ jar:file:/app/hello-akka-assembly-1.0.jar!/reference.conf: 627
                # Enable fine grained logging of what goes on inside the implementation.
                # Be aware that this may log more than once per message sent to the actors
                # of the tcp implementation.
                "trace-logging" : "off",
                # reference.conf @ jar:file:/app/hello-akka-assembly-1.0.jar!/reference.conf: 665
                # On Windows connection aborts are not reliably detected unless an OP_READ is
                # registered on the selector _after_ the connection has been reset. This
                # workaround enables an OP_CONNECT which forces the abort to be visible on Windows.
                # Enabling this setting on other platforms than Windows will cause various failures
                # and undefined behavior.
                # Possible values of this key are on, off and auto where auto will enable the
                # workaround if Windows is detected automatically.
                "windows-connection-abort-workaround-enabled" : "off",
                # reference.conf @ jar:file:/app/hello-akka-assembly-1.0.jar!/reference.conf: 635
                # Fully qualified config path which holds the dispatcher configuration
                # for the read/write worker actors
                "worker-dispatcher" : "akka.actor.default-dispatcher"
            },
            # reference.conf @ jar:file:/app/hello-akka-assembly-1.0.jar!/reference.conf: 658
            "udp" : {
                # reference.conf @ jar:file:/app/hello-akka-assembly-1.0.jar!/reference.conf: 704
                # The maximal number of direct buffers kept in the direct buffer pool for
                # reuse.
                "direct-buffer-pool-limit" : 1000,
                # reference.conf @ jar:file:/app/hello-akka-assembly-1.0.jar!/reference.conf: 700
                # The number of bytes per direct buffer in the pool used to read or write
                # network data from the kernel.
                "direct-buffer-size" : "128 KiB",
                # reference.conf @ jar:file:/app/hello-akka-assembly-1.0.jar!/reference.conf: 726
                # Fully qualified config path which holds the dispatcher configuration
                # for the selector management actors
                "management-dispatcher" : "akka.actor.default-dispatcher",
                # reference.conf @ jar:file:/app/hello-akka-assembly-1.0.jar!/reference.conf: 677
                # Maximum number of open channels supported by this UDP module Generally
                # UDP does not require a large number of channels, therefore it is
                # recommended to keep this setting low.
                "max-channels" : 4096,
                # reference.conf @ jar:file:/app/hello-akka-assembly-1.0.jar!/reference.conf: 672
                # The number of selectors to stripe the served channels over; each of
                # these will use one select loop on the selector-dispatcher.
                "nr-of-selectors" : 1,
                # reference.conf @ jar:file:/app/hello-akka-assembly-1.0.jar!/reference.conf: 696
                # The maximum number of datagrams that are read in one go,
                # higher numbers decrease latency, lower numbers increase fairness on
                # the worker-dispatcher
                "receive-throughput" : 3,
                # reference.conf @ jar:file:/app/hello-akka-assembly-1.0.jar!/reference.conf: 709
                # The maximum number of bytes delivered by a `Received` message. Before
                # more data is read from the network the connection actor will try to
                # do other work.
                "received-message-size-limit" : "unlimited",
                # reference.conf @ jar:file:/app/hello-akka-assembly-1.0.jar!/reference.conf: 686
                # The select loop can be used in two modes:
                # - setting "infinite" will select without a timeout, hogging a thread
                # - setting a positive timeout will do a bounded select call,
                #   enabling sharing of a single thread between multiple selectors
                #   (in this case you will have to use a different configuration for the
                #   selector-dispatcher, e.g. using "type=Dispatcher" with size 1)
                # - setting it to zero means polling, i.e. calling selectNow()
                "select-timeout" : "infinite",
                # reference.conf @ jar:file:/app/hello-akka-assembly-1.0.jar!/reference.conf: 691
                # When trying to assign a new connection to a selector and the chosen
                # selector is at full capacity, retry selector choosing and assignment
                # this many times before giving up
                "selector-association-retries" : 10,
                # reference.conf @ jar:file:/app/hello-akka-assembly-1.0.jar!/reference.conf: 718
                # Fully qualified config path which holds the dispatcher configuration
                # to be used for running the select() calls in the selectors
                "selector-dispatcher" : "akka.io.pinned-dispatcher",
                # reference.conf @ jar:file:/app/hello-akka-assembly-1.0.jar!/reference.conf: 714
                # Enable fine grained logging of what goes on inside the implementation.
                # Be aware that this may log more than once per message sent to the actors
                # of the tcp implementation.
                "trace-logging" : "off",
                # reference.conf @ jar:file:/app/hello-akka-assembly-1.0.jar!/reference.conf: 722
                # Fully qualified config path which holds the dispatcher configuration
                # for the read/write worker actors
                "worker-dispatcher" : "akka.actor.default-dispatcher"
            },
            # reference.conf @ jar:file:/app/hello-akka-assembly-1.0.jar!/reference.conf: 719
            "udp-connected" : {
                # reference.conf @ jar:file:/app/hello-akka-assembly-1.0.jar!/reference.conf: 765
                # The maximal number of direct buffers kept in the direct buffer pool for
                # reuse.
                "direct-buffer-pool-limit" : 1000,
                # reference.conf @ jar:file:/app/hello-akka-assembly-1.0.jar!/reference.conf: 761
                # The number of bytes per direct buffer in the pool used to read or write
                # network data from the kernel.
                "direct-buffer-size" : "128 KiB",
                # reference.conf @ jar:file:/app/hello-akka-assembly-1.0.jar!/reference.conf: 787
                # Fully qualified config path which holds the dispatcher configuration
                # for the selector management actors
                "management-dispatcher" : "akka.actor.default-dispatcher",
                # reference.conf @ jar:file:/app/hello-akka-assembly-1.0.jar!/reference.conf: 738
                # Maximum number of open channels supported by this UDP module Generally
                # UDP does not require a large number of channels, therefore it is
                # recommended to keep this setting low.
                "max-channels" : 4096,
                # reference.conf @ jar:file:/app/hello-akka-assembly-1.0.jar!/reference.conf: 733
                # The number of selectors to stripe the served channels over; each of
                # these will use one select loop on the selector-dispatcher.
                "nr-of-selectors" : 1,
                # reference.conf @ jar:file:/app/hello-akka-assembly-1.0.jar!/reference.conf: 757
                # The maximum number of datagrams that are read in one go,
                # higher numbers decrease latency, lower numbers increase fairness on
                # the worker-dispatcher
                "receive-throughput" : 3,
                # reference.conf @ jar:file:/app/hello-akka-assembly-1.0.jar!/reference.conf: 770
                # The maximum number of bytes delivered by a `Received` message. Before
                # more data is read from the network the connection actor will try to
                # do other work.
                "received-message-size-limit" : "unlimited",
                # reference.conf @ jar:file:/app/hello-akka-assembly-1.0.jar!/reference.conf: 747
                # The select loop can be used in two modes:
                # - setting "infinite" will select without a timeout, hogging a thread
                # - setting a positive timeout will do a bounded select call,
                #   enabling sharing of a single thread between multiple selectors
                #   (in this case you will have to use a different configuration for the
                #   selector-dispatcher, e.g. using "type=Dispatcher" with size 1)
                # - setting it to zero means polling, i.e. calling selectNow()
                "select-timeout" : "infinite",
                # reference.conf @ jar:file:/app/hello-akka-assembly-1.0.jar!/reference.conf: 752
                # When trying to assign a new connection to a selector and the chosen
                # selector is at full capacity, retry selector choosing and assignment
                # this many times before giving up
                "selector-association-retries" : 10,
                # reference.conf @ jar:file:/app/hello-akka-assembly-1.0.jar!/reference.conf: 779
                # Fully qualified config path which holds the dispatcher configuration
                # to be used for running the select() calls in the selectors
                "selector-dispatcher" : "akka.io.pinned-dispatcher",
                # reference.conf @ jar:file:/app/hello-akka-assembly-1.0.jar!/reference.conf: 775
                # Enable fine grained logging of what goes on inside the implementation.
                # Be aware that this may log more than once per message sent to the actors
                # of the tcp implementation.
                "trace-logging" : "off",
                # reference.conf @ jar:file:/app/hello-akka-assembly-1.0.jar!/reference.conf: 783
                # Fully qualified config path which holds the dispatcher configuration
                # for the read/write worker actors
                "worker-dispatcher" : "akka.actor.default-dispatcher"
            }
        },
        # reference.conf @ jar:file:/app/hello-akka-assembly-1.0.jar!/reference.conf: 69
        # JVM shutdown, System.exit(-1), in case of a fatal error,
        # such as OutOfMemoryError
        "jvm-exit-on-fatal-error" : "on",
        # application.conf @ jar:file:/app/hello-akka-assembly-1.0.jar!/application.conf: 2
        "log-config-on-start" : "on",
        # reference.conf @ jar:file:/app/hello-akka-assembly-1.0.jar!/reference.conf: 52
        # Log at info level when messages are sent to dead letters.
        # Possible values:
        # on: all dead letters are logged
        # off: no logging of dead letters
        # n: positive integer, number of dead letters that will be logged
        "log-dead-letters" : 10,
        # reference.conf @ jar:file:/app/hello-akka-assembly-1.0.jar!/reference.conf: 57
        # Possibility to turn off logging of dead letters while the actor system
        # is shutting down. Logging is only done when enabled by 'log-dead-letters'
        # setting.
        "log-dead-letters-during-shutdown" : "on",
        # reference.conf @ jar:file:/app/hello-akka-assembly-1.0.jar!/reference.conf: 31
        # Loggers are created and registered synchronously during ActorSystem
        # start-up, and since they are actors, this timeout is used to bound the
        # waiting time
        "logger-startup-timeout" : "5s",
        # application.conf @ jar:file:/app/hello-akka-assembly-1.0.jar!/application.conf: 4
        "loggers" : [
            # application.conf @ jar:file:/app/hello-akka-assembly-1.0.jar!/application.conf: 4
            "akka.event.slf4j.Slf4jLogger"
        ],
        # application.conf @ jar:file:/app/hello-akka-assembly-1.0.jar!/application.conf: 9
        "logging-filter" : "akka.event.slf4j.Slf4jLoggingFilter",
        # application.conf @ jar:file:/app/hello-akka-assembly-1.0.jar!/application.conf: 7
        # Options: ERROR, WARNING, INFO, DEBUG
        "loglevel" : "DEBUG",
        # reference.conf @ jar:file:/app/hello-akka-assembly-1.0.jar!/reference.conf: 525
        # Used to set the behavior of the scheduler.
        # Changing the default values may change the system behavior drastically so make
        # sure you know what you're doing! See the Scheduler section of the Akka
        # Documentation for more details.
        "scheduler" : {
            # reference.conf @ jar:file:/app/hello-akka-assembly-1.0.jar!/reference.conf: 561
            # This setting selects the timer implementation which shall be loaded at
            # system start-up.
            # The class given here must implement the akka.actor.Scheduler interface
            # and offer a public constructor which takes three arguments:
            #  1) com.typesafe.config.Config
            #  2) akka.event.LoggingAdapter
            #  3) java.util.concurrent.ThreadFactory
            "implementation" : "akka.actor.LightArrayRevolverScheduler",
            # reference.conf @ jar:file:/app/hello-akka-assembly-1.0.jar!/reference.conf: 567
            # When shutting down the scheduler, there will typically be a thread which
            # needs to be stopped, and this timeout determines how long to wait for
            # that to happen. In case of timeout the shutdown of the actor system will
            # proceed without running possibly still enqueued tasks.
            "shutdown-timeout" : "5s",
            # reference.conf @ jar:file:/app/hello-akka-assembly-1.0.jar!/reference.conf: 545
            # The LightArrayRevolverScheduler is used as the default scheduler in the
            # system. It does not execute the scheduled tasks on exact time, but on every
            # tick, it will run everything that is (over)due. You can increase or decrease
            # the accuracy of the execution timing by specifying smaller or larger tick
            # duration. If you are scheduling a lot of tasks you should consider increasing
            # the ticks per wheel.
            # Note that it might take up to 1 tick to stop the Timer, so setting the
            # tick-duration to a high value will make shutting down the actor system
            # take longer.
            "tick-duration" : "10ms",
            # reference.conf @ jar:file:/app/hello-akka-assembly-1.0.jar!/reference.conf: 552
            # The timer uses a circular wheel of buckets to store the timer tasks.
            # This should be set such that the majority of scheduled timeouts (for high
            # scheduling frequency) will be shorter than one rotation of the wheel
            # (ticks-per-wheel * ticks-duration)
            # THIS MUST BE A POWER OF TWO!
            "ticks-per-wheel" : 512
        },
        # reference.conf @ jar:file:/app/hello-akka-assembly-1.0.jar!/reference.conf: 41
        # Log level for the very basic logger activated during ActorSystem startup.
        # This logger prints the log messages to stdout (System.out).
        # Options: OFF, ERROR, WARNING, INFO, DEBUG
        "stdout-loglevel" : "WARNING",
        # reference.conf @ jar:file:/app/hello-akka-assembly-1.0.jar!/reference.conf: 10
        # Akka version, checked against the runtime version of Akka.
        "version" : "2.4.0"
    },
    # system properties
    "awt" : {
        # system properties
        "toolkit" : "sun.awt.X11.XToolkit"
    },
    # system properties
    "file" : {
        # system properties
        "encoding" : {
            # system properties
            "pkg" : "sun.io"
        },
        # system properties
        "separator" : "/"
    },
    # system properties
    "java" : {
        # system properties
        "awt" : {
            # system properties
            "graphicsenv" : "sun.awt.X11GraphicsEnvironment",
            # system properties
            "printerjob" : "sun.print.PSPrinterJob"
        },
        # system properties
        "class" : {
            # system properties
            "path" : "/app/hello-akka-assembly-1.0.jar",
            # system properties
            "version" : "52.0"
        },
        # system properties
        "endorsed" : {
            # system properties
            "dirs" : "/usr/lib/jvm/java-8-openjdk-amd64/jre/lib/endorsed"
        },
        # system properties
        "ext" : {
            # system properties
            "dirs" : "/usr/lib/jvm/java-8-openjdk-amd64/jre/lib/ext:/usr/java/packages/lib/ext"
        },
        # system properties
        "home" : "/usr/lib/jvm/java-8-openjdk-amd64/jre",
        # system properties
        "io" : {
            # system properties
            "tmpdir" : "/tmp"
        },
        # system properties
        "library" : {
            # system properties
            "path" : "/usr/java/packages/lib/amd64:/usr/lib/x86_64-linux-gnu/jni:/lib/x86_64-linux-gnu:/usr/lib/x86_64-linux-gnu:/usr/lib/jni:/lib:/usr/lib"
        },
        # system properties
        "runtime" : {
            # system properties
            "name" : "OpenJDK Runtime Environment",
            # system properties
            "version" : "1.8.0_66-internal-b17"
        },
        # system properties
        "specification" : {
            # system properties
            "name" : "Java Platform API Specification",
            # system properties
            "vendor" : "Oracle Corporation",
            # system properties
            "version" : "1.8"
        },
        # system properties
        "vendor" : {
            # system properties
            "url" : {
                # system properties
                "bug" : "http://bugreport.sun.com/bugreport/"
            }
        },
        # system properties
        "version" : "1.8.0_66-internal",
        # system properties
        "vm" : {
            # system properties
            "info" : "mixed mode",
            # system properties
            "name" : "OpenJDK 64-Bit Server VM",
            # system properties
            "specification" : {
                # system properties
                "name" : "Java Virtual Machine Specification",
                # system properties
                "vendor" : "Oracle Corporation",
                # system properties
                "version" : "1.8"
            },
            # system properties
            "vendor" : "Oracle Corporation",
            # system properties
            "version" : "25.66-b17"
        }
    },
    # system properties
    "line" : {
        # system properties
        "separator" : "\n"
    },
    # system properties
    "os" : {
        # system properties
        "arch" : "amd64",
        # system properties
        "name" : "Linux",
        # system properties
        "version" : "4.1.12-boot2docker"
    },
    # system properties
    "path" : {
        # system properties
        "separator" : ":"
    },
    # system properties
    "sun" : {
        # system properties
        "arch" : {
            # system properties
            "data" : {
                # system properties
                "model" : "64"
            }
        },
        # system properties
        "boot" : {
            # system properties
            "class" : {
                # system properties
                "path" : "/usr/lib/jvm/java-8-openjdk-amd64/jre/lib/resources.jar:/usr/lib/jvm/java-8-openjdk-amd64/jre/lib/rt.jar:/usr/lib/jvm/java-8-openjdk-amd64/jre/lib/sunrsasign.jar:/usr/lib/jvm/java-8-openjdk-amd64/jre/lib/jsse.jar:/usr/lib/jvm/java-8-openjdk-amd64/jre/lib/jce.jar:/usr/lib/jvm/java-8-openjdk-amd64/jre/lib/charsets.jar:/usr/lib/jvm/java-8-openjdk-amd64/jre/lib/jfr.jar:/usr/lib/jvm/java-8-openjdk-amd64/jre/classes"
            },
            # system properties
            "library" : {
                # system properties
                "path" : "/usr/lib/jvm/java-8-openjdk-amd64/jre/lib/amd64"
            }
        },
        # system properties
        "cpu" : {
            # system properties
            "endian" : "little",
            # system properties
            "isalist" : ""
        },
        # system properties
        "io" : {
            # system properties
            "unicode" : {
                # system properties
                "encoding" : "UnicodeLittle"
            }
        },
        # system properties
        "java" : {
            # system properties
            "command" : "/app/hello-akka-assembly-1.0.jar",
            # system properties
            "launcher" : "SUN_STANDARD"
        },
        # system properties
        "jnu" : {
            # system properties
            "encoding" : "UTF-8"
        },
        # system properties
        "management" : {
            # system properties
            "compiler" : "HotSpot 64-Bit Tiered Compilers"
        },
        # system properties
        "os" : {
            # system properties
            "patch" : {
                # system properties
                "level" : "unknown"
            }
        }
    },
    # system properties
    "user" : {
        # system properties
        "dir" : "/",
        # system properties
        "home" : "/root",
        # system properties
        "language" : "en",
        # system properties
        "name" : "root",
        # system properties
        "timezone" : ""
    }
}

2015-11-03 22:07:29,835 INFO  nl.rdj.Greeter  - Hello
2015-11-03 22:07:29,853 INFO  nl.rdj.HelloAkkaScala$  - Greeting: hello, akka
2015-11-03 22:07:29,853 INFO  nl.rdj.Greeter  - Hello
2015-11-03 22:07:29,854 INFO  nl.rdj.HelloAkkaScala$  - Greeting: hello, typesafe
2015-11-03 22:07:29,858 INFO  nl.rdj.Greeter  - Hello
2015-11-03 22:07:29,858 INFO  nl.rdj.GreetPrinter  - hello, typesafe
2015-11-03 22:07:30,861 INFO  nl.rdj.Greeter  - Hello
2015-11-03 22:07:30,861 INFO  nl.rdj.GreetPrinter  - hello, typesafe
2015-11-03 22:07:31,872 INFO  nl.rdj.Greeter  - Hello
2015-11-03 22:07:31,872 INFO  nl.rdj.GreetPrinter  - hello, typesafe
2015-11-03 22:07:32,861 INFO  nl.rdj.Greeter  - Hello
2015-11-03 22:07:32,862 INFO  nl.rdj.GreetPrinter  - hello, typesafe
2015-11-03 22:07:33,861 INFO  nl.rdj.Greeter  - Hello
2015-11-03 22:07:33,861 INFO  nl.rdj.GreetPrinter  - hello, typesafe
2015-11-03 22:07:34,871 INFO  nl.rdj.Greeter  - Hello
2015-11-03 22:07:34,871 INFO  nl.rdj.GreetPrinter  - hello, typesafe
2015-11-03 22:07:35,867 INFO  nl.rdj.Greeter  - Hello
2015-11-03 22:07:35,877 INFO  nl.rdj.GreetPrinter  - hello, typesafe
2015-11-03 22:07:36,862 INFO  nl.rdj.Greeter  - Hello
2015-11-03 22:07:36,863 INFO  nl.rdj.GreetPrinter  - hello, typesafe
2015-11-03 22:07:37,871 INFO  nl.rdj.Greeter  - Hello
2015-11-03 22:07:37,872 INFO  nl.rdj.GreetPrinter  - hello, typesafe
2015-11-03 22:07:38,871 INFO  nl.rdj.Greeter  - Hello
2015-11-03 22:07:38,871 INFO  nl.rdj.GreetPrinter  - hello, typesafe
2015-11-03 22:07:39,871 INFO  nl.rdj.Greeter  - Hello
2015-11-03 22:07:39,872 INFO  nl.rdj.GreetPrinter  - hello, typesafe
2015-11-03 22:07:40,871 INFO  nl.rdj.Greeter  - Hello
2015-11-03 22:07:40,872 INFO  nl.rdj.GreetPrinter  - hello, typesafe
2015-11-03 22:07:41,871 INFO  nl.rdj.Greeter  - Hello
2015-11-03 22:07:41,871 INFO  nl.rdj.GreetPrinter  - hello, typesafe
2015-11-03 22:07:42,871 INFO  nl.rdj.Greeter  - Hello
2015-11-03 22:07:42,872 INFO  nl.rdj.GreetPrinter  - hello, typesafe
2015-11-03 22:07:43,861 INFO  nl.rdj.Greeter  - Hello
2015-11-03 22:07:43,861 INFO  nl.rdj.GreetPrinter  - hello, typesafe
2015-11-03 22:07:44,871 INFO  nl.rdj.Greeter  - Hello
2015-11-03 22:07:44,872 INFO  nl.rdj.GreetPrinter  - hello, typesafe
2015-11-03 22:07:45,871 INFO  nl.rdj.Greeter  - Hello
2015-11-03 22:07:45,871 INFO  nl.rdj.GreetPrinter  - hello, typesafe
2015-11-03 22:07:46,872 INFO  nl.rdj.Greeter  - Hello
2015-11-03 22:07:46,872 INFO  nl.rdj.GreetPrinter  - hello, typesafe
2015-11-03 22:07:47,874 INFO  nl.rdj.Greeter  - Hello
2015-11-03 22:07:47,874 INFO  nl.rdj.GreetPrinter  - hello, typesafe
2015-11-03 22:07:48,872 INFO  nl.rdj.Greeter  - Hello
2015-11-03 22:07:48,872 INFO  nl.rdj.GreetPrinter  - hello, typesafe
2015-11-03 22:07:49,873 INFO  nl.rdj.Greeter  - Hello
2015-11-03 22:07:49,877 INFO  nl.rdj.GreetPrinter  - hello, typesafe
2015-11-03 22:07:50,873 INFO  nl.rdj.Greeter  - Hello
2015-11-03 22:07:50,873 INFO  nl.rdj.GreetPrinter  - hello, typesafe
2015-11-03 22:07:51,862 INFO  nl.rdj.Greeter  - Hello
2015-11-03 22:07:51,862 INFO  nl.rdj.GreetPrinter  - hello, typesafe
2015-11-03 22:07:52,862 INFO  nl.rdj.Greeter  - Hello
2015-11-03 22:07:52,863 INFO  nl.rdj.GreetPrinter  - hello, typesafe
2015-11-03 22:07:53,865 INFO  nl.rdj.Greeter  - Hello
2015-11-03 22:07:53,866 INFO  nl.rdj.GreetPrinter  - hello, typesafe
2015-11-03 22:07:54,863 INFO  nl.rdj.Greeter  - Hello
2015-11-03 22:07:54,864 INFO  nl.rdj.GreetPrinter  - hello, typesafe
2015-11-03 22:07:55,863 INFO  nl.rdj.Greeter  - Hello
2015-11-03 22:07:55,863 INFO  nl.rdj.GreetPrinter  - hello, typesafe
2015-11-03 22:07:56,861 INFO  nl.rdj.Greeter  - Hello
2015-11-03 22:07:56,861 INFO  nl.rdj.GreetPrinter  - hello, typesafe
2015-11-03 22:07:57,862 INFO  nl.rdj.Greeter  - Hello
2015-11-03 22:07:57,862 INFO  nl.rdj.GreetPrinter  - hello, typesafe
2015-11-03 22:07:58,861 INFO  nl.rdj.Greeter  - Hello
2015-11-03 22:07:58,861 INFO  nl.rdj.GreetPrinter  - hello, typesafe
2015-11-03 22:07:59,861 INFO  nl.rdj.Greeter  - Hello
2015-11-03 22:07:59,861 INFO  nl.rdj.GreetPrinter  - hello, typesafe
2015-11-03 22:08:00,863 INFO  nl.rdj.Greeter  - Hello
2015-11-03 22:08:00,863 INFO  nl.rdj.GreetPrinter  - hello, typesafe
2015-11-03 22:08:01,862 INFO  nl.rdj.Greeter  - Hello
2015-11-03 22:08:01,862 INFO  nl.rdj.GreetPrinter  - hello, typesafe
2015-11-03 22:08:02,861 INFO  nl.rdj.Greeter  - Hello
2015-11-03 22:08:02,861 INFO  nl.rdj.GreetPrinter  - hello, typesafe
2015-11-03 22:08:03,861 INFO  nl.rdj.Greeter  - Hello
2015-11-03 22:08:03,862 INFO  nl.rdj.GreetPrinter  - hello, typesafe
2015-11-03 22:08:04,873 INFO  nl.rdj.Greeter  - Hello
2015-11-03 22:08:04,873 INFO  nl.rdj.GreetPrinter  - hello, typesafe
2015-11-03 22:08:05,871 INFO  nl.rdj.Greeter  - Hello
2015-11-03 22:08:05,871 INFO  nl.rdj.GreetPrinter  - hello, typesafe
2015-11-03 22:08:06,871 INFO  nl.rdj.Greeter  - Hello
2015-11-03 22:08:06,873 INFO  nl.rdj.GreetPrinter  - hello, typesafe
2015-11-03 22:08:07,872 INFO  nl.rdj.Greeter  - Hello
2015-11-03 22:08:07,873 INFO  nl.rdj.GreetPrinter  - hello, typesafe
2015-11-03 22:08:08,872 INFO  nl.rdj.Greeter  - Hello
2015-11-03 22:08:08,872 INFO  nl.rdj.GreetPrinter  - hello, typesafe
2015-11-03 22:08:09,872 INFO  nl.rdj.Greeter  - Hello
2015-11-03 22:08:09,873 INFO  nl.rdj.GreetPrinter  - hello, typesafe
2015-11-03 22:08:10,871 INFO  nl.rdj.Greeter  - Hello
2015-11-03 22:08:10,871 INFO  nl.rdj.GreetPrinter  - hello, typesafe
2015-11-03 22:08:11,872 INFO  nl.rdj.Greeter  - Hello
2015-11-03 22:08:11,872 INFO  nl.rdj.GreetPrinter  - hello, typesafe
2015-11-03 22:08:12,873 INFO  nl.rdj.Greeter  - Hello
2015-11-03 22:08:12,873 INFO  nl.rdj.GreetPrinter  - hello, typesafe
2015-11-03 22:08:13,864 INFO  nl.rdj.Greeter  - Hello
2015-11-03 22:08:13,864 INFO  nl.rdj.GreetPrinter  - hello, typesafe
2015-11-03 22:08:14,864 INFO  nl.rdj.Greeter  - Hello
2015-11-03 22:08:14,865 INFO  nl.rdj.GreetPrinter  - hello, typesafe
2015-11-03 22:08:15,861 INFO  nl.rdj.Greeter  - Hello
2015-11-03 22:08:15,861 INFO  nl.rdj.GreetPrinter  - hello, typesafe
2015-11-03 22:08:16,872 INFO  nl.rdj.Greeter  - Hello
2015-11-03 22:08:16,873 INFO  nl.rdj.GreetPrinter  - hello, typesafe
2015-11-03 22:08:17,872 INFO  nl.rdj.Greeter  - Hello
2015-11-03 22:08:17,874 INFO  nl.rdj.GreetPrinter  - hello, typesafe
2015-11-03 22:08:18,871 INFO  nl.rdj.Greeter  - Hello
2015-11-03 22:08:18,872 INFO  nl.rdj.GreetPrinter  - hello, typesafe
2015-11-03 22:08:19,871 INFO  nl.rdj.Greeter  - Hello
2015-11-03 22:08:19,872 INFO  nl.rdj.GreetPrinter  - hello, typesafe
2015-11-03 22:08:20,872 INFO  nl.rdj.Greeter  - Hello
2015-11-03 22:08:20,872 INFO  nl.rdj.GreetPrinter  - hello, typesafe
2015-11-03 22:08:21,872 INFO  nl.rdj.Greeter  - Hello
2015-11-03 22:08:21,872 INFO  nl.rdj.GreetPrinter  - hello, typesafe
2015-11-03 22:08:22,872 INFO  nl.rdj.Greeter  - Hello
2015-11-03 22:08:22,872 INFO  nl.rdj.GreetPrinter  - hello, typesafe
2015-11-03 22:08:23,871 INFO  nl.rdj.Greeter  - Hello
2015-11-03 22:08:23,872 INFO  nl.rdj.GreetPrinter  - hello, typesafe
2015-11-03 22:08:24,872 INFO  nl.rdj.Greeter  - Hello
2015-11-03 22:08:24,873 INFO  nl.rdj.GreetPrinter  - hello, typesafe
2015-11-03 22:08:25,873 INFO  nl.rdj.Greeter  - Hello
2015-11-03 22:08:25,873 INFO  nl.rdj.GreetPrinter  - hello, typesafe
2015-11-03 22:08:26,861 INFO  nl.rdj.Greeter  - Hello
2015-11-03 22:08:26,862 INFO  nl.rdj.GreetPrinter  - hello, typesafe
2015-11-03 22:08:27,863 INFO  nl.rdj.Greeter  - Hello
2015-11-03 22:08:27,864 INFO  nl.rdj.GreetPrinter  - hello, typesafe
2015-11-03 22:08:28,861 INFO  nl.rdj.Greeter  - Hello
2015-11-03 22:08:28,862 INFO  nl.rdj.GreetPrinter  - hello, typesafe
2015-11-03 22:08:29,862 INFO  nl.rdj.Greeter  - Hello
2015-11-03 22:08:29,862 INFO  nl.rdj.GreetPrinter  - hello, typesafe
2015-11-03 22:08:30,861 INFO  nl.rdj.Greeter  - Hello
2015-11-03 22:08:30,861 INFO  nl.rdj.GreetPrinter  - hello, typesafe
2015-11-03 22:08:31,863 INFO  nl.rdj.Greeter  - Hello
2015-11-03 22:08:31,863 INFO  nl.rdj.GreetPrinter  - hello, typesafe
2015-11-03 22:08:32,871 INFO  nl.rdj.Greeter  - Hello
2015-11-03 22:08:32,872 INFO  nl.rdj.GreetPrinter  - hello, typesafe
2015-11-03 22:08:33,873 INFO  nl.rdj.Greeter  - Hello
2015-11-03 22:08:33,874 INFO  nl.rdj.GreetPrinter  - hello, typesafe
2015-11-03 22:08:34,875 INFO  nl.rdj.Greeter  - Hello
2015-11-03 22:08:34,876 INFO  nl.rdj.GreetPrinter  - hello, typesafe
2015-11-03 22:08:35,872 INFO  nl.rdj.Greeter  - Hello
2015-11-03 22:08:35,873 INFO  nl.rdj.GreetPrinter  - hello, typesafe
2015-11-03 22:08:36,871 INFO  nl.rdj.Greeter  - Hello
2015-11-03 22:08:36,871 INFO  nl.rdj.GreetPrinter  - hello, typesafe
2015-11-03 22:08:37,872 INFO  nl.rdj.Greeter  - Hello
2015-11-03 22:08:37,873 INFO  nl.rdj.GreetPrinter  - hello, typesafe
2015-11-03 22:08:38,873 INFO  nl.rdj.Greeter  - Hello
2015-11-03 22:08:38,874 INFO  nl.rdj.GreetPrinter  - hello, typesafe
2015-11-03 22:08:39,876 INFO  nl.rdj.Greeter  - Hello
2015-11-03 22:08:39,877 INFO  nl.rdj.GreetPrinter  - hello, typesafe
2015-11-03 22:08:40,862 INFO  nl.rdj.Greeter  - Hello
2015-11-03 22:08:40,862 INFO  nl.rdj.GreetPrinter  - hello, typesafe
2015-11-03 22:08:41,862 INFO  nl.rdj.Greeter  - Hello
2015-11-03 22:08:41,862 INFO  nl.rdj.GreetPrinter  - hello, typesafe
2015-11-03 22:08:42,861 INFO  nl.rdj.Greeter  - Hello
2015-11-03 22:08:42,861 INFO  nl.rdj.GreetPrinter  - hello, typesafe
2015-11-03 22:08:43,861 INFO  nl.rdj.Greeter  - Hello
2015-11-03 22:08:43,862 INFO  nl.rdj.GreetPrinter  - hello, typesafe
2015-11-03 22:08:44,861 INFO  nl.rdj.Greeter  - Hello
2015-11-03 22:08:44,862 INFO  nl.rdj.GreetPrinter  - hello, typesafe
2015-11-03 22:08:45,861 INFO  nl.rdj.Greeter  - Hello
2015-11-03 22:08:45,862 INFO  nl.rdj.GreetPrinter  - hello, typesafe
2015-11-03 22:08:46,861 INFO  nl.rdj.Greeter  - Hello
2015-11-03 22:08:46,862 INFO  nl.rdj.GreetPrinter  - hello, typesafe
2015-11-03 22:08:47,862 INFO  nl.rdj.Greeter  - Hello
2015-11-03 22:08:47,862 INFO  nl.rdj.GreetPrinter  - hello, typesafe
2015-11-03 22:08:48,861 INFO  nl.rdj.Greeter  - Hello
2015-11-03 22:08:48,861 INFO  nl.rdj.GreetPrinter  - hello, typesafe
2015-11-03 22:08:49,871 INFO  nl.rdj.Greeter  - Hello
2015-11-03 22:08:49,871 INFO  nl.rdj.GreetPrinter  - hello, typesafe
2015-11-03 22:08:50,871 INFO  nl.rdj.Greeter  - Hello
2015-11-03 22:08:50,871 INFO  nl.rdj.GreetPrinter  - hello, typesafe
2015-11-03 22:08:51,861 INFO  nl.rdj.Greeter  - Hello
2015-11-03 22:08:51,862 INFO  nl.rdj.GreetPrinter  - hello, typesafe
2015-11-03 22:08:52,861 INFO  nl.rdj.Greeter  - Hello
2015-11-03 22:08:52,862 INFO  nl.rdj.GreetPrinter  - hello, typesafe
2015-11-03 22:08:53,860 INFO  nl.rdj.Greeter  - Hello
2015-11-03 22:08:53,861 INFO  nl.rdj.GreetPrinter  - hello, typesafe
2015-11-03 22:08:54,861 INFO  nl.rdj.Greeter  - Hello
2015-11-03 22:08:54,861 INFO  nl.rdj.GreetPrinter  - hello, typesafe
2015-11-03 22:08:55,862 INFO  nl.rdj.Greeter  - Hello
2015-11-03 22:08:55,862 INFO  nl.rdj.GreetPrinter  - hello, typesafe
2015-11-03 22:08:56,861 INFO  nl.rdj.Greeter  - Hello
2015-11-03 22:08:56,862 INFO  nl.rdj.GreetPrinter  - hello, typesafe
2015-11-03 22:08:57,862 INFO  nl.rdj.Greeter  - Hello
2015-11-03 22:08:57,863 INFO  nl.rdj.GreetPrinter  - hello, typesafe
2015-11-03 22:08:58,862 INFO  nl.rdj.Greeter  - Hello
2015-11-03 22:08:58,862 INFO  nl.rdj.GreetPrinter  - hello, typesafe
2015-11-03 22:08:59,861 INFO  nl.rdj.Greeter  - Hello
2015-11-03 22:08:59,862 INFO  nl.rdj.GreetPrinter  - hello, typesafe
2015-11-03 22:09:00,861 INFO  nl.rdj.Greeter  - Hello
2015-11-03 22:09:00,862 INFO  nl.rdj.GreetPrinter  - hello, typesafe
2015-11-03 22:09:01,861 INFO  nl.rdj.Greeter  - Hello
2015-11-03 22:09:01,861 INFO  nl.rdj.GreetPrinter  - hello, typesafe
2015-11-03 22:09:02,861 INFO  nl.rdj.Greeter  - Hello
2015-11-03 22:09:02,862 INFO  nl.rdj.GreetPrinter  - hello, typesafe
2015-11-03 22:09:03,861 INFO  nl.rdj.Greeter  - Hello
2015-11-03 22:09:03,861 INFO  nl.rdj.GreetPrinter  - hello, typesafe
2015-11-03 22:09:04,862 INFO  nl.rdj.Greeter  - Hello
2015-11-03 22:09:04,863 INFO  nl.rdj.GreetPrinter  - hello, typesafe
2015-11-03 22:09:05,861 INFO  nl.rdj.Greeter  - Hello
2015-11-03 22:09:05,862 INFO  nl.rdj.GreetPrinter  - hello, typesafe
2015-11-03 22:09:06,861 INFO  nl.rdj.Greeter  - Hello
2015-11-03 22:09:06,862 INFO  nl.rdj.GreetPrinter  - hello, typesafe
2015-11-03 22:09:07,861 INFO  nl.rdj.Greeter  - Hello
2015-11-03 22:09:07,861 INFO  nl.rdj.GreetPrinter  - hello, typesafe
2015-11-03 22:09:08,861 INFO  nl.rdj.Greeter  - Hello
2015-11-03 22:09:08,862 INFO  nl.rdj.GreetPrinter  - hello, typesafe
2015-11-03 22:09:09,871 INFO  nl.rdj.Greeter  - Hello
2015-11-03 22:09:09,872 INFO  nl.rdj.GreetPrinter  - hello, typesafe
2015-11-03 22:09:10,871 INFO  nl.rdj.Greeter  - Hello
2015-11-03 22:09:10,871 INFO  nl.rdj.GreetPrinter  - hello, typesafe
2015-11-03 22:09:11,871 INFO  nl.rdj.Greeter  - Hello
2015-11-03 22:09:11,871 INFO  nl.rdj.GreetPrinter  - hello, typesafe
2015-11-03 22:09:12,871 INFO  nl.rdj.Greeter  - Hello
2015-11-03 22:09:12,871 INFO  nl.rdj.GreetPrinter  - hello, typesafe
2015-11-03 22:09:13,871 INFO  nl.rdj.Greeter  - Hello
2015-11-03 22:09:13,871 INFO  nl.rdj.GreetPrinter  - hello, typesafe
2015-11-03 22:09:14,871 INFO  nl.rdj.Greeter  - Hello
2015-11-03 22:09:14,872 INFO  nl.rdj.GreetPrinter  - hello, typesafe
2015-11-03 22:09:15,871 INFO  nl.rdj.Greeter  - Hello
2015-11-03 22:09:15,872 INFO  nl.rdj.GreetPrinter  - hello, typesafe
2015-11-03 22:09:16,871 INFO  nl.rdj.Greeter  - Hello
2015-11-03 22:09:16,872 INFO  nl.rdj.GreetPrinter  - hello, typesafe
2015-11-03 22:09:17,872 INFO  nl.rdj.Greeter  - Hello
2015-11-03 22:09:17,872 INFO  nl.rdj.GreetPrinter  - hello, typesafe
2015-11-03 22:09:18,863 INFO  nl.rdj.Greeter  - Hello
2015-11-03 22:09:18,863 INFO  nl.rdj.GreetPrinter  - hello, typesafe
2015-11-03 22:09:19,862 INFO  nl.rdj.Greeter  - Hello
2015-11-03 22:09:19,862 INFO  nl.rdj.GreetPrinter  - hello, typesafe
2015-11-03 22:09:20,862 INFO  nl.rdj.Greeter  - Hello
2015-11-03 22:09:20,862 INFO  nl.rdj.GreetPrinter  - hello, typesafe
2015-11-03 22:09:21,861 INFO  nl.rdj.Greeter  - Hello
2015-11-03 22:09:21,862 INFO  nl.rdj.GreetPrinter  - hello, typesafe
2015-11-03 22:09:22,862 INFO  nl.rdj.Greeter  - Hello
2015-11-03 22:09:22,862 INFO  nl.rdj.GreetPrinter  - hello, typesafe
2015-11-03 22:09:23,861 INFO  nl.rdj.Greeter  - Hello
2015-11-03 22:09:23,862 INFO  nl.rdj.GreetPrinter  - hello, typesafe
2015-11-03 22:09:24,861 INFO  nl.rdj.Greeter  - Hello
2015-11-03 22:09:24,863 INFO  nl.rdj.GreetPrinter  - hello, typesafe
2015-11-03 22:09:25,864 INFO  nl.rdj.Greeter  - Hello
2015-11-03 22:09:25,865 INFO  nl.rdj.GreetPrinter  - hello, typesafe
2015-11-03 22:09:26,861 INFO  nl.rdj.Greeter  - Hello
2015-11-03 22:09:26,861 INFO  nl.rdj.GreetPrinter  - hello, typesafe
2015-11-03 22:09:27,861 INFO  nl.rdj.Greeter  - Hello
2015-11-03 22:09:27,862 INFO  nl.rdj.GreetPrinter  - hello, typesafe
2015-11-03 22:09:28,862 INFO  nl.rdj.Greeter  - Hello
2015-11-03 22:09:28,862 INFO  nl.rdj.GreetPrinter  - hello, typesafe
2015-11-03 22:09:29,866 INFO  nl.rdj.Greeter  - Hello
2015-11-03 22:09:29,867 INFO  nl.rdj.GreetPrinter  - hello, typesafe
2015-11-03 22:09:30,862 INFO  nl.rdj.Greeter  - Hello
2015-11-03 22:09:30,863 INFO  nl.rdj.GreetPrinter  - hello, typesafe
2015-11-03 22:09:31,866 INFO  nl.rdj.Greeter  - Hello
2015-11-03 22:09:31,867 INFO  nl.rdj.GreetPrinter  - hello, typesafe
2015-11-03 22:09:32,865 INFO  nl.rdj.Greeter  - Hello
2015-11-03 22:09:32,867 INFO  nl.rdj.GreetPrinter  - hello, typesafe
2015-11-03 22:09:33,864 INFO  nl.rdj.Greeter  - Hello
2015-11-03 22:09:33,865 INFO  nl.rdj.GreetPrinter  - hello, typesafe
2015-11-03 22:09:34,872 INFO  nl.rdj.Greeter  - Hello
2015-11-03 22:09:34,873 INFO  nl.rdj.GreetPrinter  - hello, typesafe
2015-11-03 22:09:35,872 INFO  nl.rdj.Greeter  - Hello
2015-11-03 22:09:35,872 INFO  nl.rdj.GreetPrinter  - hello, typesafe
2015-11-03 22:09:36,872 INFO  nl.rdj.Greeter  - Hello
2015-11-03 22:09:36,872 INFO  nl.rdj.GreetPrinter  - hello, typesafe
2015-11-03 22:09:37,872 INFO  nl.rdj.Greeter  - Hello
2015-11-03 22:09:37,872 INFO  nl.rdj.GreetPrinter  - hello, typesafe
2015-11-03 22:09:38,872 INFO  nl.rdj.Greeter  - Hello
2015-11-03 22:09:38,872 INFO  nl.rdj.GreetPrinter  - hello, typesafe
2015-11-03 22:09:39,872 INFO  nl.rdj.Greeter  - Hello
2015-11-03 22:09:39,872 INFO  nl.rdj.GreetPrinter  - hello, typesafe
2015-11-03 22:09:40,871 INFO  nl.rdj.Greeter  - Hello
2015-11-03 22:09:40,871 INFO  nl.rdj.GreetPrinter  - hello, typesafe
2015-11-03 22:09:41,872 INFO  nl.rdj.Greeter  - Hello
2015-11-03 22:09:41,872 INFO  nl.rdj.GreetPrinter  - hello, typesafe
2015-11-03 22:09:42,871 INFO  nl.rdj.Greeter  - Hello
2015-11-03 22:09:42,871 INFO  nl.rdj.GreetPrinter  - hello, typesafe
2015-11-03 22:09:43,862 INFO  nl.rdj.Greeter  - Hello
2015-11-03 22:09:43,862 INFO  nl.rdj.GreetPrinter  - hello, typesafe
2015-11-03 22:09:44,862 INFO  nl.rdj.Greeter  - Hello
2015-11-03 22:09:44,862 INFO  nl.rdj.GreetPrinter  - hello, typesafe
2015-11-03 22:09:45,862 INFO  nl.rdj.Greeter  - Hello
2015-11-03 22:09:45,862 INFO  nl.rdj.GreetPrinter  - hello, typesafe
2015-11-03 22:09:46,861 INFO  nl.rdj.Greeter  - Hello
2015-11-03 22:09:46,861 INFO  nl.rdj.GreetPrinter  - hello, typesafe
2015-11-03 22:09:47,872 INFO  nl.rdj.Greeter  - Hello
2015-11-03 22:09:47,872 INFO  nl.rdj.GreetPrinter  - hello, typesafe
2015-11-03 22:09:48,872 INFO  nl.rdj.Greeter  - Hello
2015-11-03 22:09:48,872 INFO  nl.rdj.GreetPrinter  - hello, typesafe
2015-11-03 22:09:49,872 INFO  nl.rdj.Greeter  - Hello
2015-11-03 22:09:49,872 INFO  nl.rdj.GreetPrinter  - hello, typesafe
2015-11-03 22:09:50,872 INFO  nl.rdj.Greeter  - Hello
2015-11-03 22:09:50,876 INFO  nl.rdj.GreetPrinter  - hello, typesafe
2015-11-03 22:09:51,871 INFO  nl.rdj.Greeter  - Hello
2015-11-03 22:09:51,872 INFO  nl.rdj.GreetPrinter  - hello, typesafe
2015-11-03 22:09:52,875 INFO  nl.rdj.Greeter  - Hello
2015-11-03 22:09:52,875 INFO  nl.rdj.GreetPrinter  - hello, typesafe
2015-11-03 22:09:53,872 INFO  nl.rdj.Greeter  - Hello
2015-11-03 22:09:53,873 INFO  nl.rdj.GreetPrinter  - hello, typesafe
2015-11-03 22:09:54,876 INFO  nl.rdj.Greeter  - Hello
2015-11-03 22:09:54,876 INFO  nl.rdj.GreetPrinter  - hello, typesafe
2015-11-03 22:09:55,871 INFO  nl.rdj.Greeter  - Hello
2015-11-03 22:09:55,871 INFO  nl.rdj.GreetPrinter  - hello, typesafe
2015-11-03 22:09:56,872 INFO  nl.rdj.Greeter  - Hello
2015-11-03 22:09:56,872 INFO  nl.rdj.GreetPrinter  - hello, typesafe
2015-11-03 22:09:57,874 INFO  nl.rdj.Greeter  - Hello
2015-11-03 22:09:57,874 INFO  nl.rdj.GreetPrinter  - hello, typesafe
2015-11-03 22:09:58,873 INFO  nl.rdj.Greeter  - Hello
2015-11-03 22:09:58,873 INFO  nl.rdj.GreetPrinter  - hello, typesafe
2015-11-03 22:09:59,861 INFO  nl.rdj.Greeter  - Hello
2015-11-03 22:09:59,862 INFO  nl.rdj.GreetPrinter  - hello, typesafe
2015-11-03 22:10:00,862 INFO  nl.rdj.Greeter  - Hello
2015-11-03 22:10:00,863 INFO  nl.rdj.GreetPrinter  - hello, typesafe
2015-11-03 22:10:01,862 INFO  nl.rdj.Greeter  - Hello
2015-11-03 22:10:01,865 INFO  nl.rdj.GreetPrinter  - hello, typesafe
2015-11-03 22:10:02,862 INFO  nl.rdj.Greeter  - Hello
2015-11-03 22:10:02,863 INFO  nl.rdj.GreetPrinter  - hello, typesafe
2015-11-03 22:10:03,871 INFO  nl.rdj.Greeter  - Hello
2015-11-03 22:10:03,872 INFO  nl.rdj.GreetPrinter  - hello, typesafe
2015-11-03 22:10:04,874 INFO  nl.rdj.Greeter  - Hello
2015-11-03 22:10:04,875 INFO  nl.rdj.GreetPrinter  - hello, typesafe
2015-11-03 22:10:05,871 INFO  nl.rdj.Greeter  - Hello
2015-11-03 22:10:05,872 INFO  nl.rdj.GreetPrinter  - hello, typesafe
2015-11-03 22:10:06,873 INFO  nl.rdj.Greeter  - Hello
2015-11-03 22:10:06,873 INFO  nl.rdj.GreetPrinter  - hello, typesafe
2015-11-03 22:10:07,871 INFO  nl.rdj.Greeter  - Hello
2015-11-03 22:10:07,871 INFO  nl.rdj.GreetPrinter  - hello, typesafe
2015-11-03 22:10:10,681 INFO  akka.event.slf4j.Slf4jLogger  - Slf4jLogger started
2015-11-03 22:10:10,707 DEBUG akka.event.EventStream main - logger log1-Slf4jLogger started
2015-11-03 22:10:10,711 DEBUG akka.event.EventStream main - Default Loggers started
2015-11-03 22:10:10,715 INFO  akka.actor.ActorSystemImpl main - {
    # merge of application.conf @ jar:file:/app/hello-akka-assembly-1.0.jar!/application.conf: 1,reference.conf @ jar:file:/app/hello-akka-assembly-1.0.jar!/reference.conf: 8
    "akka" : {
        # reference.conf @ jar:file:/app/hello-akka-assembly-1.0.jar!/reference.conf: 71
        "actor" : {
            # reference.conf @ jar:file:/app/hello-akka-assembly-1.0.jar!/reference.conf: 83
            # Timeout for ActorSystem.actorOf
            "creation-timeout" : "20s",
            # reference.conf @ jar:file:/app/hello-akka-assembly-1.0.jar!/reference.conf: 456
            "debug" : {
                # reference.conf @ jar:file:/app/hello-akka-assembly-1.0.jar!/reference.conf: 473
                # enable DEBUG logging of all AutoReceiveMessages (Kill, PoisonPill et.c.)
                "autoreceive" : "off",
                # reference.conf @ jar:file:/app/hello-akka-assembly-1.0.jar!/reference.conf: 482
                # enable DEBUG logging of subscription changes on the eventStream
                "event-stream" : "off",
                # reference.conf @ jar:file:/app/hello-akka-assembly-1.0.jar!/reference.conf: 479
                # enable DEBUG logging of all LoggingFSMs for events, transitions and timers
                "fsm" : "off",
                # reference.conf @ jar:file:/app/hello-akka-assembly-1.0.jar!/reference.conf: 476
                # enable DEBUG logging of actor lifecycle changes
                "lifecycle" : "off",
                # reference.conf @ jar:file:/app/hello-akka-assembly-1.0.jar!/reference.conf: 470
                # enable function of Actor.loggable(), which is to log any received message
                # at DEBUG level, see the “Testing Actor Systems” section of the Akka
                # Documentation at http://akka.io/docs
                "receive" : "off",
                # reference.conf @ jar:file:/app/hello-akka-assembly-1.0.jar!/reference.conf: 488
                # enable WARN logging of misconfigured routers
                "router-misconfiguration" : "off",
                # reference.conf @ jar:file:/app/hello-akka-assembly-1.0.jar!/reference.conf: 485
                # enable DEBUG logging of unhandled messages
                "unhandled" : "off"
            },
            # reference.conf @ jar:file:/app/hello-akka-assembly-1.0.jar!/reference.conf: 253
            "default-dispatcher" : {
                # reference.conf @ jar:file:/app/hello-akka-assembly-1.0.jar!/reference.conf: 353
                # For BalancingDispatcher: If the balancing dispatcher should attempt to
                # schedule idle actors using the same dispatcher when a message comes in,
                # and the dispatchers ExecutorService is not fully busy already.
                "attempt-teamwork" : "on",
                # reference.conf @ jar:file:/app/hello-akka-assembly-1.0.jar!/reference.conf: 278
                # This will be used if you have set "executor = "default-executor"".
                # If an ActorSystem is created with a given ExecutionContext, this
                # ExecutionContext will be used as the default executor for all
                # dispatchers in the ActorSystem configured with
                # executor = "default-executor". Note that "default-executor"
                # is the default value for executor, and therefore used if not
                # specified otherwise. If no ExecutionContext is given,
                # the executor configured in "fallback" will be used.
                "default-executor" : {
                    # reference.conf @ jar:file:/app/hello-akka-assembly-1.0.jar!/reference.conf: 279
                    "fallback" : "fork-join-executor"
                },
                # reference.conf @ jar:file:/app/hello-akka-assembly-1.0.jar!/reference.conf: 268
                # Which kind of ExecutorService to use for this dispatcher
                # Valid options:
                #  - "default-executor" requires a "default-executor" section
                #  - "fork-join-executor" requires a "fork-join-executor" section
                #  - "thread-pool-executor" requires a "thread-pool-executor" section
                #  - A FQCN of a class extending ExecutorServiceConfigurator
                "executor" : "default-executor",
                # reference.conf @ jar:file:/app/hello-akka-assembly-1.0.jar!/reference.conf: 283
                # This will be used if you have set "executor = "fork-join-executor""
                "fork-join-executor" : {
                    # reference.conf @ jar:file:/app/hello-akka-assembly-1.0.jar!/reference.conf: 290
                    # The parallelism factor is used to determine thread pool size using the
                    # following formula: ceil(available processors * factor). Resulting size
                    # is then bounded by the parallelism-min and parallelism-max values.
                    "parallelism-factor" : 3,
                    # reference.conf @ jar:file:/app/hello-akka-assembly-1.0.jar!/reference.conf: 293
                    # Max number of threads to cap factor-based parallelism number to
                    "parallelism-max" : 64,
                    # reference.conf @ jar:file:/app/hello-akka-assembly-1.0.jar!/reference.conf: 285
                    # Min number of threads to cap factor-based parallelism number to
                    "parallelism-min" : 8,
                    # reference.conf @ jar:file:/app/hello-akka-assembly-1.0.jar!/reference.conf: 297
                    # Setting to "FIFO" to use queue like peeking mode which "poll" or "LIFO" to use stack
                    # like peeking mode which "pop".
                    "task-peeking-mode" : "FIFO"
                },
                # reference.conf @ jar:file:/app/hello-akka-assembly-1.0.jar!/reference.conf: 358
                # If this dispatcher requires a specific type of mailbox, specify the
                # fully-qualified class name here; the actually created mailbox will
                # be a subtype of this type. The empty string signifies no requirement.
                "mailbox-requirement" : "",
                # reference.conf @ jar:file:/app/hello-akka-assembly-1.0.jar!/reference.conf: 341
                # How long time the dispatcher will wait for new actors until it shuts down
                "shutdown-timeout" : "1s",
                # reference.conf @ jar:file:/app/hello-akka-assembly-1.0.jar!/reference.conf: 301
                # This will be used if you have set "executor = "thread-pool-executor""
                "thread-pool-executor" : {
                    # reference.conf @ jar:file:/app/hello-akka-assembly-1.0.jar!/reference.conf: 337
                    # Allow core threads to time out
                    "allow-core-timeout" : "on",
                    # reference.conf @ jar:file:/app/hello-akka-assembly-1.0.jar!/reference.conf: 312
                    # The core pool size factor is used to determine thread pool core size
                    # using the following formula: ceil(available processors * factor).
                    # Resulting size is then bounded by the core-pool-size-min and
                    # core-pool-size-max values.
                    "core-pool-size-factor" : 3,
                    # reference.conf @ jar:file:/app/hello-akka-assembly-1.0.jar!/reference.conf: 315
                    # Max number of threads to cap factor-based number to
                    "core-pool-size-max" : 64,
                    # reference.conf @ jar:file:/app/hello-akka-assembly-1.0.jar!/reference.conf: 306
                    # Min number of threads to cap factor-based core number to
                    "core-pool-size-min" : 8,
                    # reference.conf @ jar:file:/app/hello-akka-assembly-1.0.jar!/reference.conf: 303
                    # Keep alive time for threads
                    "keep-alive-time" : "60s",
                    # reference.conf @ jar:file:/app/hello-akka-assembly-1.0.jar!/reference.conf: 323
                    # Max no of threads (if using a bounded task queue) is determined by
                    # calculating: ceil(available processors * factor)
                    "max-pool-size-factor" : 3,
                    # reference.conf @ jar:file:/app/hello-akka-assembly-1.0.jar!/reference.conf: 327
                    # Max number of threads to cap factor-based max number to
                    # (if using a  bounded task queue)
                    "max-pool-size-max" : 64,
                    # reference.conf @ jar:file:/app/hello-akka-assembly-1.0.jar!/reference.conf: 319
                    # Minimum number of threads to cap factor-based max number to
                    # (if using a bounded task queue)
                    "max-pool-size-min" : 8,
                    # reference.conf @ jar:file:/app/hello-akka-assembly-1.0.jar!/reference.conf: 330
                    # Specifies the bounded capacity of the task queue (< 1 == unbounded)
                    "task-queue-size" : -1,
                    # reference.conf @ jar:file:/app/hello-akka-assembly-1.0.jar!/reference.conf: 334
                    # Specifies which type of task queue will be used, can be "array" or
                    # "linked" (default)
                    "task-queue-type" : "linked"
                },
                # reference.conf @ jar:file:/app/hello-akka-assembly-1.0.jar!/reference.conf: 345
                # Throughput defines the number of messages that are processed in a batch
                # before the thread is returned to the pool. Set to 1 for as fair as possible.
                "throughput" : 5,
                # reference.conf @ jar:file:/app/hello-akka-assembly-1.0.jar!/reference.conf: 348
                # Throughput deadline for Dispatcher, set to 0 or negative for no deadline
                "throughput-deadline-time" : "0ms",
                # reference.conf @ jar:file:/app/hello-akka-assembly-1.0.jar!/reference.conf: 260
                # Must be one of the following
                # Dispatcher, PinnedDispatcher, or a FQCN to a class inheriting
                # MessageDispatcherConfigurator with a public constructor with
                # both com.typesafe.config.Config parameter and
                # akka.dispatch.DispatcherPrerequisites parameters.
                # PinnedDispatcher must be used together with executor=thread-pool-executor.
                "type" : "Dispatcher"
            },
            # reference.conf @ jar:file:/app/hello-akka-assembly-1.0.jar!/reference.conf: 361
            "default-mailbox" : {
                # reference.conf @ jar:file:/app/hello-akka-assembly-1.0.jar!/reference.conf: 372
                # If the mailbox is bounded then it uses this setting to determine its
                # capacity. The provided value must be positive.
                # NOTICE:
                # Up to version 2.1 the mailbox type was determined based on this setting;
                # this is no longer the case, the type must explicitly be a bounded mailbox.
                "mailbox-capacity" : 1000,
                # reference.conf @ jar:file:/app/hello-akka-assembly-1.0.jar!/reference.conf: 377
                # If the mailbox is bounded then this is the timeout for enqueueing
                # in case the mailbox is full. Negative values signify infinite
                # timeout, which should be avoided as it bears the risk of dead-lock.
                "mailbox-push-timeout-time" : "10s",
                # reference.conf @ jar:file:/app/hello-akka-assembly-1.0.jar!/reference.conf: 365
                # FQCN of the MailboxType. The Class of the FQCN must have a public
                # constructor with
                # (akka.actor.ActorSystem.Settings, com.typesafe.config.Config) parameters.
                "mailbox-type" : "akka.dispatch.UnboundedMailbox",
                # reference.conf @ jar:file:/app/hello-akka-assembly-1.0.jar!/reference.conf: 383
                # For Actor with Stash: The default capacity of the stash.
                # If negative (or zero) then an unbounded stash is used (default)
                # If positive then a bounded stash is used and the capacity is set using
                # the property
                "stash-capacity" : -1
            },
            # reference.conf @ jar:file:/app/hello-akka-assembly-1.0.jar!/reference.conf: 127
            "deployment" : {
                # reference.conf @ jar:file:/app/hello-akka-assembly-1.0.jar!/reference.conf: 246
                "/IO-DNS/inet-address" : {
                    # reference.conf @ jar:file:/app/hello-akka-assembly-1.0.jar!/reference.conf: 247
                    "mailbox" : "unbounded",
                    # reference.conf @ jar:file:/app/hello-akka-assembly-1.0.jar!/reference.conf: 249
                    "nr-of-instances" : 4,
                    # reference.conf @ jar:file:/app/hello-akka-assembly-1.0.jar!/reference.conf: 248
                    "router" : "consistent-hashing-pool"
                },
                # reference.conf @ jar:file:/app/hello-akka-assembly-1.0.jar!/reference.conf: 130
                # deployment id pattern - on the format: /parent/child etc.
                "default" : {
                    # reference.conf @ jar:file:/app/hello-akka-assembly-1.0.jar!/reference.conf: 136
                    # The id of the dispatcher to use for this actor.
                    # If undefined or empty the dispatcher specified in code
                    # (Props.withDispatcher) is used, or default-dispatcher if not
                    # specified at all.
                    "dispatcher" : "",
                    # reference.conf @ jar:file:/app/hello-akka-assembly-1.0.jar!/reference.conf: 144
                    # The id of the mailbox to use for this actor.
                    # If undefined or empty the default mailbox of the configured dispatcher
                    # is used or if there is no mailbox configuration the mailbox specified
                    # in code (Props.withMailbox) is used.
                    # If there is a mailbox defined in the configured dispatcher then that
                    # overrides this setting.
                    "mailbox" : "",
                    # reference.conf @ jar:file:/app/hello-akka-assembly-1.0.jar!/reference.conf: 169
                    # number of children to create in case of a router;
                    # this setting is ignored if routees.paths is given
                    "nr-of-instances" : 1,
                    # reference.conf @ jar:file:/app/hello-akka-assembly-1.0.jar!/reference.conf: 200
                    # Routers with dynamically resizable number of routees; this feature is
                    # enabled by including (parts of) this section in the deployment
                    "resizer" : {
                        # reference.conf @ jar:file:/app/hello-akka-assembly-1.0.jar!/reference.conf: 238
                        # Fraction of routees to be removed when the resizer reaches the
                        # backoffThreshold.
                        # For example, 0.1 would decrease 10% (rounded up), i.e. if current
                        # capacity is 9 it will request an decrease of 1 routee.
                        "backoff-rate" : 0.1,
                        # reference.conf @ jar:file:/app/hello-akka-assembly-1.0.jar!/reference.conf: 232
                        # Minimum fraction of busy routees before backing off.
                        # For example, if this is 0.3, then we'll remove some routees only when
                        # less than 30% of routees are busy, i.e. if current capacity is 10 and
                        # 3 are busy then the capacity is unchanged, but if 2 or less are busy
                        # the capacity is decreased.
                        # Use 0.0 or negative to avoid removal of routees.
                        "backoff-threshold" : 0.3,
                        # reference.conf @ jar:file:/app/hello-akka-assembly-1.0.jar!/reference.conf: 202
                        "enabled" : "off",
                        # reference.conf @ jar:file:/app/hello-akka-assembly-1.0.jar!/reference.conf: 205
                        # The fewest number of routees the router should ever have.
                        "lower-bound" : 1,
                        # reference.conf @ jar:file:/app/hello-akka-assembly-1.0.jar!/reference.conf: 242
                        # Number of messages between resize operation.
                        # Use 1 to resize before each message.
                        "messages-per-resize" : 10,
                        # reference.conf @ jar:file:/app/hello-akka-assembly-1.0.jar!/reference.conf: 219
                        # Threshold used to evaluate if a routee is considered to be busy
                        # (under pressure). Implementation depends on this value (default is 1).
                        # 0:   number of routees currently processing a message.
                        # 1:   number of routees currently processing a message has
                        #      some messages in mailbox.
                        # > 1: number of routees with at least the configured pressure-threshold
                        #      messages in their mailbox. Note that estimating mailbox size of
                        #      default UnboundedMailbox is O(N) operation.
                        "pressure-threshold" : 1,
                        # reference.conf @ jar:file:/app/hello-akka-assembly-1.0.jar!/reference.conf: 224
                        # Percentage to increase capacity whenever all routees are busy.
                        # For example, 0.2 would increase 20% (rounded up), i.e. if current
                        # capacity is 6 it will request an increase of 2 more routees.
                        "rampup-rate" : 0.2,
                        # reference.conf @ jar:file:/app/hello-akka-assembly-1.0.jar!/reference.conf: 209
                        # The most number of routees the router should ever have.
                        # Must be greater than or equal to lower-bound.
                        "upper-bound" : 10
                    },
                    # reference.conf @ jar:file:/app/hello-akka-assembly-1.0.jar!/reference.conf: 182
                    "routees" : {
                        # reference.conf @ jar:file:/app/hello-akka-assembly-1.0.jar!/reference.conf: 186
                        # Alternatively to giving nr-of-instances you can specify the full
                        # paths of those actors which should be routed to. This setting takes
                        # precedence over nr-of-instances
                        "paths" : []
                    },
                    # reference.conf @ jar:file:/app/hello-akka-assembly-1.0.jar!/reference.conf: 165
                    # routing (load-balance) scheme to use
                    # - available: "from-code", "round-robin", "random", "smallest-mailbox",
                    #              "scatter-gather", "broadcast"
                    # - or:        Fully qualified class name of the router class.
                    #              The class must extend akka.routing.CustomRouterConfig and
                    #              have a public constructor with com.typesafe.config.Config
                    #              and optional akka.actor.DynamicAccess parameter.
                    # - default is "from-code";
                    # Whether or not an actor is transformed to a Router is decided in code
                    # only (Props.withRouter). The type of router can be overridden in the
                    # configuration; specifying "from-code" means that the values specified
                    # in the code shall be used.
                    # In case of routing, the actors to be routed to can be specified
                    # in several ways:
                    # - nr-of-instances: will create that many children
                    # - routees.paths: will route messages to these paths using ActorSelection,
                    #   i.e. will not create children
                    # - resizer: dynamically resizable number of routees as specified in
                    #   resizer below
                    "router" : "from-code",
                    # reference.conf @ jar:file:/app/hello-akka-assembly-1.0.jar!/reference.conf: 177
                    "tail-chopping-router" : {
                        # reference.conf @ jar:file:/app/hello-akka-assembly-1.0.jar!/reference.conf: 179
                        # interval is duration between sending message to next routee
                        "interval" : "10 milliseconds"
                    },
                    # reference.conf @ jar:file:/app/hello-akka-assembly-1.0.jar!/reference.conf: 175
                    # number of virtual nodes per node for consistent-hashing router
                    "virtual-nodes-factor" : 10,
                    # reference.conf @ jar:file:/app/hello-akka-assembly-1.0.jar!/reference.conf: 172
                    # within is the timeout used for routers containing future calls
                    "within" : "5 seconds"
                }
            },
            # reference.conf @ jar:file:/app/hello-akka-assembly-1.0.jar!/reference.conf: 511
            # Configuration items which are used by the akka.actor.ActorDSL._ methods
            "dsl" : {
                # reference.conf @ jar:file:/app/hello-akka-assembly-1.0.jar!/reference.conf: 527
                # Default timeout to assume for operations like Inbox.receive et al
                "default-timeout" : "5s",
                # reference.conf @ jar:file:/app/hello-akka-assembly-1.0.jar!/reference.conf: 524
                # Maximum queue size of the actor created by newInbox(); this protects
                # against faulty programs which use select() and consistently miss messages
                "inbox-size" : 1000
            },
            # reference.conf @ jar:file:/app/hello-akka-assembly-1.0.jar!/reference.conf: 80
            # The guardian "/user" will use this class to obtain its supervisorStrategy.
            # It needs to be a subclass of akka.actor.SupervisorStrategyConfigurator.
            # In addition to the default there is akka.actor.StoppingSupervisorStrategy.
            "guardian-supervisor-strategy" : "akka.actor.DefaultSupervisorStrategy",
            # reference.conf @ jar:file:/app/hello-akka-assembly-1.0.jar!/reference.conf: 386
            "mailbox" : {
                # reference.conf @ jar:file:/app/hello-akka-assembly-1.0.jar!/reference.conf: 441
                "bounded-control-aware-queue-based" : {
                    # reference.conf @ jar:file:/app/hello-akka-assembly-1.0.jar!/reference.conf: 455
                    # FQCN of the MailboxType, The Class of the FQCN must have a public
                    # constructor with (akka.actor.ActorSystem.Settings,
                    # com.typesafe.config.Config) parameters.
                    "mailbox-type" : "akka.dispatch.BoundedControlAwareMailbox"
                },
                # reference.conf @ jar:file:/app/hello-akka-assembly-1.0.jar!/reference.conf: 427
                "bounded-deque-based" : {
                    # reference.conf @ jar:file:/app/hello-akka-assembly-1.0.jar!/reference.conf: 441
                    # FQCN of the MailboxType, The Class of the FQCN must have a public
                    # constructor with (akka.actor.ActorSystem.Settings,
                    # com.typesafe.config.Config) parameters.
                    "mailbox-type" : "akka.dispatch.BoundedDequeBasedMailbox"
                },
                # reference.conf @ jar:file:/app/hello-akka-assembly-1.0.jar!/reference.conf: 413
                "bounded-queue-based" : {
                    # reference.conf @ jar:file:/app/hello-akka-assembly-1.0.jar!/reference.conf: 427
                    # FQCN of the MailboxType, The Class of the FQCN must have a public
                    # constructor with (akka.actor.ActorSystem.Settings,
                    # com.typesafe.config.Config) parameters.
                    "mailbox-type" : "akka.dispatch.BoundedMailbox"
                },
                # reference.conf @ jar:file:/app/hello-akka-assembly-1.0.jar!/reference.conf: 451
                # The LoggerMailbox will drain all messages in the mailbox
                # when the system is shutdown and deliver them to the StandardOutLogger.
                # Do not change this unless you know what you are doing.
                "logger-queue" : {
                    # reference.conf @ jar:file:/app/hello-akka-assembly-1.0.jar!/reference.conf: 462
                    "mailbox-type" : "akka.event.LoggerMailboxType"
                },
                # reference.conf @ jar:file:/app/hello-akka-assembly-1.0.jar!/reference.conf: 393
                # Mapping between message queue semantics and mailbox configurations.
                # Used by akka.dispatch.RequiresMessageQueue[T] to enforce different
                # mailbox types on actors.
                # If your Actor implements RequiresMessageQueue[T], then when you create
                # an instance of that actor its mailbox type will be decided by looking
                # up a mailbox configuration via T in this mapping
                "requirements" : {
                    # reference.conf @ jar:file:/app/hello-akka-assembly-1.0.jar!/reference.conf: 411
                    "akka.dispatch.BoundedControlAwareMessageQueueSemantics" : "akka.actor.mailbox.bounded-control-aware-queue-based",
                    # reference.conf @ jar:file:/app/hello-akka-assembly-1.0.jar!/reference.conf: 403
                    "akka.dispatch.BoundedDequeBasedMessageQueueSemantics" : "akka.actor.mailbox.bounded-deque-based",
                    # reference.conf @ jar:file:/app/hello-akka-assembly-1.0.jar!/reference.conf: 397
                    "akka.dispatch.BoundedMessageQueueSemantics" : "akka.actor.mailbox.bounded-queue-based",
                    # reference.conf @ jar:file:/app/hello-akka-assembly-1.0.jar!/reference.conf: 407
                    "akka.dispatch.ControlAwareMessageQueueSemantics" : "akka.actor.mailbox.unbounded-control-aware-queue-based",
                    # reference.conf @ jar:file:/app/hello-akka-assembly-1.0.jar!/reference.conf: 399
                    "akka.dispatch.DequeBasedMessageQueueSemantics" : "akka.actor.mailbox.unbounded-deque-based",
                    # reference.conf @ jar:file:/app/hello-akka-assembly-1.0.jar!/reference.conf: 405
                    "akka.dispatch.MultipleConsumerSemantics" : "akka.actor.mailbox.unbounded-queue-based",
                    # reference.conf @ jar:file:/app/hello-akka-assembly-1.0.jar!/reference.conf: 409
                    "akka.dispatch.UnboundedControlAwareMessageQueueSemantics" : "akka.actor.mailbox.unbounded-control-aware-queue-based",
                    # reference.conf @ jar:file:/app/hello-akka-assembly-1.0.jar!/reference.conf: 401
                    "akka.dispatch.UnboundedDequeBasedMessageQueueSemantics" : "akka.actor.mailbox.unbounded-deque-based",
                    # reference.conf @ jar:file:/app/hello-akka-assembly-1.0.jar!/reference.conf: 395
                    "akka.dispatch.UnboundedMessageQueueSemantics" : "akka.actor.mailbox.unbounded-queue-based",
                    # reference.conf @ jar:file:/app/hello-akka-assembly-1.0.jar!/reference.conf: 413
                    "akka.event.LoggerMessageQueueSemantics" : "akka.actor.mailbox.logger-queue"
                },
                # reference.conf @ jar:file:/app/hello-akka-assembly-1.0.jar!/reference.conf: 434
                "unbounded-control-aware-queue-based" : {
                    # reference.conf @ jar:file:/app/hello-akka-assembly-1.0.jar!/reference.conf: 448
                    # FQCN of the MailboxType, The Class of the FQCN must have a public
                    # constructor with (akka.actor.ActorSystem.Settings,
                    # com.typesafe.config.Config) parameters.
                    "mailbox-type" : "akka.dispatch.UnboundedControlAwareMailbox"
                },
                # reference.conf @ jar:file:/app/hello-akka-assembly-1.0.jar!/reference.conf: 420
                "unbounded-deque-based" : {
                    # reference.conf @ jar:file:/app/hello-akka-assembly-1.0.jar!/reference.conf: 434
                    # FQCN of the MailboxType, The Class of the FQCN must have a public
                    # constructor with (akka.actor.ActorSystem.Settings,
                    # com.typesafe.config.Config) parameters.
                    "mailbox-type" : "akka.dispatch.UnboundedDequeBasedMailbox"
                },
                # reference.conf @ jar:file:/app/hello-akka-assembly-1.0.jar!/reference.conf: 406
                "unbounded-queue-based" : {
                    # reference.conf @ jar:file:/app/hello-akka-assembly-1.0.jar!/reference.conf: 420
                    # FQCN of the MailboxType, The Class of the FQCN must have a public
                    # constructor with (akka.actor.ActorSystem.Settings,
                    # com.typesafe.config.Config) parameters.
                    "mailbox-type" : "akka.dispatch.UnboundedMailbox"
                }
            },
            # reference.conf @ jar:file:/app/hello-akka-assembly-1.0.jar!/reference.conf: 75
            # FQCN of the ActorRefProvider to be used; the below is the built-in default,
            # another one is akka.remote.RemoteActorRefProvider in the akka-remote bundle.
            "provider" : "akka.actor.LocalActorRefProvider",
            # reference.conf @ jar:file:/app/hello-akka-assembly-1.0.jar!/reference.conf: 87
            # Frequency with which stopping actors are prodded in case they had to be
            # removed from their parents
            "reaper-interval" : "5s",
            # reference.conf @ jar:file:/app/hello-akka-assembly-1.0.jar!/reference.conf: 109
            "router" : {
                # reference.conf @ jar:file:/app/hello-akka-assembly-1.0.jar!/reference.conf: 109
                # Mapping between ´deployment.router' short names to fully qualified class names
                "type-mapping" : {
                    # reference.conf @ jar:file:/app/hello-akka-assembly-1.0.jar!/reference.conf: 115
                    "balancing-pool" : "akka.routing.BalancingPool",
                    # reference.conf @ jar:file:/app/hello-akka-assembly-1.0.jar!/reference.conf: 118
                    "broadcast-group" : "akka.routing.BroadcastGroup",
                    # reference.conf @ jar:file:/app/hello-akka-assembly-1.0.jar!/reference.conf: 117
                    "broadcast-pool" : "akka.routing.BroadcastPool",
                    # reference.conf @ jar:file:/app/hello-akka-assembly-1.0.jar!/reference.conf: 124
                    "consistent-hashing-group" : "akka.routing.ConsistentHashingGroup",
                    # reference.conf @ jar:file:/app/hello-akka-assembly-1.0.jar!/reference.conf: 123
                    "consistent-hashing-pool" : "akka.routing.ConsistentHashingPool",
                    # reference.conf @ jar:file:/app/hello-akka-assembly-1.0.jar!/reference.conf: 110
                    "from-code" : "akka.routing.NoRouter",
                    # reference.conf @ jar:file:/app/hello-akka-assembly-1.0.jar!/reference.conf: 114
                    "random-group" : "akka.routing.RandomGroup",
                    # reference.conf @ jar:file:/app/hello-akka-assembly-1.0.jar!/reference.conf: 113
                    "random-pool" : "akka.routing.RandomPool",
                    # reference.conf @ jar:file:/app/hello-akka-assembly-1.0.jar!/reference.conf: 112
                    "round-robin-group" : "akka.routing.RoundRobinGroup",
                    # reference.conf @ jar:file:/app/hello-akka-assembly-1.0.jar!/reference.conf: 111
                    "round-robin-pool" : "akka.routing.RoundRobinPool",
                    # reference.conf @ jar:file:/app/hello-akka-assembly-1.0.jar!/reference.conf: 120
                    "scatter-gather-group" : "akka.routing.ScatterGatherFirstCompletedGroup",
                    # reference.conf @ jar:file:/app/hello-akka-assembly-1.0.jar!/reference.conf: 119
                    "scatter-gather-pool" : "akka.routing.ScatterGatherFirstCompletedPool",
                    # reference.conf @ jar:file:/app/hello-akka-assembly-1.0.jar!/reference.conf: 116
                    "smallest-mailbox-pool" : "akka.routing.SmallestMailboxPool",
                    # reference.conf @ jar:file:/app/hello-akka-assembly-1.0.jar!/reference.conf: 122
                    "tail-chopping-group" : "akka.routing.TailChoppingGroup",
                    # reference.conf @ jar:file:/app/hello-akka-assembly-1.0.jar!/reference.conf: 121
                    "tail-chopping-pool" : "akka.routing.TailChoppingPool"
                }
            },
            # reference.conf @ jar:file:/app/hello-akka-assembly-1.0.jar!/reference.conf: 494
            # Class to Serializer binding. You only need to specify the name of an
            # interface or abstract base class of the messages. In case of ambiguity it
            # is using the most specific configured class, or giving a warning and
            # choosing the “first” one.
            # 
            # To disable one of the default serializers, assign its class to "none", like
            # "java.io.Serializable" = none
            "serialization-bindings" : {
                # reference.conf @ jar:file:/app/hello-akka-assembly-1.0.jar!/reference.conf: 505
                "[B" : "bytes",
                # reference.conf @ jar:file:/app/hello-akka-assembly-1.0.jar!/reference.conf: 506
                "java.io.Serializable" : "java"
            },
            # reference.conf @ jar:file:/app/hello-akka-assembly-1.0.jar!/reference.conf: 505
            # Configuration namespace of serialization identifiers.
            # Each serializer implementation must have an entry in the following format:
            # `akka.actor.serialization-identifiers."FQCN" = ID`
            # where `FQCN` is fully qualified class name of the serializer implementation
            # and `ID` is globally unique serializer identifier number.
            # Identifier values from 0 to 16 are reserved for Akka internal usage.
            "serialization-identifiers" : {
                # reference.conf @ jar:file:/app/hello-akka-assembly-1.0.jar!/reference.conf: 517
                "akka.serialization.ByteArraySerializer" : 4,
                # reference.conf @ jar:file:/app/hello-akka-assembly-1.0.jar!/reference.conf: 516
                "akka.serialization.JavaSerializer" : 1
            },
            # reference.conf @ jar:file:/app/hello-akka-assembly-1.0.jar!/reference.conf: 96
            # Serializes and deserializes creators (in Props) to ensure that they can be
            # sent over the network, this is only intended for testing. Purely local deployments
            # as marked with deploy.scope == LocalScope are exempt from verification.
            "serialize-creators" : "off",
            # reference.conf @ jar:file:/app/hello-akka-assembly-1.0.jar!/reference.conf: 91
            # Serializes and deserializes (non-primitive) messages to ensure immutability,
            # this is only intended for testing.
            "serialize-messages" : "off",
            # reference.conf @ jar:file:/app/hello-akka-assembly-1.0.jar!/reference.conf: 482
            # Entries for pluggable serializers and their bindings.
            "serializers" : {
                # reference.conf @ jar:file:/app/hello-akka-assembly-1.0.jar!/reference.conf: 494
                "bytes" : "akka.serialization.ByteArraySerializer",
                # reference.conf @ jar:file:/app/hello-akka-assembly-1.0.jar!/reference.conf: 493
                "java" : "akka.serialization.JavaSerializer"
            },
            # reference.conf @ jar:file:/app/hello-akka-assembly-1.0.jar!/reference.conf: 103
            "typed" : {
                # reference.conf @ jar:file:/app/hello-akka-assembly-1.0.jar!/reference.conf: 105
                # Default timeout for typed actor methods with non-void return type
                "timeout" : "5s"
            },
            # reference.conf @ jar:file:/app/hello-akka-assembly-1.0.jar!/reference.conf: 101
            # Timeout for send operations to top-level actors which are in the process
            # of being started. This is only relevant if using a bounded mailbox or the
            # CallingThreadDispatcher for a top-level actor.
            "unstarted-push-timeout" : "10s"
        },
        # reference.conf @ jar:file:/app/hello-akka-assembly-1.0.jar!/reference.conf: 65
        # Toggles whether threads created by this ActorSystem should be daemons or not
        "daemonic" : "off",
        # reference.conf @ jar:file:/app/hello-akka-assembly-1.0.jar!/reference.conf: 62
        # List FQCN of extensions which shall be loaded at actor system startup.
        # Should be on the format: 'extensions = ["foo", "bar"]' etc.
        # See the Akka Documentation for more info about Extensions
        "extensions" : [],
        # reference.conf @ jar:file:/app/hello-akka-assembly-1.0.jar!/reference.conf: 13
        # Home directory of Akka, modules in the deploy directory will be loaded
        "home" : "",
        # reference.conf @ jar:file:/app/hello-akka-assembly-1.0.jar!/reference.conf: 560
        "io" : {
            # reference.conf @ jar:file:/app/hello-akka-assembly-1.0.jar!/reference.conf: 780
            "dns" : {
                # reference.conf @ jar:file:/app/hello-akka-assembly-1.0.jar!/reference.conf: 794
                # Fully qualified config path which holds the dispatcher configuration
                # for the manager and resolver router actors.
                # For actual router configuration see akka.actor.deployment./IO-DNS/*
                "dispatcher" : "akka.actor.default-dispatcher",
                # reference.conf @ jar:file:/app/hello-akka-assembly-1.0.jar!/reference.conf: 789
                "inet-address" : {
                    # reference.conf @ jar:file:/app/hello-akka-assembly-1.0.jar!/reference.conf: 809
                    # How often to sweep out expired cache entries.
                    # Note that this interval has nothing to do with TTLs
                    "cache-cleanup-interval" : "120s",
                    # reference.conf @ jar:file:/app/hello-akka-assembly-1.0.jar!/reference.conf: 805
                    "negative-ttl" : "10s",
                    # reference.conf @ jar:file:/app/hello-akka-assembly-1.0.jar!/reference.conf: 804
                    # These TTLs are set to default java 6 values
                    "positive-ttl" : "30s",
                    # reference.conf @ jar:file:/app/hello-akka-assembly-1.0.jar!/reference.conf: 801
                    # Must implement akka.io.DnsProvider
                    "provider-object" : "akka.io.InetAddressDnsProvider"
                },
                # reference.conf @ jar:file:/app/hello-akka-assembly-1.0.jar!/reference.conf: 797
                # Name of the subconfig at path akka.io.dns, see inet-address below
                "resolver" : "inet-address"
            },
            # reference.conf @ jar:file:/app/hello-akka-assembly-1.0.jar!/reference.conf: 564
            # By default the select loops run on dedicated threads, hence using a
            # PinnedDispatcher
            "pinned-dispatcher" : {
                # reference.conf @ jar:file:/app/hello-akka-assembly-1.0.jar!/reference.conf: 576
                "executor" : "thread-pool-executor",
                # reference.conf @ jar:file:/app/hello-akka-assembly-1.0.jar!/reference.conf: 577
                "thread-pool-executor" : {
                    # reference.conf @ jar:file:/app/hello-akka-assembly-1.0.jar!/reference.conf: 577
                    "allow-core-timeout" : "off"
                },
                # reference.conf @ jar:file:/app/hello-akka-assembly-1.0.jar!/reference.conf: 575
                "type" : "PinnedDispatcher"
            },
            # reference.conf @ jar:file:/app/hello-akka-assembly-1.0.jar!/reference.conf: 570
            "tcp" : {
                # reference.conf @ jar:file:/app/hello-akka-assembly-1.0.jar!/reference.conf: 602
                # The maximum number of connection that are accepted in one go,
                # higher numbers decrease latency, lower numbers increase fairness on
                # the worker-dispatcher
                "batch-accept-limit" : 10,
                # reference.conf @ jar:file:/app/hello-akka-assembly-1.0.jar!/reference.conf: 610
                # The maximal number of direct buffers kept in the direct buffer pool for
                # reuse.
                "direct-buffer-pool-limit" : 1000,
                # reference.conf @ jar:file:/app/hello-akka-assembly-1.0.jar!/reference.conf: 606
                # The number of bytes per direct buffer in the pool used to read or write
                # network data from the kernel.
                "direct-buffer-size" : "128 KiB",
                # reference.conf @ jar:file:/app/hello-akka-assembly-1.0.jar!/reference.conf: 643
                # Fully qualified config path which holds the dispatcher configuration
                # on which file IO tasks are scheduled
                "file-io-dispatcher" : "akka.actor.default-dispatcher",
                # reference.conf @ jar:file:/app/hello-akka-assembly-1.0.jar!/reference.conf: 651
                # The maximum number of bytes (or "unlimited") to transfer in one batch
                # when using `WriteFile` command which uses `FileChannel.transferTo` to
                # pipe files to a TCP socket. On some OS like Linux `FileChannel.transferTo`
                # may block for a long time when network IO is faster than file IO.
                # Decreasing the value may improve fairness while increasing may improve
                # throughput.
                "file-io-transferTo-limit" : "512 KiB",
                # reference.conf @ jar:file:/app/hello-akka-assembly-1.0.jar!/reference.conf: 656
                # The number of times to retry the `finishConnect` call after being notified about
                # OP_CONNECT. Retries are needed if the OP_CONNECT notification doesn't imply that
                # `finishConnect` will succeed, which is the case on Android.
                "finish-connect-retries" : 5,
                # reference.conf @ jar:file:/app/hello-akka-assembly-1.0.jar!/reference.conf: 639
                # Fully qualified config path which holds the dispatcher configuration
                # for the selector management actors
                "management-dispatcher" : "akka.actor.default-dispatcher",
                # reference.conf @ jar:file:/app/hello-akka-assembly-1.0.jar!/reference.conf: 592
                # Maximum number of open channels supported by this TCP module; there is
                # no intrinsic general limit, this setting is meant to enable DoS
                # protection by limiting the number of concurrently connected clients.
                # Also note that this is a "soft" limit; in certain cases the implementation
                # will accept a few connections more or a few less than the number configured
                # here. Must be an integer > 0 or "unlimited".
                "max-channels" : 256000,
                # reference.conf @ jar:file:/app/hello-akka-assembly-1.0.jar!/reference.conf: 622
                # The maximum number of bytes delivered by a `Received` message. Before
                # more data is read from the network the connection actor will try to
                # do other work.
                # The purpose of this setting is to impose a smaller limit than the 
                # configured receive buffer size. When using value 'unlimited' it will
                # try to read all from the receive buffer.
                "max-received-message-size" : "unlimited",
                # reference.conf @ jar:file:/app/hello-akka-assembly-1.0.jar!/reference.conf: 584
                # The number of selectors to stripe the served channels over; each of
                # these will use one select loop on the selector-dispatcher.
                "nr-of-selectors" : 1,
                # reference.conf @ jar:file:/app/hello-akka-assembly-1.0.jar!/reference.conf: 614
                # The duration a connection actor waits for a `Register` message from
                # its commander before aborting the connection.
                "register-timeout" : "5s",
                # reference.conf @ jar:file:/app/hello-akka-assembly-1.0.jar!/reference.conf: 597
                # When trying to assign a new connection to a selector and the chosen
                # selector is at full capacity, retry selector choosing and assignment
                # this many times before giving up
                "selector-association-retries" : 10,
                # reference.conf @ jar:file:/app/hello-akka-assembly-1.0.jar!/reference.conf: 631
                # Fully qualified config path which holds the dispatcher configuration
                # to be used for running the select() calls in the selectors
                "selector-dispatcher" : "akka.io.pinned-dispatcher",
                # reference.conf @ jar:file:/app/hello-akka-assembly-1.0.jar!/reference.conf: 627
                # Enable fine grained logging of what goes on inside the implementation.
                # Be aware that this may log more than once per message sent to the actors
                # of the tcp implementation.
                "trace-logging" : "off",
                # reference.conf @ jar:file:/app/hello-akka-assembly-1.0.jar!/reference.conf: 665
                # On Windows connection aborts are not reliably detected unless an OP_READ is
                # registered on the selector _after_ the connection has been reset. This
                # workaround enables an OP_CONNECT which forces the abort to be visible on Windows.
                # Enabling this setting on other platforms than Windows will cause various failures
                # and undefined behavior.
                # Possible values of this key are on, off and auto where auto will enable the
                # workaround if Windows is detected automatically.
                "windows-connection-abort-workaround-enabled" : "off",
                # reference.conf @ jar:file:/app/hello-akka-assembly-1.0.jar!/reference.conf: 635
                # Fully qualified config path which holds the dispatcher configuration
                # for the read/write worker actors
                "worker-dispatcher" : "akka.actor.default-dispatcher"
            },
            # reference.conf @ jar:file:/app/hello-akka-assembly-1.0.jar!/reference.conf: 658
            "udp" : {
                # reference.conf @ jar:file:/app/hello-akka-assembly-1.0.jar!/reference.conf: 704
                # The maximal number of direct buffers kept in the direct buffer pool for
                # reuse.
                "direct-buffer-pool-limit" : 1000,
                # reference.conf @ jar:file:/app/hello-akka-assembly-1.0.jar!/reference.conf: 700
                # The number of bytes per direct buffer in the pool used to read or write
                # network data from the kernel.
                "direct-buffer-size" : "128 KiB",
                # reference.conf @ jar:file:/app/hello-akka-assembly-1.0.jar!/reference.conf: 726
                # Fully qualified config path which holds the dispatcher configuration
                # for the selector management actors
                "management-dispatcher" : "akka.actor.default-dispatcher",
                # reference.conf @ jar:file:/app/hello-akka-assembly-1.0.jar!/reference.conf: 677
                # Maximum number of open channels supported by this UDP module Generally
                # UDP does not require a large number of channels, therefore it is
                # recommended to keep this setting low.
                "max-channels" : 4096,
                # reference.conf @ jar:file:/app/hello-akka-assembly-1.0.jar!/reference.conf: 672
                # The number of selectors to stripe the served channels over; each of
                # these will use one select loop on the selector-dispatcher.
                "nr-of-selectors" : 1,
                # reference.conf @ jar:file:/app/hello-akka-assembly-1.0.jar!/reference.conf: 696
                # The maximum number of datagrams that are read in one go,
                # higher numbers decrease latency, lower numbers increase fairness on
                # the worker-dispatcher
                "receive-throughput" : 3,
                # reference.conf @ jar:file:/app/hello-akka-assembly-1.0.jar!/reference.conf: 709
                # The maximum number of bytes delivered by a `Received` message. Before
                # more data is read from the network the connection actor will try to
                # do other work.
                "received-message-size-limit" : "unlimited",
                # reference.conf @ jar:file:/app/hello-akka-assembly-1.0.jar!/reference.conf: 686
                # The select loop can be used in two modes:
                # - setting "infinite" will select without a timeout, hogging a thread
                # - setting a positive timeout will do a bounded select call,
                #   enabling sharing of a single thread between multiple selectors
                #   (in this case you will have to use a different configuration for the
                #   selector-dispatcher, e.g. using "type=Dispatcher" with size 1)
                # - setting it to zero means polling, i.e. calling selectNow()
                "select-timeout" : "infinite",
                # reference.conf @ jar:file:/app/hello-akka-assembly-1.0.jar!/reference.conf: 691
                # When trying to assign a new connection to a selector and the chosen
                # selector is at full capacity, retry selector choosing and assignment
                # this many times before giving up
                "selector-association-retries" : 10,
                # reference.conf @ jar:file:/app/hello-akka-assembly-1.0.jar!/reference.conf: 718
                # Fully qualified config path which holds the dispatcher configuration
                # to be used for running the select() calls in the selectors
                "selector-dispatcher" : "akka.io.pinned-dispatcher",
                # reference.conf @ jar:file:/app/hello-akka-assembly-1.0.jar!/reference.conf: 714
                # Enable fine grained logging of what goes on inside the implementation.
                # Be aware that this may log more than once per message sent to the actors
                # of the tcp implementation.
                "trace-logging" : "off",
                # reference.conf @ jar:file:/app/hello-akka-assembly-1.0.jar!/reference.conf: 722
                # Fully qualified config path which holds the dispatcher configuration
                # for the read/write worker actors
                "worker-dispatcher" : "akka.actor.default-dispatcher"
            },
            # reference.conf @ jar:file:/app/hello-akka-assembly-1.0.jar!/reference.conf: 719
            "udp-connected" : {
                # reference.conf @ jar:file:/app/hello-akka-assembly-1.0.jar!/reference.conf: 765
                # The maximal number of direct buffers kept in the direct buffer pool for
                # reuse.
                "direct-buffer-pool-limit" : 1000,
                # reference.conf @ jar:file:/app/hello-akka-assembly-1.0.jar!/reference.conf: 761
                # The number of bytes per direct buffer in the pool used to read or write
                # network data from the kernel.
                "direct-buffer-size" : "128 KiB",
                # reference.conf @ jar:file:/app/hello-akka-assembly-1.0.jar!/reference.conf: 787
                # Fully qualified config path which holds the dispatcher configuration
                # for the selector management actors
                "management-dispatcher" : "akka.actor.default-dispatcher",
                # reference.conf @ jar:file:/app/hello-akka-assembly-1.0.jar!/reference.conf: 738
                # Maximum number of open channels supported by this UDP module Generally
                # UDP does not require a large number of channels, therefore it is
                # recommended to keep this setting low.
                "max-channels" : 4096,
                # reference.conf @ jar:file:/app/hello-akka-assembly-1.0.jar!/reference.conf: 733
                # The number of selectors to stripe the served channels over; each of
                # these will use one select loop on the selector-dispatcher.
                "nr-of-selectors" : 1,
                # reference.conf @ jar:file:/app/hello-akka-assembly-1.0.jar!/reference.conf: 757
                # The maximum number of datagrams that are read in one go,
                # higher numbers decrease latency, lower numbers increase fairness on
                # the worker-dispatcher
                "receive-throughput" : 3,
                # reference.conf @ jar:file:/app/hello-akka-assembly-1.0.jar!/reference.conf: 770
                # The maximum number of bytes delivered by a `Received` message. Before
                # more data is read from the network the connection actor will try to
                # do other work.
                "received-message-size-limit" : "unlimited",
                # reference.conf @ jar:file:/app/hello-akka-assembly-1.0.jar!/reference.conf: 747
                # The select loop can be used in two modes:
                # - setting "infinite" will select without a timeout, hogging a thread
                # - setting a positive timeout will do a bounded select call,
                #   enabling sharing of a single thread between multiple selectors
                #   (in this case you will have to use a different configuration for the
                #   selector-dispatcher, e.g. using "type=Dispatcher" with size 1)
                # - setting it to zero means polling, i.e. calling selectNow()
                "select-timeout" : "infinite",
                # reference.conf @ jar:file:/app/hello-akka-assembly-1.0.jar!/reference.conf: 752
                # When trying to assign a new connection to a selector and the chosen
                # selector is at full capacity, retry selector choosing and assignment
                # this many times before giving up
                "selector-association-retries" : 10,
                # reference.conf @ jar:file:/app/hello-akka-assembly-1.0.jar!/reference.conf: 779
                # Fully qualified config path which holds the dispatcher configuration
                # to be used for running the select() calls in the selectors
                "selector-dispatcher" : "akka.io.pinned-dispatcher",
                # reference.conf @ jar:file:/app/hello-akka-assembly-1.0.jar!/reference.conf: 775
                # Enable fine grained logging of what goes on inside the implementation.
                # Be aware that this may log more than once per message sent to the actors
                # of the tcp implementation.
                "trace-logging" : "off",
                # reference.conf @ jar:file:/app/hello-akka-assembly-1.0.jar!/reference.conf: 783
                # Fully qualified config path which holds the dispatcher configuration
                # for the read/write worker actors
                "worker-dispatcher" : "akka.actor.default-dispatcher"
            }
        },
        # reference.conf @ jar:file:/app/hello-akka-assembly-1.0.jar!/reference.conf: 69
        # JVM shutdown, System.exit(-1), in case of a fatal error,
        # such as OutOfMemoryError
        "jvm-exit-on-fatal-error" : "on",
        # application.conf @ jar:file:/app/hello-akka-assembly-1.0.jar!/application.conf: 2
        "log-config-on-start" : "on",
        # reference.conf @ jar:file:/app/hello-akka-assembly-1.0.jar!/reference.conf: 52
        # Log at info level when messages are sent to dead letters.
        # Possible values:
        # on: all dead letters are logged
        # off: no logging of dead letters
        # n: positive integer, number of dead letters that will be logged
        "log-dead-letters" : 10,
        # reference.conf @ jar:file:/app/hello-akka-assembly-1.0.jar!/reference.conf: 57
        # Possibility to turn off logging of dead letters while the actor system
        # is shutting down. Logging is only done when enabled by 'log-dead-letters'
        # setting.
        "log-dead-letters-during-shutdown" : "on",
        # reference.conf @ jar:file:/app/hello-akka-assembly-1.0.jar!/reference.conf: 31
        # Loggers are created and registered synchronously during ActorSystem
        # start-up, and since they are actors, this timeout is used to bound the
        # waiting time
        "logger-startup-timeout" : "5s",
        # application.conf @ jar:file:/app/hello-akka-assembly-1.0.jar!/application.conf: 4
        "loggers" : [
            # application.conf @ jar:file:/app/hello-akka-assembly-1.0.jar!/application.conf: 4
            "akka.event.slf4j.Slf4jLogger"
        ],
        # application.conf @ jar:file:/app/hello-akka-assembly-1.0.jar!/application.conf: 9
        "logging-filter" : "akka.event.slf4j.Slf4jLoggingFilter",
        # application.conf @ jar:file:/app/hello-akka-assembly-1.0.jar!/application.conf: 7
        # Options: ERROR, WARNING, INFO, DEBUG
        "loglevel" : "DEBUG",
        # reference.conf @ jar:file:/app/hello-akka-assembly-1.0.jar!/reference.conf: 525
        # Used to set the behavior of the scheduler.
        # Changing the default values may change the system behavior drastically so make
        # sure you know what you're doing! See the Scheduler section of the Akka
        # Documentation for more details.
        "scheduler" : {
            # reference.conf @ jar:file:/app/hello-akka-assembly-1.0.jar!/reference.conf: 561
            # This setting selects the timer implementation which shall be loaded at
            # system start-up.
            # The class given here must implement the akka.actor.Scheduler interface
            # and offer a public constructor which takes three arguments:
            #  1) com.typesafe.config.Config
            #  2) akka.event.LoggingAdapter
            #  3) java.util.concurrent.ThreadFactory
            "implementation" : "akka.actor.LightArrayRevolverScheduler",
            # reference.conf @ jar:file:/app/hello-akka-assembly-1.0.jar!/reference.conf: 567
            # When shutting down the scheduler, there will typically be a thread which
            # needs to be stopped, and this timeout determines how long to wait for
            # that to happen. In case of timeout the shutdown of the actor system will
            # proceed without running possibly still enqueued tasks.
            "shutdown-timeout" : "5s",
            # reference.conf @ jar:file:/app/hello-akka-assembly-1.0.jar!/reference.conf: 545
            # The LightArrayRevolverScheduler is used as the default scheduler in the
            # system. It does not execute the scheduled tasks on exact time, but on every
            # tick, it will run everything that is (over)due. You can increase or decrease
            # the accuracy of the execution timing by specifying smaller or larger tick
            # duration. If you are scheduling a lot of tasks you should consider increasing
            # the ticks per wheel.
            # Note that it might take up to 1 tick to stop the Timer, so setting the
            # tick-duration to a high value will make shutting down the actor system
            # take longer.
            "tick-duration" : "10ms",
            # reference.conf @ jar:file:/app/hello-akka-assembly-1.0.jar!/reference.conf: 552
            # The timer uses a circular wheel of buckets to store the timer tasks.
            # This should be set such that the majority of scheduled timeouts (for high
            # scheduling frequency) will be shorter than one rotation of the wheel
            # (ticks-per-wheel * ticks-duration)
            # THIS MUST BE A POWER OF TWO!
            "ticks-per-wheel" : 512
        },
        # reference.conf @ jar:file:/app/hello-akka-assembly-1.0.jar!/reference.conf: 41
        # Log level for the very basic logger activated during ActorSystem startup.
        # This logger prints the log messages to stdout (System.out).
        # Options: OFF, ERROR, WARNING, INFO, DEBUG
        "stdout-loglevel" : "WARNING",
        # reference.conf @ jar:file:/app/hello-akka-assembly-1.0.jar!/reference.conf: 10
        # Akka version, checked against the runtime version of Akka.
        "version" : "2.4.0"
    },
    # system properties
    "awt" : {
        # system properties
        "toolkit" : "sun.awt.X11.XToolkit"
    },
    # system properties
    "file" : {
        # system properties
        "encoding" : {
            # system properties
            "pkg" : "sun.io"
        },
        # system properties
        "separator" : "/"
    },
    # system properties
    "java" : {
        # system properties
        "awt" : {
            # system properties
            "graphicsenv" : "sun.awt.X11GraphicsEnvironment",
            # system properties
            "printerjob" : "sun.print.PSPrinterJob"
        },
        # system properties
        "class" : {
            # system properties
            "path" : "/app/hello-akka-assembly-1.0.jar",
            # system properties
            "version" : "52.0"
        },
        # system properties
        "endorsed" : {
            # system properties
            "dirs" : "/usr/lib/jvm/java-8-openjdk-amd64/jre/lib/endorsed"
        },
        # system properties
        "ext" : {
            # system properties
            "dirs" : "/usr/lib/jvm/java-8-openjdk-amd64/jre/lib/ext:/usr/java/packages/lib/ext"
        },
        # system properties
        "home" : "/usr/lib/jvm/java-8-openjdk-amd64/jre",
        # system properties
        "io" : {
            # system properties
            "tmpdir" : "/tmp"
        },
        # system properties
        "library" : {
            # system properties
            "path" : "/usr/java/packages/lib/amd64:/usr/lib/x86_64-linux-gnu/jni:/lib/x86_64-linux-gnu:/usr/lib/x86_64-linux-gnu:/usr/lib/jni:/lib:/usr/lib"
        },
        # system properties
        "runtime" : {
            # system properties
            "name" : "OpenJDK Runtime Environment",
            # system properties
            "version" : "1.8.0_66-internal-b17"
        },
        # system properties
        "specification" : {
            # system properties
            "name" : "Java Platform API Specification",
            # system properties
            "vendor" : "Oracle Corporation",
            # system properties
            "version" : "1.8"
        },
        # system properties
        "vendor" : {
            # system properties
            "url" : {
                # system properties
                "bug" : "http://bugreport.sun.com/bugreport/"
            }
        },
        # system properties
        "version" : "1.8.0_66-internal",
        # system properties
        "vm" : {
            # system properties
            "info" : "mixed mode",
            # system properties
            "name" : "OpenJDK 64-Bit Server VM",
            # system properties
            "specification" : {
                # system properties
                "name" : "Java Virtual Machine Specification",
                # system properties
                "vendor" : "Oracle Corporation",
                # system properties
                "version" : "1.8"
            },
            # system properties
            "vendor" : "Oracle Corporation",
            # system properties
            "version" : "25.66-b17"
        }
    },
    # system properties
    "line" : {
        # system properties
        "separator" : "\n"
    },
    # system properties
    "os" : {
        # system properties
        "arch" : "amd64",
        # system properties
        "name" : "Linux",
        # system properties
        "version" : "4.1.12-boot2docker"
    },
    # system properties
    "path" : {
        # system properties
        "separator" : ":"
    },
    # system properties
    "sun" : {
        # system properties
        "arch" : {
            # system properties
            "data" : {
                # system properties
                "model" : "64"
            }
        },
        # system properties
        "boot" : {
            # system properties
            "class" : {
                # system properties
                "path" : "/usr/lib/jvm/java-8-openjdk-amd64/jre/lib/resources.jar:/usr/lib/jvm/java-8-openjdk-amd64/jre/lib/rt.jar:/usr/lib/jvm/java-8-openjdk-amd64/jre/lib/sunrsasign.jar:/usr/lib/jvm/java-8-openjdk-amd64/jre/lib/jsse.jar:/usr/lib/jvm/java-8-openjdk-amd64/jre/lib/jce.jar:/usr/lib/jvm/java-8-openjdk-amd64/jre/lib/charsets.jar:/usr/lib/jvm/java-8-openjdk-amd64/jre/lib/jfr.jar:/usr/lib/jvm/java-8-openjdk-amd64/jre/classes"
            },
            # system properties
            "library" : {
                # system properties
                "path" : "/usr/lib/jvm/java-8-openjdk-amd64/jre/lib/amd64"
            }
        },
        # system properties
        "cpu" : {
            # system properties
            "endian" : "little",
            # system properties
            "isalist" : ""
        },
        # system properties
        "io" : {
            # system properties
            "unicode" : {
                # system properties
                "encoding" : "UnicodeLittle"
            }
        },
        # system properties
        "java" : {
            # system properties
            "command" : "/app/hello-akka-assembly-1.0.jar",
            # system properties
            "launcher" : "SUN_STANDARD"
        },
        # system properties
        "jnu" : {
            # system properties
            "encoding" : "UTF-8"
        },
        # system properties
        "management" : {
            # system properties
            "compiler" : "HotSpot 64-Bit Tiered Compilers"
        },
        # system properties
        "os" : {
            # system properties
            "patch" : {
                # system properties
                "level" : "unknown"
            }
        }
    },
    # system properties
    "user" : {
        # system properties
        "dir" : "/",
        # system properties
        "home" : "/root",
        # system properties
        "language" : "en",
        # system properties
        "name" : "root",
        # system properties
        "timezone" : ""
    }
}

2015-11-03 22:10:10,718 INFO  nl.rdj.Greeter  - Hello
2015-11-03 22:10:10,745 INFO  nl.rdj.Greeter  - Hello
2015-11-03 22:10:10,747 INFO  nl.rdj.HelloAkkaScala$  - Greeting: hello, akka
2015-11-03 22:10:10,748 INFO  nl.rdj.Greeter  - Hello
2015-11-03 22:10:10,748 INFO  nl.rdj.HelloAkkaScala$  - Greeting: hello, typesafe
2015-11-03 22:10:10,752 INFO  nl.rdj.Greeter  - Hello
2015-11-03 22:10:10,752 INFO  nl.rdj.GreetPrinter  - hello, typesafe
2015-11-03 22:10:11,755 INFO  nl.rdj.Greeter  - Hello
2015-11-03 22:10:11,756 INFO  nl.rdj.GreetPrinter  - hello, typesafe
2015-11-03 22:10:12,765 INFO  nl.rdj.Greeter  - Hello
2015-11-03 22:10:12,765 INFO  nl.rdj.GreetPrinter  - hello, typesafe
2015-11-03 22:10:13,767 INFO  nl.rdj.Greeter  - Hello
2015-11-03 22:10:13,769 INFO  nl.rdj.GreetPrinter  - hello, typesafe
2015-11-03 22:10:14,766 INFO  nl.rdj.Greeter  - Hello
2015-11-03 22:10:14,766 INFO  nl.rdj.GreetPrinter  - hello, typesafe
2015-11-03 22:10:15,755 INFO  nl.rdj.Greeter  - Hello
2015-11-03 22:10:15,755 INFO  nl.rdj.GreetPrinter  - hello, typesafe
2015-11-03 22:10:16,755 INFO  nl.rdj.Greeter  - Hello
2015-11-03 22:10:16,756 INFO  nl.rdj.GreetPrinter  - hello, typesafe
2015-11-03 22:10:17,755 INFO  nl.rdj.Greeter  - Hello
2015-11-03 22:10:17,756 INFO  nl.rdj.GreetPrinter  - hello, typesafe
2015-11-03 22:10:18,756 INFO  nl.rdj.Greeter  - Hello
2015-11-03 22:10:18,756 INFO  nl.rdj.GreetPrinter  - hello, typesafe
2015-11-03 22:10:19,755 INFO  nl.rdj.Greeter  - Hello
2015-11-03 22:10:19,756 INFO  nl.rdj.GreetPrinter  - hello, typesafe
2015-11-03 22:10:20,757 INFO  nl.rdj.Greeter  - Hello
2015-11-03 22:10:20,757 INFO  nl.rdj.GreetPrinter  - hello, typesafe
2015-11-03 22:10:21,755 INFO  nl.rdj.Greeter  - Hello
2015-11-03 22:10:21,756 INFO  nl.rdj.GreetPrinter  - hello, typesafe
2015-11-03 22:10:22,755 INFO  nl.rdj.Greeter  - Hello
2015-11-03 22:10:22,756 INFO  nl.rdj.GreetPrinter  - hello, typesafe
2015-11-03 22:10:23,757 INFO  nl.rdj.Greeter  - Hello
2015-11-03 22:10:23,757 INFO  nl.rdj.GreetPrinter  - hello, typesafe
2015-11-03 22:10:24,755 INFO  nl.rdj.Greeter  - Hello
2015-11-03 22:10:24,756 INFO  nl.rdj.GreetPrinter  - hello, typesafe
2015-11-03 22:10:25,757 INFO  nl.rdj.Greeter  - Hello
2015-11-03 22:10:25,757 INFO  nl.rdj.GreetPrinter  - hello, typesafe
2015-11-03 22:10:26,759 INFO  nl.rdj.Greeter  - Hello
2015-11-03 22:10:26,760 INFO  nl.rdj.GreetPrinter  - hello, typesafe
2015-11-03 22:10:27,766 INFO  nl.rdj.Greeter  - Hello
2015-11-03 22:10:27,766 INFO  nl.rdj.GreetPrinter  - hello, typesafe
2015-11-03 22:10:28,766 INFO  nl.rdj.Greeter  - Hello
2015-11-03 22:10:28,766 INFO  nl.rdj.GreetPrinter  - hello, typesafe
2015-11-03 22:10:29,765 INFO  nl.rdj.Greeter  - Hello
2015-11-03 22:10:29,765 INFO  nl.rdj.GreetPrinter  - hello, typesafe
2015-11-03 22:10:30,765 INFO  nl.rdj.Greeter  - Hello
2015-11-03 22:10:30,765 INFO  nl.rdj.GreetPrinter  - hello, typesafe
2015-11-03 22:10:31,765 INFO  nl.rdj.Greeter  - Hello
2015-11-03 22:10:31,765 INFO  nl.rdj.GreetPrinter  - hello, typesafe
2015-11-03 22:10:32,768 INFO  nl.rdj.Greeter  - Hello
2015-11-03 22:10:32,769 INFO  nl.rdj.GreetPrinter  - hello, typesafe
2015-11-03 22:10:33,765 INFO  nl.rdj.Greeter  - Hello
2015-11-03 22:10:33,765 INFO  nl.rdj.GreetPrinter  - hello, typesafe
2015-11-03 22:10:34,766 INFO  nl.rdj.Greeter  - Hello
2015-11-03 22:10:34,767 INFO  nl.rdj.GreetPrinter  - hello, typesafe
2015-11-03 22:10:35,767 INFO  nl.rdj.Greeter  - Hello
2015-11-03 22:10:35,768 INFO  nl.rdj.GreetPrinter  - hello, typesafe
2015-11-03 22:10:36,765 INFO  nl.rdj.Greeter  - Hello
2015-11-03 22:10:36,765 INFO  nl.rdj.GreetPrinter  - hello, typesafe
2015-11-03 22:10:37,767 INFO  nl.rdj.Greeter  - Hello
2015-11-03 22:10:37,767 INFO  nl.rdj.GreetPrinter  - hello, typesafe
2015-11-03 22:10:38,765 INFO  nl.rdj.Greeter  - Hello
2015-11-03 22:10:38,766 INFO  nl.rdj.GreetPrinter  - hello, typesafe
2015-11-03 22:10:39,767 INFO  nl.rdj.Greeter  - Hello
2015-11-03 22:10:39,767 INFO  nl.rdj.GreetPrinter  - hello, typesafe
2015-11-03 22:10:40,766 INFO  nl.rdj.Greeter  - Hello
2015-11-03 22:10:40,766 INFO  nl.rdj.GreetPrinter  - hello, typesafe
2015-11-03 22:10:41,766 INFO  nl.rdj.Greeter  - Hello
2015-11-03 22:10:41,766 INFO  nl.rdj.GreetPrinter  - hello, typesafe
2015-11-03 22:10:42,766 INFO  nl.rdj.Greeter  - Hello
2015-11-03 22:10:42,766 INFO  nl.rdj.GreetPrinter  - hello, typesafe
2015-11-03 22:10:43,755 INFO  nl.rdj.Greeter  - Hello
2015-11-03 22:10:43,756 INFO  nl.rdj.GreetPrinter  - hello, typesafe
2015-11-03 22:10:44,755 INFO  nl.rdj.Greeter  - Hello
2015-11-03 22:10:44,755 INFO  nl.rdj.GreetPrinter  - hello, typesafe
2015-11-03 22:10:45,757 INFO  nl.rdj.Greeter  - Hello
2015-11-03 22:10:45,758 INFO  nl.rdj.GreetPrinter  - hello, typesafe
2015-11-03 22:10:46,757 INFO  nl.rdj.Greeter  - Hello
2015-11-03 22:10:46,757 INFO  nl.rdj.GreetPrinter  - hello, typesafe
2015-11-03 22:10:47,765 INFO  nl.rdj.Greeter  - Hello
2015-11-03 22:10:47,766 INFO  nl.rdj.GreetPrinter  - hello, typesafe
2015-11-03 22:10:48,768 INFO  nl.rdj.Greeter  - Hello
2015-11-03 22:10:48,769 INFO  nl.rdj.GreetPrinter  - hello, typesafe
2015-11-03 22:10:49,765 INFO  nl.rdj.Greeter  - Hello
2015-11-03 22:10:49,766 INFO  nl.rdj.GreetPrinter  - hello, typesafe
2015-11-03 22:10:50,766 INFO  nl.rdj.Greeter  - Hello
2015-11-03 22:10:50,767 INFO  nl.rdj.GreetPrinter  - hello, typesafe
2015-11-03 22:10:51,766 INFO  nl.rdj.Greeter  - Hello
2015-11-03 22:10:51,767 INFO  nl.rdj.GreetPrinter  - hello, typesafe
2015-11-03 22:10:52,766 INFO  nl.rdj.Greeter  - Hello
2015-11-03 22:10:52,766 INFO  nl.rdj.GreetPrinter  - hello, typesafe
2015-11-03 22:10:53,766 INFO  nl.rdj.Greeter  - Hello
2015-11-03 22:10:53,766 INFO  nl.rdj.GreetPrinter  - hello, typesafe
2015-11-03 22:10:54,765 INFO  nl.rdj.Greeter  - Hello
2015-11-03 22:10:54,766 INFO  nl.rdj.GreetPrinter  - hello, typesafe
2015-11-03 22:10:55,765 INFO  nl.rdj.Greeter  - Hello
2015-11-03 22:10:55,766 INFO  nl.rdj.GreetPrinter  - hello, typesafe
2015-11-03 22:10:56,768 INFO  nl.rdj.Greeter  - Hello
2015-11-03 22:10:56,769 INFO  nl.rdj.GreetPrinter  - hello, typesafe
2015-11-03 22:10:57,766 INFO  nl.rdj.Greeter  - Hello
2015-11-03 22:10:57,767 INFO  nl.rdj.GreetPrinter  - hello, typesafe
2015-11-03 22:10:58,765 INFO  nl.rdj.Greeter  - Hello
2015-11-03 22:10:58,766 INFO  nl.rdj.GreetPrinter  - hello, typesafe
2015-11-03 22:10:59,765 INFO  nl.rdj.Greeter  - Hello
2015-11-03 22:10:59,766 INFO  nl.rdj.GreetPrinter  - hello, typesafe
2015-11-03 22:11:00,765 INFO  nl.rdj.Greeter  - Hello
2015-11-03 22:11:00,766 INFO  nl.rdj.GreetPrinter  - hello, typesafe
2015-11-03 22:11:01,766 INFO  nl.rdj.Greeter  - Hello
2015-11-03 22:11:01,766 INFO  nl.rdj.GreetPrinter  - hello, typesafe
2015-11-03 22:11:02,765 INFO  nl.rdj.Greeter  - Hello
2015-11-03 22:11:02,766 INFO  nl.rdj.GreetPrinter  - hello, typesafe
2015-11-03 22:11:03,768 INFO  nl.rdj.Greeter  - Hello
2015-11-03 22:11:03,768 INFO  nl.rdj.GreetPrinter  - hello, typesafe
2015-11-03 22:11:04,766 INFO  nl.rdj.Greeter  - Hello
2015-11-03 22:11:04,766 INFO  nl.rdj.GreetPrinter  - hello, typesafe
2015-11-03 22:11:05,765 INFO  nl.rdj.Greeter  - Hello
2015-11-03 22:11:05,765 INFO  nl.rdj.GreetPrinter  - hello, typesafe
2015-11-03 22:11:06,756 INFO  nl.rdj.Greeter  - Hello
2015-11-03 22:11:06,756 INFO  nl.rdj.GreetPrinter  - hello, typesafe
2015-11-03 22:11:07,755 INFO  nl.rdj.Greeter  - Hello
2015-11-03 22:11:07,755 INFO  nl.rdj.GreetPrinter  - hello, typesafe
2015-11-03 22:11:08,756 INFO  nl.rdj.Greeter  - Hello
2015-11-03 22:11:08,756 INFO  nl.rdj.GreetPrinter  - hello, typesafe
2015-11-03 22:11:09,757 INFO  nl.rdj.Greeter  - Hello
2015-11-03 22:11:09,758 INFO  nl.rdj.GreetPrinter  - hello, typesafe
2015-11-03 22:11:10,757 INFO  nl.rdj.Greeter  - Hello
2015-11-03 22:11:10,758 INFO  nl.rdj.GreetPrinter  - hello, typesafe
2015-11-03 22:11:11,757 INFO  nl.rdj.Greeter  - Hello
2015-11-03 22:11:11,757 INFO  nl.rdj.GreetPrinter  - hello, typesafe
2015-11-03 22:11:12,756 INFO  nl.rdj.Greeter  - Hello
2015-11-03 22:11:12,757 INFO  nl.rdj.GreetPrinter  - hello, typesafe
2015-11-03 22:11:13,755 INFO  nl.rdj.Greeter  - Hello
2015-11-03 22:11:13,756 INFO  nl.rdj.GreetPrinter  - hello, typesafe
2015-11-03 22:11:14,757 INFO  nl.rdj.Greeter  - Hello
2015-11-03 22:11:14,758 INFO  nl.rdj.GreetPrinter  - hello, typesafe
2015-11-03 22:11:15,766 INFO  nl.rdj.Greeter  - Hello
2015-11-03 22:11:15,766 INFO  nl.rdj.GreetPrinter  - hello, typesafe
2015-11-03 22:11:16,766 INFO  nl.rdj.Greeter  - Hello
2015-11-03 22:11:16,767 INFO  nl.rdj.GreetPrinter  - hello, typesafe
2015-11-03 22:11:17,765 INFO  nl.rdj.Greeter  - Hello
2015-11-03 22:11:17,765 INFO  nl.rdj.GreetPrinter  - hello, typesafe
2015-11-03 22:11:18,766 INFO  nl.rdj.Greeter  - Hello
2015-11-03 22:11:18,766 INFO  nl.rdj.GreetPrinter  - hello, typesafe
2015-11-03 22:11:19,768 INFO  nl.rdj.Greeter  - Hello
2015-11-03 22:11:19,769 INFO  nl.rdj.GreetPrinter  - hello, typesafe
2015-11-03 22:11:20,765 INFO  nl.rdj.Greeter  - Hello
2015-11-03 22:11:20,765 INFO  nl.rdj.GreetPrinter  - hello, typesafe
2015-11-03 22:11:21,770 INFO  nl.rdj.Greeter  - Hello
2015-11-03 22:11:21,770 INFO  nl.rdj.GreetPrinter  - hello, typesafe
2015-11-03 22:11:22,755 INFO  nl.rdj.Greeter  - Hello
2015-11-03 22:11:22,756 INFO  nl.rdj.GreetPrinter  - hello, typesafe
2015-11-03 22:11:23,756 INFO  nl.rdj.Greeter  - Hello
2015-11-03 22:11:23,756 INFO  nl.rdj.GreetPrinter  - hello, typesafe
2015-11-03 22:11:24,756 INFO  nl.rdj.Greeter  - Hello
2015-11-03 22:11:24,757 INFO  nl.rdj.GreetPrinter  - hello, typesafe
2015-11-03 22:11:25,767 INFO  nl.rdj.Greeter  - Hello
2015-11-03 22:11:25,767 INFO  nl.rdj.GreetPrinter  - hello, typesafe
2015-11-03 22:11:26,757 INFO  nl.rdj.Greeter  - Hello
2015-11-03 22:11:26,757 INFO  nl.rdj.GreetPrinter  - hello, typesafe
2015-11-03 22:11:27,766 INFO  nl.rdj.Greeter  - Hello
2015-11-03 22:11:27,766 INFO  nl.rdj.GreetPrinter  - hello, typesafe
2015-11-03 22:11:28,767 INFO  nl.rdj.Greeter  - Hello
2015-11-03 22:11:28,768 INFO  nl.rdj.GreetPrinter  - hello, typesafe
2015-11-03 22:11:29,767 INFO  nl.rdj.Greeter  - Hello
2015-11-03 22:11:29,767 INFO  nl.rdj.GreetPrinter  - hello, typesafe
2015-11-03 22:11:30,765 INFO  nl.rdj.Greeter  - Hello
2015-11-03 22:11:30,766 INFO  nl.rdj.GreetPrinter  - hello, typesafe
2015-11-03 22:11:31,765 INFO  nl.rdj.Greeter  - Hello
2015-11-03 22:11:31,765 INFO  nl.rdj.GreetPrinter  - hello, typesafe
2015-11-03 22:11:32,757 INFO  nl.rdj.Greeter  - Hello
2015-11-03 22:11:32,757 INFO  nl.rdj.GreetPrinter  - hello, typesafe
2015-11-03 22:11:33,755 INFO  nl.rdj.Greeter  - Hello
2015-11-03 22:11:33,756 INFO  nl.rdj.GreetPrinter  - hello, typesafe
2015-11-03 22:11:34,764 INFO  nl.rdj.Greeter  - Hello
2015-11-03 22:11:34,765 INFO  nl.rdj.GreetPrinter  - hello, typesafe
2015-11-03 22:11:35,766 INFO  nl.rdj.Greeter  - Hello
2015-11-03 22:11:35,767 INFO  nl.rdj.GreetPrinter  - hello, typesafe
2015-11-03 22:11:36,766 INFO  nl.rdj.Greeter  - Hello
2015-11-03 22:11:36,766 INFO  nl.rdj.GreetPrinter  - hello, typesafe
2015-11-03 22:11:37,765 INFO  nl.rdj.Greeter  - Hello
2015-11-03 22:11:37,765 INFO  nl.rdj.GreetPrinter  - hello, typesafe
2015-11-03 22:11:38,765 INFO  nl.rdj.Greeter  - Hello
2015-11-03 22:11:38,766 INFO  nl.rdj.GreetPrinter  - hello, typesafe
2015-11-03 22:11:39,756 INFO  nl.rdj.Greeter  - Hello
2015-11-03 22:11:39,757 INFO  nl.rdj.GreetPrinter  - hello, typesafe
2015-11-03 22:11:40,755 INFO  nl.rdj.Greeter  - Hello
2015-11-03 22:11:40,756 INFO  nl.rdj.GreetPrinter  - hello, typesafe
2015-11-03 22:11:41,755 INFO  nl.rdj.Greeter  - Hello
2015-11-03 22:11:41,756 INFO  nl.rdj.GreetPrinter  - hello, typesafe
2015-11-03 22:11:42,756 INFO  nl.rdj.Greeter  - Hello
2015-11-03 22:11:42,756 INFO  nl.rdj.GreetPrinter  - hello, typesafe
2015-11-03 22:11:43,755 INFO  nl.rdj.Greeter  - Hello
2015-11-03 22:11:43,756 INFO  nl.rdj.GreetPrinter  - hello, typesafe
2015-11-03 22:11:44,761 INFO  nl.rdj.Greeter  - Hello
2015-11-03 22:11:44,761 INFO  nl.rdj.GreetPrinter  - hello, typesafe
2015-11-03 22:11:45,747 INFO  nl.rdj.Greeter  - Hello
2015-11-03 22:11:45,747 INFO  nl.rdj.GreetPrinter  - hello, typesafe
2015-11-03 22:11:46,766 INFO  nl.rdj.Greeter  - Hello
2015-11-03 22:11:46,766 INFO  nl.rdj.GreetPrinter  - hello, typesafe
2015-11-03 22:11:47,769 INFO  nl.rdj.Greeter  - Hello
2015-11-03 22:11:47,769 INFO  nl.rdj.GreetPrinter  - hello, typesafe
2015-11-03 22:11:48,767 INFO  nl.rdj.Greeter  - Hello
2015-11-03 22:11:48,768 INFO  nl.rdj.GreetPrinter  - hello, typesafe
2015-11-03 22:11:49,766 INFO  nl.rdj.Greeter  - Hello
2015-11-03 22:11:49,766 INFO  nl.rdj.GreetPrinter  - hello, typesafe
2015-11-03 22:11:50,765 INFO  nl.rdj.Greeter  - Hello
2015-11-03 22:11:50,766 INFO  nl.rdj.GreetPrinter  - hello, typesafe
2015-11-03 22:11:51,768 INFO  nl.rdj.Greeter  - Hello
2015-11-03 22:11:51,768 INFO  nl.rdj.GreetPrinter  - hello, typesafe
2015-11-03 22:11:52,767 INFO  nl.rdj.Greeter  - Hello
2015-11-03 22:11:52,767 INFO  nl.rdj.GreetPrinter  - hello, typesafe
2015-11-03 22:11:53,771 INFO  nl.rdj.Greeter  - Hello
2015-11-03 22:11:53,771 INFO  nl.rdj.GreetPrinter  - hello, typesafe
2015-11-03 22:11:54,760 INFO  nl.rdj.Greeter  - Hello
2015-11-03 22:11:54,761 INFO  nl.rdj.GreetPrinter  - hello, typesafe
2015-11-03 22:11:55,755 INFO  nl.rdj.Greeter  - Hello
2015-11-03 22:11:55,756 INFO  nl.rdj.GreetPrinter  - hello, typesafe
2015-11-03 22:11:56,775 INFO  nl.rdj.Greeter  - Hello
2015-11-03 22:11:56,776 INFO  nl.rdj.GreetPrinter  - hello, typesafe
2015-11-03 22:11:57,765 INFO  nl.rdj.Greeter  - Hello
2015-11-03 22:11:57,766 INFO  nl.rdj.GreetPrinter  - hello, typesafe
2015-11-03 22:11:58,756 INFO  nl.rdj.Greeter  - Hello
2015-11-03 22:11:58,756 INFO  nl.rdj.GreetPrinter  - hello, typesafe
2015-11-03 22:11:59,765 INFO  nl.rdj.Greeter  - Hello
2015-11-03 22:11:59,766 INFO  nl.rdj.GreetPrinter  - hello, typesafe
2015-11-03 22:12:00,766 INFO  nl.rdj.Greeter  - Hello
2015-11-03 22:12:00,767 INFO  nl.rdj.GreetPrinter  - hello, typesafe
2015-11-03 22:12:01,765 INFO  nl.rdj.Greeter  - Hello
2015-11-03 22:12:01,765 INFO  nl.rdj.GreetPrinter  - hello, typesafe
2015-11-03 22:12:02,765 INFO  nl.rdj.Greeter  - Hello
2015-11-03 22:12:02,766 INFO  nl.rdj.GreetPrinter  - hello, typesafe
2015-11-03 22:12:03,759 INFO  nl.rdj.Greeter  - Hello
2015-11-03 22:12:03,759 INFO  nl.rdj.GreetPrinter  - hello, typesafe
2015-11-03 22:12:04,757 INFO  nl.rdj.Greeter  - Hello
2015-11-03 22:12:04,758 INFO  nl.rdj.GreetPrinter  - hello, typesafe
2015-11-03 22:12:05,756 INFO  nl.rdj.Greeter  - Hello
2015-11-03 22:12:05,756 INFO  nl.rdj.GreetPrinter  - hello, typesafe
2015-11-03 22:12:06,756 INFO  nl.rdj.Greeter  - Hello
2015-11-03 22:12:06,756 INFO  nl.rdj.GreetPrinter  - hello, typesafe
2015-11-03 22:12:07,755 INFO  nl.rdj.Greeter  - Hello
2015-11-03 22:12:07,756 INFO  nl.rdj.GreetPrinter  - hello, typesafe
2015-11-03 22:12:08,757 INFO  nl.rdj.Greeter  - Hello
2015-11-03 22:12:08,757 INFO  nl.rdj.GreetPrinter  - hello, typesafe
2015-11-03 22:12:09,758 INFO  nl.rdj.Greeter  - Hello
2015-11-03 22:12:09,759 INFO  nl.rdj.GreetPrinter  - hello, typesafe
2015-11-03 22:12:10,758 INFO  nl.rdj.Greeter  - Hello
2015-11-03 22:12:10,759 INFO  nl.rdj.GreetPrinter  - hello, typesafe
2015-11-03 22:12:11,756 INFO  nl.rdj.Greeter  - Hello
2015-11-03 22:12:11,756 INFO  nl.rdj.GreetPrinter  - hello, typesafe
2015-11-03 22:12:12,771 INFO  nl.rdj.Greeter  - Hello
2015-11-03 22:12:12,772 INFO  nl.rdj.GreetPrinter  - hello, typesafe
2015-11-03 22:12:13,756 INFO  nl.rdj.Greeter  - Hello
2015-11-03 22:12:13,757 INFO  nl.rdj.GreetPrinter  - hello, typesafe
2015-11-03 22:12:14,769 INFO  nl.rdj.Greeter  - Hello
2015-11-03 22:12:14,769 INFO  nl.rdj.GreetPrinter  - hello, typesafe
2015-11-03 22:12:15,765 INFO  nl.rdj.Greeter  - Hello
2015-11-03 22:12:15,765 INFO  nl.rdj.GreetPrinter  - hello, typesafe
2015-11-03 22:12:16,766 INFO  nl.rdj.Greeter  - Hello
2015-11-03 22:12:16,766 INFO  nl.rdj.GreetPrinter  - hello, typesafe
2015-11-03 22:12:17,766 INFO  nl.rdj.Greeter  - Hello
2015-11-03 22:12:17,766 INFO  nl.rdj.GreetPrinter  - hello, typesafe
2015-11-03 22:12:18,765 INFO  nl.rdj.Greeter  - Hello
2015-11-03 22:12:18,766 INFO  nl.rdj.GreetPrinter  - hello, typesafe
2015-11-03 22:12:19,767 INFO  nl.rdj.Greeter  - Hello
2015-11-03 22:12:19,768 INFO  nl.rdj.GreetPrinter  - hello, typesafe
2015-11-03 22:12:20,770 INFO  nl.rdj.Greeter  - Hello
2015-11-03 22:12:20,771 INFO  nl.rdj.GreetPrinter  - hello, typesafe
2015-11-03 22:12:21,771 INFO  nl.rdj.Greeter  - Hello
2015-11-03 22:12:21,771 INFO  nl.rdj.GreetPrinter  - hello, typesafe
2015-11-03 22:12:22,765 INFO  nl.rdj.Greeter  - Hello
2015-11-03 22:12:22,766 INFO  nl.rdj.GreetPrinter  - hello, typesafe
2015-11-03 22:12:23,765 INFO  nl.rdj.Greeter  - Hello
2015-11-03 22:12:23,765 INFO  nl.rdj.GreetPrinter  - hello, typesafe
2015-11-03 22:12:24,757 INFO  nl.rdj.Greeter  - Hello
2015-11-03 22:12:24,757 INFO  nl.rdj.GreetPrinter  - hello, typesafe
2015-11-03 22:12:25,755 INFO  nl.rdj.Greeter  - Hello
2015-11-03 22:12:25,755 INFO  nl.rdj.GreetPrinter  - hello, typesafe
2015-11-03 22:12:26,757 INFO  nl.rdj.Greeter  - Hello
2015-11-03 22:12:26,757 INFO  nl.rdj.GreetPrinter  - hello, typesafe
2015-11-03 22:12:27,755 INFO  nl.rdj.Greeter  - Hello
2015-11-03 22:12:27,755 INFO  nl.rdj.GreetPrinter  - hello, typesafe
2015-11-03 22:12:28,765 INFO  nl.rdj.Greeter  - Hello
2015-11-03 22:12:28,765 INFO  nl.rdj.GreetPrinter  - hello, typesafe
2015-11-03 22:12:29,767 INFO  nl.rdj.Greeter  - Hello
2015-11-03 22:12:29,767 INFO  nl.rdj.GreetPrinter  - hello, typesafe
2015-11-03 22:12:30,765 INFO  nl.rdj.Greeter  - Hello
2015-11-03 22:12:30,765 INFO  nl.rdj.GreetPrinter  - hello, typesafe
2015-11-03 22:12:31,766 INFO  nl.rdj.Greeter  - Hello
2015-11-03 22:12:31,766 INFO  nl.rdj.GreetPrinter  - hello, typesafe
2015-11-03 22:12:32,769 INFO  nl.rdj.Greeter  - Hello
2015-11-03 22:12:32,769 INFO  nl.rdj.GreetPrinter  - hello, typesafe
2015-11-03 22:12:33,765 INFO  nl.rdj.Greeter  - Hello
2015-11-03 22:12:33,765 INFO  nl.rdj.GreetPrinter  - hello, typesafe
2015-11-03 22:12:34,766 INFO  nl.rdj.Greeter  - Hello
2015-11-03 22:12:34,766 INFO  nl.rdj.GreetPrinter  - hello, typesafe
2015-11-03 22:12:35,766 INFO  nl.rdj.Greeter  - Hello
2015-11-03 22:12:35,766 INFO  nl.rdj.GreetPrinter  - hello, typesafe
2015-11-03 22:12:36,765 INFO  nl.rdj.Greeter  - Hello
2015-11-03 22:12:36,765 INFO  nl.rdj.GreetPrinter  - hello, typesafe
2015-11-03 22:12:37,765 INFO  nl.rdj.Greeter  - Hello
2015-11-03 22:12:37,765 INFO  nl.rdj.GreetPrinter  - hello, typesafe
2015-11-03 22:12:38,765 INFO  nl.rdj.Greeter  - Hello
2015-11-03 22:12:38,765 INFO  nl.rdj.GreetPrinter  - hello, typesafe
2015-11-03 22:12:39,765 INFO  nl.rdj.Greeter  - Hello
2015-11-03 22:12:39,765 INFO  nl.rdj.GreetPrinter  - hello, typesafe
2015-11-03 22:12:40,765 INFO  nl.rdj.Greeter  - Hello
2015-11-03 22:12:40,765 INFO  nl.rdj.GreetPrinter  - hello, typesafe
2015-11-03 22:12:41,765 INFO  nl.rdj.Greeter  - Hello
2015-11-03 22:12:41,766 INFO  nl.rdj.GreetPrinter  - hello, typesafe
2015-11-03 22:12:42,765 INFO  nl.rdj.Greeter  - Hello
2015-11-03 22:12:42,765 INFO  nl.rdj.GreetPrinter  - hello, typesafe
2015-11-03 22:12:43,765 INFO  nl.rdj.Greeter  - Hello
2015-11-03 22:12:43,766 INFO  nl.rdj.GreetPrinter  - hello, typesafe
2015-11-03 22:12:44,770 INFO  nl.rdj.Greeter  - Hello
2015-11-03 22:12:44,770 INFO  nl.rdj.GreetPrinter  - hello, typesafe
2015-11-03 22:12:45,765 INFO  nl.rdj.Greeter  - Hello
2015-11-03 22:12:45,766 INFO  nl.rdj.GreetPrinter  - hello, typesafe
2015-11-03 22:12:46,767 INFO  nl.rdj.Greeter  - Hello
2015-11-03 22:12:46,767 INFO  nl.rdj.GreetPrinter  - hello, typesafe
2015-11-03 22:12:47,767 INFO  nl.rdj.Greeter  - Hello
2015-11-03 22:12:47,767 INFO  nl.rdj.GreetPrinter  - hello, typesafe
2015-11-03 22:12:48,768 INFO  nl.rdj.Greeter  - Hello
2015-11-03 22:12:48,768 INFO  nl.rdj.GreetPrinter  - hello, typesafe
2015-11-03 22:12:49,765 INFO  nl.rdj.Greeter  - Hello
2015-11-03 22:12:49,765 INFO  nl.rdj.GreetPrinter  - hello, typesafe
2015-11-03 22:12:50,767 INFO  nl.rdj.Greeter  - Hello
2015-11-03 22:12:50,768 INFO  nl.rdj.GreetPrinter  - hello, typesafe
2015-11-03 22:12:51,765 INFO  nl.rdj.Greeter  - Hello
2015-11-03 22:12:51,766 INFO  nl.rdj.GreetPrinter  - hello, typesafe
2015-11-03 22:12:52,769 INFO  nl.rdj.Greeter  - Hello
2015-11-03 22:12:52,770 INFO  nl.rdj.GreetPrinter  - hello, typesafe
2015-11-03 22:12:53,765 INFO  nl.rdj.Greeter  - Hello
2015-11-03 22:12:53,766 INFO  nl.rdj.GreetPrinter  - hello, typesafe
2015-11-03 22:12:54,765 INFO  nl.rdj.Greeter  - Hello
2015-11-03 22:12:54,766 INFO  nl.rdj.GreetPrinter  - hello, typesafe
2015-11-03 22:12:55,766 INFO  nl.rdj.Greeter  - Hello
2015-11-03 22:12:55,766 INFO  nl.rdj.GreetPrinter  - hello, typesafe
2015-11-03 22:12:56,765 INFO  nl.rdj.Greeter  - Hello
2015-11-03 22:12:56,765 INFO  nl.rdj.GreetPrinter  - hello, typesafe
2015-11-03 22:12:57,769 INFO  nl.rdj.Greeter  - Hello
2015-11-03 22:12:57,770 INFO  nl.rdj.GreetPrinter  - hello, typesafe
2015-11-03 22:12:58,766 INFO  nl.rdj.Greeter  - Hello
2015-11-03 22:12:58,767 INFO  nl.rdj.GreetPrinter  - hello, typesafe
2015-11-03 22:12:59,765 INFO  nl.rdj.Greeter  - Hello
2015-11-03 22:12:59,765 INFO  nl.rdj.GreetPrinter  - hello, typesafe
2015-11-03 22:13:00,767 INFO  nl.rdj.Greeter  - Hello
2015-11-03 22:13:00,768 INFO  nl.rdj.GreetPrinter  - hello, typesafe
2015-11-03 22:13:01,767 INFO  nl.rdj.Greeter  - Hello
2015-11-03 22:13:01,767 INFO  nl.rdj.GreetPrinter  - hello, typesafe
2015-11-03 22:13:02,765 INFO  nl.rdj.Greeter  - Hello
2015-11-03 22:13:02,765 INFO  nl.rdj.GreetPrinter  - hello, typesafe
2015-11-03 22:13:03,771 INFO  nl.rdj.Greeter  - Hello
2015-11-03 22:13:03,774 INFO  nl.rdj.GreetPrinter  - hello, typesafe
2015-11-03 22:13:04,765 INFO  nl.rdj.Greeter  - Hello
2015-11-03 22:13:04,766 INFO  nl.rdj.GreetPrinter  - hello, typesafe
2015-11-03 22:13:05,757 INFO  nl.rdj.Greeter  - Hello
2015-11-03 22:13:05,757 INFO  nl.rdj.GreetPrinter  - hello, typesafe
2015-11-03 22:13:06,756 INFO  nl.rdj.Greeter  - Hello
2015-11-03 22:13:06,756 INFO  nl.rdj.GreetPrinter  - hello, typesafe
2015-11-03 22:13:07,765 INFO  nl.rdj.Greeter  - Hello
2015-11-03 22:13:07,766 INFO  nl.rdj.GreetPrinter  - hello, typesafe
2015-11-03 22:13:08,766 INFO  nl.rdj.Greeter  - Hello
2015-11-03 22:13:08,766 INFO  nl.rdj.GreetPrinter  - hello, typesafe
2015-11-03 22:13:09,766 INFO  nl.rdj.Greeter  - Hello
2015-11-03 22:13:09,766 INFO  nl.rdj.GreetPrinter  - hello, typesafe
2015-11-03 22:13:10,766 INFO  nl.rdj.Greeter  - Hello
2015-11-03 22:13:10,767 INFO  nl.rdj.GreetPrinter  - hello, typesafe
2015-11-03 22:13:11,766 INFO  nl.rdj.Greeter  - Hello
2015-11-03 22:13:11,767 INFO  nl.rdj.GreetPrinter  - hello, typesafe
2015-11-03 22:13:12,765 INFO  nl.rdj.Greeter  - Hello
2015-11-03 22:13:12,766 INFO  nl.rdj.GreetPrinter  - hello, typesafe
2015-11-03 22:13:13,769 INFO  nl.rdj.Greeter  - Hello
2015-11-03 22:13:13,769 INFO  nl.rdj.GreetPrinter  - hello, typesafe
2015-11-03 22:13:14,765 INFO  nl.rdj.Greeter  - Hello
2015-11-03 22:13:14,765 INFO  nl.rdj.GreetPrinter  - hello, typesafe
2015-11-03 22:13:15,765 INFO  nl.rdj.Greeter  - Hello
2015-11-03 22:13:15,766 INFO  nl.rdj.GreetPrinter  - hello, typesafe
2015-11-03 22:13:16,766 INFO  nl.rdj.Greeter  - Hello
2015-11-03 22:13:16,766 INFO  nl.rdj.GreetPrinter  - hello, typesafe
2015-11-03 22:13:17,765 INFO  nl.rdj.Greeter  - Hello
2015-11-03 22:13:17,766 INFO  nl.rdj.GreetPrinter  - hello, typesafe
2015-11-03 22:13:18,765 INFO  nl.rdj.Greeter  - Hello
2015-11-03 22:13:18,766 INFO  nl.rdj.GreetPrinter  - hello, typesafe
2015-11-03 22:13:19,765 INFO  nl.rdj.Greeter  - Hello
2015-11-03 22:13:19,765 INFO  nl.rdj.GreetPrinter  - hello, typesafe
2015-11-03 22:13:20,757 INFO  nl.rdj.Greeter  - Hello
2015-11-03 22:13:20,757 INFO  nl.rdj.GreetPrinter  - hello, typesafe
2015-11-03 22:13:21,766 INFO  nl.rdj.Greeter  - Hello
2015-11-03 22:13:21,767 INFO  nl.rdj.GreetPrinter  - hello, typesafe
2015-11-03 22:13:22,768 INFO  nl.rdj.Greeter  - Hello
2015-11-03 22:13:22,769 INFO  nl.rdj.GreetPrinter  - hello, typesafe
2015-11-03 22:13:23,768 INFO  nl.rdj.Greeter  - Hello
2015-11-03 22:13:23,768 INFO  nl.rdj.GreetPrinter  - hello, typesafe
2015-11-03 22:13:24,767 INFO  nl.rdj.Greeter  - Hello
2015-11-03 22:13:24,767 INFO  nl.rdj.GreetPrinter  - hello, typesafe
2015-11-03 22:13:25,768 INFO  nl.rdj.Greeter  - Hello
2015-11-03 22:13:25,769 INFO  nl.rdj.GreetPrinter  - hello, typesafe
2015-11-03 22:13:26,765 INFO  nl.rdj.Greeter  - Hello
2015-11-03 22:13:26,765 INFO  nl.rdj.GreetPrinter  - hello, typesafe
2015-11-03 22:13:27,765 INFO  nl.rdj.Greeter  - Hello
2015-11-03 22:13:27,766 INFO  nl.rdj.GreetPrinter  - hello, typesafe
2015-11-03 22:13:28,768 INFO  nl.rdj.Greeter  - Hello
2015-11-03 22:13:28,768 INFO  nl.rdj.GreetPrinter  - hello, typesafe
2015-11-03 22:13:29,765 INFO  nl.rdj.Greeter  - Hello
2015-11-03 22:13:29,765 INFO  nl.rdj.GreetPrinter  - hello, typesafe
2015-11-03 22:13:30,769 INFO  nl.rdj.Greeter  - Hello
2015-11-03 22:13:30,769 INFO  nl.rdj.GreetPrinter  - hello, typesafe
2015-11-03 22:13:31,766 INFO  nl.rdj.Greeter  - Hello
2015-11-03 22:13:31,766 INFO  nl.rdj.GreetPrinter  - hello, typesafe
2015-11-03 22:13:32,766 INFO  nl.rdj.Greeter  - Hello
2015-11-03 22:13:32,766 INFO  nl.rdj.GreetPrinter  - hello, typesafe
2015-11-03 22:13:33,766 INFO  nl.rdj.Greeter  - Hello
2015-11-03 22:13:33,767 INFO  nl.rdj.GreetPrinter  - hello, typesafe
2015-11-03 22:13:34,767 INFO  nl.rdj.Greeter  - Hello
2015-11-03 22:13:34,767 INFO  nl.rdj.GreetPrinter  - hello, typesafe
2015-11-03 22:13:35,766 INFO  nl.rdj.Greeter  - Hello
2015-11-03 22:13:35,766 INFO  nl.rdj.GreetPrinter  - hello, typesafe
2015-11-03 22:13:36,770 INFO  nl.rdj.Greeter  - Hello
2015-11-03 22:13:36,771 INFO  nl.rdj.GreetPrinter  - hello, typesafe
2015-11-03 22:13:37,755 INFO  nl.rdj.Greeter  - Hello
2015-11-03 22:13:37,756 INFO  nl.rdj.GreetPrinter  - hello, typesafe
2015-11-03 22:13:38,755 INFO  nl.rdj.Greeter  - Hello
2015-11-03 22:13:38,755 INFO  nl.rdj.GreetPrinter  - hello, typesafe
2015-11-03 22:13:39,758 INFO  nl.rdj.Greeter  - Hello
2015-11-03 22:13:39,758 INFO  nl.rdj.GreetPrinter  - hello, typesafe
2015-11-03 22:13:40,758 INFO  nl.rdj.Greeter  - Hello
2015-11-03 22:13:40,759 INFO  nl.rdj.GreetPrinter  - hello, typesafe
2015-11-03 22:13:41,755 INFO  nl.rdj.Greeter  - Hello
2015-11-03 22:13:41,756 INFO  nl.rdj.GreetPrinter  - hello, typesafe
2015-11-03 22:13:42,755 INFO  nl.rdj.Greeter  - Hello
2015-11-03 22:13:42,756 INFO  nl.rdj.GreetPrinter  - hello, typesafe
2015-11-03 22:13:43,755 INFO  nl.rdj.Greeter  - Hello
2015-11-03 22:13:43,755 INFO  nl.rdj.GreetPrinter  - hello, typesafe
2015-11-03 22:13:44,756 INFO  nl.rdj.Greeter  - Hello
2015-11-03 22:13:44,756 INFO  nl.rdj.GreetPrinter  - hello, typesafe
2015-11-03 22:13:45,756 INFO  nl.rdj.Greeter  - Hello
2015-11-03 22:13:45,756 INFO  nl.rdj.GreetPrinter  - hello, typesafe
2015-11-03 22:13:46,758 INFO  nl.rdj.Greeter  - Hello
2015-11-03 22:13:46,758 INFO  nl.rdj.GreetPrinter  - hello, typesafe
2015-11-03 22:13:47,755 INFO  nl.rdj.Greeter  - Hello
2015-11-03 22:13:47,756 INFO  nl.rdj.GreetPrinter  - hello, typesafe
2015-11-03 22:13:48,760 INFO  nl.rdj.Greeter  - Hello
2015-11-03 22:13:48,761 INFO  nl.rdj.GreetPrinter  - hello, typesafe
2015-11-03 22:13:49,757 INFO  nl.rdj.Greeter  - Hello
2015-11-03 22:13:49,758 INFO  nl.rdj.GreetPrinter  - hello, typesafe
2015-11-03 22:13:50,756 INFO  nl.rdj.Greeter  - Hello
2015-11-03 22:13:50,756 INFO  nl.rdj.GreetPrinter  - hello, typesafe
2015-11-03 22:13:51,758 INFO  nl.rdj.Greeter  - Hello
2015-11-03 22:13:51,759 INFO  nl.rdj.GreetPrinter  - hello, typesafe
2015-11-03 22:13:52,757 INFO  nl.rdj.Greeter  - Hello
2015-11-03 22:13:52,758 INFO  nl.rdj.GreetPrinter  - hello, typesafe
2015-11-03 22:13:53,755 INFO  nl.rdj.Greeter  - Hello
2015-11-03 22:13:53,755 INFO  nl.rdj.GreetPrinter  - hello, typesafe
2015-11-03 22:13:54,758 INFO  nl.rdj.Greeter  - Hello
2015-11-03 22:13:54,758 INFO  nl.rdj.GreetPrinter  - hello, typesafe
2015-11-03 22:13:55,755 INFO  nl.rdj.Greeter  - Hello
2015-11-03 22:13:55,755 INFO  nl.rdj.GreetPrinter  - hello, typesafe
2015-11-03 22:13:56,758 INFO  nl.rdj.Greeter  - Hello
2015-11-03 22:13:56,758 INFO  nl.rdj.GreetPrinter  - hello, typesafe
2015-11-03 22:13:57,757 INFO  nl.rdj.Greeter  - Hello
2015-11-03 22:13:57,758 INFO  nl.rdj.GreetPrinter  - hello, typesafe
2015-11-03 22:13:58,755 INFO  nl.rdj.Greeter  - Hello
2015-11-03 22:13:58,755 INFO  nl.rdj.GreetPrinter  - hello, typesafe
2015-11-03 22:13:59,757 INFO  nl.rdj.Greeter  - Hello
2015-11-03 22:13:59,757 INFO  nl.rdj.GreetPrinter  - hello, typesafe
2015-11-03 22:14:00,758 INFO  nl.rdj.Greeter  - Hello
2015-11-03 22:14:00,758 INFO  nl.rdj.GreetPrinter  - hello, typesafe
2015-11-03 22:14:01,758 INFO  nl.rdj.Greeter  - Hello
2015-11-03 22:14:01,765 INFO  nl.rdj.GreetPrinter  - hello, typesafe
2015-11-03 22:14:02,767 INFO  nl.rdj.Greeter  - Hello
2015-11-03 22:14:02,767 INFO  nl.rdj.GreetPrinter  - hello, typesafe
2015-11-03 22:14:03,761 INFO  nl.rdj.Greeter  - Hello
2015-11-03 22:14:03,762 INFO  nl.rdj.GreetPrinter  - hello, typesafe
2015-11-03 22:14:04,748 INFO  nl.rdj.Greeter  - Hello
2015-11-03 22:14:04,748 INFO  nl.rdj.GreetPrinter  - hello, typesafe
2015-11-03 22:14:05,756 INFO  nl.rdj.Greeter  - Hello
2015-11-03 22:14:05,756 INFO  nl.rdj.GreetPrinter  - hello, typesafe
2015-11-03 22:14:06,755 INFO  nl.rdj.Greeter  - Hello
2015-11-03 22:14:06,755 INFO  nl.rdj.GreetPrinter  - hello, typesafe
2015-11-03 22:14:07,758 INFO  nl.rdj.Greeter  - Hello
2015-11-03 22:14:07,758 INFO  nl.rdj.GreetPrinter  - hello, typesafe
2015-11-03 22:14:08,768 INFO  nl.rdj.Greeter  - Hello
2015-11-03 22:14:08,768 INFO  nl.rdj.GreetPrinter  - hello, typesafe
2015-11-03 22:14:09,765 INFO  nl.rdj.Greeter  - Hello
2015-11-03 22:14:09,765 INFO  nl.rdj.GreetPrinter  - hello, typesafe
2015-11-03 22:14:10,765 INFO  nl.rdj.Greeter  - Hello
2015-11-03 22:14:10,765 INFO  nl.rdj.GreetPrinter  - hello, typesafe
2015-11-03 22:14:11,765 INFO  nl.rdj.Greeter  - Hello
2015-11-03 22:14:11,765 INFO  nl.rdj.GreetPrinter  - hello, typesafe
2015-11-03 22:14:12,766 INFO  nl.rdj.Greeter  - Hello
2015-11-03 22:14:12,767 INFO  nl.rdj.GreetPrinter  - hello, typesafe
2015-11-03 22:14:13,766 INFO  nl.rdj.Greeter  - Hello
2015-11-03 22:14:13,766 INFO  nl.rdj.GreetPrinter  - hello, typesafe
2015-11-03 22:14:14,765 INFO  nl.rdj.Greeter  - Hello
2015-11-03 22:14:14,766 INFO  nl.rdj.GreetPrinter  - hello, typesafe
2015-11-03 22:14:15,766 INFO  nl.rdj.Greeter  - Hello
2015-11-03 22:14:15,767 INFO  nl.rdj.GreetPrinter  - hello, typesafe
2015-11-03 22:14:16,765 INFO  nl.rdj.Greeter  - Hello
2015-11-03 22:14:16,766 INFO  nl.rdj.GreetPrinter  - hello, typesafe
2015-11-03 22:14:17,765 INFO  nl.rdj.Greeter  - Hello
2015-11-03 22:14:17,765 INFO  nl.rdj.GreetPrinter  - hello, typesafe
2015-11-03 22:14:18,766 INFO  nl.rdj.Greeter  - Hello
2015-11-03 22:14:18,766 INFO  nl.rdj.GreetPrinter  - hello, typesafe
2015-11-03 22:14:19,765 INFO  nl.rdj.Greeter  - Hello
2015-11-03 22:14:19,766 INFO  nl.rdj.GreetPrinter  - hello, typesafe
2015-11-03 22:14:20,765 INFO  nl.rdj.Greeter  - Hello
2015-11-03 22:14:20,766 INFO  nl.rdj.GreetPrinter  - hello, typesafe
2015-11-03 22:14:21,766 INFO  nl.rdj.Greeter  - Hello
2015-11-03 22:14:21,767 INFO  nl.rdj.GreetPrinter  - hello, typesafe
2015-11-03 22:14:22,768 INFO  nl.rdj.Greeter  - Hello
2015-11-03 22:14:22,769 INFO  nl.rdj.GreetPrinter  - hello, typesafe
2015-11-03 22:14:23,765 INFO  nl.rdj.Greeter  - Hello
2015-11-03 22:14:23,765 INFO  nl.rdj.GreetPrinter  - hello, typesafe
2015-11-03 22:14:24,767 INFO  nl.rdj.Greeter  - Hello
2015-11-03 22:14:24,767 INFO  nl.rdj.GreetPrinter  - hello, typesafe
2015-11-03 22:14:25,765 INFO  nl.rdj.Greeter  - Hello
2015-11-03 22:14:25,765 INFO  nl.rdj.GreetPrinter  - hello, typesafe
2015-11-03 22:14:26,765 INFO  nl.rdj.Greeter  - Hello
2015-11-03 22:14:26,765 INFO  nl.rdj.GreetPrinter  - hello, typesafe
2015-11-03 22:14:27,767 INFO  nl.rdj.Greeter  - Hello
2015-11-03 22:14:27,768 INFO  nl.rdj.GreetPrinter  - hello, typesafe
2015-11-03 22:14:28,766 INFO  nl.rdj.Greeter  - Hello
2015-11-03 22:14:28,766 INFO  nl.rdj.GreetPrinter  - hello, typesafe
2015-11-03 22:14:29,765 INFO  nl.rdj.Greeter  - Hello
2015-11-03 22:14:29,765 INFO  nl.rdj.GreetPrinter  - hello, typesafe
2015-11-03 22:14:30,765 INFO  nl.rdj.Greeter  - Hello
2015-11-03 22:14:30,765 INFO  nl.rdj.GreetPrinter  - hello, typesafe
2015-11-03 22:14:31,767 INFO  nl.rdj.Greeter  - Hello
2015-11-03 22:14:31,767 INFO  nl.rdj.GreetPrinter  - hello, typesafe
2015-11-03 22:14:32,766 INFO  nl.rdj.Greeter  - Hello
2015-11-03 22:14:32,767 INFO  nl.rdj.GreetPrinter  - hello, typesafe
2015-11-03 22:14:33,767 INFO  nl.rdj.Greeter  - Hello
2015-11-03 22:14:33,767 INFO  nl.rdj.GreetPrinter  - hello, typesafe
2015-11-03 22:14:34,765 INFO  nl.rdj.Greeter  - Hello
2015-11-03 22:14:34,765 INFO  nl.rdj.GreetPrinter  - hello, typesafe
2015-11-03 22:14:35,765 INFO  nl.rdj.Greeter  - Hello
2015-11-03 22:14:35,765 INFO  nl.rdj.GreetPrinter  - hello, typesafe
2015-11-03 22:14:36,765 INFO  nl.rdj.Greeter  - Hello
2015-11-03 22:14:36,765 INFO  nl.rdj.GreetPrinter  - hello, typesafe
2015-11-03 22:14:37,765 INFO  nl.rdj.Greeter  - Hello
2015-11-03 22:14:37,765 INFO  nl.rdj.GreetPrinter  - hello, typesafe
2015-11-03 22:14:38,765 INFO  nl.rdj.Greeter  - Hello
2015-11-03 22:14:38,765 INFO  nl.rdj.GreetPrinter  - hello, typesafe
2015-11-03 22:14:39,766 INFO  nl.rdj.Greeter  - Hello
2015-11-03 22:14:39,769 INFO  nl.rdj.GreetPrinter  - hello, typesafe
2015-11-03 22:14:40,765 INFO  nl.rdj.Greeter  - Hello
2015-11-03 22:14:40,765 INFO  nl.rdj.GreetPrinter  - hello, typesafe
2015-11-03 22:14:41,766 INFO  nl.rdj.Greeter  - Hello
2015-11-03 22:14:41,766 INFO  nl.rdj.GreetPrinter  - hello, typesafe
2015-11-03 22:14:42,766 INFO  nl.rdj.Greeter  - Hello
2015-11-03 22:14:42,766 INFO  nl.rdj.GreetPrinter  - hello, typesafe
2015-11-03 22:14:43,765 INFO  nl.rdj.Greeter  - Hello
2015-11-03 22:14:43,765 INFO  nl.rdj.GreetPrinter  - hello, typesafe
2015-11-03 22:14:44,766 INFO  nl.rdj.Greeter  - Hello
2015-11-03 22:14:44,766 INFO  nl.rdj.GreetPrinter  - hello, typesafe
2015-11-03 22:14:45,765 INFO  nl.rdj.Greeter  - Hello
2015-11-03 22:14:45,766 INFO  nl.rdj.GreetPrinter  - hello, typesafe
2015-11-03 22:14:46,755 INFO  nl.rdj.Greeter  - Hello
2015-11-03 22:14:46,755 INFO  nl.rdj.GreetPrinter  - hello, typesafe
2015-11-03 22:14:47,755 INFO  nl.rdj.Greeter  - Hello
2015-11-03 22:14:47,756 INFO  nl.rdj.GreetPrinter  - hello, typesafe
2015-11-03 22:14:48,754 INFO  nl.rdj.Greeter  - Hello
2015-11-03 22:14:48,755 INFO  nl.rdj.GreetPrinter  - hello, typesafe
2015-11-03 22:14:49,756 INFO  nl.rdj.Greeter  - Hello
2015-11-03 22:14:49,756 INFO  nl.rdj.GreetPrinter  - hello, typesafe
2015-11-03 22:14:50,765 INFO  nl.rdj.Greeter  - Hello
2015-11-03 22:14:50,765 INFO  nl.rdj.GreetPrinter  - hello, typesafe
2015-11-03 22:14:51,766 INFO  nl.rdj.Greeter  - Hello
2015-11-03 22:14:51,766 INFO  nl.rdj.GreetPrinter  - hello, typesafe
2015-11-03 22:14:52,765 INFO  nl.rdj.Greeter  - Hello
2015-11-03 22:14:52,765 INFO  nl.rdj.GreetPrinter  - hello, typesafe
2015-11-03 22:14:53,766 INFO  nl.rdj.Greeter  - Hello
2015-11-03 22:14:53,766 INFO  nl.rdj.GreetPrinter  - hello, typesafe
2015-11-03 22:14:54,765 INFO  nl.rdj.Greeter  - Hello
2015-11-03 22:14:54,766 INFO  nl.rdj.GreetPrinter  - hello, typesafe
2015-11-03 22:14:55,767 INFO  nl.rdj.Greeter  - Hello
2015-11-03 22:14:55,768 INFO  nl.rdj.GreetPrinter  - hello, typesafe
2015-11-03 22:14:56,766 INFO  nl.rdj.Greeter  - Hello
2015-11-03 22:14:56,766 INFO  nl.rdj.GreetPrinter  - hello, typesafe
2015-11-03 22:14:57,765 INFO  nl.rdj.Greeter  - Hello
2015-11-03 22:14:57,765 INFO  nl.rdj.GreetPrinter  - hello, typesafe
2015-11-03 22:14:58,766 INFO  nl.rdj.Greeter  - Hello
2015-11-03 22:14:58,767 INFO  nl.rdj.GreetPrinter  - hello, typesafe
2015-11-03 22:14:59,765 INFO  nl.rdj.Greeter  - Hello
2015-11-03 22:14:59,766 INFO  nl.rdj.GreetPrinter  - hello, typesafe
2015-11-03 22:15:00,765 INFO  nl.rdj.Greeter  - Hello
2015-11-03 22:15:00,765 INFO  nl.rdj.GreetPrinter  - hello, typesafe
2015-11-03 22:15:01,765 INFO  nl.rdj.Greeter  - Hello
2015-11-03 22:15:01,765 INFO  nl.rdj.GreetPrinter  - hello, typesafe
2015-11-03 22:15:02,765 INFO  nl.rdj.Greeter  - Hello
2015-11-03 22:15:02,766 INFO  nl.rdj.GreetPrinter  - hello, typesafe
2015-11-03 22:15:03,766 INFO  nl.rdj.Greeter  - Hello
2015-11-03 22:15:03,766 INFO  nl.rdj.GreetPrinter  - hello, typesafe
2015-11-03 22:15:04,766 INFO  nl.rdj.Greeter  - Hello
2015-11-03 22:15:04,766 INFO  nl.rdj.GreetPrinter  - hello, typesafe
2015-11-03 22:15:05,765 INFO  nl.rdj.Greeter  - Hello
2015-11-03 22:15:05,765 INFO  nl.rdj.GreetPrinter  - hello, typesafe
2015-11-03 22:15:06,766 INFO  nl.rdj.Greeter  - Hello
2015-11-03 22:15:06,766 INFO  nl.rdj.GreetPrinter  - hello, typesafe
2015-11-03 22:15:07,765 INFO  nl.rdj.Greeter  - Hello
2015-11-03 22:15:07,766 INFO  nl.rdj.GreetPrinter  - hello, typesafe
2015-11-03 22:15:08,768 INFO  nl.rdj.Greeter  - Hello
2015-11-03 22:15:08,769 INFO  nl.rdj.GreetPrinter  - hello, typesafe
2015-11-03 22:15:09,766 INFO  nl.rdj.Greeter  - Hello
2015-11-03 22:15:09,766 INFO  nl.rdj.GreetPrinter  - hello, typesafe
2015-11-03 22:15:10,769 INFO  nl.rdj.Greeter  - Hello
2015-11-03 22:15:10,769 INFO  nl.rdj.GreetPrinter  - hello, typesafe
2015-11-03 22:15:11,765 INFO  nl.rdj.Greeter  - Hello
2015-11-03 22:15:11,765 INFO  nl.rdj.GreetPrinter  - hello, typesafe
2015-11-03 22:15:12,766 INFO  nl.rdj.Greeter  - Hello
2015-11-03 22:15:12,766 INFO  nl.rdj.GreetPrinter  - hello, typesafe
2015-11-03 22:15:13,765 INFO  nl.rdj.Greeter  - Hello
2015-11-03 22:15:13,765 INFO  nl.rdj.GreetPrinter  - hello, typesafe
2015-11-03 22:15:14,766 INFO  nl.rdj.Greeter  - Hello
2015-11-03 22:15:14,767 INFO  nl.rdj.GreetPrinter  - hello, typesafe
2015-11-03 22:15:15,765 INFO  nl.rdj.Greeter  - Hello
2015-11-03 22:15:15,766 INFO  nl.rdj.GreetPrinter  - hello, typesafe
2015-11-03 22:15:16,766 INFO  nl.rdj.Greeter  - Hello
2015-11-03 22:15:16,766 INFO  nl.rdj.GreetPrinter  - hello, typesafe
2015-11-03 22:15:17,765 INFO  nl.rdj.Greeter  - Hello
2015-11-03 22:15:17,766 INFO  nl.rdj.GreetPrinter  - hello, typesafe
2015-11-03 22:15:18,770 INFO  nl.rdj.Greeter  - Hello
2015-11-03 22:15:18,770 INFO  nl.rdj.GreetPrinter  - hello, typesafe
2015-11-03 22:15:19,765 INFO  nl.rdj.Greeter  - Hello
2015-11-03 22:15:19,766 INFO  nl.rdj.GreetPrinter  - hello, typesafe
2015-11-03 22:15:20,769 INFO  nl.rdj.Greeter  - Hello
2015-11-03 22:15:20,769 INFO  nl.rdj.GreetPrinter  - hello, typesafe
2015-11-03 22:15:21,764 INFO  nl.rdj.Greeter  - Hello
2015-11-03 22:15:21,765 INFO  nl.rdj.GreetPrinter  - hello, typesafe
2015-11-03 22:15:22,765 INFO  nl.rdj.Greeter  - Hello
2015-11-03 22:15:22,766 INFO  nl.rdj.GreetPrinter  - hello, typesafe
2015-11-03 22:15:23,758 INFO  nl.rdj.Greeter  - Hello
2015-11-03 22:15:23,759 INFO  nl.rdj.GreetPrinter  - hello, typesafe
2015-11-03 22:15:24,765 INFO  nl.rdj.Greeter  - Hello
2015-11-03 22:15:24,765 INFO  nl.rdj.GreetPrinter  - hello, typesafe
2015-11-03 22:15:25,768 INFO  nl.rdj.Greeter  - Hello
2015-11-03 22:15:25,769 INFO  nl.rdj.GreetPrinter  - hello, typesafe
2015-11-03 22:15:26,757 INFO  nl.rdj.Greeter  - Hello
2015-11-03 22:15:26,757 INFO  nl.rdj.GreetPrinter  - hello, typesafe
2015-11-03 22:15:27,759 INFO  nl.rdj.Greeter  - Hello
2015-11-03 22:15:27,759 INFO  nl.rdj.GreetPrinter  - hello, typesafe
2015-11-03 22:15:28,755 INFO  nl.rdj.Greeter  - Hello
2015-11-03 22:15:28,755 INFO  nl.rdj.GreetPrinter  - hello, typesafe
2015-11-03 22:15:29,755 INFO  nl.rdj.Greeter  - Hello
2015-11-03 22:15:29,756 INFO  nl.rdj.GreetPrinter  - hello, typesafe
2015-11-03 22:15:30,755 INFO  nl.rdj.Greeter  - Hello
2015-11-03 22:15:30,755 INFO  nl.rdj.GreetPrinter  - hello, typesafe
2015-11-03 22:15:31,755 INFO  nl.rdj.Greeter  - Hello
2015-11-03 22:15:31,756 INFO  nl.rdj.GreetPrinter  - hello, typesafe
2015-11-03 22:15:32,765 INFO  nl.rdj.Greeter  - Hello
2015-11-03 22:15:32,765 INFO  nl.rdj.GreetPrinter  - hello, typesafe
2015-11-03 22:15:33,765 INFO  nl.rdj.Greeter  - Hello
2015-11-03 22:15:33,765 INFO  nl.rdj.GreetPrinter  - hello, typesafe
2015-11-03 22:15:34,764 INFO  nl.rdj.Greeter  - Hello
2015-11-03 22:15:34,765 INFO  nl.rdj.GreetPrinter  - hello, typesafe
2015-11-03 22:15:35,758 INFO  nl.rdj.Greeter  - Hello
2015-11-03 22:15:35,759 INFO  nl.rdj.GreetPrinter  - hello, typesafe
2015-11-03 22:15:36,755 INFO  nl.rdj.Greeter  - Hello
2015-11-03 22:15:36,755 INFO  nl.rdj.GreetPrinter  - hello, typesafe
2015-11-03 22:15:37,765 INFO  nl.rdj.Greeter  - Hello
2015-11-03 22:15:37,765 INFO  nl.rdj.GreetPrinter  - hello, typesafe
2015-11-03 22:15:38,755 INFO  nl.rdj.Greeter  - Hello
2015-11-03 22:15:38,755 INFO  nl.rdj.GreetPrinter  - hello, typesafe
2015-11-03 22:15:39,765 INFO  nl.rdj.Greeter  - Hello
2015-11-03 22:15:39,765 INFO  nl.rdj.GreetPrinter  - hello, typesafe
2015-11-03 22:15:40,765 INFO  nl.rdj.Greeter  - Hello
2015-11-03 22:15:40,765 INFO  nl.rdj.GreetPrinter  - hello, typesafe
2015-11-03 22:15:41,755 INFO  nl.rdj.Greeter  - Hello
2015-11-03 22:15:41,755 INFO  nl.rdj.GreetPrinter  - hello, typesafe
2015-11-03 22:15:42,754 INFO  nl.rdj.Greeter  - Hello
2015-11-03 22:15:42,755 INFO  nl.rdj.GreetPrinter  - hello, typesafe
2015-11-03 22:15:43,759 INFO  nl.rdj.Greeter  - Hello
2015-11-03 22:15:43,759 INFO  nl.rdj.GreetPrinter  - hello, typesafe
2015-11-03 22:15:44,759 INFO  nl.rdj.Greeter  - Hello
2015-11-03 22:15:44,759 INFO  nl.rdj.GreetPrinter  - hello, typesafe
2015-11-03 22:15:45,756 INFO  nl.rdj.Greeter  - Hello
2015-11-03 22:15:45,756 INFO  nl.rdj.GreetPrinter  - hello, typesafe
2015-11-03 22:15:46,756 INFO  nl.rdj.Greeter  - Hello
2015-11-03 22:15:46,756 INFO  nl.rdj.GreetPrinter  - hello, typesafe
2015-11-03 22:15:47,756 INFO  nl.rdj.Greeter  - Hello
2015-11-03 22:15:47,756 INFO  nl.rdj.GreetPrinter  - hello, typesafe
2015-11-03 22:15:48,764 INFO  nl.rdj.Greeter  - Hello
2015-11-03 22:15:48,765 INFO  nl.rdj.GreetPrinter  - hello, typesafe
2015-11-03 22:15:49,769 INFO  nl.rdj.Greeter  - Hello
2015-11-03 22:15:49,769 INFO  nl.rdj.GreetPrinter  - hello, typesafe
2015-11-03 22:15:50,766 INFO  nl.rdj.Greeter  - Hello
2015-11-03 22:15:50,766 INFO  nl.rdj.GreetPrinter  - hello, typesafe
2015-11-03 22:15:51,766 INFO  nl.rdj.Greeter  - Hello
2015-11-03 22:15:51,766 INFO  nl.rdj.GreetPrinter  - hello, typesafe
2015-11-03 22:15:52,765 INFO  nl.rdj.Greeter  - Hello
2015-11-03 22:15:52,766 INFO  nl.rdj.GreetPrinter  - hello, typesafe
2015-11-03 22:15:53,769 INFO  nl.rdj.Greeter  - Hello
2015-11-03 22:15:53,769 INFO  nl.rdj.GreetPrinter  - hello, typesafe
2015-11-03 22:15:54,765 INFO  nl.rdj.Greeter  - Hello
2015-11-03 22:15:54,766 INFO  nl.rdj.GreetPrinter  - hello, typesafe
2015-11-03 22:15:55,756 INFO  nl.rdj.Greeter  - Hello
2015-11-03 22:15:55,757 INFO  nl.rdj.GreetPrinter  - hello, typesafe
2015-11-03 22:15:56,765 INFO  nl.rdj.Greeter  - Hello
2015-11-03 22:15:56,765 INFO  nl.rdj.GreetPrinter  - hello, typesafe
2015-11-03 22:15:57,767 INFO  nl.rdj.Greeter  - Hello
2015-11-03 22:15:57,767 INFO  nl.rdj.GreetPrinter  - hello, typesafe
2015-11-03 22:15:58,755 INFO  nl.rdj.Greeter  - Hello
2015-11-03 22:15:58,755 INFO  nl.rdj.GreetPrinter  - hello, typesafe
2015-11-03 22:15:59,755 INFO  nl.rdj.Greeter  - Hello
2015-11-03 22:15:59,755 INFO  nl.rdj.GreetPrinter  - hello, typesafe
2015-11-03 22:16:00,766 INFO  nl.rdj.Greeter  - Hello
2015-11-03 22:16:00,766 INFO  nl.rdj.GreetPrinter  - hello, typesafe
2015-11-03 22:16:01,765 INFO  nl.rdj.Greeter  - Hello
2015-11-03 22:16:01,765 INFO  nl.rdj.GreetPrinter  - hello, typesafe
2015-11-03 22:16:02,767 INFO  nl.rdj.Greeter  - Hello
2015-11-03 22:16:02,767 INFO  nl.rdj.GreetPrinter  - hello, typesafe
2015-11-03 22:16:03,756 INFO  nl.rdj.Greeter  - Hello
2015-11-03 22:16:03,756 INFO  nl.rdj.GreetPrinter  - hello, typesafe
2015-11-03 22:16:04,766 INFO  nl.rdj.Greeter  - Hello
2015-11-03 22:16:04,766 INFO  nl.rdj.GreetPrinter  - hello, typesafe
2015-11-03 22:16:05,765 INFO  nl.rdj.Greeter  - Hello
2015-11-03 22:16:05,766 INFO  nl.rdj.GreetPrinter  - hello, typesafe
2015-11-03 22:16:06,767 INFO  nl.rdj.Greeter  - Hello
2015-11-03 22:16:06,767 INFO  nl.rdj.GreetPrinter  - hello, typesafe
2015-11-03 22:16:07,765 INFO  nl.rdj.Greeter  - Hello
2015-11-03 22:16:07,765 INFO  nl.rdj.GreetPrinter  - hello, typesafe
2015-11-03 22:16:08,766 INFO  nl.rdj.Greeter  - Hello
2015-11-03 22:16:08,767 INFO  nl.rdj.GreetPrinter  - hello, typesafe
2015-11-03 22:16:09,765 INFO  nl.rdj.Greeter  - Hello
2015-11-03 22:16:09,765 INFO  nl.rdj.GreetPrinter  - hello, typesafe
2015-11-03 22:16:10,765 INFO  nl.rdj.Greeter  - Hello
2015-11-03 22:16:10,766 INFO  nl.rdj.GreetPrinter  - hello, typesafe
2015-11-03 22:16:11,767 INFO  nl.rdj.Greeter  - Hello
2015-11-03 22:16:11,767 INFO  nl.rdj.GreetPrinter  - hello, typesafe
2015-11-03 22:16:12,765 INFO  nl.rdj.Greeter  - Hello
2015-11-03 22:16:12,765 INFO  nl.rdj.GreetPrinter  - hello, typesafe
2015-11-03 22:16:13,765 INFO  nl.rdj.Greeter  - Hello
2015-11-03 22:16:13,765 INFO  nl.rdj.GreetPrinter  - hello, typesafe
2015-11-03 22:16:14,766 INFO  nl.rdj.Greeter  - Hello
2015-11-03 22:16:14,766 INFO  nl.rdj.GreetPrinter  - hello, typesafe
2015-11-03 22:16:15,756 INFO  nl.rdj.Greeter  - Hello
2015-11-03 22:16:15,756 INFO  nl.rdj.GreetPrinter  - hello, typesafe
2015-11-03 22:16:16,770 INFO  nl.rdj.Greeter  - Hello
2015-11-03 22:16:16,771 INFO  nl.rdj.GreetPrinter  - hello, typesafe
2015-11-03 22:16:17,766 INFO  nl.rdj.Greeter  - Hello
2015-11-03 22:16:17,766 INFO  nl.rdj.GreetPrinter  - hello, typesafe
2015-11-03 22:16:18,766 INFO  nl.rdj.Greeter  - Hello
2015-11-03 22:16:18,766 INFO  nl.rdj.GreetPrinter  - hello, typesafe
2015-11-03 22:16:19,766 INFO  nl.rdj.Greeter  - Hello
2015-11-03 22:16:19,767 INFO  nl.rdj.GreetPrinter  - hello, typesafe
2015-11-03 22:16:20,756 INFO  nl.rdj.Greeter  - Hello
2015-11-03 22:16:20,756 INFO  nl.rdj.GreetPrinter  - hello, typesafe
2015-11-03 22:16:21,765 INFO  nl.rdj.Greeter  - Hello
2015-11-03 22:16:21,766 INFO  nl.rdj.GreetPrinter  - hello, typesafe
2015-11-03 22:16:22,767 INFO  nl.rdj.Greeter  - Hello
2015-11-03 22:16:22,767 INFO  nl.rdj.GreetPrinter  - hello, typesafe
2015-11-03 22:16:23,765 INFO  nl.rdj.Greeter  - Hello
2015-11-03 22:16:23,765 INFO  nl.rdj.GreetPrinter  - hello, typesafe
2015-11-03 22:16:24,767 INFO  nl.rdj.Greeter  - Hello
2015-11-03 22:16:24,767 INFO  nl.rdj.GreetPrinter  - hello, typesafe
2015-11-03 22:16:25,767 INFO  nl.rdj.Greeter  - Hello
2015-11-03 22:16:25,767 INFO  nl.rdj.GreetPrinter  - hello, typesafe
2015-11-03 22:16:26,766 INFO  nl.rdj.Greeter  - Hello
2015-11-03 22:16:26,766 INFO  nl.rdj.GreetPrinter  - hello, typesafe
2015-11-03 22:16:27,765 INFO  nl.rdj.Greeter  - Hello
2015-11-03 22:16:27,767 INFO  nl.rdj.GreetPrinter  - hello, typesafe
2015-11-03 22:16:28,765 INFO  nl.rdj.Greeter  - Hello
2015-11-03 22:16:28,766 INFO  nl.rdj.GreetPrinter  - hello, typesafe
2015-11-03 22:16:29,765 INFO  nl.rdj.Greeter  - Hello
2015-11-03 22:16:29,769 INFO  nl.rdj.GreetPrinter  - hello, typesafe
2015-11-03 22:16:30,765 INFO  nl.rdj.Greeter  - Hello
2015-11-03 22:16:30,765 INFO  nl.rdj.GreetPrinter  - hello, typesafe
2015-11-03 22:16:31,765 INFO  nl.rdj.Greeter  - Hello
2015-11-03 22:16:31,766 INFO  nl.rdj.GreetPrinter  - hello, typesafe
2015-11-03 22:16:32,766 INFO  nl.rdj.Greeter  - Hello
2015-11-03 22:16:32,766 INFO  nl.rdj.GreetPrinter  - hello, typesafe
2015-11-03 22:16:33,766 INFO  nl.rdj.Greeter  - Hello
2015-11-03 22:16:33,767 INFO  nl.rdj.GreetPrinter  - hello, typesafe
2015-11-03 22:16:34,766 INFO  nl.rdj.Greeter  - Hello
2015-11-03 22:16:34,766 INFO  nl.rdj.GreetPrinter  - hello, typesafe
2015-11-03 22:16:35,754 INFO  nl.rdj.Greeter  - Hello
2015-11-03 22:16:35,755 INFO  nl.rdj.GreetPrinter  - hello, typesafe
2015-11-03 22:16:36,756 INFO  nl.rdj.Greeter  - Hello
2015-11-03 22:16:36,757 INFO  nl.rdj.GreetPrinter  - hello, typesafe
2015-11-03 22:16:37,765 INFO  nl.rdj.Greeter  - Hello
2015-11-03 22:16:37,766 INFO  nl.rdj.GreetPrinter  - hello, typesafe
2015-11-03 22:16:38,766 INFO  nl.rdj.Greeter  - Hello
2015-11-03 22:16:38,766 INFO  nl.rdj.GreetPrinter  - hello, typesafe
2015-11-03 22:16:39,766 INFO  nl.rdj.Greeter  - Hello
2015-11-03 22:16:39,766 INFO  nl.rdj.GreetPrinter  - hello, typesafe
2015-11-03 22:16:40,766 INFO  nl.rdj.Greeter  - Hello
2015-11-03 22:16:40,766 INFO  nl.rdj.GreetPrinter  - hello, typesafe
2015-11-03 22:16:41,756 INFO  nl.rdj.Greeter  - Hello
2015-11-03 22:16:41,757 INFO  nl.rdj.GreetPrinter  - hello, typesafe
2015-11-03 22:16:42,766 INFO  nl.rdj.Greeter  - Hello
2015-11-03 22:16:42,766 INFO  nl.rdj.GreetPrinter  - hello, typesafe
2015-11-03 22:16:43,765 INFO  nl.rdj.Greeter  - Hello
2015-11-03 22:16:43,765 INFO  nl.rdj.GreetPrinter  - hello, typesafe
2015-11-03 22:16:44,766 INFO  nl.rdj.Greeter  - Hello
2015-11-03 22:16:44,766 INFO  nl.rdj.GreetPrinter  - hello, typesafe
2015-11-03 22:16:45,765 INFO  nl.rdj.Greeter  - Hello
2015-11-03 22:16:45,765 INFO  nl.rdj.GreetPrinter  - hello, typesafe
2015-11-03 22:16:46,765 INFO  nl.rdj.Greeter  - Hello
2015-11-03 22:16:46,766 INFO  nl.rdj.GreetPrinter  - hello, typesafe
2015-11-03 22:16:47,770 INFO  nl.rdj.Greeter  - Hello
2015-11-03 22:16:47,770 INFO  nl.rdj.GreetPrinter  - hello, typesafe
2015-11-03 22:16:48,766 INFO  nl.rdj.Greeter  - Hello
2015-11-03 22:16:48,766 INFO  nl.rdj.GreetPrinter  - hello, typesafe
2015-11-03 22:16:49,756 INFO  nl.rdj.Greeter  - Hello
2015-11-03 22:16:49,756 INFO  nl.rdj.GreetPrinter  - hello, typesafe
2015-11-03 22:16:50,765 INFO  nl.rdj.Greeter  - Hello
2015-11-03 22:16:50,765 INFO  nl.rdj.GreetPrinter  - hello, typesafe
2015-11-03 22:16:51,765 INFO  nl.rdj.Greeter  - Hello
2015-11-03 22:16:51,765 INFO  nl.rdj.GreetPrinter  - hello, typesafe
2015-11-03 22:16:52,766 INFO  nl.rdj.Greeter  - Hello
2015-11-03 22:16:52,766 INFO  nl.rdj.GreetPrinter  - hello, typesafe
2015-11-03 22:16:53,765 INFO  nl.rdj.Greeter  - Hello
2015-11-03 22:16:53,765 INFO  nl.rdj.GreetPrinter  - hello, typesafe
2015-11-03 22:16:54,765 INFO  nl.rdj.Greeter  - Hello
2015-11-03 22:16:54,765 INFO  nl.rdj.GreetPrinter  - hello, typesafe
2015-11-03 22:16:55,766 INFO  nl.rdj.Greeter  - Hello
2015-11-03 22:16:55,766 INFO  nl.rdj.GreetPrinter  - hello, typesafe
2015-11-03 22:16:56,765 INFO  nl.rdj.Greeter  - Hello
2015-11-03 22:16:56,766 INFO  nl.rdj.GreetPrinter  - hello, typesafe
2015-11-03 22:16:57,755 INFO  nl.rdj.Greeter  - Hello
2015-11-03 22:16:57,756 INFO  nl.rdj.GreetPrinter  - hello, typesafe
2015-11-03 22:16:58,765 INFO  nl.rdj.Greeter  - Hello
2015-11-03 22:16:58,765 INFO  nl.rdj.GreetPrinter  - hello, typesafe
2015-11-03 22:16:59,765 INFO  nl.rdj.Greeter  - Hello
2015-11-03 22:16:59,765 INFO  nl.rdj.GreetPrinter  - hello, typesafe
2015-11-03 22:17:00,754 INFO  nl.rdj.Greeter  - Hello
2015-11-03 22:17:00,755 INFO  nl.rdj.GreetPrinter  - hello, typesafe
2015-11-03 22:17:01,755 INFO  nl.rdj.Greeter  - Hello
2015-11-03 22:17:01,756 INFO  nl.rdj.GreetPrinter  - hello, typesafe
2015-11-03 22:17:02,764 INFO  nl.rdj.Greeter  - Hello
2015-11-03 22:17:02,765 INFO  nl.rdj.GreetPrinter  - hello, typesafe
2015-11-03 22:17:03,766 INFO  nl.rdj.Greeter  - Hello
2015-11-03 22:17:03,766 INFO  nl.rdj.GreetPrinter  - hello, typesafe
2015-11-03 22:17:04,755 INFO  nl.rdj.Greeter  - Hello
2015-11-03 22:17:04,756 INFO  nl.rdj.GreetPrinter  - hello, typesafe
2015-11-03 22:17:05,766 INFO  nl.rdj.Greeter  - Hello
2015-11-03 22:17:05,766 INFO  nl.rdj.GreetPrinter  - hello, typesafe
2015-11-03 22:17:06,767 INFO  nl.rdj.Greeter  - Hello
2015-11-03 22:17:06,767 INFO  nl.rdj.GreetPrinter  - hello, typesafe
2015-11-03 22:17:07,765 INFO  nl.rdj.Greeter  - Hello
2015-11-03 22:17:07,765 INFO  nl.rdj.GreetPrinter  - hello, typesafe
2015-11-03 22:17:08,765 INFO  nl.rdj.Greeter  - Hello
2015-11-03 22:17:08,766 INFO  nl.rdj.GreetPrinter  - hello, typesafe
2015-11-03 22:17:09,768 INFO  nl.rdj.Greeter  - Hello
2015-11-03 22:17:09,768 INFO  nl.rdj.GreetPrinter  - hello, typesafe
2015-11-03 22:17:10,765 INFO  nl.rdj.Greeter  - Hello
2015-11-03 22:17:10,765 INFO  nl.rdj.GreetPrinter  - hello, typesafe
2015-11-03 22:17:11,766 INFO  nl.rdj.Greeter  - Hello
2015-11-03 22:17:11,766 INFO  nl.rdj.GreetPrinter  - hello, typesafe
2015-11-03 22:17:12,765 INFO  nl.rdj.Greeter  - Hello
2015-11-03 22:17:12,765 INFO  nl.rdj.GreetPrinter  - hello, typesafe
2015-11-03 22:17:13,766 INFO  nl.rdj.Greeter  - Hello
2015-11-03 22:17:13,766 INFO  nl.rdj.GreetPrinter  - hello, typesafe
2015-11-03 22:17:14,768 INFO  nl.rdj.Greeter  - Hello
2015-11-03 22:17:14,768 INFO  nl.rdj.GreetPrinter  - hello, typesafe
2015-11-03 22:17:15,765 INFO  nl.rdj.Greeter  - Hello
2015-11-03 22:17:15,765 INFO  nl.rdj.GreetPrinter  - hello, typesafe
2015-11-03 22:17:16,770 INFO  nl.rdj.Greeter  - Hello
2015-11-03 22:17:16,770 INFO  nl.rdj.GreetPrinter  - hello, typesafe
2015-11-03 22:17:17,761 INFO  nl.rdj.Greeter  - Hello
2015-11-03 22:17:17,761 INFO  nl.rdj.GreetPrinter  - hello, typesafe
2015-11-03 22:17:18,746 INFO  nl.rdj.Greeter  - Hello
2015-11-03 22:17:18,746 INFO  nl.rdj.GreetPrinter  - hello, typesafe
2015-11-03 22:17:19,765 INFO  nl.rdj.Greeter  - Hello
2015-11-03 22:17:19,765 INFO  nl.rdj.GreetPrinter  - hello, typesafe
2015-11-03 22:17:20,765 INFO  nl.rdj.Greeter  - Hello
2015-11-03 22:17:20,765 INFO  nl.rdj.GreetPrinter  - hello, typesafe
2015-11-03 22:17:21,765 INFO  nl.rdj.Greeter  - Hello
2015-11-03 22:17:21,765 INFO  nl.rdj.GreetPrinter  - hello, typesafe
2015-11-03 22:17:22,769 INFO  nl.rdj.Greeter  - Hello
2015-11-03 22:17:22,769 INFO  nl.rdj.GreetPrinter  - hello, typesafe
2015-11-03 22:17:23,765 INFO  nl.rdj.Greeter  - Hello
2015-11-03 22:17:23,766 INFO  nl.rdj.GreetPrinter  - hello, typesafe
2015-11-03 22:17:24,765 INFO  nl.rdj.Greeter  - Hello
2015-11-03 22:17:24,766 INFO  nl.rdj.GreetPrinter  - hello, typesafe
2015-11-03 22:17:25,765 INFO  nl.rdj.Greeter  - Hello
2015-11-03 22:17:25,765 INFO  nl.rdj.GreetPrinter  - hello, typesafe
2015-11-03 22:17:26,766 INFO  nl.rdj.Greeter  - Hello
2015-11-03 22:17:26,766 INFO  nl.rdj.GreetPrinter  - hello, typesafe
2015-11-03 22:17:27,765 INFO  nl.rdj.Greeter  - Hello
2015-11-03 22:17:27,765 INFO  nl.rdj.GreetPrinter  - hello, typesafe
2015-11-03 22:17:28,768 INFO  nl.rdj.Greeter  - Hello
2015-11-03 22:17:28,768 INFO  nl.rdj.GreetPrinter  - hello, typesafe
2015-11-03 22:17:29,765 INFO  nl.rdj.Greeter  - Hello
2015-11-03 22:17:29,765 INFO  nl.rdj.GreetPrinter  - hello, typesafe
2015-11-03 22:17:30,766 INFO  nl.rdj.Greeter  - Hello
2015-11-03 22:17:30,766 INFO  nl.rdj.GreetPrinter  - hello, typesafe
2015-11-03 22:17:31,765 INFO  nl.rdj.Greeter  - Hello
2015-11-03 22:17:31,765 INFO  nl.rdj.GreetPrinter  - hello, typesafe
2015-11-03 22:17:32,765 INFO  nl.rdj.Greeter  - Hello
2015-11-03 22:17:32,765 INFO  nl.rdj.GreetPrinter  - hello, typesafe
2015-11-03 22:17:33,765 INFO  nl.rdj.Greeter  - Hello
2015-11-03 22:17:33,766 INFO  nl.rdj.GreetPrinter  - hello, typesafe
2015-11-03 22:17:34,766 INFO  nl.rdj.Greeter  - Hello
2015-11-03 22:17:34,766 INFO  nl.rdj.GreetPrinter  - hello, typesafe
2015-11-03 22:17:35,755 INFO  nl.rdj.Greeter  - Hello
2015-11-03 22:17:35,755 INFO  nl.rdj.GreetPrinter  - hello, typesafe
2015-11-03 22:17:36,755 INFO  nl.rdj.Greeter  - Hello
2015-11-03 22:17:36,756 INFO  nl.rdj.GreetPrinter  - hello, typesafe
2015-11-03 22:17:37,765 INFO  nl.rdj.Greeter  - Hello
2015-11-03 22:17:37,765 INFO  nl.rdj.GreetPrinter  - hello, typesafe
2015-11-03 22:17:38,756 INFO  nl.rdj.Greeter  - Hello
2015-11-03 22:17:38,756 INFO  nl.rdj.GreetPrinter  - hello, typesafe
2015-11-03 22:17:39,758 INFO  nl.rdj.Greeter  - Hello
2015-11-03 22:17:39,758 INFO  nl.rdj.GreetPrinter  - hello, typesafe
2015-11-03 22:17:40,765 INFO  nl.rdj.Greeter  - Hello
2015-11-03 22:17:40,765 INFO  nl.rdj.GreetPrinter  - hello, typesafe
2015-11-03 22:17:41,767 INFO  nl.rdj.Greeter  - Hello
2015-11-03 22:17:41,767 INFO  nl.rdj.GreetPrinter  - hello, typesafe
2015-11-03 22:17:42,766 INFO  nl.rdj.Greeter  - Hello
2015-11-03 22:17:42,766 INFO  nl.rdj.GreetPrinter  - hello, typesafe
2015-11-03 22:17:43,765 INFO  nl.rdj.Greeter  - Hello
2015-11-03 22:17:43,765 INFO  nl.rdj.GreetPrinter  - hello, typesafe
2015-11-03 22:17:44,765 INFO  nl.rdj.Greeter  - Hello
2015-11-03 22:17:44,766 INFO  nl.rdj.GreetPrinter  - hello, typesafe
2015-11-03 22:17:45,766 INFO  nl.rdj.Greeter  - Hello
2015-11-03 22:17:45,766 INFO  nl.rdj.GreetPrinter  - hello, typesafe
2015-11-03 22:17:46,769 INFO  nl.rdj.Greeter  - Hello
2015-11-03 22:17:46,770 INFO  nl.rdj.GreetPrinter  - hello, typesafe
2015-11-03 22:17:47,765 INFO  nl.rdj.Greeter  - Hello
2015-11-03 22:17:47,765 INFO  nl.rdj.GreetPrinter  - hello, typesafe
2015-11-03 22:17:48,765 INFO  nl.rdj.Greeter  - Hello
2015-11-03 22:17:48,765 INFO  nl.rdj.GreetPrinter  - hello, typesafe
2015-11-03 22:17:49,770 INFO  nl.rdj.Greeter  - Hello
2015-11-03 22:17:49,770 INFO  nl.rdj.GreetPrinter  - hello, typesafe
2015-11-03 22:17:50,765 INFO  nl.rdj.Greeter  - Hello
2015-11-03 22:17:50,765 INFO  nl.rdj.GreetPrinter  - hello, typesafe
2015-11-03 22:17:51,765 INFO  nl.rdj.Greeter  - Hello
2015-11-03 22:17:51,766 INFO  nl.rdj.GreetPrinter  - hello, typesafe
2015-11-03 22:17:52,766 INFO  nl.rdj.Greeter  - Hello
2015-11-03 22:17:52,766 INFO  nl.rdj.GreetPrinter  - hello, typesafe
2015-11-03 22:17:53,756 INFO  nl.rdj.Greeter  - Hello
2015-11-03 22:17:53,756 INFO  nl.rdj.GreetPrinter  - hello, typesafe
2015-11-03 22:17:54,767 INFO  nl.rdj.Greeter  - Hello
2015-11-03 22:17:54,767 INFO  nl.rdj.GreetPrinter  - hello, typesafe
2015-11-03 22:17:55,764 INFO  nl.rdj.Greeter  - Hello
2015-11-03 22:17:55,765 INFO  nl.rdj.GreetPrinter  - hello, typesafe
2015-11-03 22:17:56,765 INFO  nl.rdj.Greeter  - Hello
2015-11-03 22:17:56,765 INFO  nl.rdj.GreetPrinter  - hello, typesafe
2015-11-03 22:17:57,765 INFO  nl.rdj.Greeter  - Hello
2015-11-03 22:17:57,766 INFO  nl.rdj.GreetPrinter  - hello, typesafe
2015-11-03 22:17:58,767 INFO  nl.rdj.Greeter  - Hello
2015-11-03 22:17:58,767 INFO  nl.rdj.GreetPrinter  - hello, typesafe
2015-11-03 22:17:59,770 INFO  nl.rdj.Greeter  - Hello
2015-11-03 22:17:59,770 INFO  nl.rdj.GreetPrinter  - hello, typesafe
2015-11-03 22:18:00,770 INFO  nl.rdj.Greeter  - Hello
2015-11-03 22:18:00,770 INFO  nl.rdj.GreetPrinter  - hello, typesafe
2015-11-03 22:18:01,765 INFO  nl.rdj.Greeter  - Hello
2015-11-03 22:18:01,765 INFO  nl.rdj.GreetPrinter  - hello, typesafe
2015-11-03 22:18:02,758 INFO  nl.rdj.Greeter  - Hello
2015-11-03 22:18:02,758 INFO  nl.rdj.GreetPrinter  - hello, typesafe
2015-11-03 22:18:03,770 INFO  nl.rdj.Greeter  - Hello
2015-11-03 22:18:03,770 INFO  nl.rdj.GreetPrinter  - hello, typesafe
2015-11-03 22:18:04,765 INFO  nl.rdj.Greeter  - Hello
2015-11-03 22:18:04,765 INFO  nl.rdj.GreetPrinter  - hello, typesafe
2015-11-03 22:18:05,770 INFO  nl.rdj.Greeter  - Hello
2015-11-03 22:18:05,770 INFO  nl.rdj.GreetPrinter  - hello, typesafe
2015-11-03 22:18:06,756 INFO  nl.rdj.Greeter  - Hello
2015-11-03 22:18:06,756 INFO  nl.rdj.GreetPrinter  - hello, typesafe
2015-11-03 22:18:07,766 INFO  nl.rdj.Greeter  - Hello
2015-11-03 22:18:07,766 INFO  nl.rdj.GreetPrinter  - hello, typesafe
2015-11-03 22:18:08,755 INFO  nl.rdj.Greeter  - Hello
2015-11-03 22:18:08,756 INFO  nl.rdj.GreetPrinter  - hello, typesafe
2015-11-03 22:18:09,770 INFO  nl.rdj.Greeter  - Hello
2015-11-03 22:18:09,770 INFO  nl.rdj.GreetPrinter  - hello, typesafe
2015-11-03 22:18:10,765 INFO  nl.rdj.Greeter  - Hello
2015-11-03 22:18:10,765 INFO  nl.rdj.GreetPrinter  - hello, typesafe
2015-11-03 22:18:11,766 INFO  nl.rdj.Greeter  - Hello
2015-11-03 22:18:11,766 INFO  nl.rdj.GreetPrinter  - hello, typesafe
2015-11-03 22:18:12,765 INFO  nl.rdj.Greeter  - Hello
2015-11-03 22:18:12,766 INFO  nl.rdj.GreetPrinter  - hello, typesafe
2015-11-03 22:18:13,765 INFO  nl.rdj.Greeter  - Hello
2015-11-03 22:18:13,765 INFO  nl.rdj.GreetPrinter  - hello, typesafe
2015-11-03 22:18:14,765 INFO  nl.rdj.Greeter  - Hello
2015-11-03 22:18:14,765 INFO  nl.rdj.GreetPrinter  - hello, typesafe
2015-11-03 22:18:15,766 INFO  nl.rdj.Greeter  - Hello
2015-11-03 22:18:15,767 INFO  nl.rdj.GreetPrinter  - hello, typesafe
2015-11-03 22:18:16,768 INFO  nl.rdj.Greeter  - Hello
2015-11-03 22:18:16,768 INFO  nl.rdj.GreetPrinter  - hello, typesafe
2015-11-03 22:18:17,767 INFO  nl.rdj.Greeter  - Hello
2015-11-03 22:18:17,768 INFO  nl.rdj.GreetPrinter  - hello, typesafe
2015-11-03 22:18:18,765 INFO  nl.rdj.Greeter  - Hello
2015-11-03 22:18:18,765 INFO  nl.rdj.GreetPrinter  - hello, typesafe
2015-11-03 22:18:19,769 INFO  nl.rdj.Greeter  - Hello
2015-11-03 22:18:19,770 INFO  nl.rdj.GreetPrinter  - hello, typesafe
2015-11-03 22:18:20,766 INFO  nl.rdj.Greeter  - Hello
2015-11-03 22:18:20,766 INFO  nl.rdj.GreetPrinter  - hello, typesafe
2015-11-03 22:18:21,766 INFO  nl.rdj.Greeter  - Hello
2015-11-03 22:18:21,766 INFO  nl.rdj.GreetPrinter  - hello, typesafe
2015-11-03 22:18:22,765 INFO  nl.rdj.Greeter  - Hello
2015-11-03 22:18:22,765 INFO  nl.rdj.GreetPrinter  - hello, typesafe
2015-11-03 22:18:23,757 INFO  nl.rdj.Greeter  - Hello
2015-11-03 22:18:23,757 INFO  nl.rdj.GreetPrinter  - hello, typesafe
2015-11-03 22:18:24,768 INFO  nl.rdj.Greeter  - Hello
2015-11-03 22:18:24,768 INFO  nl.rdj.GreetPrinter  - hello, typesafe
2015-11-03 22:18:25,755 INFO  nl.rdj.Greeter  - Hello
2015-11-03 22:18:25,755 INFO  nl.rdj.GreetPrinter  - hello, typesafe
2015-11-03 22:18:26,767 INFO  nl.rdj.Greeter  - Hello
2015-11-03 22:18:26,767 INFO  nl.rdj.GreetPrinter  - hello, typesafe
2015-11-03 22:18:27,767 INFO  nl.rdj.Greeter  - Hello
2015-11-03 22:18:27,767 INFO  nl.rdj.GreetPrinter  - hello, typesafe
2015-11-03 22:18:28,767 INFO  nl.rdj.Greeter  - Hello
2015-11-03 22:18:28,767 INFO  nl.rdj.GreetPrinter  - hello, typesafe
2015-11-03 22:18:29,765 INFO  nl.rdj.Greeter  - Hello
2015-11-03 22:18:29,765 INFO  nl.rdj.GreetPrinter  - hello, typesafe
2015-11-03 22:18:30,766 INFO  nl.rdj.Greeter  - Hello
2015-11-03 22:18:30,766 INFO  nl.rdj.GreetPrinter  - hello, typesafe
2015-11-03 22:18:31,766 INFO  nl.rdj.Greeter  - Hello
2015-11-03 22:18:31,766 INFO  nl.rdj.GreetPrinter  - hello, typesafe
2015-11-03 22:18:32,765 INFO  nl.rdj.Greeter  - Hello
2015-11-03 22:18:32,766 INFO  nl.rdj.GreetPrinter  - hello, typesafe
2015-11-03 22:18:33,768 INFO  nl.rdj.Greeter  - Hello
2015-11-03 22:18:33,768 INFO  nl.rdj.GreetPrinter  - hello, typesafe
2015-11-03 22:18:34,765 INFO  nl.rdj.Greeter  - Hello
2015-11-03 22:18:34,766 INFO  nl.rdj.GreetPrinter  - hello, typesafe
2015-11-03 22:18:35,766 INFO  nl.rdj.Greeter  - Hello
2015-11-03 22:18:35,766 INFO  nl.rdj.GreetPrinter  - hello, typesafe
2015-11-03 22:18:36,766 INFO  nl.rdj.Greeter  - Hello
2015-11-03 22:18:36,766 INFO  nl.rdj.GreetPrinter  - hello, typesafe
2015-11-03 22:18:37,765 INFO  nl.rdj.Greeter  - Hello
2015-11-03 22:18:37,765 INFO  nl.rdj.GreetPrinter  - hello, typesafe
2015-11-03 22:18:38,766 INFO  nl.rdj.Greeter  - Hello
2015-11-03 22:18:38,766 INFO  nl.rdj.GreetPrinter  - hello, typesafe
2015-11-03 22:18:39,765 INFO  nl.rdj.Greeter  - Hello
2015-11-03 22:18:39,765 INFO  nl.rdj.GreetPrinter  - hello, typesafe
2015-11-03 22:18:40,765 INFO  nl.rdj.Greeter  - Hello
2015-11-03 22:18:40,766 INFO  nl.rdj.GreetPrinter  - hello, typesafe
2015-11-03 22:18:41,767 INFO  nl.rdj.Greeter  - Hello
2015-11-03 22:18:41,769 INFO  nl.rdj.GreetPrinter  - hello, typesafe
2015-11-03 22:18:42,765 INFO  nl.rdj.Greeter  - Hello
2015-11-03 22:18:42,765 INFO  nl.rdj.GreetPrinter  - hello, typesafe
2015-11-03 22:18:43,768 INFO  nl.rdj.Greeter  - Hello
2015-11-03 22:18:43,768 INFO  nl.rdj.GreetPrinter  - hello, typesafe
2015-11-03 22:18:44,765 INFO  nl.rdj.Greeter  - Hello
2015-11-03 22:18:44,765 INFO  nl.rdj.GreetPrinter  - hello, typesafe
2015-11-03 22:18:45,755 INFO  nl.rdj.Greeter  - Hello
2015-11-03 22:18:45,756 INFO  nl.rdj.GreetPrinter  - hello, typesafe
2015-11-03 22:18:46,756 INFO  nl.rdj.Greeter  - Hello
2015-11-03 22:18:46,756 INFO  nl.rdj.GreetPrinter  - hello, typesafe
2015-11-03 22:18:47,760 INFO  nl.rdj.Greeter  - Hello
2015-11-03 22:18:47,760 INFO  nl.rdj.GreetPrinter  - hello, typesafe
2015-11-03 22:18:48,756 INFO  nl.rdj.Greeter  - Hello
2015-11-03 22:18:48,756 INFO  nl.rdj.GreetPrinter  - hello, typesafe
2015-11-03 22:18:49,755 INFO  nl.rdj.Greeter  - Hello
2015-11-03 22:18:49,755 INFO  nl.rdj.GreetPrinter  - hello, typesafe
2015-11-03 22:18:50,755 INFO  nl.rdj.Greeter  - Hello
2015-11-03 22:18:50,756 INFO  nl.rdj.GreetPrinter  - hello, typesafe
2015-11-03 22:18:51,756 INFO  nl.rdj.Greeter  - Hello
2015-11-03 22:18:51,756 INFO  nl.rdj.GreetPrinter  - hello, typesafe
2015-11-03 22:18:52,756 INFO  nl.rdj.Greeter  - Hello
2015-11-03 22:18:52,757 INFO  nl.rdj.GreetPrinter  - hello, typesafe
2015-11-03 22:18:53,768 INFO  nl.rdj.Greeter  - Hello
2015-11-03 22:18:53,768 INFO  nl.rdj.GreetPrinter  - hello, typesafe
2015-11-03 22:18:54,768 INFO  nl.rdj.Greeter  - Hello
2015-11-03 22:18:54,768 INFO  nl.rdj.GreetPrinter  - hello, typesafe
2015-11-03 22:18:55,772 INFO  nl.rdj.Greeter  - Hello
2015-11-03 22:18:55,772 INFO  nl.rdj.GreetPrinter  - hello, typesafe
2015-11-03 22:18:56,746 INFO  nl.rdj.Greeter  - Hello
2015-11-03 22:18:56,746 INFO  nl.rdj.GreetPrinter  - hello, typesafe
2015-11-03 22:18:57,758 INFO  nl.rdj.Greeter  - Hello
2015-11-03 22:18:57,759 INFO  nl.rdj.GreetPrinter  - hello, typesafe
2015-11-03 22:18:58,758 INFO  nl.rdj.Greeter  - Hello
2015-11-03 22:18:58,758 INFO  nl.rdj.GreetPrinter  - hello, typesafe
2015-11-03 22:18:59,755 INFO  nl.rdj.Greeter  - Hello
2015-11-03 22:18:59,755 INFO  nl.rdj.GreetPrinter  - hello, typesafe
2015-11-03 22:19:00,758 INFO  nl.rdj.Greeter  - Hello
2015-11-03 22:19:00,758 INFO  nl.rdj.GreetPrinter  - hello, typesafe
2015-11-03 22:19:01,758 INFO  nl.rdj.Greeter  - Hello
2015-11-03 22:19:01,758 INFO  nl.rdj.GreetPrinter  - hello, typesafe
2015-11-03 22:19:02,755 INFO  nl.rdj.Greeter  - Hello
2015-11-03 22:19:02,755 INFO  nl.rdj.GreetPrinter  - hello, typesafe
2015-11-03 22:19:03,758 INFO  nl.rdj.Greeter  - Hello
2015-11-03 22:19:03,758 INFO  nl.rdj.GreetPrinter  - hello, typesafe
2015-11-03 22:19:04,756 INFO  nl.rdj.Greeter  - Hello
2015-11-03 22:19:04,756 INFO  nl.rdj.GreetPrinter  - hello, typesafe
2015-11-03 22:19:05,755 INFO  nl.rdj.Greeter  - Hello
2015-11-03 22:19:05,755 INFO  nl.rdj.GreetPrinter  - hello, typesafe
2015-11-03 22:19:06,755 INFO  nl.rdj.Greeter  - Hello
2015-11-03 22:19:06,755 INFO  nl.rdj.GreetPrinter  - hello, typesafe
2015-11-03 22:19:07,758 INFO  nl.rdj.Greeter  - Hello
2015-11-03 22:19:07,758 INFO  nl.rdj.GreetPrinter  - hello, typesafe
2015-11-03 22:19:08,755 INFO  nl.rdj.Greeter  - Hello
2015-11-03 22:19:08,755 INFO  nl.rdj.GreetPrinter  - hello, typesafe
2015-11-03 22:19:09,758 INFO  nl.rdj.Greeter  - Hello
2015-11-03 22:19:09,758 INFO  nl.rdj.GreetPrinter  - hello, typesafe
2015-11-03 22:19:10,755 INFO  nl.rdj.Greeter  - Hello
2015-11-03 22:19:10,756 INFO  nl.rdj.GreetPrinter  - hello, typesafe
2015-11-03 22:19:11,756 INFO  nl.rdj.Greeter  - Hello
2015-11-03 22:19:11,756 INFO  nl.rdj.GreetPrinter  - hello, typesafe
2015-11-03 22:19:12,755 INFO  nl.rdj.Greeter  - Hello
2015-11-03 22:19:12,756 INFO  nl.rdj.GreetPrinter  - hello, typesafe
2015-11-03 22:19:13,757 INFO  nl.rdj.Greeter  - Hello
2015-11-03 22:19:13,757 INFO  nl.rdj.GreetPrinter  - hello, typesafe
2015-11-03 22:19:14,755 INFO  nl.rdj.Greeter  - Hello
2015-11-03 22:19:14,755 INFO  nl.rdj.GreetPrinter  - hello, typesafe
2015-11-03 22:19:15,766 INFO  nl.rdj.Greeter  - Hello
2015-11-03 22:19:15,766 INFO  nl.rdj.GreetPrinter  - hello, typesafe
2015-11-03 22:19:16,756 INFO  nl.rdj.Greeter  - Hello
2015-11-03 22:19:16,757 INFO  nl.rdj.GreetPrinter  - hello, typesafe
2015-11-03 22:19:17,756 INFO  nl.rdj.Greeter  - Hello
2015-11-03 22:19:17,756 INFO  nl.rdj.GreetPrinter  - hello, typesafe
2015-11-03 22:19:18,760 INFO  nl.rdj.Greeter  - Hello
2015-11-03 22:19:18,761 INFO  nl.rdj.GreetPrinter  - hello, typesafe
2015-11-03 22:19:19,757 INFO  nl.rdj.Greeter  - Hello
2015-11-03 22:19:19,758 INFO  nl.rdj.GreetPrinter  - hello, typesafe
2015-11-03 22:19:20,754 INFO  nl.rdj.Greeter  - Hello
2015-11-03 22:19:20,755 INFO  nl.rdj.GreetPrinter  - hello, typesafe
2015-11-03 22:19:21,755 INFO  nl.rdj.Greeter  - Hello
2015-11-03 22:19:21,756 INFO  nl.rdj.GreetPrinter  - hello, typesafe
2015-11-03 22:19:22,757 INFO  nl.rdj.Greeter  - Hello
2015-11-03 22:19:22,758 INFO  nl.rdj.GreetPrinter  - hello, typesafe
2015-11-03 22:19:23,756 INFO  nl.rdj.Greeter  - Hello
2015-11-03 22:19:23,756 INFO  nl.rdj.GreetPrinter  - hello, typesafe
2015-11-03 22:19:24,758 INFO  nl.rdj.Greeter  - Hello
2015-11-03 22:19:24,758 INFO  nl.rdj.GreetPrinter  - hello, typesafe
2015-11-03 22:19:25,757 INFO  nl.rdj.Greeter  - Hello
2015-11-03 22:19:25,758 INFO  nl.rdj.GreetPrinter  - hello, typesafe
2015-11-03 22:19:26,758 INFO  nl.rdj.Greeter  - Hello
2015-11-03 22:19:26,758 INFO  nl.rdj.GreetPrinter  - hello, typesafe
2015-11-03 22:19:27,754 INFO  nl.rdj.Greeter  - Hello
2015-11-03 22:19:27,755 INFO  nl.rdj.GreetPrinter  - hello, typesafe
2015-11-03 22:19:28,755 INFO  nl.rdj.Greeter  - Hello
2015-11-03 22:19:28,755 INFO  nl.rdj.GreetPrinter  - hello, typesafe
2015-11-03 22:19:29,757 INFO  nl.rdj.Greeter  - Hello
2015-11-03 22:19:29,757 INFO  nl.rdj.GreetPrinter  - hello, typesafe
2015-11-03 22:19:30,754 INFO  nl.rdj.Greeter  - Hello
2015-11-03 22:19:30,755 INFO  nl.rdj.GreetPrinter  - hello, typesafe
2015-11-03 22:19:31,756 INFO  nl.rdj.Greeter  - Hello
2015-11-03 22:19:31,756 INFO  nl.rdj.GreetPrinter  - hello, typesafe
2015-11-03 22:19:32,761 INFO  nl.rdj.Greeter  - Hello
2015-11-03 22:19:32,761 INFO  nl.rdj.GreetPrinter  - hello, typesafe
2015-11-03 22:19:33,784 INFO  nl.rdj.Greeter  - Hello
2015-11-03 22:19:33,785 INFO  nl.rdj.GreetPrinter  - hello, typesafe
2015-11-03 22:19:34,770 INFO  nl.rdj.Greeter  - Hello
2015-11-03 22:19:34,770 INFO  nl.rdj.GreetPrinter  - hello, typesafe
2015-11-03 22:19:35,755 INFO  nl.rdj.Greeter  - Hello
2015-11-03 22:19:35,756 INFO  nl.rdj.GreetPrinter  - hello, typesafe
2015-11-03 22:19:36,755 INFO  nl.rdj.Greeter  - Hello
2015-11-03 22:19:36,755 INFO  nl.rdj.GreetPrinter  - hello, typesafe
2015-11-03 22:19:37,755 INFO  nl.rdj.Greeter  - Hello
2015-11-03 22:19:37,755 INFO  nl.rdj.GreetPrinter  - hello, typesafe
2015-11-03 22:19:38,755 INFO  nl.rdj.Greeter  - Hello
2015-11-03 22:19:38,755 INFO  nl.rdj.GreetPrinter  - hello, typesafe
2015-11-03 22:19:39,755 INFO  nl.rdj.Greeter  - Hello
2015-11-03 22:19:39,756 INFO  nl.rdj.GreetPrinter  - hello, typesafe
2015-11-03 22:19:40,758 INFO  nl.rdj.Greeter  - Hello
2015-11-03 22:19:40,759 INFO  nl.rdj.GreetPrinter  - hello, typesafe
2015-11-03 22:19:41,755 INFO  nl.rdj.Greeter  - Hello
2015-11-03 22:19:41,755 INFO  nl.rdj.GreetPrinter  - hello, typesafe
2015-11-03 22:19:42,755 INFO  nl.rdj.Greeter  - Hello
2015-11-03 22:19:42,762 INFO  nl.rdj.GreetPrinter  - hello, typesafe
2015-11-03 22:19:43,755 INFO  nl.rdj.Greeter  - Hello
2015-11-03 22:19:43,755 INFO  nl.rdj.GreetPrinter  - hello, typesafe
2015-11-03 22:19:44,757 INFO  nl.rdj.Greeter  - Hello
2015-11-03 22:19:44,757 INFO  nl.rdj.GreetPrinter  - hello, typesafe
2015-11-03 22:19:45,756 INFO  nl.rdj.Greeter  - Hello
2015-11-03 22:19:45,756 INFO  nl.rdj.GreetPrinter  - hello, typesafe
2015-11-03 22:19:46,759 INFO  nl.rdj.Greeter  - Hello
2015-11-03 22:19:46,759 INFO  nl.rdj.GreetPrinter  - hello, typesafe
2015-11-03 22:19:47,756 INFO  nl.rdj.Greeter  - Hello
2015-11-03 22:19:47,756 INFO  nl.rdj.GreetPrinter  - hello, typesafe
2015-11-03 22:19:48,757 INFO  nl.rdj.Greeter  - Hello
2015-11-03 22:19:48,757 INFO  nl.rdj.GreetPrinter  - hello, typesafe
2015-11-03 22:19:49,765 INFO  nl.rdj.Greeter  - Hello
2015-11-03 22:19:49,765 INFO  nl.rdj.GreetPrinter  - hello, typesafe
2015-11-03 22:19:50,756 INFO  nl.rdj.Greeter  - Hello
2015-11-03 22:19:50,756 INFO  nl.rdj.GreetPrinter  - hello, typesafe
2015-11-03 22:19:51,755 INFO  nl.rdj.Greeter  - Hello
2015-11-03 22:19:51,755 INFO  nl.rdj.GreetPrinter  - hello, typesafe
2015-11-03 22:19:52,756 INFO  nl.rdj.Greeter  - Hello
2015-11-03 22:19:52,756 INFO  nl.rdj.GreetPrinter  - hello, typesafe
2015-11-03 22:19:53,756 INFO  nl.rdj.Greeter  - Hello
2015-11-03 22:19:53,756 INFO  nl.rdj.GreetPrinter  - hello, typesafe
2015-11-03 22:19:54,756 INFO  nl.rdj.Greeter  - Hello
2015-11-03 22:19:54,756 INFO  nl.rdj.GreetPrinter  - hello, typesafe
2015-11-03 22:19:55,755 INFO  nl.rdj.Greeter  - Hello
2015-11-03 22:19:55,755 INFO  nl.rdj.GreetPrinter  - hello, typesafe
2015-11-03 22:19:56,757 INFO  nl.rdj.Greeter  - Hello
2015-11-03 22:19:56,757 INFO  nl.rdj.GreetPrinter  - hello, typesafe
2015-11-03 22:19:57,755 INFO  nl.rdj.Greeter  - Hello
2015-11-03 22:19:57,756 INFO  nl.rdj.GreetPrinter  - hello, typesafe
2015-11-03 22:19:58,756 INFO  nl.rdj.Greeter  - Hello
2015-11-03 22:19:58,756 INFO  nl.rdj.GreetPrinter  - hello, typesafe
2015-11-03 22:19:59,755 INFO  nl.rdj.Greeter  - Hello
2015-11-03 22:19:59,755 INFO  nl.rdj.GreetPrinter  - hello, typesafe
2015-11-03 22:20:00,755 INFO  nl.rdj.Greeter  - Hello
2015-11-03 22:20:00,756 INFO  nl.rdj.GreetPrinter  - hello, typesafe
2015-11-03 22:20:01,756 INFO  nl.rdj.Greeter  - Hello
2015-11-03 22:20:01,756 INFO  nl.rdj.GreetPrinter  - hello, typesafe
2015-11-03 22:20:02,765 INFO  nl.rdj.Greeter  - Hello
2015-11-03 22:20:02,765 INFO  nl.rdj.GreetPrinter  - hello, typesafe
2015-11-03 22:20:03,755 INFO  nl.rdj.Greeter  - Hello
2015-11-03 22:20:03,756 INFO  nl.rdj.GreetPrinter  - hello, typesafe
2015-11-03 22:20:04,766 INFO  nl.rdj.Greeter  - Hello
2015-11-03 22:20:04,766 INFO  nl.rdj.GreetPrinter  - hello, typesafe
2015-11-03 22:20:05,755 INFO  nl.rdj.Greeter  - Hello
2015-11-03 22:20:05,755 INFO  nl.rdj.GreetPrinter  - hello, typesafe
2015-11-03 22:20:06,762 INFO  nl.rdj.Greeter  - Hello
2015-11-03 22:20:06,762 INFO  nl.rdj.GreetPrinter  - hello, typesafe
2015-11-03 22:20:07,745 INFO  nl.rdj.Greeter  - Hello
2015-11-03 22:20:07,746 INFO  nl.rdj.GreetPrinter  - hello, typesafe
2015-11-03 22:20:08,756 INFO  nl.rdj.Greeter  - Hello
2015-11-03 22:20:08,756 INFO  nl.rdj.GreetPrinter  - hello, typesafe
2015-11-03 22:20:09,755 INFO  nl.rdj.Greeter  - Hello
2015-11-03 22:20:09,755 INFO  nl.rdj.GreetPrinter  - hello, typesafe
2015-11-03 22:20:10,756 INFO  nl.rdj.Greeter  - Hello
2015-11-03 22:20:10,757 INFO  nl.rdj.GreetPrinter  - hello, typesafe
2015-11-03 22:20:11,755 INFO  nl.rdj.Greeter  - Hello
2015-11-03 22:20:11,755 INFO  nl.rdj.GreetPrinter  - hello, typesafe
2015-11-03 22:20:12,755 INFO  nl.rdj.Greeter  - Hello
2015-11-03 22:20:12,755 INFO  nl.rdj.GreetPrinter  - hello, typesafe
2015-11-03 22:20:13,755 INFO  nl.rdj.Greeter  - Hello
2015-11-03 22:20:13,755 INFO  nl.rdj.GreetPrinter  - hello, typesafe
2015-11-03 22:20:14,755 INFO  nl.rdj.Greeter  - Hello
2015-11-03 22:20:14,755 INFO  nl.rdj.GreetPrinter  - hello, typesafe
2015-11-03 22:20:15,755 INFO  nl.rdj.Greeter  - Hello
2015-11-03 22:20:15,755 INFO  nl.rdj.GreetPrinter  - hello, typesafe
2015-11-03 22:20:16,769 INFO  nl.rdj.Greeter  - Hello
2015-11-03 22:20:16,770 INFO  nl.rdj.GreetPrinter  - hello, typesafe
2015-11-03 22:20:17,756 INFO  nl.rdj.Greeter  - Hello
2015-11-03 22:20:17,756 INFO  nl.rdj.GreetPrinter  - hello, typesafe
2015-11-03 22:20:18,755 INFO  nl.rdj.Greeter  - Hello
2015-11-03 22:20:18,756 INFO  nl.rdj.GreetPrinter  - hello, typesafe
2015-11-03 22:20:19,756 INFO  nl.rdj.Greeter  - Hello
2015-11-03 22:20:19,756 INFO  nl.rdj.GreetPrinter  - hello, typesafe
2015-11-03 22:20:20,755 INFO  nl.rdj.Greeter  - Hello
2015-11-03 22:20:20,756 INFO  nl.rdj.GreetPrinter  - hello, typesafe
2015-11-03 22:20:21,759 INFO  nl.rdj.Greeter  - Hello
2015-11-03 22:20:21,760 INFO  nl.rdj.GreetPrinter  - hello, typesafe
2015-11-03 22:20:22,756 INFO  nl.rdj.Greeter  - Hello
2015-11-03 22:20:22,756 INFO  nl.rdj.GreetPrinter  - hello, typesafe
2015-11-03 22:20:23,755 INFO  nl.rdj.Greeter  - Hello
2015-11-03 22:20:23,756 INFO  nl.rdj.GreetPrinter  - hello, typesafe
2015-11-03 22:20:24,756 INFO  nl.rdj.Greeter  - Hello
2015-11-03 22:20:24,757 INFO  nl.rdj.GreetPrinter  - hello, typesafe
2015-11-03 22:20:25,759 INFO  nl.rdj.Greeter  - Hello
2015-11-03 22:20:25,760 INFO  nl.rdj.GreetPrinter  - hello, typesafe
2015-11-03 22:20:26,756 INFO  nl.rdj.Greeter  - Hello
2015-11-03 22:20:26,756 INFO  nl.rdj.GreetPrinter  - hello, typesafe
2015-11-03 22:20:27,758 INFO  nl.rdj.Greeter  - Hello
2015-11-03 22:20:27,759 INFO  nl.rdj.GreetPrinter  - hello, typesafe
2015-11-03 22:20:28,755 INFO  nl.rdj.Greeter  - Hello
2015-11-03 22:20:28,755 INFO  nl.rdj.GreetPrinter  - hello, typesafe
2015-11-03 22:20:29,755 INFO  nl.rdj.Greeter  - Hello
2015-11-03 22:20:29,755 INFO  nl.rdj.GreetPrinter  - hello, typesafe
2015-11-03 22:20:30,756 INFO  nl.rdj.Greeter  - Hello
2015-11-03 22:20:30,756 INFO  nl.rdj.GreetPrinter  - hello, typesafe
2015-11-03 22:20:31,755 INFO  nl.rdj.Greeter  - Hello
2015-11-03 22:20:31,756 INFO  nl.rdj.GreetPrinter  - hello, typesafe
2015-11-03 22:20:32,770 INFO  nl.rdj.Greeter  - Hello
2015-11-03 22:20:32,770 INFO  nl.rdj.GreetPrinter  - hello, typesafe
2015-11-03 22:20:33,755 INFO  nl.rdj.Greeter  - Hello
2015-11-03 22:20:33,755 INFO  nl.rdj.GreetPrinter  - hello, typesafe
2015-11-03 22:20:34,756 INFO  nl.rdj.Greeter  - Hello
2015-11-03 22:20:34,756 INFO  nl.rdj.GreetPrinter  - hello, typesafe
2015-11-03 22:20:35,755 INFO  nl.rdj.Greeter  - Hello
2015-11-03 22:20:35,756 INFO  nl.rdj.GreetPrinter  - hello, typesafe
2015-11-03 22:20:36,765 INFO  nl.rdj.Greeter  - Hello
2015-11-03 22:20:36,765 INFO  nl.rdj.GreetPrinter  - hello, typesafe
2015-11-03 22:20:37,765 INFO  nl.rdj.Greeter  - Hello
2015-11-03 22:20:37,766 INFO  nl.rdj.GreetPrinter  - hello, typesafe
2015-11-03 22:20:38,758 INFO  nl.rdj.Greeter  - Hello
2015-11-03 22:20:38,758 INFO  nl.rdj.GreetPrinter  - hello, typesafe
2015-11-03 22:20:39,756 INFO  nl.rdj.Greeter  - Hello
2015-11-03 22:20:39,756 INFO  nl.rdj.GreetPrinter  - hello, typesafe
2015-11-03 22:20:40,755 INFO  nl.rdj.Greeter  - Hello
2015-11-03 22:20:40,755 INFO  nl.rdj.GreetPrinter  - hello, typesafe
2015-11-03 22:20:41,770 INFO  nl.rdj.Greeter  - Hello
2015-11-03 22:20:41,770 INFO  nl.rdj.GreetPrinter  - hello, typesafe
2015-11-03 22:20:42,758 INFO  nl.rdj.Greeter  - Hello
2015-11-03 22:20:42,758 INFO  nl.rdj.GreetPrinter  - hello, typesafe
2015-11-03 22:20:43,755 INFO  nl.rdj.Greeter  - Hello
2015-11-03 22:20:43,756 INFO  nl.rdj.GreetPrinter  - hello, typesafe
2015-11-03 22:20:44,755 INFO  nl.rdj.Greeter  - Hello
2015-11-03 22:20:44,755 INFO  nl.rdj.GreetPrinter  - hello, typesafe
2015-11-03 22:20:45,756 INFO  nl.rdj.Greeter  - Hello
2015-11-03 22:20:45,756 INFO  nl.rdj.GreetPrinter  - hello, typesafe
2015-11-03 22:20:46,757 INFO  nl.rdj.Greeter  - Hello
2015-11-03 22:20:46,758 INFO  nl.rdj.GreetPrinter  - hello, typesafe
2015-11-03 22:20:47,755 INFO  nl.rdj.Greeter  - Hello
2015-11-03 22:20:47,755 INFO  nl.rdj.GreetPrinter  - hello, typesafe
2015-11-03 22:20:48,755 INFO  nl.rdj.Greeter  - Hello
2015-11-03 22:20:48,756 INFO  nl.rdj.GreetPrinter  - hello, typesafe
2015-11-03 22:20:49,755 INFO  nl.rdj.Greeter  - Hello
2015-11-03 22:20:49,756 INFO  nl.rdj.GreetPrinter  - hello, typesafe
2015-11-03 22:20:50,756 INFO  nl.rdj.Greeter  - Hello
2015-11-03 22:20:50,756 INFO  nl.rdj.GreetPrinter  - hello, typesafe
2015-11-03 22:20:51,756 INFO  nl.rdj.Greeter  - Hello
2015-11-03 22:20:51,756 INFO  nl.rdj.GreetPrinter  - hello, typesafe
2015-11-03 22:20:52,755 INFO  nl.rdj.Greeter  - Hello
2015-11-03 22:20:52,755 INFO  nl.rdj.GreetPrinter  - hello, typesafe
2015-11-03 22:20:53,758 INFO  nl.rdj.Greeter  - Hello
2015-11-03 22:20:53,758 INFO  nl.rdj.GreetPrinter  - hello, typesafe
2015-11-03 22:20:54,756 INFO  nl.rdj.Greeter  - Hello
2015-11-03 22:20:54,756 INFO  nl.rdj.GreetPrinter  - hello, typesafe
2015-11-03 22:20:55,757 INFO  nl.rdj.Greeter  - Hello
2015-11-03 22:20:55,757 INFO  nl.rdj.GreetPrinter  - hello, typesafe
2015-11-03 22:20:56,756 INFO  nl.rdj.Greeter  - Hello
2015-11-03 22:20:56,756 INFO  nl.rdj.GreetPrinter  - hello, typesafe
2015-11-03 22:20:57,755 INFO  nl.rdj.Greeter  - Hello
2015-11-03 22:20:57,756 INFO  nl.rdj.GreetPrinter  - hello, typesafe
2015-11-03 22:20:58,769 INFO  nl.rdj.Greeter  - Hello
2015-11-03 22:20:58,769 INFO  nl.rdj.GreetPrinter  - hello, typesafe
2015-11-03 22:20:59,755 INFO  nl.rdj.Greeter  - Hello
2015-11-03 22:20:59,756 INFO  nl.rdj.GreetPrinter  - hello, typesafe
2015-11-03 22:21:00,756 INFO  nl.rdj.Greeter  - Hello
2015-11-03 22:21:00,757 INFO  nl.rdj.GreetPrinter  - hello, typesafe
2015-11-03 22:21:01,756 INFO  nl.rdj.Greeter  - Hello
2015-11-03 22:21:01,756 INFO  nl.rdj.GreetPrinter  - hello, typesafe
2015-11-03 22:21:02,756 INFO  nl.rdj.Greeter  - Hello
2015-11-03 22:21:02,757 INFO  nl.rdj.GreetPrinter  - hello, typesafe
2015-11-03 22:21:03,768 INFO  nl.rdj.Greeter  - Hello
2015-11-03 22:21:03,768 INFO  nl.rdj.GreetPrinter  - hello, typesafe
2015-11-03 22:21:04,767 INFO  nl.rdj.Greeter  - Hello
2015-11-03 22:21:04,767 INFO  nl.rdj.GreetPrinter  - hello, typesafe
2015-11-03 22:21:05,757 INFO  nl.rdj.Greeter  - Hello
2015-11-03 22:21:05,757 INFO  nl.rdj.GreetPrinter  - hello, typesafe
2015-11-03 22:21:06,766 INFO  nl.rdj.Greeter  - Hello
2015-11-03 22:21:06,766 INFO  nl.rdj.GreetPrinter  - hello, typesafe
2015-11-03 22:21:07,755 INFO  nl.rdj.Greeter  - Hello
2015-11-03 22:21:07,755 INFO  nl.rdj.GreetPrinter  - hello, typesafe
2015-11-03 22:21:08,765 INFO  nl.rdj.Greeter  - Hello
2015-11-03 22:21:08,766 INFO  nl.rdj.GreetPrinter  - hello, typesafe
2015-11-03 22:21:09,767 INFO  nl.rdj.Greeter  - Hello
2015-11-03 22:21:09,768 INFO  nl.rdj.GreetPrinter  - hello, typesafe
2015-11-03 22:21:10,755 INFO  nl.rdj.Greeter  - Hello
2015-11-03 22:21:10,755 INFO  nl.rdj.GreetPrinter  - hello, typesafe
2015-11-03 22:21:11,757 INFO  nl.rdj.Greeter  - Hello
2015-11-03 22:21:11,757 INFO  nl.rdj.GreetPrinter  - hello, typesafe
2015-11-03 22:21:12,755 INFO  nl.rdj.Greeter  - Hello
2015-11-03 22:21:12,756 INFO  nl.rdj.GreetPrinter  - hello, typesafe
2015-11-03 22:21:13,765 INFO  nl.rdj.Greeter  - Hello
2015-11-03 22:21:13,765 INFO  nl.rdj.GreetPrinter  - hello, typesafe
2015-11-03 22:21:14,755 INFO  nl.rdj.Greeter  - Hello
2015-11-03 22:21:14,756 INFO  nl.rdj.GreetPrinter  - hello, typesafe
2015-11-03 22:21:15,755 INFO  nl.rdj.Greeter  - Hello
2015-11-03 22:21:15,755 INFO  nl.rdj.GreetPrinter  - hello, typesafe
2015-11-03 22:21:16,755 INFO  nl.rdj.Greeter  - Hello
2015-11-03 22:21:16,755 INFO  nl.rdj.GreetPrinter  - hello, typesafe
2015-11-03 22:21:17,756 INFO  nl.rdj.Greeter  - Hello
2015-11-03 22:21:17,756 INFO  nl.rdj.GreetPrinter  - hello, typesafe
2015-11-03 22:21:18,765 INFO  nl.rdj.Greeter  - Hello
2015-11-03 22:21:18,765 INFO  nl.rdj.GreetPrinter  - hello, typesafe
2015-11-03 22:21:19,758 INFO  nl.rdj.Greeter  - Hello
2015-11-03 22:21:19,758 INFO  nl.rdj.GreetPrinter  - hello, typesafe
2015-11-03 22:21:20,755 INFO  nl.rdj.Greeter  - Hello
2015-11-03 22:21:20,755 INFO  nl.rdj.GreetPrinter  - hello, typesafe
2015-11-03 22:21:21,756 INFO  nl.rdj.Greeter  - Hello
2015-11-03 22:21:21,756 INFO  nl.rdj.GreetPrinter  - hello, typesafe
2015-11-03 22:21:22,755 INFO  nl.rdj.Greeter  - Hello
2015-11-03 22:21:22,755 INFO  nl.rdj.GreetPrinter  - hello, typesafe
2015-11-03 22:21:23,756 INFO  nl.rdj.Greeter  - Hello
2015-11-03 22:21:23,756 INFO  nl.rdj.GreetPrinter  - hello, typesafe
2015-11-03 22:21:24,755 INFO  nl.rdj.Greeter  - Hello
2015-11-03 22:21:24,755 INFO  nl.rdj.GreetPrinter  - hello, typesafe
2015-11-03 22:21:25,765 INFO  nl.rdj.Greeter  - Hello
2015-11-03 22:21:25,765 INFO  nl.rdj.GreetPrinter  - hello, typesafe
2015-11-03 22:21:26,757 INFO  nl.rdj.Greeter  - Hello
2015-11-03 22:21:26,758 INFO  nl.rdj.GreetPrinter  - hello, typesafe
2015-11-03 22:21:27,756 INFO  nl.rdj.Greeter  - Hello
2015-11-03 22:21:27,756 INFO  nl.rdj.GreetPrinter  - hello, typesafe
2015-11-03 22:21:28,768 INFO  nl.rdj.Greeter  - Hello
2015-11-03 22:21:28,768 INFO  nl.rdj.GreetPrinter  - hello, typesafe
2015-11-03 22:21:29,766 INFO  nl.rdj.Greeter  - Hello
2015-11-03 22:21:29,767 INFO  nl.rdj.GreetPrinter  - hello, typesafe
2015-11-03 22:21:30,765 INFO  nl.rdj.Greeter  - Hello
2015-11-03 22:21:30,765 INFO  nl.rdj.GreetPrinter  - hello, typesafe
2015-11-03 22:21:31,756 INFO  nl.rdj.Greeter  - Hello
2015-11-03 22:21:31,756 INFO  nl.rdj.GreetPrinter  - hello, typesafe
2015-11-03 22:21:32,756 INFO  nl.rdj.Greeter  - Hello
2015-11-03 22:21:32,756 INFO  nl.rdj.GreetPrinter  - hello, typesafe
2015-11-03 22:21:33,766 INFO  nl.rdj.Greeter  - Hello
2015-11-03 22:21:33,766 INFO  nl.rdj.GreetPrinter  - hello, typesafe
2015-11-03 22:21:34,755 INFO  nl.rdj.Greeter  - Hello
2015-11-03 22:21:34,755 INFO  nl.rdj.GreetPrinter  - hello, typesafe
2015-11-03 22:21:35,755 INFO  nl.rdj.Greeter  - Hello
2015-11-03 22:21:35,755 INFO  nl.rdj.GreetPrinter  - hello, typesafe
2015-11-03 22:21:36,755 INFO  nl.rdj.Greeter  - Hello
2015-11-03 22:21:36,755 INFO  nl.rdj.GreetPrinter  - hello, typesafe
2015-11-03 22:21:37,756 INFO  nl.rdj.Greeter  - Hello
2015-11-03 22:21:37,756 INFO  nl.rdj.GreetPrinter  - hello, typesafe
2015-11-03 22:21:38,755 INFO  nl.rdj.Greeter  - Hello
2015-11-03 22:21:38,755 INFO  nl.rdj.GreetPrinter  - hello, typesafe
2015-11-03 22:21:39,766 INFO  nl.rdj.Greeter  - Hello
2015-11-03 22:21:39,766 INFO  nl.rdj.GreetPrinter  - hello, typesafe
2015-11-03 22:21:40,756 INFO  nl.rdj.Greeter  - Hello
2015-11-03 22:21:40,756 INFO  nl.rdj.GreetPrinter  - hello, typesafe
2015-11-03 22:21:41,755 INFO  nl.rdj.Greeter  - Hello
2015-11-03 22:21:41,755 INFO  nl.rdj.GreetPrinter  - hello, typesafe
2015-11-03 22:21:42,755 INFO  nl.rdj.Greeter  - Hello
2015-11-03 22:21:42,755 INFO  nl.rdj.GreetPrinter  - hello, typesafe
2015-11-03 22:21:43,755 INFO  nl.rdj.Greeter  - Hello
2015-11-03 22:21:43,755 INFO  nl.rdj.GreetPrinter  - hello, typesafe
2015-11-03 22:21:44,757 INFO  nl.rdj.Greeter  - Hello
2015-11-03 22:21:44,757 INFO  nl.rdj.GreetPrinter  - hello, typesafe
2015-11-03 22:21:45,754 INFO  nl.rdj.Greeter  - Hello
2015-11-03 22:21:45,755 INFO  nl.rdj.GreetPrinter  - hello, typesafe
2015-11-03 22:21:46,757 INFO  nl.rdj.Greeter  - Hello
2015-11-03 22:21:46,757 INFO  nl.rdj.GreetPrinter  - hello, typesafe
2015-11-03 22:21:47,758 INFO  nl.rdj.Greeter  - Hello
2015-11-03 22:21:47,758 INFO  nl.rdj.GreetPrinter  - hello, typesafe
2015-11-03 22:21:48,758 INFO  nl.rdj.Greeter  - Hello
2015-11-03 22:21:48,759 INFO  nl.rdj.GreetPrinter  - hello, typesafe
2015-11-03 22:21:49,755 INFO  nl.rdj.Greeter  - Hello
2015-11-03 22:21:49,755 INFO  nl.rdj.GreetPrinter  - hello, typesafe
2015-11-03 22:21:50,756 INFO  nl.rdj.Greeter  - Hello
2015-11-03 22:21:50,756 INFO  nl.rdj.GreetPrinter  - hello, typesafe
2015-11-03 22:21:51,757 INFO  nl.rdj.Greeter  - Hello
2015-11-03 22:21:51,757 INFO  nl.rdj.GreetPrinter  - hello, typesafe
2015-11-03 22:21:52,756 INFO  nl.rdj.Greeter  - Hello
2015-11-03 22:21:52,757 INFO  nl.rdj.GreetPrinter  - hello, typesafe
2015-11-03 22:21:53,755 INFO  nl.rdj.Greeter  - Hello
2015-11-03 22:21:53,755 INFO  nl.rdj.GreetPrinter  - hello, typesafe
2015-11-03 22:21:54,756 INFO  nl.rdj.Greeter  - Hello
2015-11-03 22:21:54,757 INFO  nl.rdj.GreetPrinter  - hello, typesafe
2015-11-03 22:21:55,757 INFO  nl.rdj.Greeter  - Hello
2015-11-03 22:21:55,757 INFO  nl.rdj.GreetPrinter  - hello, typesafe
2015-11-03 22:21:56,767 INFO  nl.rdj.Greeter  - Hello
2015-11-03 22:21:56,767 INFO  nl.rdj.GreetPrinter  - hello, typesafe
2015-11-03 22:21:57,767 INFO  nl.rdj.Greeter  - Hello
2015-11-03 22:21:57,767 INFO  nl.rdj.GreetPrinter  - hello, typesafe
2015-11-03 22:21:58,765 INFO  nl.rdj.Greeter  - Hello
2015-11-03 22:21:58,765 INFO  nl.rdj.GreetPrinter  - hello, typesafe
2015-11-03 22:21:59,765 INFO  nl.rdj.Greeter  - Hello
2015-11-03 22:21:59,766 INFO  nl.rdj.GreetPrinter  - hello, typesafe
2015-11-03 22:22:00,767 INFO  nl.rdj.Greeter  - Hello
2015-11-03 22:22:00,768 INFO  nl.rdj.GreetPrinter  - hello, typesafe
2015-11-03 22:22:01,765 INFO  nl.rdj.Greeter  - Hello
2015-11-03 22:22:01,765 INFO  nl.rdj.GreetPrinter  - hello, typesafe
2015-11-03 22:22:02,764 INFO  nl.rdj.Greeter  - Hello
2015-11-03 22:22:02,765 INFO  nl.rdj.GreetPrinter  - hello, typesafe
2015-11-03 22:22:03,765 INFO  nl.rdj.Greeter  - Hello
2015-11-03 22:22:03,765 INFO  nl.rdj.GreetPrinter  - hello, typesafe
2015-11-03 22:22:04,768 INFO  nl.rdj.Greeter  - Hello
2015-11-03 22:22:04,768 INFO  nl.rdj.GreetPrinter  - hello, typesafe
2015-11-03 22:22:05,768 INFO  nl.rdj.Greeter  - Hello
2015-11-03 22:22:05,768 INFO  nl.rdj.GreetPrinter  - hello, typesafe
2015-11-03 22:22:06,755 INFO  nl.rdj.Greeter  - Hello
2015-11-03 22:22:06,756 INFO  nl.rdj.GreetPrinter  - hello, typesafe
2015-11-03 22:22:07,765 INFO  nl.rdj.Greeter  - Hello
2015-11-03 22:22:07,765 INFO  nl.rdj.GreetPrinter  - hello, typesafe
2015-11-03 22:22:08,755 INFO  nl.rdj.Greeter  - Hello
2015-11-03 22:22:08,755 INFO  nl.rdj.GreetPrinter  - hello, typesafe
2015-11-03 22:22:09,756 INFO  nl.rdj.Greeter  - Hello
2015-11-03 22:22:09,756 INFO  nl.rdj.GreetPrinter  - hello, typesafe
2015-11-03 22:22:10,755 INFO  nl.rdj.Greeter  - Hello
2015-11-03 22:22:10,755 INFO  nl.rdj.GreetPrinter  - hello, typesafe
2015-11-03 22:22:11,765 INFO  nl.rdj.Greeter  - Hello
2015-11-03 22:22:11,766 INFO  nl.rdj.GreetPrinter  - hello, typesafe
2015-11-03 22:22:12,766 INFO  nl.rdj.Greeter  - Hello
2015-11-03 22:22:12,767 INFO  nl.rdj.GreetPrinter  - hello, typesafe
2015-11-03 22:22:13,766 INFO  nl.rdj.Greeter  - Hello
2015-11-03 22:22:13,766 INFO  nl.rdj.GreetPrinter  - hello, typesafe
2015-11-03 22:22:14,768 INFO  nl.rdj.Greeter  - Hello
2015-11-03 22:22:14,768 INFO  nl.rdj.GreetPrinter  - hello, typesafe
2015-11-03 22:22:15,765 INFO  nl.rdj.Greeter  - Hello
2015-11-03 22:22:15,766 INFO  nl.rdj.GreetPrinter  - hello, typesafe
2015-11-03 22:22:16,766 INFO  nl.rdj.Greeter  - Hello
2015-11-03 22:22:16,766 INFO  nl.rdj.GreetPrinter  - hello, typesafe
2015-11-03 22:22:17,764 INFO  nl.rdj.Greeter  - Hello
2015-11-03 22:22:17,765 INFO  nl.rdj.GreetPrinter  - hello, typesafe
2015-11-03 22:22:18,765 INFO  nl.rdj.Greeter  - Hello
2015-11-03 22:22:18,766 INFO  nl.rdj.GreetPrinter  - hello, typesafe
2015-11-03 22:22:19,768 INFO  nl.rdj.Greeter  - Hello
2015-11-03 22:22:19,768 INFO  nl.rdj.GreetPrinter  - hello, typesafe
2015-11-03 22:22:20,766 INFO  nl.rdj.Greeter  - Hello
2015-11-03 22:22:20,766 INFO  nl.rdj.GreetPrinter  - hello, typesafe
2015-11-03 22:22:21,765 INFO  nl.rdj.Greeter  - Hello
2015-11-03 22:22:21,766 INFO  nl.rdj.GreetPrinter  - hello, typesafe
2015-11-03 22:22:22,767 INFO  nl.rdj.Greeter  - Hello
2015-11-03 22:22:22,767 INFO  nl.rdj.GreetPrinter  - hello, typesafe
2015-11-03 22:22:23,766 INFO  nl.rdj.Greeter  - Hello
2015-11-03 22:22:23,766 INFO  nl.rdj.GreetPrinter  - hello, typesafe
2015-11-03 22:22:24,765 INFO  nl.rdj.Greeter  - Hello
2015-11-03 22:22:24,766 INFO  nl.rdj.GreetPrinter  - hello, typesafe
2015-11-03 22:22:25,765 INFO  nl.rdj.Greeter  - Hello
2015-11-03 22:22:25,765 INFO  nl.rdj.GreetPrinter  - hello, typesafe
2015-11-03 22:22:26,765 INFO  nl.rdj.Greeter  - Hello
2015-11-03 22:22:26,765 INFO  nl.rdj.GreetPrinter  - hello, typesafe
2015-11-03 22:22:27,764 INFO  nl.rdj.Greeter  - Hello
2015-11-03 22:22:27,765 INFO  nl.rdj.GreetPrinter  - hello, typesafe
2015-11-03 22:22:28,765 INFO  nl.rdj.Greeter  - Hello
2015-11-03 22:22:28,765 INFO  nl.rdj.GreetPrinter  - hello, typesafe
2015-11-03 22:22:29,765 INFO  nl.rdj.Greeter  - Hello
2015-11-03 22:22:29,766 INFO  nl.rdj.GreetPrinter  - hello, typesafe
2015-11-03 22:22:30,766 INFO  nl.rdj.Greeter  - Hello
2015-11-03 22:22:30,766 INFO  nl.rdj.GreetPrinter  - hello, typesafe
2015-11-03 22:22:31,765 INFO  nl.rdj.Greeter  - Hello
2015-11-03 22:22:31,765 INFO  nl.rdj.GreetPrinter  - hello, typesafe
2015-11-03 22:22:32,766 INFO  nl.rdj.Greeter  - Hello
2015-11-03 22:22:32,767 INFO  nl.rdj.GreetPrinter  - hello, typesafe
2015-11-03 22:22:33,766 INFO  nl.rdj.Greeter  - Hello
2015-11-03 22:22:33,766 INFO  nl.rdj.GreetPrinter  - hello, typesafe
2015-11-03 22:22:34,765 INFO  nl.rdj.Greeter  - Hello
2015-11-03 22:22:34,765 INFO  nl.rdj.GreetPrinter  - hello, typesafe
2015-11-03 22:22:35,765 INFO  nl.rdj.Greeter  - Hello
2015-11-03 22:22:35,765 INFO  nl.rdj.GreetPrinter  - hello, typesafe
2015-11-03 22:22:36,765 INFO  nl.rdj.Greeter  - Hello
2015-11-03 22:22:36,765 INFO  nl.rdj.GreetPrinter  - hello, typesafe
2015-11-03 22:22:37,765 INFO  nl.rdj.Greeter  - Hello
2015-11-03 22:22:37,765 INFO  nl.rdj.GreetPrinter  - hello, typesafe
2015-11-03 22:22:38,764 INFO  nl.rdj.Greeter  - Hello
2015-11-03 22:22:38,765 INFO  nl.rdj.GreetPrinter  - hello, typesafe
2015-11-03 22:22:39,766 INFO  nl.rdj.Greeter  - Hello
2015-11-03 22:22:39,766 INFO  nl.rdj.GreetPrinter  - hello, typesafe
2015-11-03 22:22:40,765 INFO  nl.rdj.Greeter  - Hello
2015-11-03 22:22:40,766 INFO  nl.rdj.GreetPrinter  - hello, typesafe
2015-11-03 22:22:41,766 INFO  nl.rdj.Greeter  - Hello
2015-11-03 22:22:41,766 INFO  nl.rdj.GreetPrinter  - hello, typesafe
2015-11-03 22:22:42,764 INFO  nl.rdj.Greeter  - Hello
2015-11-03 22:22:42,765 INFO  nl.rdj.GreetPrinter  - hello, typesafe
2015-11-03 22:22:43,766 INFO  nl.rdj.Greeter  - Hello
2015-11-03 22:22:43,766 INFO  nl.rdj.GreetPrinter  - hello, typesafe
2015-11-03 22:22:44,765 INFO  nl.rdj.Greeter  - Hello
2015-11-03 22:22:44,766 INFO  nl.rdj.GreetPrinter  - hello, typesafe
2015-11-03 22:22:45,767 INFO  nl.rdj.Greeter  - Hello
2015-11-03 22:22:45,767 INFO  nl.rdj.GreetPrinter  - hello, typesafe
2015-11-03 22:22:46,765 INFO  nl.rdj.Greeter  - Hello
2015-11-03 22:22:46,766 INFO  nl.rdj.GreetPrinter  - hello, typesafe
2015-11-03 22:22:47,757 INFO  nl.rdj.Greeter  - Hello
2015-11-03 22:22:47,757 INFO  nl.rdj.GreetPrinter  - hello, typesafe
2015-11-03 22:22:48,755 INFO  nl.rdj.Greeter  - Hello
2015-11-03 22:22:48,755 INFO  nl.rdj.GreetPrinter  - hello, typesafe
2015-11-03 22:22:49,756 INFO  nl.rdj.Greeter  - Hello
2015-11-03 22:22:49,756 INFO  nl.rdj.GreetPrinter  - hello, typesafe
2015-11-03 22:22:50,755 INFO  nl.rdj.Greeter  - Hello
2015-11-03 22:22:50,755 INFO  nl.rdj.GreetPrinter  - hello, typesafe
2015-11-03 22:22:51,755 INFO  nl.rdj.Greeter  - Hello
2015-11-03 22:22:51,755 INFO  nl.rdj.GreetPrinter  - hello, typesafe
2015-11-03 22:22:52,766 INFO  nl.rdj.Greeter  - Hello
2015-11-03 22:22:52,766 INFO  nl.rdj.GreetPrinter  - hello, typesafe
2015-11-03 22:22:53,757 INFO  nl.rdj.Greeter  - Hello
2015-11-03 22:22:53,757 INFO  nl.rdj.GreetPrinter  - hello, typesafe
2015-11-03 22:22:54,755 INFO  nl.rdj.Greeter  - Hello
2015-11-03 22:22:54,755 INFO  nl.rdj.GreetPrinter  - hello, typesafe
2015-11-03 22:22:55,755 INFO  nl.rdj.Greeter  - Hello
2015-11-03 22:22:55,755 INFO  nl.rdj.GreetPrinter  - hello, typesafe
2015-11-03 22:22:56,766 INFO  nl.rdj.Greeter  - Hello
2015-11-03 22:22:56,766 INFO  nl.rdj.GreetPrinter  - hello, typesafe
2015-11-03 22:22:57,755 INFO  nl.rdj.Greeter  - Hello
2015-11-03 22:22:57,755 INFO  nl.rdj.GreetPrinter  - hello, typesafe
2015-11-03 22:22:58,756 INFO  nl.rdj.Greeter  - Hello
2015-11-03 22:22:58,756 INFO  nl.rdj.GreetPrinter  - hello, typesafe
2015-11-03 22:22:59,755 INFO  nl.rdj.Greeter  - Hello
2015-11-03 22:22:59,755 INFO  nl.rdj.GreetPrinter  - hello, typesafe
2015-11-03 22:23:00,755 INFO  nl.rdj.Greeter  - Hello
2015-11-03 22:23:00,755 INFO  nl.rdj.GreetPrinter  - hello, typesafe
2015-11-03 22:23:01,755 INFO  nl.rdj.Greeter  - Hello
2015-11-03 22:23:01,756 INFO  nl.rdj.GreetPrinter  - hello, typesafe
2015-11-03 22:23:02,755 INFO  nl.rdj.Greeter  - Hello
2015-11-03 22:23:02,755 INFO  nl.rdj.GreetPrinter  - hello, typesafe
2015-11-03 22:23:03,755 INFO  nl.rdj.Greeter  - Hello
2015-11-03 22:23:03,756 INFO  nl.rdj.GreetPrinter  - hello, typesafe
2015-11-03 22:23:04,757 INFO  nl.rdj.Greeter  - Hello
2015-11-03 22:23:04,758 INFO  nl.rdj.GreetPrinter  - hello, typesafe
2015-11-03 22:23:05,755 INFO  nl.rdj.Greeter  - Hello
2015-11-03 22:23:05,755 INFO  nl.rdj.GreetPrinter  - hello, typesafe
2015-11-03 22:23:06,757 INFO  nl.rdj.Greeter  - Hello
2015-11-03 22:23:06,757 INFO  nl.rdj.GreetPrinter  - hello, typesafe
2015-11-03 22:23:07,766 INFO  nl.rdj.Greeter  - Hello
2015-11-03 22:23:07,766 INFO  nl.rdj.GreetPrinter  - hello, typesafe
2015-11-03 22:23:08,765 INFO  nl.rdj.Greeter  - Hello
2015-11-03 22:23:08,765 INFO  nl.rdj.GreetPrinter  - hello, typesafe
2015-11-03 22:23:09,765 INFO  nl.rdj.Greeter  - Hello
2015-11-03 22:23:09,765 INFO  nl.rdj.GreetPrinter  - hello, typesafe
2015-11-03 22:23:10,755 INFO  nl.rdj.Greeter  - Hello
2015-11-03 22:23:10,755 INFO  nl.rdj.GreetPrinter  - hello, typesafe
2015-11-03 22:23:11,756 INFO  nl.rdj.Greeter  - Hello
2015-11-03 22:23:11,756 INFO  nl.rdj.GreetPrinter  - hello, typesafe
2015-11-03 22:23:12,756 INFO  nl.rdj.Greeter  - Hello
2015-11-03 22:23:12,756 INFO  nl.rdj.GreetPrinter  - hello, typesafe
2015-11-03 22:23:13,756 INFO  nl.rdj.Greeter  - Hello
2015-11-03 22:23:13,756 INFO  nl.rdj.GreetPrinter  - hello, typesafe
2015-11-03 22:23:14,755 INFO  nl.rdj.Greeter  - Hello
2015-11-03 22:23:14,756 INFO  nl.rdj.GreetPrinter  - hello, typesafe
2015-11-03 22:23:15,754 INFO  nl.rdj.Greeter  - Hello
2015-11-03 22:23:15,755 INFO  nl.rdj.GreetPrinter  - hello, typesafe
2015-11-03 22:23:16,755 INFO  nl.rdj.Greeter  - Hello
2015-11-03 22:23:16,756 INFO  nl.rdj.GreetPrinter  - hello, typesafe
2015-11-03 22:23:17,755 INFO  nl.rdj.Greeter  - Hello
2015-11-03 22:23:17,755 INFO  nl.rdj.GreetPrinter  - hello, typesafe
2015-11-03 22:23:18,755 INFO  nl.rdj.Greeter  - Hello
2015-11-03 22:23:18,755 INFO  nl.rdj.GreetPrinter  - hello, typesafe
2015-11-03 22:23:19,765 INFO  nl.rdj.Greeter  - Hello
2015-11-03 22:23:19,765 INFO  nl.rdj.GreetPrinter  - hello, typesafe
2015-11-03 22:23:20,755 INFO  nl.rdj.Greeter  - Hello
2015-11-03 22:23:20,756 INFO  nl.rdj.GreetPrinter  - hello, typesafe
2015-11-03 22:23:21,758 INFO  nl.rdj.Greeter  - Hello
2015-11-03 22:23:21,758 INFO  nl.rdj.GreetPrinter  - hello, typesafe
2015-11-03 22:23:22,756 INFO  nl.rdj.Greeter  - Hello
2015-11-03 22:23:22,756 INFO  nl.rdj.GreetPrinter  - hello, typesafe
2015-11-03 22:23:23,755 INFO  nl.rdj.Greeter  - Hello
2015-11-03 22:23:23,755 INFO  nl.rdj.GreetPrinter  - hello, typesafe
2015-11-03 22:23:24,755 INFO  nl.rdj.Greeter  - Hello
2015-11-03 22:23:24,756 INFO  nl.rdj.GreetPrinter  - hello, typesafe
2015-11-03 22:23:25,755 INFO  nl.rdj.Greeter  - Hello
2015-11-03 22:23:25,755 INFO  nl.rdj.GreetPrinter  - hello, typesafe
2015-11-03 22:23:26,756 INFO  nl.rdj.Greeter  - Hello
2015-11-03 22:23:26,756 INFO  nl.rdj.GreetPrinter  - hello, typesafe
2015-11-03 22:23:27,755 INFO  nl.rdj.Greeter  - Hello
2015-11-03 22:23:27,755 INFO  nl.rdj.GreetPrinter  - hello, typesafe
2015-11-03 22:23:28,755 INFO  nl.rdj.Greeter  - Hello
2015-11-03 22:23:28,755 INFO  nl.rdj.GreetPrinter  - hello, typesafe
2015-11-03 22:23:29,764 INFO  nl.rdj.Greeter  - Hello
2015-11-03 22:23:29,765 INFO  nl.rdj.GreetPrinter  - hello, typesafe
2015-11-03 22:23:30,755 INFO  nl.rdj.Greeter  - Hello
2015-11-03 22:23:30,756 INFO  nl.rdj.GreetPrinter  - hello, typesafe
2015-11-03 22:23:31,755 INFO  nl.rdj.Greeter  - Hello
2015-11-03 22:23:31,756 INFO  nl.rdj.GreetPrinter  - hello, typesafe
2015-11-03 22:23:32,756 INFO  nl.rdj.Greeter  - Hello
2015-11-03 22:23:32,757 INFO  nl.rdj.GreetPrinter  - hello, typesafe
2015-11-03 22:23:33,756 INFO  nl.rdj.Greeter  - Hello
2015-11-03 22:23:33,756 INFO  nl.rdj.GreetPrinter  - hello, typesafe
2015-11-03 22:23:34,755 INFO  nl.rdj.Greeter  - Hello
2015-11-03 22:23:34,755 INFO  nl.rdj.GreetPrinter  - hello, typesafe
2015-11-03 22:23:35,765 INFO  nl.rdj.Greeter  - Hello
2015-11-03 22:23:35,765 INFO  nl.rdj.GreetPrinter  - hello, typesafe
2015-11-03 22:23:36,756 INFO  nl.rdj.Greeter  - Hello
2015-11-03 22:23:36,757 INFO  nl.rdj.GreetPrinter  - hello, typesafe
2015-11-03 22:23:37,757 INFO  nl.rdj.Greeter  - Hello
2015-11-03 22:23:37,758 INFO  nl.rdj.GreetPrinter  - hello, typesafe
2015-11-03 22:23:38,756 INFO  nl.rdj.Greeter  - Hello
2015-11-03 22:23:38,756 INFO  nl.rdj.GreetPrinter  - hello, typesafe
2015-11-03 22:23:39,756 INFO  nl.rdj.Greeter  - Hello
2015-11-03 22:23:39,756 INFO  nl.rdj.GreetPrinter  - hello, typesafe
2015-11-03 22:23:40,756 INFO  nl.rdj.Greeter  - Hello
2015-11-03 22:23:40,756 INFO  nl.rdj.GreetPrinter  - hello, typesafe
2015-11-03 22:23:41,756 INFO  nl.rdj.Greeter  - Hello
2015-11-03 22:23:41,756 INFO  nl.rdj.GreetPrinter  - hello, typesafe
2015-11-03 22:23:42,755 INFO  nl.rdj.Greeter  - Hello
2015-11-03 22:23:42,755 INFO  nl.rdj.GreetPrinter  - hello, typesafe
2015-11-03 22:23:43,755 INFO  nl.rdj.Greeter  - Hello
2015-11-03 22:23:43,756 INFO  nl.rdj.GreetPrinter  - hello, typesafe
2015-11-03 22:23:44,755 INFO  nl.rdj.Greeter  - Hello
2015-11-03 22:23:44,755 INFO  nl.rdj.GreetPrinter  - hello, typesafe
2015-11-03 22:23:45,759 INFO  nl.rdj.Greeter  - Hello
2015-11-03 22:23:45,760 INFO  nl.rdj.GreetPrinter  - hello, typesafe
2015-11-03 22:23:46,755 INFO  nl.rdj.Greeter  - Hello
2015-11-03 22:23:46,756 INFO  nl.rdj.GreetPrinter  - hello, typesafe
2015-11-03 22:23:47,757 INFO  nl.rdj.Greeter  - Hello
2015-11-03 22:23:47,757 INFO  nl.rdj.GreetPrinter  - hello, typesafe
2015-11-03 22:23:48,755 INFO  nl.rdj.Greeter  - Hello
2015-11-03 22:23:48,756 INFO  nl.rdj.GreetPrinter  - hello, typesafe
2015-11-03 22:23:49,759 INFO  nl.rdj.Greeter  - Hello
2015-11-03 22:23:49,759 INFO  nl.rdj.GreetPrinter  - hello, typesafe
2015-11-03 22:23:50,767 INFO  nl.rdj.Greeter  - Hello
2015-11-03 22:23:50,767 INFO  nl.rdj.GreetPrinter  - hello, typesafe
2015-11-03 22:23:51,755 INFO  nl.rdj.Greeter  - Hello
2015-11-03 22:23:51,755 INFO  nl.rdj.GreetPrinter  - hello, typesafe
2015-11-03 22:23:52,758 INFO  nl.rdj.Greeter  - Hello
2015-11-03 22:23:52,758 INFO  nl.rdj.GreetPrinter  - hello, typesafe
2015-11-03 22:23:53,766 INFO  nl.rdj.Greeter  - Hello
2015-11-03 22:23:53,766 INFO  nl.rdj.GreetPrinter  - hello, typesafe
2015-11-03 22:23:54,755 INFO  nl.rdj.Greeter  - Hello
2015-11-03 22:23:54,755 INFO  nl.rdj.GreetPrinter  - hello, typesafe
2015-11-03 22:23:55,755 INFO  nl.rdj.Greeter  - Hello
2015-11-03 22:23:55,755 INFO  nl.rdj.GreetPrinter  - hello, typesafe
2015-11-03 22:23:56,768 INFO  nl.rdj.Greeter  - Hello
2015-11-03 22:23:56,769 INFO  nl.rdj.GreetPrinter  - hello, typesafe
2015-11-03 22:23:57,757 INFO  nl.rdj.Greeter  - Hello
2015-11-03 22:23:57,757 INFO  nl.rdj.GreetPrinter  - hello, typesafe
2015-11-03 22:23:58,754 INFO  nl.rdj.Greeter  - Hello
2015-11-03 22:23:58,755 INFO  nl.rdj.GreetPrinter  - hello, typesafe
2015-11-03 22:23:59,759 INFO  nl.rdj.Greeter  - Hello
2015-11-03 22:23:59,759 INFO  nl.rdj.GreetPrinter  - hello, typesafe
2015-11-03 22:24:00,756 INFO  nl.rdj.Greeter  - Hello
2015-11-03 22:24:00,756 INFO  nl.rdj.GreetPrinter  - hello, typesafe
2015-11-03 22:24:01,756 INFO  nl.rdj.Greeter  - Hello
2015-11-03 22:24:01,756 INFO  nl.rdj.GreetPrinter  - hello, typesafe
2015-11-03 22:24:02,766 INFO  nl.rdj.Greeter  - Hello
2015-11-03 22:24:02,766 INFO  nl.rdj.GreetPrinter  - hello, typesafe
2015-11-03 22:24:03,754 INFO  nl.rdj.Greeter  - Hello
2015-11-03 22:24:03,755 INFO  nl.rdj.GreetPrinter  - hello, typesafe
2015-11-03 22:24:04,756 INFO  nl.rdj.Greeter  - Hello
2015-11-03 22:24:04,758 INFO  nl.rdj.GreetPrinter  - hello, typesafe
2015-11-03 22:24:05,756 INFO  nl.rdj.Greeter  - Hello
2015-11-03 22:24:05,756 INFO  nl.rdj.GreetPrinter  - hello, typesafe
2015-11-03 22:24:06,756 INFO  nl.rdj.Greeter  - Hello
2015-11-03 22:24:06,756 INFO  nl.rdj.GreetPrinter  - hello, typesafe
2015-11-03 22:24:07,755 INFO  nl.rdj.Greeter  - Hello
2015-11-03 22:24:07,756 INFO  nl.rdj.GreetPrinter  - hello, typesafe
2015-11-03 22:24:08,766 INFO  nl.rdj.Greeter  - Hello
2015-11-03 22:24:08,767 INFO  nl.rdj.GreetPrinter  - hello, typesafe
2015-11-03 22:24:09,756 INFO  nl.rdj.Greeter  - Hello
2015-11-03 22:24:09,756 INFO  nl.rdj.GreetPrinter  - hello, typesafe
2015-11-03 22:24:10,755 INFO  nl.rdj.Greeter  - Hello
2015-11-03 22:24:10,756 INFO  nl.rdj.GreetPrinter  - hello, typesafe
2015-11-03 22:24:11,755 INFO  nl.rdj.Greeter  - Hello
2015-11-03 22:24:11,755 INFO  nl.rdj.GreetPrinter  - hello, typesafe
2015-11-03 22:24:12,760 INFO  nl.rdj.Greeter  - Hello
2015-11-03 22:24:12,760 INFO  nl.rdj.GreetPrinter  - hello, typesafe
2015-11-03 22:24:13,758 INFO  nl.rdj.Greeter  - Hello
2015-11-03 22:24:13,758 INFO  nl.rdj.GreetPrinter  - hello, typesafe
2015-11-03 22:24:14,760 INFO  nl.rdj.Greeter  - Hello
2015-11-03 22:24:14,761 INFO  nl.rdj.GreetPrinter  - hello, typesafe
2015-11-03 22:24:15,755 INFO  nl.rdj.Greeter  - Hello
2015-11-03 22:24:15,755 INFO  nl.rdj.GreetPrinter  - hello, typesafe
2015-11-03 22:24:16,755 INFO  nl.rdj.Greeter  - Hello
2015-11-03 22:24:16,756 INFO  nl.rdj.GreetPrinter  - hello, typesafe
2015-11-03 22:24:17,755 INFO  nl.rdj.Greeter  - Hello
2015-11-03 22:24:17,755 INFO  nl.rdj.GreetPrinter  - hello, typesafe
2015-11-03 22:24:18,756 INFO  nl.rdj.Greeter  - Hello
2015-11-03 22:24:18,756 INFO  nl.rdj.GreetPrinter  - hello, typesafe
2015-11-03 22:24:19,756 INFO  nl.rdj.Greeter  - Hello
2015-11-03 22:24:19,756 INFO  nl.rdj.GreetPrinter  - hello, typesafe
2015-11-03 22:24:20,755 INFO  nl.rdj.Greeter  - Hello
2015-11-03 22:24:20,755 INFO  nl.rdj.GreetPrinter  - hello, typesafe
2015-11-03 22:24:21,756 INFO  nl.rdj.Greeter  - Hello
2015-11-03 22:24:21,756 INFO  nl.rdj.GreetPrinter  - hello, typesafe
2015-11-03 22:24:22,769 INFO  nl.rdj.Greeter  - Hello
2015-11-03 22:24:22,769 INFO  nl.rdj.GreetPrinter  - hello, typesafe
2015-11-03 22:24:23,758 INFO  nl.rdj.Greeter  - Hello
2015-11-03 22:24:23,758 INFO  nl.rdj.GreetPrinter  - hello, typesafe
2015-11-03 22:24:24,765 INFO  nl.rdj.Greeter  - Hello
2015-11-03 22:24:24,765 INFO  nl.rdj.GreetPrinter  - hello, typesafe
2015-11-03 22:24:25,765 INFO  nl.rdj.Greeter  - Hello
2015-11-03 22:24:25,765 INFO  nl.rdj.GreetPrinter  - hello, typesafe
2015-11-03 22:24:26,754 INFO  nl.rdj.Greeter  - Hello
2015-11-03 22:24:26,755 INFO  nl.rdj.GreetPrinter  - hello, typesafe
2015-11-03 22:24:27,756 INFO  nl.rdj.Greeter  - Hello
2015-11-03 22:24:27,756 INFO  nl.rdj.GreetPrinter  - hello, typesafe
2015-11-03 22:24:28,756 INFO  nl.rdj.Greeter  - Hello
2015-11-03 22:24:28,756 INFO  nl.rdj.GreetPrinter  - hello, typesafe
2015-11-03 22:24:29,756 INFO  nl.rdj.Greeter  - Hello
2015-11-03 22:24:29,757 INFO  nl.rdj.GreetPrinter  - hello, typesafe
2015-11-03 22:24:30,755 INFO  nl.rdj.Greeter  - Hello
2015-11-03 22:24:30,755 INFO  nl.rdj.GreetPrinter  - hello, typesafe
2015-11-03 22:24:31,755 INFO  nl.rdj.Greeter  - Hello
2015-11-03 22:24:31,755 INFO  nl.rdj.GreetPrinter  - hello, typesafe
2015-11-03 22:24:32,758 INFO  nl.rdj.Greeter  - Hello
2015-11-03 22:24:32,758 INFO  nl.rdj.GreetPrinter  - hello, typesafe
2015-11-03 22:24:33,754 INFO  nl.rdj.Greeter  - Hello
2015-11-03 22:24:33,754 INFO  nl.rdj.GreetPrinter  - hello, typesafe
2015-11-03 22:24:34,757 INFO  nl.rdj.Greeter  - Hello
2015-11-03 22:24:34,757 INFO  nl.rdj.GreetPrinter  - hello, typesafe
2015-11-03 22:24:35,755 INFO  nl.rdj.Greeter  - Hello
2015-11-03 22:24:35,755 INFO  nl.rdj.GreetPrinter  - hello, typesafe
2015-11-03 22:24:36,755 INFO  nl.rdj.Greeter  - Hello
2015-11-03 22:24:36,756 INFO  nl.rdj.GreetPrinter  - hello, typesafe
2015-11-03 22:24:37,756 INFO  nl.rdj.Greeter  - Hello
2015-11-03 22:24:37,756 INFO  nl.rdj.GreetPrinter  - hello, typesafe
2015-11-03 22:24:38,756 INFO  nl.rdj.Greeter  - Hello
2015-11-03 22:24:38,757 INFO  nl.rdj.GreetPrinter  - hello, typesafe
2015-11-03 22:24:39,755 INFO  nl.rdj.Greeter  - Hello
2015-11-03 22:24:39,755 INFO  nl.rdj.GreetPrinter  - hello, typesafe
2015-11-03 22:24:40,755 INFO  nl.rdj.Greeter  - Hello
2015-11-03 22:24:40,756 INFO  nl.rdj.GreetPrinter  - hello, typesafe
2015-11-03 22:24:41,755 INFO  nl.rdj.Greeter  - Hello
2015-11-03 22:24:41,756 INFO  nl.rdj.GreetPrinter  - hello, typesafe
2015-11-03 22:24:42,756 INFO  nl.rdj.Greeter  - Hello
2015-11-03 22:24:42,756 INFO  nl.rdj.GreetPrinter  - hello, typesafe
2015-11-03 22:24:43,755 INFO  nl.rdj.Greeter  - Hello
2015-11-03 22:24:43,755 INFO  nl.rdj.GreetPrinter  - hello, typesafe
2015-11-03 22:24:44,756 INFO  nl.rdj.Greeter  - Hello
2015-11-03 22:24:44,756 INFO  nl.rdj.GreetPrinter  - hello, typesafe
2015-11-03 22:24:45,757 INFO  nl.rdj.Greeter  - Hello
2015-11-03 22:24:45,757 INFO  nl.rdj.GreetPrinter  - hello, typesafe
2015-11-03 22:24:46,757 INFO  nl.rdj.Greeter  - Hello
2015-11-03 22:24:46,757 INFO  nl.rdj.GreetPrinter  - hello, typesafe
2015-11-03 22:24:47,755 INFO  nl.rdj.Greeter  - Hello
2015-11-03 22:24:47,756 INFO  nl.rdj.GreetPrinter  - hello, typesafe
2015-11-03 22:24:48,755 INFO  nl.rdj.Greeter  - Hello
2015-11-03 22:24:48,756 INFO  nl.rdj.GreetPrinter  - hello, typesafe
2015-11-03 22:24:49,755 INFO  nl.rdj.Greeter  - Hello
2015-11-03 22:24:49,756 INFO  nl.rdj.GreetPrinter  - hello, typesafe
2015-11-03 22:24:50,755 INFO  nl.rdj.Greeter  - Hello
2015-11-03 22:24:50,755 INFO  nl.rdj.GreetPrinter  - hello, typesafe
2015-11-03 22:24:51,757 INFO  nl.rdj.Greeter  - Hello
2015-11-03 22:24:51,757 INFO  nl.rdj.GreetPrinter  - hello, typesafe
2015-11-03 22:24:52,757 INFO  nl.rdj.Greeter  - Hello
2015-11-03 22:24:52,757 INFO  nl.rdj.GreetPrinter  - hello, typesafe
2015-11-03 22:24:53,755 INFO  nl.rdj.Greeter  - Hello
2015-11-03 22:24:53,756 INFO  nl.rdj.GreetPrinter  - hello, typesafe
2015-11-03 22:24:54,755 INFO  nl.rdj.Greeter  - Hello
2015-11-03 22:24:54,755 INFO  nl.rdj.GreetPrinter  - hello, typesafe
2015-11-03 22:24:55,755 INFO  nl.rdj.Greeter  - Hello
2015-11-03 22:24:55,755 INFO  nl.rdj.GreetPrinter  - hello, typesafe
2015-11-03 22:24:56,755 INFO  nl.rdj.Greeter  - Hello
2015-11-03 22:24:56,755 INFO  nl.rdj.GreetPrinter  - hello, typesafe
2015-11-03 22:24:57,758 INFO  nl.rdj.Greeter  - Hello
2015-11-03 22:24:57,759 INFO  nl.rdj.GreetPrinter  - hello, typesafe
2015-11-03 22:24:58,757 INFO  nl.rdj.Greeter  - Hello
2015-11-03 22:24:58,757 INFO  nl.rdj.GreetPrinter  - hello, typesafe
2015-11-03 22:24:59,757 INFO  nl.rdj.Greeter  - Hello
2015-11-03 22:24:59,757 INFO  nl.rdj.GreetPrinter  - hello, typesafe
2015-11-03 22:25:00,757 INFO  nl.rdj.Greeter  - Hello
2015-11-03 22:25:00,757 INFO  nl.rdj.GreetPrinter  - hello, typesafe
2015-11-03 22:25:01,756 INFO  nl.rdj.Greeter  - Hello
2015-11-03 22:25:01,756 INFO  nl.rdj.GreetPrinter  - hello, typesafe
2015-11-03 22:25:02,758 INFO  nl.rdj.Greeter  - Hello
2015-11-03 22:25:02,761 INFO  nl.rdj.GreetPrinter  - hello, typesafe
2015-11-03 22:25:03,755 INFO  nl.rdj.Greeter  - Hello
2015-11-03 22:25:03,755 INFO  nl.rdj.GreetPrinter  - hello, typesafe
2015-11-03 22:25:04,757 INFO  nl.rdj.Greeter  - Hello
2015-11-03 22:25:04,757 INFO  nl.rdj.GreetPrinter  - hello, typesafe
2015-11-03 22:25:05,758 INFO  nl.rdj.Greeter  - Hello
2015-11-03 22:25:05,758 INFO  nl.rdj.GreetPrinter  - hello, typesafe
2015-11-03 22:25:06,755 INFO  nl.rdj.Greeter  - Hello
2015-11-03 22:25:06,756 INFO  nl.rdj.GreetPrinter  - hello, typesafe
2015-11-03 22:25:07,755 INFO  nl.rdj.Greeter  - Hello
2015-11-03 22:25:07,755 INFO  nl.rdj.GreetPrinter  - hello, typesafe
2015-11-03 22:25:08,755 INFO  nl.rdj.Greeter  - Hello
2015-11-03 22:25:08,755 INFO  nl.rdj.GreetPrinter  - hello, typesafe
2015-11-03 22:25:09,755 INFO  nl.rdj.Greeter  - Hello
2015-11-03 22:25:09,756 INFO  nl.rdj.GreetPrinter  - hello, typesafe
2015-11-03 22:25:10,757 INFO  nl.rdj.Greeter  - Hello
2015-11-03 22:25:10,757 INFO  nl.rdj.GreetPrinter  - hello, typesafe
2015-11-03 22:25:11,755 INFO  nl.rdj.Greeter  - Hello
2015-11-03 22:25:11,755 INFO  nl.rdj.GreetPrinter  - hello, typesafe
2015-11-03 22:25:12,758 INFO  nl.rdj.Greeter  - Hello
2015-11-03 22:25:12,758 INFO  nl.rdj.GreetPrinter  - hello, typesafe
2015-11-03 22:25:13,768 INFO  nl.rdj.Greeter  - Hello
2015-11-03 22:25:13,768 INFO  nl.rdj.GreetPrinter  - hello, typesafe
2015-11-03 22:25:14,756 INFO  nl.rdj.Greeter  - Hello
2015-11-03 22:25:14,756 INFO  nl.rdj.GreetPrinter  - hello, typesafe
2015-11-03 22:25:15,755 INFO  nl.rdj.Greeter  - Hello
2015-11-03 22:25:15,755 INFO  nl.rdj.GreetPrinter  - hello, typesafe
2015-11-03 22:25:16,757 INFO  nl.rdj.Greeter  - Hello
2015-11-03 22:25:16,757 INFO  nl.rdj.GreetPrinter  - hello, typesafe
2015-11-03 22:25:17,757 INFO  nl.rdj.Greeter  - Hello
2015-11-03 22:25:17,758 INFO  nl.rdj.GreetPrinter  - hello, typesafe
2015-11-03 22:25:18,765 INFO  nl.rdj.Greeter  - Hello
2015-11-03 22:25:18,765 INFO  nl.rdj.GreetPrinter  - hello, typesafe
2015-11-03 22:25:19,755 INFO  nl.rdj.Greeter  - Hello
2015-11-03 22:25:19,756 INFO  nl.rdj.GreetPrinter  - hello, typesafe
2015-11-03 22:25:20,755 INFO  nl.rdj.Greeter  - Hello
2015-11-03 22:25:20,755 INFO  nl.rdj.GreetPrinter  - hello, typesafe
2015-11-03 22:25:21,756 INFO  nl.rdj.Greeter  - Hello
2015-11-03 22:25:21,756 INFO  nl.rdj.GreetPrinter  - hello, typesafe
2015-11-03 22:25:22,757 INFO  nl.rdj.Greeter  - Hello
2015-11-03 22:25:22,758 INFO  nl.rdj.GreetPrinter  - hello, typesafe
2015-11-03 22:25:23,755 INFO  nl.rdj.Greeter  - Hello
2015-11-03 22:25:23,755 INFO  nl.rdj.GreetPrinter  - hello, typesafe
2015-11-03 22:25:24,755 INFO  nl.rdj.Greeter  - Hello
2015-11-03 22:25:24,756 INFO  nl.rdj.GreetPrinter  - hello, typesafe
2015-11-03 22:25:25,758 INFO  nl.rdj.Greeter  - Hello
2015-11-03 22:25:25,758 INFO  nl.rdj.GreetPrinter  - hello, typesafe
2015-11-03 22:25:26,759 INFO  nl.rdj.Greeter  - Hello
2015-11-03 22:25:26,759 INFO  nl.rdj.GreetPrinter  - hello, typesafe
2015-11-03 22:25:27,770 INFO  nl.rdj.Greeter  - Hello
2015-11-03 22:25:27,770 INFO  nl.rdj.GreetPrinter  - hello, typesafe
2015-11-03 22:25:28,755 INFO  nl.rdj.Greeter  - Hello
2015-11-03 22:25:28,755 INFO  nl.rdj.GreetPrinter  - hello, typesafe
2015-11-03 22:25:29,758 INFO  nl.rdj.Greeter  - Hello
2015-11-03 22:25:29,758 INFO  nl.rdj.GreetPrinter  - hello, typesafe
2015-11-03 22:25:30,766 INFO  nl.rdj.Greeter  - Hello
2015-11-03 22:25:30,767 INFO  nl.rdj.GreetPrinter  - hello, typesafe
2015-11-03 22:25:31,765 INFO  nl.rdj.Greeter  - Hello
2015-11-03 22:25:31,765 INFO  nl.rdj.GreetPrinter  - hello, typesafe
2015-11-03 22:25:32,756 INFO  nl.rdj.Greeter  - Hello
2015-11-03 22:25:32,756 INFO  nl.rdj.GreetPrinter  - hello, typesafe
2015-11-03 22:25:33,755 INFO  nl.rdj.Greeter  - Hello
2015-11-03 22:25:33,756 INFO  nl.rdj.GreetPrinter  - hello, typesafe
2015-11-03 22:25:34,765 INFO  nl.rdj.Greeter  - Hello
2015-11-03 22:25:34,766 INFO  nl.rdj.GreetPrinter  - hello, typesafe
2015-11-03 22:25:35,755 INFO  nl.rdj.Greeter  - Hello
2015-11-03 22:25:35,755 INFO  nl.rdj.GreetPrinter  - hello, typesafe
2015-11-03 22:25:36,758 INFO  nl.rdj.Greeter  - Hello
2015-11-03 22:25:36,758 INFO  nl.rdj.GreetPrinter  - hello, typesafe
2015-11-03 22:25:37,755 INFO  nl.rdj.Greeter  - Hello
2015-11-03 22:25:37,755 INFO  nl.rdj.GreetPrinter  - hello, typesafe
2015-11-03 22:25:38,755 INFO  nl.rdj.Greeter  - Hello
2015-11-03 22:25:38,756 INFO  nl.rdj.GreetPrinter  - hello, typesafe
2015-11-03 22:25:39,764 INFO  nl.rdj.Greeter  - Hello
2015-11-03 22:25:39,765 INFO  nl.rdj.GreetPrinter  - hello, typesafe
2015-11-03 22:25:40,756 INFO  nl.rdj.Greeter  - Hello
2015-11-03 22:25:40,756 INFO  nl.rdj.GreetPrinter  - hello, typesafe
2015-11-03 22:25:41,765 INFO  nl.rdj.Greeter  - Hello
2015-11-03 22:25:41,765 INFO  nl.rdj.GreetPrinter  - hello, typesafe
2015-11-03 22:25:42,756 INFO  nl.rdj.Greeter  - Hello
2015-11-03 22:25:42,756 INFO  nl.rdj.GreetPrinter  - hello, typesafe
2015-11-03 22:25:43,755 INFO  nl.rdj.Greeter  - Hello
2015-11-03 22:25:43,755 INFO  nl.rdj.GreetPrinter  - hello, typesafe
2015-11-03 22:25:44,756 INFO  nl.rdj.Greeter  - Hello
2015-11-03 22:25:44,756 INFO  nl.rdj.GreetPrinter  - hello, typesafe
2015-11-03 22:25:45,755 INFO  nl.rdj.Greeter  - Hello
2015-11-03 22:25:45,755 INFO  nl.rdj.GreetPrinter  - hello, typesafe
2015-11-03 22:25:46,769 INFO  nl.rdj.Greeter  - Hello
2015-11-03 22:25:46,769 INFO  nl.rdj.GreetPrinter  - hello, typesafe
2015-11-03 22:25:47,765 INFO  nl.rdj.Greeter  - Hello
2015-11-03 22:25:47,765 INFO  nl.rdj.GreetPrinter  - hello, typesafe
2015-11-03 22:25:48,766 INFO  nl.rdj.Greeter  - Hello
2015-11-03 22:25:48,766 INFO  nl.rdj.GreetPrinter  - hello, typesafe
2015-11-03 22:25:49,765 INFO  nl.rdj.Greeter  - Hello
2015-11-03 22:25:49,765 INFO  nl.rdj.GreetPrinter  - hello, typesafe
2015-11-03 22:25:50,765 INFO  nl.rdj.Greeter  - Hello
2015-11-03 22:25:50,766 INFO  nl.rdj.GreetPrinter  - hello, typesafe
2015-11-03 22:25:51,765 INFO  nl.rdj.Greeter  - Hello
2015-11-03 22:25:51,765 INFO  nl.rdj.GreetPrinter  - hello, typesafe
2015-11-03 22:25:52,764 INFO  nl.rdj.Greeter  - Hello
2015-11-03 22:25:52,765 INFO  nl.rdj.GreetPrinter  - hello, typesafe
2015-11-03 22:25:53,764 INFO  nl.rdj.Greeter  - Hello
2015-11-03 22:25:53,765 INFO  nl.rdj.GreetPrinter  - hello, typesafe
2015-11-03 22:25:54,766 INFO  nl.rdj.Greeter  - Hello
2015-11-03 22:25:54,766 INFO  nl.rdj.GreetPrinter  - hello, typesafe
2015-11-03 22:25:55,765 INFO  nl.rdj.Greeter  - Hello
2015-11-03 22:25:55,766 INFO  nl.rdj.GreetPrinter  - hello, typesafe
2015-11-03 22:25:56,766 INFO  nl.rdj.Greeter  - Hello
2015-11-03 22:25:56,766 INFO  nl.rdj.GreetPrinter  - hello, typesafe
2015-11-03 22:25:57,756 INFO  nl.rdj.Greeter  - Hello
2015-11-03 22:25:57,756 INFO  nl.rdj.GreetPrinter  - hello, typesafe
2015-11-03 22:25:58,755 INFO  nl.rdj.Greeter  - Hello
2015-11-03 22:25:58,755 INFO  nl.rdj.GreetPrinter  - hello, typesafe
2015-11-03 22:25:59,755 INFO  nl.rdj.Greeter  - Hello
2015-11-03 22:25:59,756 INFO  nl.rdj.GreetPrinter  - hello, typesafe
2015-11-03 22:26:00,755 INFO  nl.rdj.Greeter  - Hello
2015-11-03 22:26:00,755 INFO  nl.rdj.GreetPrinter  - hello, typesafe
2015-11-03 22:26:01,765 INFO  nl.rdj.Greeter  - Hello
2015-11-03 22:26:01,766 INFO  nl.rdj.GreetPrinter  - hello, typesafe
2015-11-03 22:26:02,766 INFO  nl.rdj.Greeter  - Hello
2015-11-03 22:26:02,766 INFO  nl.rdj.GreetPrinter  - hello, typesafe
2015-11-03 22:26:03,766 INFO  nl.rdj.Greeter  - Hello
2015-11-03 22:26:03,767 INFO  nl.rdj.GreetPrinter  - hello, typesafe
2015-11-03 22:26:04,765 INFO  nl.rdj.Greeter  - Hello
2015-11-03 22:26:04,766 INFO  nl.rdj.GreetPrinter  - hello, typesafe
2015-11-03 22:26:05,765 INFO  nl.rdj.Greeter  - Hello
2015-11-03 22:26:05,766 INFO  nl.rdj.GreetPrinter  - hello, typesafe
2015-11-03 22:26:06,764 INFO  nl.rdj.Greeter  - Hello
2015-11-03 22:26:06,765 INFO  nl.rdj.GreetPrinter  - hello, typesafe
2015-11-03 22:26:07,765 INFO  nl.rdj.Greeter  - Hello
2015-11-03 22:26:07,765 INFO  nl.rdj.GreetPrinter  - hello, typesafe
2015-11-03 22:26:08,765 INFO  nl.rdj.Greeter  - Hello
2015-11-03 22:26:08,765 INFO  nl.rdj.GreetPrinter  - hello, typesafe
2015-11-03 22:26:09,765 INFO  nl.rdj.Greeter  - Hello
2015-11-03 22:26:09,765 INFO  nl.rdj.GreetPrinter  - hello, typesafe
2015-11-03 22:26:10,765 INFO  nl.rdj.Greeter  - Hello
2015-11-03 22:26:10,766 INFO  nl.rdj.GreetPrinter  - hello, typesafe
2015-11-03 22:26:11,765 INFO  nl.rdj.Greeter  - Hello
2015-11-03 22:26:11,765 INFO  nl.rdj.GreetPrinter  - hello, typesafe
2015-11-03 22:26:12,765 INFO  nl.rdj.Greeter  - Hello
2015-11-03 22:26:12,765 INFO  nl.rdj.GreetPrinter  - hello, typesafe
2015-11-03 22:26:13,765 INFO  nl.rdj.Greeter  - Hello
2015-11-03 22:26:13,765 INFO  nl.rdj.GreetPrinter  - hello, typesafe
2015-11-03 22:26:14,766 INFO  nl.rdj.Greeter  - Hello
2015-11-03 22:26:14,766 INFO  nl.rdj.GreetPrinter  - hello, typesafe
2015-11-03 22:26:15,765 INFO  nl.rdj.Greeter  - Hello
2015-11-03 22:26:15,765 INFO  nl.rdj.GreetPrinter  - hello, typesafe
2015-11-03 22:26:16,757 INFO  nl.rdj.Greeter  - Hello
2015-11-03 22:26:16,757 INFO  nl.rdj.GreetPrinter  - hello, typesafe
2015-11-03 22:26:17,766 INFO  nl.rdj.Greeter  - Hello
2015-11-03 22:26:17,766 INFO  nl.rdj.GreetPrinter  - hello, typesafe
2015-11-03 22:26:18,760 INFO  nl.rdj.Greeter  - Hello
2015-11-03 22:26:18,761 INFO  nl.rdj.GreetPrinter  - hello, typesafe
2015-11-03 22:26:19,756 INFO  nl.rdj.Greeter  - Hello
2015-11-03 22:26:19,756 INFO  nl.rdj.GreetPrinter  - hello, typesafe
2015-11-03 22:26:20,755 INFO  nl.rdj.Greeter  - Hello
2015-11-03 22:26:20,755 INFO  nl.rdj.GreetPrinter  - hello, typesafe
2015-11-03 22:26:21,755 INFO  nl.rdj.Greeter  - Hello
2015-11-03 22:26:21,756 INFO  nl.rdj.GreetPrinter  - hello, typesafe
2015-11-03 22:26:22,756 INFO  nl.rdj.Greeter  - Hello
2015-11-03 22:26:22,757 INFO  nl.rdj.GreetPrinter  - hello, typesafe
2015-11-03 22:26:23,755 INFO  nl.rdj.Greeter  - Hello
2015-11-03 22:26:23,755 INFO  nl.rdj.GreetPrinter  - hello, typesafe
2015-11-03 22:26:24,756 INFO  nl.rdj.Greeter  - Hello
2015-11-03 22:26:24,756 INFO  nl.rdj.GreetPrinter  - hello, typesafe
2015-11-03 22:26:25,755 INFO  nl.rdj.Greeter  - Hello
2015-11-03 22:26:25,755 INFO  nl.rdj.GreetPrinter  - hello, typesafe
2015-11-03 22:26:26,758 INFO  nl.rdj.Greeter  - Hello
2015-11-03 22:26:26,758 INFO  nl.rdj.GreetPrinter  - hello, typesafe
2015-11-03 22:26:27,755 INFO  nl.rdj.Greeter  - Hello
2015-11-03 22:26:27,755 INFO  nl.rdj.GreetPrinter  - hello, typesafe
2015-11-03 22:26:28,756 INFO  nl.rdj.Greeter  - Hello
2015-11-03 22:26:28,756 INFO  nl.rdj.GreetPrinter  - hello, typesafe
2015-11-03 22:26:29,766 INFO  nl.rdj.Greeter  - Hello
2015-11-03 22:26:29,766 INFO  nl.rdj.GreetPrinter  - hello, typesafe
2015-11-03 22:26:30,768 INFO  nl.rdj.Greeter  - Hello
2015-11-03 22:26:30,768 INFO  nl.rdj.GreetPrinter  - hello, typesafe
2015-11-03 22:26:31,765 INFO  nl.rdj.Greeter  - Hello
2015-11-03 22:26:31,765 INFO  nl.rdj.GreetPrinter  - hello, typesafe
2015-11-03 22:26:32,769 INFO  nl.rdj.Greeter  - Hello
2015-11-03 22:26:32,770 INFO  nl.rdj.GreetPrinter  - hello, typesafe
2015-11-03 22:26:33,766 INFO  nl.rdj.Greeter  - Hello
2015-11-03 22:26:33,766 INFO  nl.rdj.GreetPrinter  - hello, typesafe
2015-11-03 22:26:34,765 INFO  nl.rdj.Greeter  - Hello
2015-11-03 22:26:34,765 INFO  nl.rdj.GreetPrinter  - hello, typesafe
2015-11-03 22:26:35,765 INFO  nl.rdj.Greeter  - Hello
2015-11-03 22:26:35,765 INFO  nl.rdj.GreetPrinter  - hello, typesafe
2015-11-03 22:26:36,765 INFO  nl.rdj.Greeter  - Hello
2015-11-03 22:26:36,765 INFO  nl.rdj.GreetPrinter  - hello, typesafe
2015-11-03 22:26:37,766 INFO  nl.rdj.Greeter  - Hello
2015-11-03 22:26:37,766 INFO  nl.rdj.GreetPrinter  - hello, typesafe
2015-11-03 22:26:38,768 INFO  nl.rdj.Greeter  - Hello
2015-11-03 22:26:38,768 INFO  nl.rdj.GreetPrinter  - hello, typesafe
2015-11-03 22:26:39,766 INFO  nl.rdj.Greeter  - Hello
2015-11-03 22:26:39,766 INFO  nl.rdj.GreetPrinter  - hello, typesafe
2015-11-03 22:26:40,756 INFO  nl.rdj.Greeter  - Hello
2015-11-03 22:26:40,756 INFO  nl.rdj.GreetPrinter  - hello, typesafe
2015-11-03 22:26:41,755 INFO  nl.rdj.Greeter  - Hello
2015-11-03 22:26:41,756 INFO  nl.rdj.GreetPrinter  - hello, typesafe
2015-11-03 22:26:42,764 INFO  nl.rdj.Greeter  - Hello
2015-11-03 22:26:42,765 INFO  nl.rdj.GreetPrinter  - hello, typesafe
2015-11-03 22:26:43,767 INFO  nl.rdj.Greeter  - Hello
2015-11-03 22:26:43,767 INFO  nl.rdj.GreetPrinter  - hello, typesafe
2015-11-03 22:26:44,757 INFO  nl.rdj.Greeter  - Hello
2015-11-03 22:26:44,757 INFO  nl.rdj.GreetPrinter  - hello, typesafe
2015-11-03 22:26:45,755 INFO  nl.rdj.Greeter  - Hello
2015-11-03 22:26:45,755 INFO  nl.rdj.GreetPrinter  - hello, typesafe
2015-11-03 22:26:46,765 INFO  nl.rdj.Greeter  - Hello
2015-11-03 22:26:46,766 INFO  nl.rdj.GreetPrinter  - hello, typesafe
2015-11-03 22:26:47,770 INFO  nl.rdj.Greeter  - Hello
2015-11-03 22:26:47,770 INFO  nl.rdj.GreetPrinter  - hello, typesafe
2015-11-03 22:26:48,767 INFO  nl.rdj.Greeter  - Hello
2015-11-03 22:26:48,767 INFO  nl.rdj.GreetPrinter  - hello, typesafe
2015-11-03 22:26:49,765 INFO  nl.rdj.Greeter  - Hello
2015-11-03 22:26:49,765 INFO  nl.rdj.GreetPrinter  - hello, typesafe
2015-11-03 22:26:50,768 INFO  nl.rdj.Greeter  - Hello
2015-11-03 22:26:50,768 INFO  nl.rdj.GreetPrinter  - hello, typesafe
2015-11-03 22:26:51,766 INFO  nl.rdj.Greeter  - Hello
2015-11-03 22:26:51,766 INFO  nl.rdj.GreetPrinter  - hello, typesafe
2015-11-03 22:26:52,765 INFO  nl.rdj.Greeter  - Hello
2015-11-03 22:26:52,765 INFO  nl.rdj.GreetPrinter  - hello, typesafe
2015-11-03 22:26:53,765 INFO  nl.rdj.Greeter  - Hello
2015-11-03 22:26:53,766 INFO  nl.rdj.GreetPrinter  - hello, typesafe
2015-11-03 22:26:54,766 INFO  nl.rdj.Greeter  - Hello
2015-11-03 22:26:54,767 INFO  nl.rdj.GreetPrinter  - hello, typesafe
2015-11-03 22:26:55,766 INFO  nl.rdj.Greeter  - Hello
2015-11-03 22:26:55,767 INFO  nl.rdj.GreetPrinter  - hello, typesafe
2015-11-03 22:26:56,756 INFO  nl.rdj.Greeter  - Hello
2015-11-03 22:26:56,756 INFO  nl.rdj.GreetPrinter  - hello, typesafe
2015-11-03 22:26:57,756 INFO  nl.rdj.Greeter  - Hello
2015-11-03 22:26:57,756 INFO  nl.rdj.GreetPrinter  - hello, typesafe
2015-11-03 22:26:58,765 INFO  nl.rdj.Greeter  - Hello
2015-11-03 22:26:58,765 INFO  nl.rdj.GreetPrinter  - hello, typesafe
2015-11-03 22:26:59,765 INFO  nl.rdj.Greeter  - Hello
2015-11-03 22:26:59,765 INFO  nl.rdj.GreetPrinter  - hello, typesafe
2015-11-03 22:27:00,765 INFO  nl.rdj.Greeter  - Hello
2015-11-03 22:27:00,766 INFO  nl.rdj.GreetPrinter  - hello, typesafe
2015-11-03 22:27:01,768 INFO  nl.rdj.Greeter  - Hello
2015-11-03 22:27:01,769 INFO  nl.rdj.GreetPrinter  - hello, typesafe
2015-11-03 22:27:02,765 INFO  nl.rdj.Greeter  - Hello
2015-11-03 22:27:02,766 INFO  nl.rdj.GreetPrinter  - hello, typesafe
2015-11-03 22:27:03,765 INFO  nl.rdj.Greeter  - Hello
2015-11-03 22:27:03,765 INFO  nl.rdj.GreetPrinter  - hello, typesafe
2015-11-03 22:27:04,765 INFO  nl.rdj.Greeter  - Hello
2015-11-03 22:27:04,765 INFO  nl.rdj.GreetPrinter  - hello, typesafe
2015-11-03 22:27:05,765 INFO  nl.rdj.Greeter  - Hello
2015-11-03 22:27:05,765 INFO  nl.rdj.GreetPrinter  - hello, typesafe
2015-11-03 22:27:06,765 INFO  nl.rdj.Greeter  - Hello
2015-11-03 22:27:06,766 INFO  nl.rdj.GreetPrinter  - hello, typesafe
2015-11-03 22:27:07,766 INFO  nl.rdj.Greeter  - Hello
2015-11-03 22:27:07,766 INFO  nl.rdj.GreetPrinter  - hello, typesafe
2015-11-03 22:27:08,756 INFO  nl.rdj.Greeter  - Hello
2015-11-03 22:27:08,756 INFO  nl.rdj.GreetPrinter  - hello, typesafe
2015-11-03 22:27:09,766 INFO  nl.rdj.Greeter  - Hello
2015-11-03 22:27:09,766 INFO  nl.rdj.GreetPrinter  - hello, typesafe
2015-11-03 22:27:10,756 INFO  nl.rdj.Greeter  - Hello
2015-11-03 22:27:10,756 INFO  nl.rdj.GreetPrinter  - hello, typesafe
2015-11-03 22:27:11,754 INFO  nl.rdj.Greeter  - Hello
2015-11-03 22:27:11,755 INFO  nl.rdj.GreetPrinter  - hello, typesafe
2015-11-03 22:27:12,765 INFO  nl.rdj.Greeter  - Hello
2015-11-03 22:27:12,766 INFO  nl.rdj.GreetPrinter  - hello, typesafe
2015-11-03 22:27:13,765 INFO  nl.rdj.Greeter  - Hello
2015-11-03 22:27:13,765 INFO  nl.rdj.GreetPrinter  - hello, typesafe
2015-11-03 22:27:14,755 INFO  nl.rdj.Greeter  - Hello
2015-11-03 22:27:14,755 INFO  nl.rdj.GreetPrinter  - hello, typesafe
2015-11-03 22:27:15,755 INFO  nl.rdj.Greeter  - Hello
2015-11-03 22:27:15,756 INFO  nl.rdj.GreetPrinter  - hello, typesafe
2015-11-03 22:27:16,765 INFO  nl.rdj.Greeter  - Hello
2015-11-03 22:27:16,766 INFO  nl.rdj.GreetPrinter  - hello, typesafe
2015-11-03 22:27:17,766 INFO  nl.rdj.Greeter  - Hello
2015-11-03 22:27:17,766 INFO  nl.rdj.GreetPrinter  - hello, typesafe
2015-11-03 22:27:18,766 INFO  nl.rdj.Greeter  - Hello
2015-11-03 22:27:18,767 INFO  nl.rdj.GreetPrinter  - hello, typesafe
2015-11-03 22:27:19,768 INFO  nl.rdj.Greeter  - Hello
2015-11-03 22:27:19,768 INFO  nl.rdj.GreetPrinter  - hello, typesafe
2015-11-03 22:27:20,755 INFO  nl.rdj.Greeter  - Hello
2015-11-03 22:27:20,755 INFO  nl.rdj.GreetPrinter  - hello, typesafe
2015-11-03 22:27:21,765 INFO  nl.rdj.Greeter  - Hello
2015-11-03 22:27:21,765 INFO  nl.rdj.GreetPrinter  - hello, typesafe
2015-11-03 22:27:22,766 INFO  nl.rdj.Greeter  - Hello
2015-11-03 22:27:22,766 INFO  nl.rdj.GreetPrinter  - hello, typesafe
2015-11-03 22:27:23,769 INFO  nl.rdj.Greeter  - Hello
2015-11-03 22:27:23,770 INFO  nl.rdj.GreetPrinter  - hello, typesafe
2015-11-03 22:27:24,765 INFO  nl.rdj.Greeter  - Hello
2015-11-03 22:27:24,765 INFO  nl.rdj.GreetPrinter  - hello, typesafe
2015-11-03 22:27:25,766 INFO  nl.rdj.Greeter  - Hello
2015-11-03 22:27:25,766 INFO  nl.rdj.GreetPrinter  - hello, typesafe
2015-11-03 22:27:26,766 INFO  nl.rdj.Greeter  - Hello
2015-11-03 22:27:26,766 INFO  nl.rdj.GreetPrinter  - hello, typesafe
2015-11-03 22:27:27,765 INFO  nl.rdj.Greeter  - Hello
2015-11-03 22:27:27,766 INFO  nl.rdj.GreetPrinter  - hello, typesafe
2015-11-03 22:27:28,766 INFO  nl.rdj.Greeter  - Hello
2015-11-03 22:27:28,766 INFO  nl.rdj.GreetPrinter  - hello, typesafe
2015-11-03 22:27:29,766 INFO  nl.rdj.Greeter  - Hello
2015-11-03 22:27:29,766 INFO  nl.rdj.GreetPrinter  - hello, typesafe
2015-11-03 22:27:30,757 INFO  nl.rdj.Greeter  - Hello
2015-11-03 22:27:30,758 INFO  nl.rdj.GreetPrinter  - hello, typesafe
2015-11-03 22:27:31,756 INFO  nl.rdj.Greeter  - Hello
2015-11-03 22:27:31,756 INFO  nl.rdj.GreetPrinter  - hello, typesafe
2015-11-03 22:27:32,764 INFO  nl.rdj.Greeter  - Hello
2015-11-03 22:27:32,765 INFO  nl.rdj.GreetPrinter  - hello, typesafe
2015-11-03 22:27:33,756 INFO  nl.rdj.Greeter  - Hello
2015-11-03 22:27:33,756 INFO  nl.rdj.GreetPrinter  - hello, typesafe
2015-11-03 22:27:34,765 INFO  nl.rdj.Greeter  - Hello
2015-11-03 22:27:34,765 INFO  nl.rdj.GreetPrinter  - hello, typesafe
2015-11-03 22:27:35,765 INFO  nl.rdj.Greeter  - Hello
2015-11-03 22:27:35,765 INFO  nl.rdj.GreetPrinter  - hello, typesafe
2015-11-03 22:27:36,765 INFO  nl.rdj.Greeter  - Hello
2015-11-03 22:27:36,765 INFO  nl.rdj.GreetPrinter  - hello, typesafe
2015-11-03 22:27:37,756 INFO  nl.rdj.Greeter  - Hello
2015-11-03 22:27:37,756 INFO  nl.rdj.GreetPrinter  - hello, typesafe
2015-11-03 22:27:38,764 INFO  nl.rdj.Greeter  - Hello
2015-11-03 22:27:38,765 INFO  nl.rdj.GreetPrinter  - hello, typesafe
2015-11-03 22:27:39,768 INFO  nl.rdj.Greeter  - Hello
2015-11-03 22:27:39,769 INFO  nl.rdj.GreetPrinter  - hello, typesafe
2015-11-03 22:27:40,756 INFO  nl.rdj.Greeter  - Hello
2015-11-03 22:27:40,756 INFO  nl.rdj.GreetPrinter  - hello, typesafe
2015-11-03 22:27:41,766 INFO  nl.rdj.Greeter  - Hello
2015-11-03 22:27:41,766 INFO  nl.rdj.GreetPrinter  - hello, typesafe
2015-11-03 22:27:42,766 INFO  nl.rdj.Greeter  - Hello
2015-11-03 22:27:42,766 INFO  nl.rdj.GreetPrinter  - hello, typesafe
2015-11-03 22:27:43,755 INFO  nl.rdj.Greeter  - Hello
2015-11-03 22:27:43,755 INFO  nl.rdj.GreetPrinter  - hello, typesafe
2015-11-03 22:27:44,765 INFO  nl.rdj.Greeter  - Hello
2015-11-03 22:27:44,765 INFO  nl.rdj.GreetPrinter  - hello, typesafe
2015-11-03 22:27:45,765 INFO  nl.rdj.Greeter  - Hello
2015-11-03 22:27:45,765 INFO  nl.rdj.GreetPrinter  - hello, typesafe
2015-11-03 22:27:46,766 INFO  nl.rdj.Greeter  - Hello
2015-11-03 22:27:46,766 INFO  nl.rdj.GreetPrinter  - hello, typesafe
2015-11-03 22:27:47,765 INFO  nl.rdj.Greeter  - Hello
2015-11-03 22:27:47,765 INFO  nl.rdj.GreetPrinter  - hello, typesafe
2015-11-03 22:27:48,766 INFO  nl.rdj.Greeter  - Hello
2015-11-03 22:27:48,766 INFO  nl.rdj.GreetPrinter  - hello, typesafe
2015-11-03 22:27:49,755 INFO  nl.rdj.Greeter  - Hello
2015-11-03 22:27:49,756 INFO  nl.rdj.GreetPrinter  - hello, typesafe
2015-11-03 22:27:50,766 INFO  nl.rdj.Greeter  - Hello
2015-11-03 22:27:50,766 INFO  nl.rdj.GreetPrinter  - hello, typesafe
2015-11-03 22:27:51,767 INFO  nl.rdj.Greeter  - Hello
2015-11-03 22:27:51,767 INFO  nl.rdj.GreetPrinter  - hello, typesafe
2015-11-03 22:27:52,765 INFO  nl.rdj.Greeter  - Hello
2015-11-03 22:27:52,765 INFO  nl.rdj.GreetPrinter  - hello, typesafe
2015-11-03 22:27:53,767 INFO  nl.rdj.Greeter  - Hello
2015-11-03 22:27:53,767 INFO  nl.rdj.GreetPrinter  - hello, typesafe
2015-11-03 22:27:54,766 INFO  nl.rdj.Greeter  - Hello
2015-11-03 22:27:54,766 INFO  nl.rdj.GreetPrinter  - hello, typesafe
2015-11-03 22:27:55,755 INFO  nl.rdj.Greeter  - Hello
2015-11-03 22:27:55,756 INFO  nl.rdj.GreetPrinter  - hello, typesafe
2015-11-03 22:27:56,765 INFO  nl.rdj.Greeter  - Hello
2015-11-03 22:27:56,765 INFO  nl.rdj.GreetPrinter  - hello, typesafe
2015-11-03 22:27:57,755 INFO  nl.rdj.Greeter  - Hello
2015-11-03 22:27:57,755 INFO  nl.rdj.GreetPrinter  - hello, typesafe
2015-11-03 22:27:58,756 INFO  nl.rdj.Greeter  - Hello
2015-11-03 22:27:58,756 INFO  nl.rdj.GreetPrinter  - hello, typesafe
2015-11-03 22:27:59,755 INFO  nl.rdj.Greeter  - Hello
2015-11-03 22:27:59,756 INFO  nl.rdj.GreetPrinter  - hello, typesafe
2015-11-03 22:28:00,765 INFO  nl.rdj.Greeter  - Hello
2015-11-03 22:28:00,766 INFO  nl.rdj.GreetPrinter  - hello, typesafe
2015-11-03 22:28:01,765 INFO  nl.rdj.Greeter  - Hello
2015-11-03 22:28:01,765 INFO  nl.rdj.GreetPrinter  - hello, typesafe
2015-11-03 22:28:02,765 INFO  nl.rdj.Greeter  - Hello
2015-11-03 22:28:02,765 INFO  nl.rdj.GreetPrinter  - hello, typesafe
2015-11-03 22:28:03,765 INFO  nl.rdj.Greeter  - Hello
2015-11-03 22:28:03,765 INFO  nl.rdj.GreetPrinter  - hello, typesafe
2015-11-03 22:28:04,765 INFO  nl.rdj.Greeter  - Hello
2015-11-03 22:28:04,766 INFO  nl.rdj.GreetPrinter  - hello, typesafe
2015-11-03 22:28:05,755 INFO  nl.rdj.Greeter  - Hello
2015-11-03 22:28:05,755 INFO  nl.rdj.GreetPrinter  - hello, typesafe
2015-11-03 22:28:06,765 INFO  nl.rdj.Greeter  - Hello
2015-11-03 22:28:06,766 INFO  nl.rdj.GreetPrinter  - hello, typesafe
2015-11-03 22:28:07,765 INFO  nl.rdj.Greeter  - Hello
2015-11-03 22:28:07,765 INFO  nl.rdj.GreetPrinter  - hello, typesafe
2015-11-03 22:28:08,765 INFO  nl.rdj.Greeter  - Hello
2015-11-03 22:28:08,765 INFO  nl.rdj.GreetPrinter  - hello, typesafe
2015-11-03 22:28:09,765 INFO  nl.rdj.Greeter  - Hello
2015-11-03 22:28:09,765 INFO  nl.rdj.GreetPrinter  - hello, typesafe
2015-11-03 22:28:10,765 INFO  nl.rdj.Greeter  - Hello
2015-11-03 22:28:10,765 INFO  nl.rdj.GreetPrinter  - hello, typesafe
2015-11-03 22:28:11,765 INFO  nl.rdj.Greeter  - Hello
2015-11-03 22:28:11,766 INFO  nl.rdj.GreetPrinter  - hello, typesafe
2015-11-03 22:28:12,766 INFO  nl.rdj.Greeter  - Hello
2015-11-03 22:28:12,766 INFO  nl.rdj.GreetPrinter  - hello, typesafe
2015-11-03 22:28:13,765 INFO  nl.rdj.Greeter  - Hello
2015-11-03 22:28:13,766 INFO  nl.rdj.GreetPrinter  - hello, typesafe
2015-11-03 22:28:14,756 INFO  nl.rdj.Greeter  - Hello
2015-11-03 22:28:14,756 INFO  nl.rdj.GreetPrinter  - hello, typesafe
2015-11-03 22:28:15,768 INFO  nl.rdj.Greeter  - Hello
2015-11-03 22:28:15,769 INFO  nl.rdj.GreetPrinter  - hello, typesafe
2015-11-03 22:28:16,759 INFO  nl.rdj.Greeter  - Hello
2015-11-03 22:28:16,759 INFO  nl.rdj.GreetPrinter  - hello, typesafe
2015-11-03 22:28:17,756 INFO  nl.rdj.Greeter  - Hello
2015-11-03 22:28:17,756 INFO  nl.rdj.GreetPrinter  - hello, typesafe
2015-11-03 22:28:18,770 INFO  nl.rdj.Greeter  - Hello
2015-11-03 22:28:18,770 INFO  nl.rdj.GreetPrinter  - hello, typesafe
2015-11-03 22:28:19,765 INFO  nl.rdj.Greeter  - Hello
2015-11-03 22:28:19,765 INFO  nl.rdj.GreetPrinter  - hello, typesafe
2015-11-03 22:28:20,766 INFO  nl.rdj.Greeter  - Hello
2015-11-03 22:28:20,767 INFO  nl.rdj.GreetPrinter  - hello, typesafe
2015-11-03 22:28:21,765 INFO  nl.rdj.Greeter  - Hello
2015-11-03 22:28:21,765 INFO  nl.rdj.GreetPrinter  - hello, typesafe
2015-11-03 22:28:22,754 INFO  nl.rdj.Greeter  - Hello
2015-11-03 22:28:22,755 INFO  nl.rdj.GreetPrinter  - hello, typesafe
2015-11-03 22:28:23,768 INFO  nl.rdj.Greeter  - Hello
2015-11-03 22:28:23,768 INFO  nl.rdj.GreetPrinter  - hello, typesafe
2015-11-03 22:28:24,765 INFO  nl.rdj.Greeter  - Hello
2015-11-03 22:28:24,765 INFO  nl.rdj.GreetPrinter  - hello, typesafe
2015-11-03 22:28:25,755 INFO  nl.rdj.Greeter  - Hello
2015-11-03 22:28:25,756 INFO  nl.rdj.GreetPrinter  - hello, typesafe
2015-11-03 22:28:26,769 INFO  nl.rdj.Greeter  - Hello
2015-11-03 22:28:26,769 INFO  nl.rdj.GreetPrinter  - hello, typesafe
2015-11-03 22:28:27,766 INFO  nl.rdj.Greeter  - Hello
2015-11-03 22:28:27,766 INFO  nl.rdj.GreetPrinter  - hello, typesafe
2015-11-03 22:28:28,766 INFO  nl.rdj.Greeter  - Hello
2015-11-03 22:28:28,766 INFO  nl.rdj.GreetPrinter  - hello, typesafe
2015-11-03 22:28:29,765 INFO  nl.rdj.Greeter  - Hello
2015-11-03 22:28:29,765 INFO  nl.rdj.GreetPrinter  - hello, typesafe
2015-11-03 22:28:30,755 INFO  nl.rdj.Greeter  - Hello
2015-11-03 22:28:30,755 INFO  nl.rdj.GreetPrinter  - hello, typesafe
2015-11-03 22:28:31,756 INFO  nl.rdj.Greeter  - Hello
2015-11-03 22:28:31,756 INFO  nl.rdj.GreetPrinter  - hello, typesafe
2015-11-03 22:28:32,766 INFO  nl.rdj.Greeter  - Hello
2015-11-03 22:28:32,767 INFO  nl.rdj.GreetPrinter  - hello, typesafe
2015-11-03 22:28:33,755 INFO  nl.rdj.Greeter  - Hello
2015-11-03 22:28:33,756 INFO  nl.rdj.GreetPrinter  - hello, typesafe
2015-11-03 22:28:34,756 INFO  nl.rdj.Greeter  - Hello
2015-11-03 22:28:34,756 INFO  nl.rdj.GreetPrinter  - hello, typesafe
2015-11-03 22:28:35,769 INFO  nl.rdj.Greeter  - Hello
2015-11-03 22:28:35,769 INFO  nl.rdj.GreetPrinter  - hello, typesafe
2015-11-03 22:28:36,765 INFO  nl.rdj.Greeter  - Hello
2015-11-03 22:28:36,765 INFO  nl.rdj.GreetPrinter  - hello, typesafe
2015-11-03 22:28:37,765 INFO  nl.rdj.Greeter  - Hello
2015-11-03 22:28:37,765 INFO  nl.rdj.GreetPrinter  - hello, typesafe
2015-11-03 22:28:38,765 INFO  nl.rdj.Greeter  - Hello
2015-11-03 22:28:38,765 INFO  nl.rdj.GreetPrinter  - hello, typesafe
2015-11-03 22:28:39,755 INFO  nl.rdj.Greeter  - Hello
2015-11-03 22:28:39,756 INFO  nl.rdj.GreetPrinter  - hello, typesafe
2015-11-03 22:28:40,756 INFO  nl.rdj.Greeter  - Hello
2015-11-03 22:28:40,756 INFO  nl.rdj.GreetPrinter  - hello, typesafe
2015-11-03 22:28:41,755 INFO  nl.rdj.Greeter  - Hello
2015-11-03 22:28:41,755 INFO  nl.rdj.GreetPrinter  - hello, typesafe
2015-11-03 22:28:42,755 INFO  nl.rdj.Greeter  - Hello
2015-11-03 22:28:42,756 INFO  nl.rdj.GreetPrinter  - hello, typesafe
2015-11-03 22:28:43,757 INFO  nl.rdj.Greeter  - Hello
2015-11-03 22:28:43,757 INFO  nl.rdj.GreetPrinter  - hello, typesafe
2015-11-03 22:28:44,757 INFO  nl.rdj.Greeter  - Hello
2015-11-03 22:28:44,757 INFO  nl.rdj.GreetPrinter  - hello, typesafe
2015-11-03 22:28:45,755 INFO  nl.rdj.Greeter  - Hello
2015-11-03 22:28:45,755 INFO  nl.rdj.GreetPrinter  - hello, typesafe
2015-11-03 22:28:46,756 INFO  nl.rdj.Greeter  - Hello
2015-11-03 22:28:46,756 INFO  nl.rdj.GreetPrinter  - hello, typesafe
2015-11-03 22:28:47,757 INFO  nl.rdj.Greeter  - Hello
2015-11-03 22:28:47,758 INFO  nl.rdj.GreetPrinter  - hello, typesafe
2015-11-03 22:28:48,757 INFO  nl.rdj.Greeter  - Hello
2015-11-03 22:28:48,757 INFO  nl.rdj.GreetPrinter  - hello, typesafe
2015-11-03 22:28:49,756 INFO  nl.rdj.Greeter  - Hello
2015-11-03 22:28:49,757 INFO  nl.rdj.GreetPrinter  - hello, typesafe
2015-11-03 22:28:50,755 INFO  nl.rdj.Greeter  - Hello
2015-11-03 22:28:50,755 INFO  nl.rdj.GreetPrinter  - hello, typesafe
2015-11-03 22:28:51,755 INFO  nl.rdj.Greeter  - Hello
2015-11-03 22:28:51,756 INFO  nl.rdj.GreetPrinter  - hello, typesafe
2015-11-03 22:28:52,756 INFO  nl.rdj.Greeter  - Hello
2015-11-03 22:28:52,756 INFO  nl.rdj.GreetPrinter  - hello, typesafe
2015-11-03 22:28:53,756 INFO  nl.rdj.Greeter  - Hello
2015-11-03 22:28:53,756 INFO  nl.rdj.GreetPrinter  - hello, typesafe
2015-11-03 22:28:54,755 INFO  nl.rdj.Greeter  - Hello
2015-11-03 22:28:54,755 INFO  nl.rdj.GreetPrinter  - hello, typesafe
2015-11-03 22:28:55,755 INFO  nl.rdj.Greeter  - Hello
2015-11-03 22:28:55,755 INFO  nl.rdj.GreetPrinter  - hello, typesafe
2015-11-03 22:28:56,756 INFO  nl.rdj.Greeter  - Hello
2015-11-03 22:28:56,756 INFO  nl.rdj.GreetPrinter  - hello, typesafe
2015-11-03 22:28:57,756 INFO  nl.rdj.Greeter  - Hello
2015-11-03 22:28:57,756 INFO  nl.rdj.GreetPrinter  - hello, typesafe
2015-11-03 22:28:58,758 INFO  nl.rdj.Greeter  - Hello
2015-11-03 22:28:58,759 INFO  nl.rdj.GreetPrinter  - hello, typesafe
2015-11-03 22:28:59,755 INFO  nl.rdj.Greeter  - Hello
2015-11-03 22:28:59,755 INFO  nl.rdj.GreetPrinter  - hello, typesafe
2015-11-03 22:29:00,757 INFO  nl.rdj.Greeter  - Hello
2015-11-03 22:29:00,757 INFO  nl.rdj.GreetPrinter  - hello, typesafe
2015-11-03 22:29:01,755 INFO  nl.rdj.Greeter  - Hello
2015-11-03 22:29:01,756 INFO  nl.rdj.GreetPrinter  - hello, typesafe
2015-11-03 22:29:02,756 INFO  nl.rdj.Greeter  - Hello
2015-11-03 22:29:02,756 INFO  nl.rdj.GreetPrinter  - hello, typesafe
2015-11-03 22:29:03,755 INFO  nl.rdj.Greeter  - Hello
2015-11-03 22:29:03,756 INFO  nl.rdj.GreetPrinter  - hello, typesafe
2015-11-03 22:29:04,767 INFO  nl.rdj.Greeter  - Hello
2015-11-03 22:29:04,767 INFO  nl.rdj.GreetPrinter  - hello, typesafe
2015-11-03 22:29:05,765 INFO  nl.rdj.Greeter  - Hello
2015-11-03 22:29:05,765 INFO  nl.rdj.GreetPrinter  - hello, typesafe
2015-11-03 22:29:06,768 INFO  nl.rdj.Greeter  - Hello
2015-11-03 22:29:06,769 INFO  nl.rdj.GreetPrinter  - hello, typesafe
2015-11-03 22:29:07,764 INFO  nl.rdj.Greeter  - Hello
2015-11-03 22:29:07,765 INFO  nl.rdj.GreetPrinter  - hello, typesafe
2015-11-03 22:29:08,768 INFO  nl.rdj.Greeter  - Hello
2015-11-03 22:29:08,768 INFO  nl.rdj.GreetPrinter  - hello, typesafe
2015-11-03 22:29:09,767 INFO  nl.rdj.Greeter  - Hello
2015-11-03 22:29:09,767 INFO  nl.rdj.GreetPrinter  - hello, typesafe
2015-11-03 22:29:10,765 INFO  nl.rdj.Greeter  - Hello
2015-11-03 22:29:10,766 INFO  nl.rdj.GreetPrinter  - hello, typesafe
2015-11-03 22:29:11,765 INFO  nl.rdj.Greeter  - Hello
2015-11-03 22:29:11,766 INFO  nl.rdj.GreetPrinter  - hello, typesafe
2015-11-03 22:29:12,765 INFO  nl.rdj.Greeter  - Hello
2015-11-03 22:29:12,765 INFO  nl.rdj.GreetPrinter  - hello, typesafe
2015-11-03 22:29:13,766 INFO  nl.rdj.Greeter  - Hello
2015-11-03 22:29:13,766 INFO  nl.rdj.GreetPrinter  - hello, typesafe
2015-11-03 22:29:14,767 INFO  nl.rdj.Greeter  - Hello
2015-11-03 22:29:14,767 INFO  nl.rdj.GreetPrinter  - hello, typesafe
2015-11-03 22:29:15,767 INFO  nl.rdj.Greeter  - Hello
2015-11-03 22:29:15,767 INFO  nl.rdj.GreetPrinter  - hello, typesafe
2015-11-03 22:29:16,767 INFO  nl.rdj.Greeter  - Hello
2015-11-03 22:29:16,767 INFO  nl.rdj.GreetPrinter  - hello, typesafe
2015-11-03 22:29:17,767 INFO  nl.rdj.Greeter  - Hello
2015-11-03 22:29:17,768 INFO  nl.rdj.GreetPrinter  - hello, typesafe
2015-11-03 22:29:18,765 INFO  nl.rdj.Greeter  - Hello
2015-11-03 22:29:18,766 INFO  nl.rdj.GreetPrinter  - hello, typesafe
2015-11-03 22:29:19,769 INFO  nl.rdj.Greeter  - Hello
2015-11-03 22:29:19,769 INFO  nl.rdj.GreetPrinter  - hello, typesafe
2015-11-03 22:29:20,765 INFO  nl.rdj.Greeter  - Hello
2015-11-03 22:29:20,765 INFO  nl.rdj.GreetPrinter  - hello, typesafe
2015-11-03 22:29:21,765 INFO  nl.rdj.Greeter  - Hello
2015-11-03 22:29:21,765 INFO  nl.rdj.GreetPrinter  - hello, typesafe
2015-11-03 22:29:22,768 INFO  nl.rdj.Greeter  - Hello
2015-11-03 22:29:22,768 INFO  nl.rdj.GreetPrinter  - hello, typesafe
2015-11-03 22:29:23,765 INFO  nl.rdj.Greeter  - Hello
2015-11-03 22:29:23,765 INFO  nl.rdj.GreetPrinter  - hello, typesafe
2015-11-03 22:29:24,766 INFO  nl.rdj.Greeter  - Hello
2015-11-03 22:29:24,767 INFO  nl.rdj.GreetPrinter  - hello, typesafe
2015-11-03 22:29:25,766 INFO  nl.rdj.Greeter  - Hello
2015-11-03 22:29:25,766 INFO  nl.rdj.GreetPrinter  - hello, typesafe
2015-11-03 22:29:26,767 INFO  nl.rdj.Greeter  - Hello
2015-11-03 22:29:26,767 INFO  nl.rdj.GreetPrinter  - hello, typesafe
2015-11-03 22:29:27,766 INFO  nl.rdj.Greeter  - Hello
2015-11-03 22:29:27,766 INFO  nl.rdj.GreetPrinter  - hello, typesafe
2015-11-03 22:29:28,767 INFO  nl.rdj.Greeter  - Hello
2015-11-03 22:29:28,767 INFO  nl.rdj.GreetPrinter  - hello, typesafe
2015-11-03 22:29:29,765 INFO  nl.rdj.Greeter  - Hello
2015-11-03 22:29:29,766 INFO  nl.rdj.GreetPrinter  - hello, typesafe
2015-11-03 22:29:30,768 INFO  nl.rdj.Greeter  - Hello
2015-11-03 22:29:30,769 INFO  nl.rdj.GreetPrinter  - hello, typesafe
2015-11-03 22:29:31,766 INFO  nl.rdj.Greeter  - Hello
2015-11-03 22:29:31,766 INFO  nl.rdj.GreetPrinter  - hello, typesafe
2015-11-03 22:29:32,766 INFO  nl.rdj.Greeter  - Hello
2015-11-03 22:29:32,766 INFO  nl.rdj.GreetPrinter  - hello, typesafe
2015-11-03 22:29:33,766 INFO  nl.rdj.Greeter  - Hello
2015-11-03 22:29:33,766 INFO  nl.rdj.GreetPrinter  - hello, typesafe
2015-11-03 22:29:34,771 INFO  nl.rdj.Greeter  - Hello
2015-11-03 22:29:34,771 INFO  nl.rdj.GreetPrinter  - hello, typesafe
2015-11-03 22:29:35,755 INFO  nl.rdj.Greeter  - Hello
2015-11-03 22:29:35,755 INFO  nl.rdj.GreetPrinter  - hello, typesafe
2015-11-03 22:29:36,767 INFO  nl.rdj.Greeter  - Hello
2015-11-03 22:29:36,768 INFO  nl.rdj.GreetPrinter  - hello, typesafe
2015-11-03 22:29:37,756 INFO  nl.rdj.Greeter  - Hello
2015-11-03 22:29:37,756 INFO  nl.rdj.GreetPrinter  - hello, typesafe
2015-11-03 22:29:38,768 INFO  nl.rdj.Greeter  - Hello
2015-11-03 22:29:38,768 INFO  nl.rdj.GreetPrinter  - hello, typesafe
2015-11-03 22:29:39,759 INFO  nl.rdj.Greeter  - Hello
2015-11-03 22:29:39,759 INFO  nl.rdj.GreetPrinter  - hello, typesafe
2015-11-03 22:29:40,769 INFO  nl.rdj.Greeter  - Hello
2015-11-03 22:29:40,769 INFO  nl.rdj.GreetPrinter  - hello, typesafe
2015-11-03 22:29:41,766 INFO  nl.rdj.Greeter  - Hello
2015-11-03 22:29:41,766 INFO  nl.rdj.GreetPrinter  - hello, typesafe
2015-11-03 22:29:42,765 INFO  nl.rdj.Greeter  - Hello
2015-11-03 22:29:42,765 INFO  nl.rdj.GreetPrinter  - hello, typesafe
2015-11-03 22:29:43,765 INFO  nl.rdj.Greeter  - Hello
2015-11-03 22:29:43,765 INFO  nl.rdj.GreetPrinter  - hello, typesafe
2015-11-03 22:29:44,765 INFO  nl.rdj.Greeter  - Hello
2015-11-03 22:29:44,766 INFO  nl.rdj.GreetPrinter  - hello, typesafe
2015-11-03 22:29:45,765 INFO  nl.rdj.Greeter  - Hello
2015-11-03 22:29:45,765 INFO  nl.rdj.GreetPrinter  - hello, typesafe
2015-11-03 22:29:46,766 INFO  nl.rdj.Greeter  - Hello
2015-11-03 22:29:46,766 INFO  nl.rdj.GreetPrinter  - hello, typesafe
2015-11-03 22:29:47,757 INFO  nl.rdj.Greeter  - Hello
2015-11-03 22:29:47,757 INFO  nl.rdj.GreetPrinter  - hello, typesafe
2015-11-03 22:29:48,766 INFO  nl.rdj.Greeter  - Hello
2015-11-03 22:29:48,766 INFO  nl.rdj.GreetPrinter  - hello, typesafe
2015-11-03 22:29:49,773 INFO  nl.rdj.Greeter  - Hello
2015-11-03 22:29:49,773 INFO  nl.rdj.GreetPrinter  - hello, typesafe
2015-11-03 22:29:50,748 INFO  nl.rdj.Greeter  - Hello
2015-11-03 22:29:50,748 INFO  nl.rdj.GreetPrinter  - hello, typesafe
2015-11-03 22:29:51,764 INFO  nl.rdj.Greeter  - Hello
2015-11-03 22:29:51,765 INFO  nl.rdj.GreetPrinter  - hello, typesafe
2015-11-03 22:29:52,766 INFO  nl.rdj.Greeter  - Hello
2015-11-03 22:29:52,766 INFO  nl.rdj.GreetPrinter  - hello, typesafe
2015-11-03 22:29:53,765 INFO  nl.rdj.Greeter  - Hello
2015-11-03 22:29:53,765 INFO  nl.rdj.GreetPrinter  - hello, typesafe
2015-11-03 22:29:54,770 INFO  nl.rdj.Greeter  - Hello
2015-11-03 22:29:54,770 INFO  nl.rdj.GreetPrinter  - hello, typesafe
2015-11-03 22:29:55,766 INFO  nl.rdj.Greeter  - Hello
2015-11-03 22:29:55,766 INFO  nl.rdj.GreetPrinter  - hello, typesafe
2015-11-03 22:29:56,767 INFO  nl.rdj.Greeter  - Hello
2015-11-03 22:29:56,767 INFO  nl.rdj.GreetPrinter  - hello, typesafe
2015-11-03 22:29:57,765 INFO  nl.rdj.Greeter  - Hello
2015-11-03 22:29:57,765 INFO  nl.rdj.GreetPrinter  - hello, typesafe
2015-11-03 22:29:58,769 INFO  nl.rdj.Greeter  - Hello
2015-11-03 22:29:58,769 INFO  nl.rdj.GreetPrinter  - hello, typesafe
2015-11-03 22:29:59,769 INFO  nl.rdj.Greeter  - Hello
2015-11-03 22:29:59,770 INFO  nl.rdj.GreetPrinter  - hello, typesafe
2015-11-03 22:30:00,761 INFO  nl.rdj.Greeter  - Hello
2015-11-03 22:30:00,761 INFO  nl.rdj.GreetPrinter  - hello, typesafe
2015-11-03 22:30:01,759 INFO  nl.rdj.Greeter  - Hello
2015-11-03 22:30:01,759 INFO  nl.rdj.GreetPrinter  - hello, typesafe
2015-11-03 22:30:02,767 INFO  nl.rdj.Greeter  - Hello
2015-11-03 22:30:02,768 INFO  nl.rdj.GreetPrinter  - hello, typesafe
2015-11-03 22:30:03,766 INFO  nl.rdj.Greeter  - Hello
2015-11-03 22:30:03,766 INFO  nl.rdj.GreetPrinter  - hello, typesafe
2015-11-03 22:30:04,765 INFO  nl.rdj.Greeter  - Hello
2015-11-03 22:30:04,765 INFO  nl.rdj.GreetPrinter  - hello, typesafe
2015-11-03 22:30:05,765 INFO  nl.rdj.Greeter  - Hello
2015-11-03 22:30:05,765 INFO  nl.rdj.GreetPrinter  - hello, typesafe
2015-11-03 22:30:06,766 INFO  nl.rdj.Greeter  - Hello
2015-11-03 22:30:06,766 INFO  nl.rdj.GreetPrinter  - hello, typesafe
2015-11-03 22:30:07,766 INFO  nl.rdj.Greeter  - Hello
2015-11-03 22:30:07,766 INFO  nl.rdj.GreetPrinter  - hello, typesafe
2015-11-03 22:30:08,757 INFO  nl.rdj.Greeter  - Hello
2015-11-03 22:30:08,757 INFO  nl.rdj.GreetPrinter  - hello, typesafe
2015-11-03 22:30:09,765 INFO  nl.rdj.Greeter  - Hello
2015-11-03 22:30:09,765 INFO  nl.rdj.GreetPrinter  - hello, typesafe
2015-11-03 22:30:10,767 INFO  nl.rdj.Greeter  - Hello
2015-11-03 22:30:10,767 INFO  nl.rdj.GreetPrinter  - hello, typesafe
2015-11-03 22:30:11,764 INFO  nl.rdj.Greeter  - Hello
2015-11-03 22:30:11,765 INFO  nl.rdj.GreetPrinter  - hello, typesafe
2015-11-03 22:30:12,756 INFO  nl.rdj.Greeter  - Hello
2015-11-03 22:30:12,756 INFO  nl.rdj.GreetPrinter  - hello, typesafe
2015-11-03 22:30:13,756 INFO  nl.rdj.Greeter  - Hello
2015-11-03 22:30:13,756 INFO  nl.rdj.GreetPrinter  - hello, typesafe
2015-11-03 22:30:16,988 INFO  akka.event.slf4j.Slf4jLogger  - Slf4jLogger started
2015-11-03 22:30:17,004 DEBUG akka.event.EventStream main - logger log1-Slf4jLogger started
2015-11-03 22:30:17,009 DEBUG akka.event.EventStream main - Default Loggers started
2015-11-03 22:30:17,021 INFO  akka.actor.ActorSystemImpl main - {
    # merge of application.conf @ jar:file:/app/hello-akka-assembly-1.0.jar!/application.conf: 1,reference.conf @ jar:file:/app/hello-akka-assembly-1.0.jar!/reference.conf: 8
    "akka" : {
        # reference.conf @ jar:file:/app/hello-akka-assembly-1.0.jar!/reference.conf: 71
        "actor" : {
            # reference.conf @ jar:file:/app/hello-akka-assembly-1.0.jar!/reference.conf: 83
            # Timeout for ActorSystem.actorOf
            "creation-timeout" : "20s",
            # reference.conf @ jar:file:/app/hello-akka-assembly-1.0.jar!/reference.conf: 456
            "debug" : {
                # reference.conf @ jar:file:/app/hello-akka-assembly-1.0.jar!/reference.conf: 473
                # enable DEBUG logging of all AutoReceiveMessages (Kill, PoisonPill et.c.)
                "autoreceive" : "off",
                # reference.conf @ jar:file:/app/hello-akka-assembly-1.0.jar!/reference.conf: 482
                # enable DEBUG logging of subscription changes on the eventStream
                "event-stream" : "off",
                # reference.conf @ jar:file:/app/hello-akka-assembly-1.0.jar!/reference.conf: 479
                # enable DEBUG logging of all LoggingFSMs for events, transitions and timers
                "fsm" : "off",
                # reference.conf @ jar:file:/app/hello-akka-assembly-1.0.jar!/reference.conf: 476
                # enable DEBUG logging of actor lifecycle changes
                "lifecycle" : "off",
                # reference.conf @ jar:file:/app/hello-akka-assembly-1.0.jar!/reference.conf: 470
                # enable function of Actor.loggable(), which is to log any received message
                # at DEBUG level, see the “Testing Actor Systems” section of the Akka
                # Documentation at http://akka.io/docs
                "receive" : "off",
                # reference.conf @ jar:file:/app/hello-akka-assembly-1.0.jar!/reference.conf: 488
                # enable WARN logging of misconfigured routers
                "router-misconfiguration" : "off",
                # reference.conf @ jar:file:/app/hello-akka-assembly-1.0.jar!/reference.conf: 485
                # enable DEBUG logging of unhandled messages
                "unhandled" : "off"
            },
            # reference.conf @ jar:file:/app/hello-akka-assembly-1.0.jar!/reference.conf: 253
            "default-dispatcher" : {
                # reference.conf @ jar:file:/app/hello-akka-assembly-1.0.jar!/reference.conf: 353
                # For BalancingDispatcher: If the balancing dispatcher should attempt to
                # schedule idle actors using the same dispatcher when a message comes in,
                # and the dispatchers ExecutorService is not fully busy already.
                "attempt-teamwork" : "on",
                # reference.conf @ jar:file:/app/hello-akka-assembly-1.0.jar!/reference.conf: 278
                # This will be used if you have set "executor = "default-executor"".
                # If an ActorSystem is created with a given ExecutionContext, this
                # ExecutionContext will be used as the default executor for all
                # dispatchers in the ActorSystem configured with
                # executor = "default-executor". Note that "default-executor"
                # is the default value for executor, and therefore used if not
                # specified otherwise. If no ExecutionContext is given,
                # the executor configured in "fallback" will be used.
                "default-executor" : {
                    # reference.conf @ jar:file:/app/hello-akka-assembly-1.0.jar!/reference.conf: 279
                    "fallback" : "fork-join-executor"
                },
                # reference.conf @ jar:file:/app/hello-akka-assembly-1.0.jar!/reference.conf: 268
                # Which kind of ExecutorService to use for this dispatcher
                # Valid options:
                #  - "default-executor" requires a "default-executor" section
                #  - "fork-join-executor" requires a "fork-join-executor" section
                #  - "thread-pool-executor" requires a "thread-pool-executor" section
                #  - A FQCN of a class extending ExecutorServiceConfigurator
                "executor" : "default-executor",
                # reference.conf @ jar:file:/app/hello-akka-assembly-1.0.jar!/reference.conf: 283
                # This will be used if you have set "executor = "fork-join-executor""
                "fork-join-executor" : {
                    # reference.conf @ jar:file:/app/hello-akka-assembly-1.0.jar!/reference.conf: 290
                    # The parallelism factor is used to determine thread pool size using the
                    # following formula: ceil(available processors * factor). Resulting size
                    # is then bounded by the parallelism-min and parallelism-max values.
                    "parallelism-factor" : 3,
                    # reference.conf @ jar:file:/app/hello-akka-assembly-1.0.jar!/reference.conf: 293
                    # Max number of threads to cap factor-based parallelism number to
                    "parallelism-max" : 64,
                    # reference.conf @ jar:file:/app/hello-akka-assembly-1.0.jar!/reference.conf: 285
                    # Min number of threads to cap factor-based parallelism number to
                    "parallelism-min" : 8,
                    # reference.conf @ jar:file:/app/hello-akka-assembly-1.0.jar!/reference.conf: 297
                    # Setting to "FIFO" to use queue like peeking mode which "poll" or "LIFO" to use stack
                    # like peeking mode which "pop".
                    "task-peeking-mode" : "FIFO"
                },
                # reference.conf @ jar:file:/app/hello-akka-assembly-1.0.jar!/reference.conf: 358
                # If this dispatcher requires a specific type of mailbox, specify the
                # fully-qualified class name here; the actually created mailbox will
                # be a subtype of this type. The empty string signifies no requirement.
                "mailbox-requirement" : "",
                # reference.conf @ jar:file:/app/hello-akka-assembly-1.0.jar!/reference.conf: 341
                # How long time the dispatcher will wait for new actors until it shuts down
                "shutdown-timeout" : "1s",
                # reference.conf @ jar:file:/app/hello-akka-assembly-1.0.jar!/reference.conf: 301
                # This will be used if you have set "executor = "thread-pool-executor""
                "thread-pool-executor" : {
                    # reference.conf @ jar:file:/app/hello-akka-assembly-1.0.jar!/reference.conf: 337
                    # Allow core threads to time out
                    "allow-core-timeout" : "on",
                    # reference.conf @ jar:file:/app/hello-akka-assembly-1.0.jar!/reference.conf: 312
                    # The core pool size factor is used to determine thread pool core size
                    # using the following formula: ceil(available processors * factor).
                    # Resulting size is then bounded by the core-pool-size-min and
                    # core-pool-size-max values.
                    "core-pool-size-factor" : 3,
                    # reference.conf @ jar:file:/app/hello-akka-assembly-1.0.jar!/reference.conf: 315
                    # Max number of threads to cap factor-based number to
                    "core-pool-size-max" : 64,
                    # reference.conf @ jar:file:/app/hello-akka-assembly-1.0.jar!/reference.conf: 306
                    # Min number of threads to cap factor-based core number to
                    "core-pool-size-min" : 8,
                    # reference.conf @ jar:file:/app/hello-akka-assembly-1.0.jar!/reference.conf: 303
                    # Keep alive time for threads
                    "keep-alive-time" : "60s",
                    # reference.conf @ jar:file:/app/hello-akka-assembly-1.0.jar!/reference.conf: 323
                    # Max no of threads (if using a bounded task queue) is determined by
                    # calculating: ceil(available processors * factor)
                    "max-pool-size-factor" : 3,
                    # reference.conf @ jar:file:/app/hello-akka-assembly-1.0.jar!/reference.conf: 327
                    # Max number of threads to cap factor-based max number to
                    # (if using a  bounded task queue)
                    "max-pool-size-max" : 64,
                    # reference.conf @ jar:file:/app/hello-akka-assembly-1.0.jar!/reference.conf: 319
                    # Minimum number of threads to cap factor-based max number to
                    # (if using a bounded task queue)
                    "max-pool-size-min" : 8,
                    # reference.conf @ jar:file:/app/hello-akka-assembly-1.0.jar!/reference.conf: 330
                    # Specifies the bounded capacity of the task queue (< 1 == unbounded)
                    "task-queue-size" : -1,
                    # reference.conf @ jar:file:/app/hello-akka-assembly-1.0.jar!/reference.conf: 334
                    # Specifies which type of task queue will be used, can be "array" or
                    # "linked" (default)
                    "task-queue-type" : "linked"
                },
                # reference.conf @ jar:file:/app/hello-akka-assembly-1.0.jar!/reference.conf: 345
                # Throughput defines the number of messages that are processed in a batch
                # before the thread is returned to the pool. Set to 1 for as fair as possible.
                "throughput" : 5,
                # reference.conf @ jar:file:/app/hello-akka-assembly-1.0.jar!/reference.conf: 348
                # Throughput deadline for Dispatcher, set to 0 or negative for no deadline
                "throughput-deadline-time" : "0ms",
                # reference.conf @ jar:file:/app/hello-akka-assembly-1.0.jar!/reference.conf: 260
                # Must be one of the following
                # Dispatcher, PinnedDispatcher, or a FQCN to a class inheriting
                # MessageDispatcherConfigurator with a public constructor with
                # both com.typesafe.config.Config parameter and
                # akka.dispatch.DispatcherPrerequisites parameters.
                # PinnedDispatcher must be used together with executor=thread-pool-executor.
                "type" : "Dispatcher"
            },
            # reference.conf @ jar:file:/app/hello-akka-assembly-1.0.jar!/reference.conf: 361
            "default-mailbox" : {
                # reference.conf @ jar:file:/app/hello-akka-assembly-1.0.jar!/reference.conf: 372
                # If the mailbox is bounded then it uses this setting to determine its
                # capacity. The provided value must be positive.
                # NOTICE:
                # Up to version 2.1 the mailbox type was determined based on this setting;
                # this is no longer the case, the type must explicitly be a bounded mailbox.
                "mailbox-capacity" : 1000,
                # reference.conf @ jar:file:/app/hello-akka-assembly-1.0.jar!/reference.conf: 377
                # If the mailbox is bounded then this is the timeout for enqueueing
                # in case the mailbox is full. Negative values signify infinite
                # timeout, which should be avoided as it bears the risk of dead-lock.
                "mailbox-push-timeout-time" : "10s",
                # reference.conf @ jar:file:/app/hello-akka-assembly-1.0.jar!/reference.conf: 365
                # FQCN of the MailboxType. The Class of the FQCN must have a public
                # constructor with
                # (akka.actor.ActorSystem.Settings, com.typesafe.config.Config) parameters.
                "mailbox-type" : "akka.dispatch.UnboundedMailbox",
                # reference.conf @ jar:file:/app/hello-akka-assembly-1.0.jar!/reference.conf: 383
                # For Actor with Stash: The default capacity of the stash.
                # If negative (or zero) then an unbounded stash is used (default)
                # If positive then a bounded stash is used and the capacity is set using
                # the property
                "stash-capacity" : -1
            },
            # reference.conf @ jar:file:/app/hello-akka-assembly-1.0.jar!/reference.conf: 127
            "deployment" : {
                # reference.conf @ jar:file:/app/hello-akka-assembly-1.0.jar!/reference.conf: 246
                "/IO-DNS/inet-address" : {
                    # reference.conf @ jar:file:/app/hello-akka-assembly-1.0.jar!/reference.conf: 247
                    "mailbox" : "unbounded",
                    # reference.conf @ jar:file:/app/hello-akka-assembly-1.0.jar!/reference.conf: 249
                    "nr-of-instances" : 4,
                    # reference.conf @ jar:file:/app/hello-akka-assembly-1.0.jar!/reference.conf: 248
                    "router" : "consistent-hashing-pool"
                },
                # reference.conf @ jar:file:/app/hello-akka-assembly-1.0.jar!/reference.conf: 130
                # deployment id pattern - on the format: /parent/child etc.
                "default" : {
                    # reference.conf @ jar:file:/app/hello-akka-assembly-1.0.jar!/reference.conf: 136
                    # The id of the dispatcher to use for this actor.
                    # If undefined or empty the dispatcher specified in code
                    # (Props.withDispatcher) is used, or default-dispatcher if not
                    # specified at all.
                    "dispatcher" : "",
                    # reference.conf @ jar:file:/app/hello-akka-assembly-1.0.jar!/reference.conf: 144
                    # The id of the mailbox to use for this actor.
                    # If undefined or empty the default mailbox of the configured dispatcher
                    # is used or if there is no mailbox configuration the mailbox specified
                    # in code (Props.withMailbox) is used.
                    # If there is a mailbox defined in the configured dispatcher then that
                    # overrides this setting.
                    "mailbox" : "",
                    # reference.conf @ jar:file:/app/hello-akka-assembly-1.0.jar!/reference.conf: 169
                    # number of children to create in case of a router;
                    # this setting is ignored if routees.paths is given
                    "nr-of-instances" : 1,
                    # reference.conf @ jar:file:/app/hello-akka-assembly-1.0.jar!/reference.conf: 200
                    # Routers with dynamically resizable number of routees; this feature is
                    # enabled by including (parts of) this section in the deployment
                    "resizer" : {
                        # reference.conf @ jar:file:/app/hello-akka-assembly-1.0.jar!/reference.conf: 238
                        # Fraction of routees to be removed when the resizer reaches the
                        # backoffThreshold.
                        # For example, 0.1 would decrease 10% (rounded up), i.e. if current
                        # capacity is 9 it will request an decrease of 1 routee.
                        "backoff-rate" : 0.1,
                        # reference.conf @ jar:file:/app/hello-akka-assembly-1.0.jar!/reference.conf: 232
                        # Minimum fraction of busy routees before backing off.
                        # For example, if this is 0.3, then we'll remove some routees only when
                        # less than 30% of routees are busy, i.e. if current capacity is 10 and
                        # 3 are busy then the capacity is unchanged, but if 2 or less are busy
                        # the capacity is decreased.
                        # Use 0.0 or negative to avoid removal of routees.
                        "backoff-threshold" : 0.3,
                        # reference.conf @ jar:file:/app/hello-akka-assembly-1.0.jar!/reference.conf: 202
                        "enabled" : "off",
                        # reference.conf @ jar:file:/app/hello-akka-assembly-1.0.jar!/reference.conf: 205
                        # The fewest number of routees the router should ever have.
                        "lower-bound" : 1,
                        # reference.conf @ jar:file:/app/hello-akka-assembly-1.0.jar!/reference.conf: 242
                        # Number of messages between resize operation.
                        # Use 1 to resize before each message.
                        "messages-per-resize" : 10,
                        # reference.conf @ jar:file:/app/hello-akka-assembly-1.0.jar!/reference.conf: 219
                        # Threshold used to evaluate if a routee is considered to be busy
                        # (under pressure). Implementation depends on this value (default is 1).
                        # 0:   number of routees currently processing a message.
                        # 1:   number of routees currently processing a message has
                        #      some messages in mailbox.
                        # > 1: number of routees with at least the configured pressure-threshold
                        #      messages in their mailbox. Note that estimating mailbox size of
                        #      default UnboundedMailbox is O(N) operation.
                        "pressure-threshold" : 1,
                        # reference.conf @ jar:file:/app/hello-akka-assembly-1.0.jar!/reference.conf: 224
                        # Percentage to increase capacity whenever all routees are busy.
                        # For example, 0.2 would increase 20% (rounded up), i.e. if current
                        # capacity is 6 it will request an increase of 2 more routees.
                        "rampup-rate" : 0.2,
                        # reference.conf @ jar:file:/app/hello-akka-assembly-1.0.jar!/reference.conf: 209
                        # The most number of routees the router should ever have.
                        # Must be greater than or equal to lower-bound.
                        "upper-bound" : 10
                    },
                    # reference.conf @ jar:file:/app/hello-akka-assembly-1.0.jar!/reference.conf: 182
                    "routees" : {
                        # reference.conf @ jar:file:/app/hello-akka-assembly-1.0.jar!/reference.conf: 186
                        # Alternatively to giving nr-of-instances you can specify the full
                        # paths of those actors which should be routed to. This setting takes
                        # precedence over nr-of-instances
                        "paths" : []
                    },
                    # reference.conf @ jar:file:/app/hello-akka-assembly-1.0.jar!/reference.conf: 165
                    # routing (load-balance) scheme to use
                    # - available: "from-code", "round-robin", "random", "smallest-mailbox",
                    #              "scatter-gather", "broadcast"
                    # - or:        Fully qualified class name of the router class.
                    #              The class must extend akka.routing.CustomRouterConfig and
                    #              have a public constructor with com.typesafe.config.Config
                    #              and optional akka.actor.DynamicAccess parameter.
                    # - default is "from-code";
                    # Whether or not an actor is transformed to a Router is decided in code
                    # only (Props.withRouter). The type of router can be overridden in the
                    # configuration; specifying "from-code" means that the values specified
                    # in the code shall be used.
                    # In case of routing, the actors to be routed to can be specified
                    # in several ways:
                    # - nr-of-instances: will create that many children
                    # - routees.paths: will route messages to these paths using ActorSelection,
                    #   i.e. will not create children
                    # - resizer: dynamically resizable number of routees as specified in
                    #   resizer below
                    "router" : "from-code",
                    # reference.conf @ jar:file:/app/hello-akka-assembly-1.0.jar!/reference.conf: 177
                    "tail-chopping-router" : {
                        # reference.conf @ jar:file:/app/hello-akka-assembly-1.0.jar!/reference.conf: 179
                        # interval is duration between sending message to next routee
                        "interval" : "10 milliseconds"
                    },
                    # reference.conf @ jar:file:/app/hello-akka-assembly-1.0.jar!/reference.conf: 175
                    # number of virtual nodes per node for consistent-hashing router
                    "virtual-nodes-factor" : 10,
                    # reference.conf @ jar:file:/app/hello-akka-assembly-1.0.jar!/reference.conf: 172
                    # within is the timeout used for routers containing future calls
                    "within" : "5 seconds"
                }
            },
            # reference.conf @ jar:file:/app/hello-akka-assembly-1.0.jar!/reference.conf: 511
            # Configuration items which are used by the akka.actor.ActorDSL._ methods
            "dsl" : {
                # reference.conf @ jar:file:/app/hello-akka-assembly-1.0.jar!/reference.conf: 527
                # Default timeout to assume for operations like Inbox.receive et al
                "default-timeout" : "5s",
                # reference.conf @ jar:file:/app/hello-akka-assembly-1.0.jar!/reference.conf: 524
                # Maximum queue size of the actor created by newInbox(); this protects
                # against faulty programs which use select() and consistently miss messages
                "inbox-size" : 1000
            },
            # reference.conf @ jar:file:/app/hello-akka-assembly-1.0.jar!/reference.conf: 80
            # The guardian "/user" will use this class to obtain its supervisorStrategy.
            # It needs to be a subclass of akka.actor.SupervisorStrategyConfigurator.
            # In addition to the default there is akka.actor.StoppingSupervisorStrategy.
            "guardian-supervisor-strategy" : "akka.actor.DefaultSupervisorStrategy",
            # reference.conf @ jar:file:/app/hello-akka-assembly-1.0.jar!/reference.conf: 386
            "mailbox" : {
                # reference.conf @ jar:file:/app/hello-akka-assembly-1.0.jar!/reference.conf: 441
                "bounded-control-aware-queue-based" : {
                    # reference.conf @ jar:file:/app/hello-akka-assembly-1.0.jar!/reference.conf: 455
                    # FQCN of the MailboxType, The Class of the FQCN must have a public
                    # constructor with (akka.actor.ActorSystem.Settings,
                    # com.typesafe.config.Config) parameters.
                    "mailbox-type" : "akka.dispatch.BoundedControlAwareMailbox"
                },
                # reference.conf @ jar:file:/app/hello-akka-assembly-1.0.jar!/reference.conf: 427
                "bounded-deque-based" : {
                    # reference.conf @ jar:file:/app/hello-akka-assembly-1.0.jar!/reference.conf: 441
                    # FQCN of the MailboxType, The Class of the FQCN must have a public
                    # constructor with (akka.actor.ActorSystem.Settings,
                    # com.typesafe.config.Config) parameters.
                    "mailbox-type" : "akka.dispatch.BoundedDequeBasedMailbox"
                },
                # reference.conf @ jar:file:/app/hello-akka-assembly-1.0.jar!/reference.conf: 413
                "bounded-queue-based" : {
                    # reference.conf @ jar:file:/app/hello-akka-assembly-1.0.jar!/reference.conf: 427
                    # FQCN of the MailboxType, The Class of the FQCN must have a public
                    # constructor with (akka.actor.ActorSystem.Settings,
                    # com.typesafe.config.Config) parameters.
                    "mailbox-type" : "akka.dispatch.BoundedMailbox"
                },
                # reference.conf @ jar:file:/app/hello-akka-assembly-1.0.jar!/reference.conf: 451
                # The LoggerMailbox will drain all messages in the mailbox
                # when the system is shutdown and deliver them to the StandardOutLogger.
                # Do not change this unless you know what you are doing.
                "logger-queue" : {
                    # reference.conf @ jar:file:/app/hello-akka-assembly-1.0.jar!/reference.conf: 462
                    "mailbox-type" : "akka.event.LoggerMailboxType"
                },
                # reference.conf @ jar:file:/app/hello-akka-assembly-1.0.jar!/reference.conf: 393
                # Mapping between message queue semantics and mailbox configurations.
                # Used by akka.dispatch.RequiresMessageQueue[T] to enforce different
                # mailbox types on actors.
                # If your Actor implements RequiresMessageQueue[T], then when you create
                # an instance of that actor its mailbox type will be decided by looking
                # up a mailbox configuration via T in this mapping
                "requirements" : {
                    # reference.conf @ jar:file:/app/hello-akka-assembly-1.0.jar!/reference.conf: 411
                    "akka.dispatch.BoundedControlAwareMessageQueueSemantics" : "akka.actor.mailbox.bounded-control-aware-queue-based",
                    # reference.conf @ jar:file:/app/hello-akka-assembly-1.0.jar!/reference.conf: 403
                    "akka.dispatch.BoundedDequeBasedMessageQueueSemantics" : "akka.actor.mailbox.bounded-deque-based",
                    # reference.conf @ jar:file:/app/hello-akka-assembly-1.0.jar!/reference.conf: 397
                    "akka.dispatch.BoundedMessageQueueSemantics" : "akka.actor.mailbox.bounded-queue-based",
                    # reference.conf @ jar:file:/app/hello-akka-assembly-1.0.jar!/reference.conf: 407
                    "akka.dispatch.ControlAwareMessageQueueSemantics" : "akka.actor.mailbox.unbounded-control-aware-queue-based",
                    # reference.conf @ jar:file:/app/hello-akka-assembly-1.0.jar!/reference.conf: 399
                    "akka.dispatch.DequeBasedMessageQueueSemantics" : "akka.actor.mailbox.unbounded-deque-based",
                    # reference.conf @ jar:file:/app/hello-akka-assembly-1.0.jar!/reference.conf: 405
                    "akka.dispatch.MultipleConsumerSemantics" : "akka.actor.mailbox.unbounded-queue-based",
                    # reference.conf @ jar:file:/app/hello-akka-assembly-1.0.jar!/reference.conf: 409
                    "akka.dispatch.UnboundedControlAwareMessageQueueSemantics" : "akka.actor.mailbox.unbounded-control-aware-queue-based",
                    # reference.conf @ jar:file:/app/hello-akka-assembly-1.0.jar!/reference.conf: 401
                    "akka.dispatch.UnboundedDequeBasedMessageQueueSemantics" : "akka.actor.mailbox.unbounded-deque-based",
                    # reference.conf @ jar:file:/app/hello-akka-assembly-1.0.jar!/reference.conf: 395
                    "akka.dispatch.UnboundedMessageQueueSemantics" : "akka.actor.mailbox.unbounded-queue-based",
                    # reference.conf @ jar:file:/app/hello-akka-assembly-1.0.jar!/reference.conf: 413
                    "akka.event.LoggerMessageQueueSemantics" : "akka.actor.mailbox.logger-queue"
                },
                # reference.conf @ jar:file:/app/hello-akka-assembly-1.0.jar!/reference.conf: 434
                "unbounded-control-aware-queue-based" : {
                    # reference.conf @ jar:file:/app/hello-akka-assembly-1.0.jar!/reference.conf: 448
                    # FQCN of the MailboxType, The Class of the FQCN must have a public
                    # constructor with (akka.actor.ActorSystem.Settings,
                    # com.typesafe.config.Config) parameters.
                    "mailbox-type" : "akka.dispatch.UnboundedControlAwareMailbox"
                },
                # reference.conf @ jar:file:/app/hello-akka-assembly-1.0.jar!/reference.conf: 420
                "unbounded-deque-based" : {
                    # reference.conf @ jar:file:/app/hello-akka-assembly-1.0.jar!/reference.conf: 434
                    # FQCN of the MailboxType, The Class of the FQCN must have a public
                    # constructor with (akka.actor.ActorSystem.Settings,
                    # com.typesafe.config.Config) parameters.
                    "mailbox-type" : "akka.dispatch.UnboundedDequeBasedMailbox"
                },
                # reference.conf @ jar:file:/app/hello-akka-assembly-1.0.jar!/reference.conf: 406
                "unbounded-queue-based" : {
                    # reference.conf @ jar:file:/app/hello-akka-assembly-1.0.jar!/reference.conf: 420
                    # FQCN of the MailboxType, The Class of the FQCN must have a public
                    # constructor with (akka.actor.ActorSystem.Settings,
                    # com.typesafe.config.Config) parameters.
                    "mailbox-type" : "akka.dispatch.UnboundedMailbox"
                }
            },
            # reference.conf @ jar:file:/app/hello-akka-assembly-1.0.jar!/reference.conf: 75
            # FQCN of the ActorRefProvider to be used; the below is the built-in default,
            # another one is akka.remote.RemoteActorRefProvider in the akka-remote bundle.
            "provider" : "akka.actor.LocalActorRefProvider",
            # reference.conf @ jar:file:/app/hello-akka-assembly-1.0.jar!/reference.conf: 87
            # Frequency with which stopping actors are prodded in case they had to be
            # removed from their parents
            "reaper-interval" : "5s",
            # reference.conf @ jar:file:/app/hello-akka-assembly-1.0.jar!/reference.conf: 109
            "router" : {
                # reference.conf @ jar:file:/app/hello-akka-assembly-1.0.jar!/reference.conf: 109
                # Mapping between ´deployment.router' short names to fully qualified class names
                "type-mapping" : {
                    # reference.conf @ jar:file:/app/hello-akka-assembly-1.0.jar!/reference.conf: 115
                    "balancing-pool" : "akka.routing.BalancingPool",
                    # reference.conf @ jar:file:/app/hello-akka-assembly-1.0.jar!/reference.conf: 118
                    "broadcast-group" : "akka.routing.BroadcastGroup",
                    # reference.conf @ jar:file:/app/hello-akka-assembly-1.0.jar!/reference.conf: 117
                    "broadcast-pool" : "akka.routing.BroadcastPool",
                    # reference.conf @ jar:file:/app/hello-akka-assembly-1.0.jar!/reference.conf: 124
                    "consistent-hashing-group" : "akka.routing.ConsistentHashingGroup",
                    # reference.conf @ jar:file:/app/hello-akka-assembly-1.0.jar!/reference.conf: 123
                    "consistent-hashing-pool" : "akka.routing.ConsistentHashingPool",
                    # reference.conf @ jar:file:/app/hello-akka-assembly-1.0.jar!/reference.conf: 110
                    "from-code" : "akka.routing.NoRouter",
                    # reference.conf @ jar:file:/app/hello-akka-assembly-1.0.jar!/reference.conf: 114
                    "random-group" : "akka.routing.RandomGroup",
                    # reference.conf @ jar:file:/app/hello-akka-assembly-1.0.jar!/reference.conf: 113
                    "random-pool" : "akka.routing.RandomPool",
                    # reference.conf @ jar:file:/app/hello-akka-assembly-1.0.jar!/reference.conf: 112
                    "round-robin-group" : "akka.routing.RoundRobinGroup",
                    # reference.conf @ jar:file:/app/hello-akka-assembly-1.0.jar!/reference.conf: 111
                    "round-robin-pool" : "akka.routing.RoundRobinPool",
                    # reference.conf @ jar:file:/app/hello-akka-assembly-1.0.jar!/reference.conf: 120
                    "scatter-gather-group" : "akka.routing.ScatterGatherFirstCompletedGroup",
                    # reference.conf @ jar:file:/app/hello-akka-assembly-1.0.jar!/reference.conf: 119
                    "scatter-gather-pool" : "akka.routing.ScatterGatherFirstCompletedPool",
                    # reference.conf @ jar:file:/app/hello-akka-assembly-1.0.jar!/reference.conf: 116
                    "smallest-mailbox-pool" : "akka.routing.SmallestMailboxPool",
                    # reference.conf @ jar:file:/app/hello-akka-assembly-1.0.jar!/reference.conf: 122
                    "tail-chopping-group" : "akka.routing.TailChoppingGroup",
                    # reference.conf @ jar:file:/app/hello-akka-assembly-1.0.jar!/reference.conf: 121
                    "tail-chopping-pool" : "akka.routing.TailChoppingPool"
                }
            },
            # reference.conf @ jar:file:/app/hello-akka-assembly-1.0.jar!/reference.conf: 494
            # Class to Serializer binding. You only need to specify the name of an
            # interface or abstract base class of the messages. In case of ambiguity it
            # is using the most specific configured class, or giving a warning and
            # choosing the “first” one.
            # 
            # To disable one of the default serializers, assign its class to "none", like
            # "java.io.Serializable" = none
            "serialization-bindings" : {
                # reference.conf @ jar:file:/app/hello-akka-assembly-1.0.jar!/reference.conf: 505
                "[B" : "bytes",
                # reference.conf @ jar:file:/app/hello-akka-assembly-1.0.jar!/reference.conf: 506
                "java.io.Serializable" : "java"
            },
            # reference.conf @ jar:file:/app/hello-akka-assembly-1.0.jar!/reference.conf: 505
            # Configuration namespace of serialization identifiers.
            # Each serializer implementation must have an entry in the following format:
            # `akka.actor.serialization-identifiers."FQCN" = ID`
            # where `FQCN` is fully qualified class name of the serializer implementation
            # and `ID` is globally unique serializer identifier number.
            # Identifier values from 0 to 16 are reserved for Akka internal usage.
            "serialization-identifiers" : {
                # reference.conf @ jar:file:/app/hello-akka-assembly-1.0.jar!/reference.conf: 517
                "akka.serialization.ByteArraySerializer" : 4,
                # reference.conf @ jar:file:/app/hello-akka-assembly-1.0.jar!/reference.conf: 516
                "akka.serialization.JavaSerializer" : 1
            },
            # reference.conf @ jar:file:/app/hello-akka-assembly-1.0.jar!/reference.conf: 96
            # Serializes and deserializes creators (in Props) to ensure that they can be
            # sent over the network, this is only intended for testing. Purely local deployments
            # as marked with deploy.scope == LocalScope are exempt from verification.
            "serialize-creators" : "off",
            # reference.conf @ jar:file:/app/hello-akka-assembly-1.0.jar!/reference.conf: 91
            # Serializes and deserializes (non-primitive) messages to ensure immutability,
            # this is only intended for testing.
            "serialize-messages" : "off",
            # reference.conf @ jar:file:/app/hello-akka-assembly-1.0.jar!/reference.conf: 482
            # Entries for pluggable serializers and their bindings.
            "serializers" : {
                # reference.conf @ jar:file:/app/hello-akka-assembly-1.0.jar!/reference.conf: 494
                "bytes" : "akka.serialization.ByteArraySerializer",
                # reference.conf @ jar:file:/app/hello-akka-assembly-1.0.jar!/reference.conf: 493
                "java" : "akka.serialization.JavaSerializer"
            },
            # reference.conf @ jar:file:/app/hello-akka-assembly-1.0.jar!/reference.conf: 103
            "typed" : {
                # reference.conf @ jar:file:/app/hello-akka-assembly-1.0.jar!/reference.conf: 105
                # Default timeout for typed actor methods with non-void return type
                "timeout" : "5s"
            },
            # reference.conf @ jar:file:/app/hello-akka-assembly-1.0.jar!/reference.conf: 101
            # Timeout for send operations to top-level actors which are in the process
            # of being started. This is only relevant if using a bounded mailbox or the
            # CallingThreadDispatcher for a top-level actor.
            "unstarted-push-timeout" : "10s"
        },
        # reference.conf @ jar:file:/app/hello-akka-assembly-1.0.jar!/reference.conf: 65
        # Toggles whether threads created by this ActorSystem should be daemons or not
        "daemonic" : "off",
        # reference.conf @ jar:file:/app/hello-akka-assembly-1.0.jar!/reference.conf: 62
        # List FQCN of extensions which shall be loaded at actor system startup.
        # Should be on the format: 'extensions = ["foo", "bar"]' etc.
        # See the Akka Documentation for more info about Extensions
        "extensions" : [],
        # reference.conf @ jar:file:/app/hello-akka-assembly-1.0.jar!/reference.conf: 13
        # Home directory of Akka, modules in the deploy directory will be loaded
        "home" : "",
        # reference.conf @ jar:file:/app/hello-akka-assembly-1.0.jar!/reference.conf: 560
        "io" : {
            # reference.conf @ jar:file:/app/hello-akka-assembly-1.0.jar!/reference.conf: 780
            "dns" : {
                # reference.conf @ jar:file:/app/hello-akka-assembly-1.0.jar!/reference.conf: 794
                # Fully qualified config path which holds the dispatcher configuration
                # for the manager and resolver router actors.
                # For actual router configuration see akka.actor.deployment./IO-DNS/*
                "dispatcher" : "akka.actor.default-dispatcher",
                # reference.conf @ jar:file:/app/hello-akka-assembly-1.0.jar!/reference.conf: 789
                "inet-address" : {
                    # reference.conf @ jar:file:/app/hello-akka-assembly-1.0.jar!/reference.conf: 809
                    # How often to sweep out expired cache entries.
                    # Note that this interval has nothing to do with TTLs
                    "cache-cleanup-interval" : "120s",
                    # reference.conf @ jar:file:/app/hello-akka-assembly-1.0.jar!/reference.conf: 805
                    "negative-ttl" : "10s",
                    # reference.conf @ jar:file:/app/hello-akka-assembly-1.0.jar!/reference.conf: 804
                    # These TTLs are set to default java 6 values
                    "positive-ttl" : "30s",
                    # reference.conf @ jar:file:/app/hello-akka-assembly-1.0.jar!/reference.conf: 801
                    # Must implement akka.io.DnsProvider
                    "provider-object" : "akka.io.InetAddressDnsProvider"
                },
                # reference.conf @ jar:file:/app/hello-akka-assembly-1.0.jar!/reference.conf: 797
                # Name of the subconfig at path akka.io.dns, see inet-address below
                "resolver" : "inet-address"
            },
            # reference.conf @ jar:file:/app/hello-akka-assembly-1.0.jar!/reference.conf: 564
            # By default the select loops run on dedicated threads, hence using a
            # PinnedDispatcher
            "pinned-dispatcher" : {
                # reference.conf @ jar:file:/app/hello-akka-assembly-1.0.jar!/reference.conf: 576
                "executor" : "thread-pool-executor",
                # reference.conf @ jar:file:/app/hello-akka-assembly-1.0.jar!/reference.conf: 577
                "thread-pool-executor" : {
                    # reference.conf @ jar:file:/app/hello-akka-assembly-1.0.jar!/reference.conf: 577
                    "allow-core-timeout" : "off"
                },
                # reference.conf @ jar:file:/app/hello-akka-assembly-1.0.jar!/reference.conf: 575
                "type" : "PinnedDispatcher"
            },
            # reference.conf @ jar:file:/app/hello-akka-assembly-1.0.jar!/reference.conf: 570
            "tcp" : {
                # reference.conf @ jar:file:/app/hello-akka-assembly-1.0.jar!/reference.conf: 602
                # The maximum number of connection that are accepted in one go,
                # higher numbers decrease latency, lower numbers increase fairness on
                # the worker-dispatcher
                "batch-accept-limit" : 10,
                # reference.conf @ jar:file:/app/hello-akka-assembly-1.0.jar!/reference.conf: 610
                # The maximal number of direct buffers kept in the direct buffer pool for
                # reuse.
                "direct-buffer-pool-limit" : 1000,
                # reference.conf @ jar:file:/app/hello-akka-assembly-1.0.jar!/reference.conf: 606
                # The number of bytes per direct buffer in the pool used to read or write
                # network data from the kernel.
                "direct-buffer-size" : "128 KiB",
                # reference.conf @ jar:file:/app/hello-akka-assembly-1.0.jar!/reference.conf: 643
                # Fully qualified config path which holds the dispatcher configuration
                # on which file IO tasks are scheduled
                "file-io-dispatcher" : "akka.actor.default-dispatcher",
                # reference.conf @ jar:file:/app/hello-akka-assembly-1.0.jar!/reference.conf: 651
                # The maximum number of bytes (or "unlimited") to transfer in one batch
                # when using `WriteFile` command which uses `FileChannel.transferTo` to
                # pipe files to a TCP socket. On some OS like Linux `FileChannel.transferTo`
                # may block for a long time when network IO is faster than file IO.
                # Decreasing the value may improve fairness while increasing may improve
                # throughput.
                "file-io-transferTo-limit" : "512 KiB",
                # reference.conf @ jar:file:/app/hello-akka-assembly-1.0.jar!/reference.conf: 656
                # The number of times to retry the `finishConnect` call after being notified about
                # OP_CONNECT. Retries are needed if the OP_CONNECT notification doesn't imply that
                # `finishConnect` will succeed, which is the case on Android.
                "finish-connect-retries" : 5,
                # reference.conf @ jar:file:/app/hello-akka-assembly-1.0.jar!/reference.conf: 639
                # Fully qualified config path which holds the dispatcher configuration
                # for the selector management actors
                "management-dispatcher" : "akka.actor.default-dispatcher",
                # reference.conf @ jar:file:/app/hello-akka-assembly-1.0.jar!/reference.conf: 592
                # Maximum number of open channels supported by this TCP module; there is
                # no intrinsic general limit, this setting is meant to enable DoS
                # protection by limiting the number of concurrently connected clients.
                # Also note that this is a "soft" limit; in certain cases the implementation
                # will accept a few connections more or a few less than the number configured
                # here. Must be an integer > 0 or "unlimited".
                "max-channels" : 256000,
                # reference.conf @ jar:file:/app/hello-akka-assembly-1.0.jar!/reference.conf: 622
                # The maximum number of bytes delivered by a `Received` message. Before
                # more data is read from the network the connection actor will try to
                # do other work.
                # The purpose of this setting is to impose a smaller limit than the 
                # configured receive buffer size. When using value 'unlimited' it will
                # try to read all from the receive buffer.
                "max-received-message-size" : "unlimited",
                # reference.conf @ jar:file:/app/hello-akka-assembly-1.0.jar!/reference.conf: 584
                # The number of selectors to stripe the served channels over; each of
                # these will use one select loop on the selector-dispatcher.
                "nr-of-selectors" : 1,
                # reference.conf @ jar:file:/app/hello-akka-assembly-1.0.jar!/reference.conf: 614
                # The duration a connection actor waits for a `Register` message from
                # its commander before aborting the connection.
                "register-timeout" : "5s",
                # reference.conf @ jar:file:/app/hello-akka-assembly-1.0.jar!/reference.conf: 597
                # When trying to assign a new connection to a selector and the chosen
                # selector is at full capacity, retry selector choosing and assignment
                # this many times before giving up
                "selector-association-retries" : 10,
                # reference.conf @ jar:file:/app/hello-akka-assembly-1.0.jar!/reference.conf: 631
                # Fully qualified config path which holds the dispatcher configuration
                # to be used for running the select() calls in the selectors
                "selector-dispatcher" : "akka.io.pinned-dispatcher",
                # reference.conf @ jar:file:/app/hello-akka-assembly-1.0.jar!/reference.conf: 627
                # Enable fine grained logging of what goes on inside the implementation.
                # Be aware that this may log more than once per message sent to the actors
                # of the tcp implementation.
                "trace-logging" : "off",
                # reference.conf @ jar:file:/app/hello-akka-assembly-1.0.jar!/reference.conf: 665
                # On Windows connection aborts are not reliably detected unless an OP_READ is
                # registered on the selector _after_ the connection has been reset. This
                # workaround enables an OP_CONNECT which forces the abort to be visible on Windows.
                # Enabling this setting on other platforms than Windows will cause various failures
                # and undefined behavior.
                # Possible values of this key are on, off and auto where auto will enable the
                # workaround if Windows is detected automatically.
                "windows-connection-abort-workaround-enabled" : "off",
                # reference.conf @ jar:file:/app/hello-akka-assembly-1.0.jar!/reference.conf: 635
                # Fully qualified config path which holds the dispatcher configuration
                # for the read/write worker actors
                "worker-dispatcher" : "akka.actor.default-dispatcher"
            },
            # reference.conf @ jar:file:/app/hello-akka-assembly-1.0.jar!/reference.conf: 658
            "udp" : {
                # reference.conf @ jar:file:/app/hello-akka-assembly-1.0.jar!/reference.conf: 704
                # The maximal number of direct buffers kept in the direct buffer pool for
                # reuse.
                "direct-buffer-pool-limit" : 1000,
                # reference.conf @ jar:file:/app/hello-akka-assembly-1.0.jar!/reference.conf: 700
                # The number of bytes per direct buffer in the pool used to read or write
                # network data from the kernel.
                "direct-buffer-size" : "128 KiB",
                # reference.conf @ jar:file:/app/hello-akka-assembly-1.0.jar!/reference.conf: 726
                # Fully qualified config path which holds the dispatcher configuration
                # for the selector management actors
                "management-dispatcher" : "akka.actor.default-dispatcher",
                # reference.conf @ jar:file:/app/hello-akka-assembly-1.0.jar!/reference.conf: 677
                # Maximum number of open channels supported by this UDP module Generally
                # UDP does not require a large number of channels, therefore it is
                # recommended to keep this setting low.
                "max-channels" : 4096,
                # reference.conf @ jar:file:/app/hello-akka-assembly-1.0.jar!/reference.conf: 672
                # The number of selectors to stripe the served channels over; each of
                # these will use one select loop on the selector-dispatcher.
                "nr-of-selectors" : 1,
                # reference.conf @ jar:file:/app/hello-akka-assembly-1.0.jar!/reference.conf: 696
                # The maximum number of datagrams that are read in one go,
                # higher numbers decrease latency, lower numbers increase fairness on
                # the worker-dispatcher
                "receive-throughput" : 3,
                # reference.conf @ jar:file:/app/hello-akka-assembly-1.0.jar!/reference.conf: 709
                # The maximum number of bytes delivered by a `Received` message. Before
                # more data is read from the network the connection actor will try to
                # do other work.
                "received-message-size-limit" : "unlimited",
                # reference.conf @ jar:file:/app/hello-akka-assembly-1.0.jar!/reference.conf: 686
                # The select loop can be used in two modes:
                # - setting "infinite" will select without a timeout, hogging a thread
                # - setting a positive timeout will do a bounded select call,
                #   enabling sharing of a single thread between multiple selectors
                #   (in this case you will have to use a different configuration for the
                #   selector-dispatcher, e.g. using "type=Dispatcher" with size 1)
                # - setting it to zero means polling, i.e. calling selectNow()
                "select-timeout" : "infinite",
                # reference.conf @ jar:file:/app/hello-akka-assembly-1.0.jar!/reference.conf: 691
                # When trying to assign a new connection to a selector and the chosen
                # selector is at full capacity, retry selector choosing and assignment
                # this many times before giving up
                "selector-association-retries" : 10,
                # reference.conf @ jar:file:/app/hello-akka-assembly-1.0.jar!/reference.conf: 718
                # Fully qualified config path which holds the dispatcher configuration
                # to be used for running the select() calls in the selectors
                "selector-dispatcher" : "akka.io.pinned-dispatcher",
                # reference.conf @ jar:file:/app/hello-akka-assembly-1.0.jar!/reference.conf: 714
                # Enable fine grained logging of what goes on inside the implementation.
                # Be aware that this may log more than once per message sent to the actors
                # of the tcp implementation.
                "trace-logging" : "off",
                # reference.conf @ jar:file:/app/hello-akka-assembly-1.0.jar!/reference.conf: 722
                # Fully qualified config path which holds the dispatcher configuration
                # for the read/write worker actors
                "worker-dispatcher" : "akka.actor.default-dispatcher"
            },
            # reference.conf @ jar:file:/app/hello-akka-assembly-1.0.jar!/reference.conf: 719
            "udp-connected" : {
                # reference.conf @ jar:file:/app/hello-akka-assembly-1.0.jar!/reference.conf: 765
                # The maximal number of direct buffers kept in the direct buffer pool for
                # reuse.
                "direct-buffer-pool-limit" : 1000,
                # reference.conf @ jar:file:/app/hello-akka-assembly-1.0.jar!/reference.conf: 761
                # The number of bytes per direct buffer in the pool used to read or write
                # network data from the kernel.
                "direct-buffer-size" : "128 KiB",
                # reference.conf @ jar:file:/app/hello-akka-assembly-1.0.jar!/reference.conf: 787
                # Fully qualified config path which holds the dispatcher configuration
                # for the selector management actors
                "management-dispatcher" : "akka.actor.default-dispatcher",
                # reference.conf @ jar:file:/app/hello-akka-assembly-1.0.jar!/reference.conf: 738
                # Maximum number of open channels supported by this UDP module Generally
                # UDP does not require a large number of channels, therefore it is
                # recommended to keep this setting low.
                "max-channels" : 4096,
                # reference.conf @ jar:file:/app/hello-akka-assembly-1.0.jar!/reference.conf: 733
                # The number of selectors to stripe the served channels over; each of
                # these will use one select loop on the selector-dispatcher.
                "nr-of-selectors" : 1,
                # reference.conf @ jar:file:/app/hello-akka-assembly-1.0.jar!/reference.conf: 757
                # The maximum number of datagrams that are read in one go,
                # higher numbers decrease latency, lower numbers increase fairness on
                # the worker-dispatcher
                "receive-throughput" : 3,
                # reference.conf @ jar:file:/app/hello-akka-assembly-1.0.jar!/reference.conf: 770
                # The maximum number of bytes delivered by a `Received` message. Before
                # more data is read from the network the connection actor will try to
                # do other work.
                "received-message-size-limit" : "unlimited",
                # reference.conf @ jar:file:/app/hello-akka-assembly-1.0.jar!/reference.conf: 747
                # The select loop can be used in two modes:
                # - setting "infinite" will select without a timeout, hogging a thread
                # - setting a positive timeout will do a bounded select call,
                #   enabling sharing of a single thread between multiple selectors
                #   (in this case you will have to use a different configuration for the
                #   selector-dispatcher, e.g. using "type=Dispatcher" with size 1)
                # - setting it to zero means polling, i.e. calling selectNow()
                "select-timeout" : "infinite",
                # reference.conf @ jar:file:/app/hello-akka-assembly-1.0.jar!/reference.conf: 752
                # When trying to assign a new connection to a selector and the chosen
                # selector is at full capacity, retry selector choosing and assignment
                # this many times before giving up
                "selector-association-retries" : 10,
                # reference.conf @ jar:file:/app/hello-akka-assembly-1.0.jar!/reference.conf: 779
                # Fully qualified config path which holds the dispatcher configuration
                # to be used for running the select() calls in the selectors
                "selector-dispatcher" : "akka.io.pinned-dispatcher",
                # reference.conf @ jar:file:/app/hello-akka-assembly-1.0.jar!/reference.conf: 775
                # Enable fine grained logging of what goes on inside the implementation.
                # Be aware that this may log more than once per message sent to the actors
                # of the tcp implementation.
                "trace-logging" : "off",
                # reference.conf @ jar:file:/app/hello-akka-assembly-1.0.jar!/reference.conf: 783
                # Fully qualified config path which holds the dispatcher configuration
                # for the read/write worker actors
                "worker-dispatcher" : "akka.actor.default-dispatcher"
            }
        },
        # reference.conf @ jar:file:/app/hello-akka-assembly-1.0.jar!/reference.conf: 69
        # JVM shutdown, System.exit(-1), in case of a fatal error,
        # such as OutOfMemoryError
        "jvm-exit-on-fatal-error" : "on",
        # application.conf @ jar:file:/app/hello-akka-assembly-1.0.jar!/application.conf: 2
        "log-config-on-start" : "on",
        # reference.conf @ jar:file:/app/hello-akka-assembly-1.0.jar!/reference.conf: 52
        # Log at info level when messages are sent to dead letters.
        # Possible values:
        # on: all dead letters are logged
        # off: no logging of dead letters
        # n: positive integer, number of dead letters that will be logged
        "log-dead-letters" : 10,
        # reference.conf @ jar:file:/app/hello-akka-assembly-1.0.jar!/reference.conf: 57
        # Possibility to turn off logging of dead letters while the actor system
        # is shutting down. Logging is only done when enabled by 'log-dead-letters'
        # setting.
        "log-dead-letters-during-shutdown" : "on",
        # reference.conf @ jar:file:/app/hello-akka-assembly-1.0.jar!/reference.conf: 31
        # Loggers are created and registered synchronously during ActorSystem
        # start-up, and since they are actors, this timeout is used to bound the
        # waiting time
        "logger-startup-timeout" : "5s",
        # application.conf @ jar:file:/app/hello-akka-assembly-1.0.jar!/application.conf: 4
        "loggers" : [
            # application.conf @ jar:file:/app/hello-akka-assembly-1.0.jar!/application.conf: 4
            "akka.event.slf4j.Slf4jLogger"
        ],
        # application.conf @ jar:file:/app/hello-akka-assembly-1.0.jar!/application.conf: 9
        "logging-filter" : "akka.event.slf4j.Slf4jLoggingFilter",
        # application.conf @ jar:file:/app/hello-akka-assembly-1.0.jar!/application.conf: 7
        # Options: ERROR, WARNING, INFO, DEBUG
        "loglevel" : "DEBUG",
        # reference.conf @ jar:file:/app/hello-akka-assembly-1.0.jar!/reference.conf: 525
        # Used to set the behavior of the scheduler.
        # Changing the default values may change the system behavior drastically so make
        # sure you know what you're doing! See the Scheduler section of the Akka
        # Documentation for more details.
        "scheduler" : {
            # reference.conf @ jar:file:/app/hello-akka-assembly-1.0.jar!/reference.conf: 561
            # This setting selects the timer implementation which shall be loaded at
            # system start-up.
            # The class given here must implement the akka.actor.Scheduler interface
            # and offer a public constructor which takes three arguments:
            #  1) com.typesafe.config.Config
            #  2) akka.event.LoggingAdapter
            #  3) java.util.concurrent.ThreadFactory
            "implementation" : "akka.actor.LightArrayRevolverScheduler",
            # reference.conf @ jar:file:/app/hello-akka-assembly-1.0.jar!/reference.conf: 567
            # When shutting down the scheduler, there will typically be a thread which
            # needs to be stopped, and this timeout determines how long to wait for
            # that to happen. In case of timeout the shutdown of the actor system will
            # proceed without running possibly still enqueued tasks.
            "shutdown-timeout" : "5s",
            # reference.conf @ jar:file:/app/hello-akka-assembly-1.0.jar!/reference.conf: 545
            # The LightArrayRevolverScheduler is used as the default scheduler in the
            # system. It does not execute the scheduled tasks on exact time, but on every
            # tick, it will run everything that is (over)due. You can increase or decrease
            # the accuracy of the execution timing by specifying smaller or larger tick
            # duration. If you are scheduling a lot of tasks you should consider increasing
            # the ticks per wheel.
            # Note that it might take up to 1 tick to stop the Timer, so setting the
            # tick-duration to a high value will make shutting down the actor system
            # take longer.
            "tick-duration" : "10ms",
            # reference.conf @ jar:file:/app/hello-akka-assembly-1.0.jar!/reference.conf: 552
            # The timer uses a circular wheel of buckets to store the timer tasks.
            # This should be set such that the majority of scheduled timeouts (for high
            # scheduling frequency) will be shorter than one rotation of the wheel
            # (ticks-per-wheel * ticks-duration)
            # THIS MUST BE A POWER OF TWO!
            "ticks-per-wheel" : 512
        },
        # reference.conf @ jar:file:/app/hello-akka-assembly-1.0.jar!/reference.conf: 41
        # Log level for the very basic logger activated during ActorSystem startup.
        # This logger prints the log messages to stdout (System.out).
        # Options: OFF, ERROR, WARNING, INFO, DEBUG
        "stdout-loglevel" : "WARNING",
        # reference.conf @ jar:file:/app/hello-akka-assembly-1.0.jar!/reference.conf: 10
        # Akka version, checked against the runtime version of Akka.
        "version" : "2.4.0"
    },
    # system properties
    "awt" : {
        # system properties
        "toolkit" : "sun.awt.X11.XToolkit"
    },
    # system properties
    "file" : {
        # system properties
        "encoding" : {
            # system properties
            "pkg" : "sun.io"
        },
        # system properties
        "separator" : "/"
    },
    # system properties
    "java" : {
        # system properties
        "awt" : {
            # system properties
            "graphicsenv" : "sun.awt.X11GraphicsEnvironment",
            # system properties
            "printerjob" : "sun.print.PSPrinterJob"
        },
        # system properties
        "class" : {
            # system properties
            "path" : "/app/hello-akka-assembly-1.0.jar",
            # system properties
            "version" : "52.0"
        },
        # system properties
        "endorsed" : {
            # system properties
            "dirs" : "/usr/lib/jvm/java-8-openjdk-amd64/jre/lib/endorsed"
        },
        # system properties
        "ext" : {
            # system properties
            "dirs" : "/usr/lib/jvm/java-8-openjdk-amd64/jre/lib/ext:/usr/java/packages/lib/ext"
        },
        # system properties
        "home" : "/usr/lib/jvm/java-8-openjdk-amd64/jre",
        # system properties
        "io" : {
            # system properties
            "tmpdir" : "/tmp"
        },
        # system properties
        "library" : {
            # system properties
            "path" : "/usr/java/packages/lib/amd64:/usr/lib/x86_64-linux-gnu/jni:/lib/x86_64-linux-gnu:/usr/lib/x86_64-linux-gnu:/usr/lib/jni:/lib:/usr/lib"
        },
        # system properties
        "runtime" : {
            # system properties
            "name" : "OpenJDK Runtime Environment",
            # system properties
            "version" : "1.8.0_66-internal-b17"
        },
        # system properties
        "specification" : {
            # system properties
            "name" : "Java Platform API Specification",
            # system properties
            "vendor" : "Oracle Corporation",
            # system properties
            "version" : "1.8"
        },
        # system properties
        "vendor" : {
            # system properties
            "url" : {
                # system properties
                "bug" : "http://bugreport.sun.com/bugreport/"
            }
        },
        # system properties
        "version" : "1.8.0_66-internal",
        # system properties
        "vm" : {
            # system properties
            "info" : "mixed mode",
            # system properties
            "name" : "OpenJDK 64-Bit Server VM",
            # system properties
            "specification" : {
                # system properties
                "name" : "Java Virtual Machine Specification",
                # system properties
                "vendor" : "Oracle Corporation",
                # system properties
                "version" : "1.8"
            },
            # system properties
            "vendor" : "Oracle Corporation",
            # system properties
            "version" : "25.66-b17"
        }
    },
    # system properties
    "line" : {
        # system properties
        "separator" : "\n"
    },
    # system properties
    "os" : {
        # system properties
        "arch" : "amd64",
        # system properties
        "name" : "Linux",
        # system properties
        "version" : "4.1.12-boot2docker"
    },
    # system properties
    "path" : {
        # system properties
        "separator" : ":"
    },
    # system properties
    "sun" : {
        # system properties
        "arch" : {
            # system properties
            "data" : {
                # system properties
                "model" : "64"
            }
        },
        # system properties
        "boot" : {
            # system properties
            "class" : {
                # system properties
                "path" : "/usr/lib/jvm/java-8-openjdk-amd64/jre/lib/resources.jar:/usr/lib/jvm/java-8-openjdk-amd64/jre/lib/rt.jar:/usr/lib/jvm/java-8-openjdk-amd64/jre/lib/sunrsasign.jar:/usr/lib/jvm/java-8-openjdk-amd64/jre/lib/jsse.jar:/usr/lib/jvm/java-8-openjdk-amd64/jre/lib/jce.jar:/usr/lib/jvm/java-8-openjdk-amd64/jre/lib/charsets.jar:/usr/lib/jvm/java-8-openjdk-amd64/jre/lib/jfr.jar:/usr/lib/jvm/java-8-openjdk-amd64/jre/classes"
            },
            # system properties
            "library" : {
                # system properties
                "path" : "/usr/lib/jvm/java-8-openjdk-amd64/jre/lib/amd64"
            }
        },
        # system properties
        "cpu" : {
            # system properties
            "endian" : "little",
            # system properties
            "isalist" : ""
        },
        # system properties
        "io" : {
            # system properties
            "unicode" : {
                # system properties
                "encoding" : "UnicodeLittle"
            }
        },
        # system properties
        "java" : {
            # system properties
            "command" : "/app/hello-akka-assembly-1.0.jar",
            # system properties
            "launcher" : "SUN_STANDARD"
        },
        # system properties
        "jnu" : {
            # system properties
            "encoding" : "UTF-8"
        },
        # system properties
        "management" : {
            # system properties
            "compiler" : "HotSpot 64-Bit Tiered Compilers"
        },
        # system properties
        "os" : {
            # system properties
            "patch" : {
                # system properties
                "level" : "unknown"
            }
        }
    },
    # system properties
    "user" : {
        # system properties
        "dir" : "/",
        # system properties
        "home" : "/root",
        # system properties
        "language" : "en",
        # system properties
        "name" : "root",
        # system properties
        "timezone" : ""
    }
}

2015-11-03 22:30:17,026 INFO  nl.rdj.Greeter  - Hello
2015-11-03 22:30:17,057 INFO  nl.rdj.Greeter  - Hello
2015-11-03 22:30:17,065 INFO  nl.rdj.HelloAkkaScala$  - Greeting: hello, akka
2015-11-03 22:30:17,066 INFO  nl.rdj.Greeter  - Hello
2015-11-03 22:30:17,066 INFO  nl.rdj.HelloAkkaScala$  - Greeting: hello, typesafe
2015-11-03 22:30:17,071 INFO  nl.rdj.Greeter  - Hello
2015-11-03 22:30:17,071 INFO  nl.rdj.GreetPrinter  - hello, typesafe
2015-11-03 22:30:18,077 INFO  nl.rdj.Greeter  - Hello
2015-11-03 22:30:18,078 INFO  nl.rdj.GreetPrinter  - hello, typesafe
2015-11-03 22:30:19,088 INFO  nl.rdj.Greeter  - Hello
2015-11-03 22:30:19,089 INFO  nl.rdj.GreetPrinter  - hello, typesafe
2015-11-03 22:30:20,088 INFO  nl.rdj.Greeter  - Hello
2015-11-03 22:30:20,088 INFO  nl.rdj.GreetPrinter  - hello, typesafe
2015-11-03 22:30:21,088 INFO  nl.rdj.Greeter  - Hello
2015-11-03 22:30:21,088 INFO  nl.rdj.GreetPrinter  - hello, typesafe
2015-11-03 22:30:22,088 INFO  nl.rdj.Greeter  - Hello
2015-11-03 22:30:22,088 INFO  nl.rdj.GreetPrinter  - hello, typesafe
2015-11-03 22:30:23,088 INFO  nl.rdj.Greeter  - Hello
2015-11-03 22:30:23,088 INFO  nl.rdj.GreetPrinter  - hello, typesafe
2015-11-03 22:30:24,088 INFO  nl.rdj.Greeter  - Hello
2015-11-03 22:30:24,088 INFO  nl.rdj.GreetPrinter  - hello, typesafe
2015-11-03 22:30:25,087 INFO  nl.rdj.Greeter  - Hello
2015-11-03 22:30:25,088 INFO  nl.rdj.GreetPrinter  - hello, typesafe
2015-11-03 22:30:26,089 INFO  nl.rdj.Greeter  - Hello
2015-11-03 22:30:26,089 INFO  nl.rdj.GreetPrinter  - hello, typesafe
2015-11-03 22:30:27,079 INFO  nl.rdj.Greeter  - Hello
2015-11-03 22:30:27,079 INFO  nl.rdj.GreetPrinter  - hello, typesafe
2015-11-03 22:30:28,078 INFO  nl.rdj.Greeter  - Hello
2015-11-03 22:30:28,078 INFO  nl.rdj.GreetPrinter  - hello, typesafe
2015-11-03 22:30:29,078 INFO  nl.rdj.Greeter  - Hello
2015-11-03 22:30:29,079 INFO  nl.rdj.GreetPrinter  - hello, typesafe
2015-11-03 22:30:30,077 INFO  nl.rdj.Greeter  - Hello
2015-11-03 22:30:30,078 INFO  nl.rdj.GreetPrinter  - hello, typesafe
2015-11-03 22:30:31,078 INFO  nl.rdj.Greeter  - Hello
2015-11-03 22:30:31,079 INFO  nl.rdj.GreetPrinter  - hello, typesafe
2015-11-03 22:30:32,078 INFO  nl.rdj.Greeter  - Hello
2015-11-03 22:30:32,079 INFO  nl.rdj.GreetPrinter  - hello, typesafe
2015-11-03 22:30:33,078 INFO  nl.rdj.Greeter  - Hello
2015-11-03 22:30:33,078 INFO  nl.rdj.GreetPrinter  - hello, typesafe
2015-11-03 22:30:34,088 INFO  nl.rdj.Greeter  - Hello
2015-11-03 22:30:34,089 INFO  nl.rdj.GreetPrinter  - hello, typesafe
2015-11-03 22:30:35,080 INFO  nl.rdj.Greeter  - Hello
2015-11-03 22:30:35,080 INFO  nl.rdj.GreetPrinter  - hello, typesafe
2015-11-03 22:30:36,070 INFO  nl.rdj.Greeter  - Hello
2015-11-03 22:30:36,071 INFO  nl.rdj.GreetPrinter  - hello, typesafe
2015-11-03 22:30:37,069 INFO  nl.rdj.Greeter  - Hello
2015-11-03 22:30:37,070 INFO  nl.rdj.GreetPrinter  - hello, typesafe
2015-11-03 22:30:38,068 INFO  nl.rdj.Greeter  - Hello
2015-11-03 22:30:38,069 INFO  nl.rdj.GreetPrinter  - hello, typesafe
2015-11-03 22:30:39,088 INFO  nl.rdj.Greeter  - Hello
2015-11-03 22:30:39,088 INFO  nl.rdj.GreetPrinter  - hello, typesafe
2015-11-03 22:30:40,087 INFO  nl.rdj.Greeter  - Hello
2015-11-03 22:30:40,088 INFO  nl.rdj.GreetPrinter  - hello, typesafe
2015-11-03 22:30:41,088 INFO  nl.rdj.Greeter  - Hello
2015-11-03 22:30:41,089 INFO  nl.rdj.GreetPrinter  - hello, typesafe
2015-11-03 22:30:42,080 INFO  nl.rdj.Greeter  - Hello
2015-11-03 22:30:42,080 INFO  nl.rdj.GreetPrinter  - hello, typesafe
2015-11-03 22:30:43,067 INFO  nl.rdj.Greeter  - Hello
2015-11-03 22:30:43,067 INFO  nl.rdj.GreetPrinter  - hello, typesafe
2015-11-03 22:30:44,083 INFO  nl.rdj.Greeter  - Hello
2015-11-03 22:30:44,084 INFO  nl.rdj.GreetPrinter  - hello, typesafe
2015-11-03 22:30:45,068 INFO  nl.rdj.Greeter  - Hello
2015-11-03 22:30:45,069 INFO  nl.rdj.GreetPrinter  - hello, typesafe
2015-11-03 22:30:46,090 INFO  nl.rdj.Greeter  - Hello
2015-11-03 22:30:46,091 INFO  nl.rdj.GreetPrinter  - hello, typesafe
2015-11-03 22:30:47,068 INFO  nl.rdj.Greeter  - Hello
2015-11-03 22:30:47,069 INFO  nl.rdj.GreetPrinter  - hello, typesafe
2015-11-03 22:30:50,028 INFO  akka.event.slf4j.Slf4jLogger  - Slf4jLogger started
2015-11-03 22:30:50,058 INFO  nl.rdj.Greeter  - Hello
2015-11-03 22:30:50,055 DEBUG akka.event.EventStream main - logger log1-Slf4jLogger started
2015-11-03 22:30:50,064 DEBUG akka.event.EventStream main - Default Loggers started
2015-11-03 22:30:50,071 INFO  akka.actor.ActorSystemImpl main - {
    # merge of application.conf @ jar:file:/app/hello-akka-assembly-1.0.jar!/application.conf: 1,reference.conf @ jar:file:/app/hello-akka-assembly-1.0.jar!/reference.conf: 8
    "akka" : {
        # reference.conf @ jar:file:/app/hello-akka-assembly-1.0.jar!/reference.conf: 71
        "actor" : {
            # reference.conf @ jar:file:/app/hello-akka-assembly-1.0.jar!/reference.conf: 83
            # Timeout for ActorSystem.actorOf
            "creation-timeout" : "20s",
            # reference.conf @ jar:file:/app/hello-akka-assembly-1.0.jar!/reference.conf: 456
            "debug" : {
                # reference.conf @ jar:file:/app/hello-akka-assembly-1.0.jar!/reference.conf: 473
                # enable DEBUG logging of all AutoReceiveMessages (Kill, PoisonPill et.c.)
                "autoreceive" : "off",
                # reference.conf @ jar:file:/app/hello-akka-assembly-1.0.jar!/reference.conf: 482
                # enable DEBUG logging of subscription changes on the eventStream
                "event-stream" : "off",
                # reference.conf @ jar:file:/app/hello-akka-assembly-1.0.jar!/reference.conf: 479
                # enable DEBUG logging of all LoggingFSMs for events, transitions and timers
                "fsm" : "off",
                # reference.conf @ jar:file:/app/hello-akka-assembly-1.0.jar!/reference.conf: 476
                # enable DEBUG logging of actor lifecycle changes
                "lifecycle" : "off",
                # reference.conf @ jar:file:/app/hello-akka-assembly-1.0.jar!/reference.conf: 470
                # enable function of Actor.loggable(), which is to log any received message
                # at DEBUG level, see the “Testing Actor Systems” section of the Akka
                # Documentation at http://akka.io/docs
                "receive" : "off",
                # reference.conf @ jar:file:/app/hello-akka-assembly-1.0.jar!/reference.conf: 488
                # enable WARN logging of misconfigured routers
                "router-misconfiguration" : "off",
                # reference.conf @ jar:file:/app/hello-akka-assembly-1.0.jar!/reference.conf: 485
                # enable DEBUG logging of unhandled messages
                "unhandled" : "off"
            },
            # reference.conf @ jar:file:/app/hello-akka-assembly-1.0.jar!/reference.conf: 253
            "default-dispatcher" : {
                # reference.conf @ jar:file:/app/hello-akka-assembly-1.0.jar!/reference.conf: 353
                # For BalancingDispatcher: If the balancing dispatcher should attempt to
                # schedule idle actors using the same dispatcher when a message comes in,
                # and the dispatchers ExecutorService is not fully busy already.
                "attempt-teamwork" : "on",
                # reference.conf @ jar:file:/app/hello-akka-assembly-1.0.jar!/reference.conf: 278
                # This will be used if you have set "executor = "default-executor"".
                # If an ActorSystem is created with a given ExecutionContext, this
                # ExecutionContext will be used as the default executor for all
                # dispatchers in the ActorSystem configured with
                # executor = "default-executor". Note that "default-executor"
                # is the default value for executor, and therefore used if not
                # specified otherwise. If no ExecutionContext is given,
                # the executor configured in "fallback" will be used.
                "default-executor" : {
                    # reference.conf @ jar:file:/app/hello-akka-assembly-1.0.jar!/reference.conf: 279
                    "fallback" : "fork-join-executor"
                },
                # reference.conf @ jar:file:/app/hello-akka-assembly-1.0.jar!/reference.conf: 268
                # Which kind of ExecutorService to use for this dispatcher
                # Valid options:
                #  - "default-executor" requires a "default-executor" section
                #  - "fork-join-executor" requires a "fork-join-executor" section
                #  - "thread-pool-executor" requires a "thread-pool-executor" section
                #  - A FQCN of a class extending ExecutorServiceConfigurator
                "executor" : "default-executor",
                # reference.conf @ jar:file:/app/hello-akka-assembly-1.0.jar!/reference.conf: 283
                # This will be used if you have set "executor = "fork-join-executor""
                "fork-join-executor" : {
                    # reference.conf @ jar:file:/app/hello-akka-assembly-1.0.jar!/reference.conf: 290
                    # The parallelism factor is used to determine thread pool size using the
                    # following formula: ceil(available processors * factor). Resulting size
                    # is then bounded by the parallelism-min and parallelism-max values.
                    "parallelism-factor" : 3,
                    # reference.conf @ jar:file:/app/hello-akka-assembly-1.0.jar!/reference.conf: 293
                    # Max number of threads to cap factor-based parallelism number to
                    "parallelism-max" : 64,
                    # reference.conf @ jar:file:/app/hello-akka-assembly-1.0.jar!/reference.conf: 285
                    # Min number of threads to cap factor-based parallelism number to
                    "parallelism-min" : 8,
                    # reference.conf @ jar:file:/app/hello-akka-assembly-1.0.jar!/reference.conf: 297
                    # Setting to "FIFO" to use queue like peeking mode which "poll" or "LIFO" to use stack
                    # like peeking mode which "pop".
                    "task-peeking-mode" : "FIFO"
                },
                # reference.conf @ jar:file:/app/hello-akka-assembly-1.0.jar!/reference.conf: 358
                # If this dispatcher requires a specific type of mailbox, specify the
                # fully-qualified class name here; the actually created mailbox will
                # be a subtype of this type. The empty string signifies no requirement.
                "mailbox-requirement" : "",
                # reference.conf @ jar:file:/app/hello-akka-assembly-1.0.jar!/reference.conf: 341
                # How long time the dispatcher will wait for new actors until it shuts down
                "shutdown-timeout" : "1s",
                # reference.conf @ jar:file:/app/hello-akka-assembly-1.0.jar!/reference.conf: 301
                # This will be used if you have set "executor = "thread-pool-executor""
                "thread-pool-executor" : {
                    # reference.conf @ jar:file:/app/hello-akka-assembly-1.0.jar!/reference.conf: 337
                    # Allow core threads to time out
                    "allow-core-timeout" : "on",
                    # reference.conf @ jar:file:/app/hello-akka-assembly-1.0.jar!/reference.conf: 312
                    # The core pool size factor is used to determine thread pool core size
                    # using the following formula: ceil(available processors * factor).
                    # Resulting size is then bounded by the core-pool-size-min and
                    # core-pool-size-max values.
                    "core-pool-size-factor" : 3,
                    # reference.conf @ jar:file:/app/hello-akka-assembly-1.0.jar!/reference.conf: 315
                    # Max number of threads to cap factor-based number to
                    "core-pool-size-max" : 64,
                    # reference.conf @ jar:file:/app/hello-akka-assembly-1.0.jar!/reference.conf: 306
                    # Min number of threads to cap factor-based core number to
                    "core-pool-size-min" : 8,
                    # reference.conf @ jar:file:/app/hello-akka-assembly-1.0.jar!/reference.conf: 303
                    # Keep alive time for threads
                    "keep-alive-time" : "60s",
                    # reference.conf @ jar:file:/app/hello-akka-assembly-1.0.jar!/reference.conf: 323
                    # Max no of threads (if using a bounded task queue) is determined by
                    # calculating: ceil(available processors * factor)
                    "max-pool-size-factor" : 3,
                    # reference.conf @ jar:file:/app/hello-akka-assembly-1.0.jar!/reference.conf: 327
                    # Max number of threads to cap factor-based max number to
                    # (if using a  bounded task queue)
                    "max-pool-size-max" : 64,
                    # reference.conf @ jar:file:/app/hello-akka-assembly-1.0.jar!/reference.conf: 319
                    # Minimum number of threads to cap factor-based max number to
                    # (if using a bounded task queue)
                    "max-pool-size-min" : 8,
                    # reference.conf @ jar:file:/app/hello-akka-assembly-1.0.jar!/reference.conf: 330
                    # Specifies the bounded capacity of the task queue (< 1 == unbounded)
                    "task-queue-size" : -1,
                    # reference.conf @ jar:file:/app/hello-akka-assembly-1.0.jar!/reference.conf: 334
                    # Specifies which type of task queue will be used, can be "array" or
                    # "linked" (default)
                    "task-queue-type" : "linked"
                },
                # reference.conf @ jar:file:/app/hello-akka-assembly-1.0.jar!/reference.conf: 345
                # Throughput defines the number of messages that are processed in a batch
                # before the thread is returned to the pool. Set to 1 for as fair as possible.
                "throughput" : 5,
                # reference.conf @ jar:file:/app/hello-akka-assembly-1.0.jar!/reference.conf: 348
                # Throughput deadline for Dispatcher, set to 0 or negative for no deadline
                "throughput-deadline-time" : "0ms",
                # reference.conf @ jar:file:/app/hello-akka-assembly-1.0.jar!/reference.conf: 260
                # Must be one of the following
                # Dispatcher, PinnedDispatcher, or a FQCN to a class inheriting
                # MessageDispatcherConfigurator with a public constructor with
                # both com.typesafe.config.Config parameter and
                # akka.dispatch.DispatcherPrerequisites parameters.
                # PinnedDispatcher must be used together with executor=thread-pool-executor.
                "type" : "Dispatcher"
            },
            # reference.conf @ jar:file:/app/hello-akka-assembly-1.0.jar!/reference.conf: 361
            "default-mailbox" : {
                # reference.conf @ jar:file:/app/hello-akka-assembly-1.0.jar!/reference.conf: 372
                # If the mailbox is bounded then it uses this setting to determine its
                # capacity. The provided value must be positive.
                # NOTICE:
                # Up to version 2.1 the mailbox type was determined based on this setting;
                # this is no longer the case, the type must explicitly be a bounded mailbox.
                "mailbox-capacity" : 1000,
                # reference.conf @ jar:file:/app/hello-akka-assembly-1.0.jar!/reference.conf: 377
                # If the mailbox is bounded then this is the timeout for enqueueing
                # in case the mailbox is full. Negative values signify infinite
                # timeout, which should be avoided as it bears the risk of dead-lock.
                "mailbox-push-timeout-time" : "10s",
                # reference.conf @ jar:file:/app/hello-akka-assembly-1.0.jar!/reference.conf: 365
                # FQCN of the MailboxType. The Class of the FQCN must have a public
                # constructor with
                # (akka.actor.ActorSystem.Settings, com.typesafe.config.Config) parameters.
                "mailbox-type" : "akka.dispatch.UnboundedMailbox",
                # reference.conf @ jar:file:/app/hello-akka-assembly-1.0.jar!/reference.conf: 383
                # For Actor with Stash: The default capacity of the stash.
                # If negative (or zero) then an unbounded stash is used (default)
                # If positive then a bounded stash is used and the capacity is set using
                # the property
                "stash-capacity" : -1
            },
            # reference.conf @ jar:file:/app/hello-akka-assembly-1.0.jar!/reference.conf: 127
            "deployment" : {
                # reference.conf @ jar:file:/app/hello-akka-assembly-1.0.jar!/reference.conf: 246
                "/IO-DNS/inet-address" : {
                    # reference.conf @ jar:file:/app/hello-akka-assembly-1.0.jar!/reference.conf: 247
                    "mailbox" : "unbounded",
                    # reference.conf @ jar:file:/app/hello-akka-assembly-1.0.jar!/reference.conf: 249
                    "nr-of-instances" : 4,
                    # reference.conf @ jar:file:/app/hello-akka-assembly-1.0.jar!/reference.conf: 248
                    "router" : "consistent-hashing-pool"
                },
                # reference.conf @ jar:file:/app/hello-akka-assembly-1.0.jar!/reference.conf: 130
                # deployment id pattern - on the format: /parent/child etc.
                "default" : {
                    # reference.conf @ jar:file:/app/hello-akka-assembly-1.0.jar!/reference.conf: 136
                    # The id of the dispatcher to use for this actor.
                    # If undefined or empty the dispatcher specified in code
                    # (Props.withDispatcher) is used, or default-dispatcher if not
                    # specified at all.
                    "dispatcher" : "",
                    # reference.conf @ jar:file:/app/hello-akka-assembly-1.0.jar!/reference.conf: 144
                    # The id of the mailbox to use for this actor.
                    # If undefined or empty the default mailbox of the configured dispatcher
                    # is used or if there is no mailbox configuration the mailbox specified
                    # in code (Props.withMailbox) is used.
                    # If there is a mailbox defined in the configured dispatcher then that
                    # overrides this setting.
                    "mailbox" : "",
                    # reference.conf @ jar:file:/app/hello-akka-assembly-1.0.jar!/reference.conf: 169
                    # number of children to create in case of a router;
                    # this setting is ignored if routees.paths is given
                    "nr-of-instances" : 1,
                    # reference.conf @ jar:file:/app/hello-akka-assembly-1.0.jar!/reference.conf: 200
                    # Routers with dynamically resizable number of routees; this feature is
                    # enabled by including (parts of) this section in the deployment
                    "resizer" : {
                        # reference.conf @ jar:file:/app/hello-akka-assembly-1.0.jar!/reference.conf: 238
                        # Fraction of routees to be removed when the resizer reaches the
                        # backoffThreshold.
                        # For example, 0.1 would decrease 10% (rounded up), i.e. if current
                        # capacity is 9 it will request an decrease of 1 routee.
                        "backoff-rate" : 0.1,
                        # reference.conf @ jar:file:/app/hello-akka-assembly-1.0.jar!/reference.conf: 232
                        # Minimum fraction of busy routees before backing off.
                        # For example, if this is 0.3, then we'll remove some routees only when
                        # less than 30% of routees are busy, i.e. if current capacity is 10 and
                        # 3 are busy then the capacity is unchanged, but if 2 or less are busy
                        # the capacity is decreased.
                        # Use 0.0 or negative to avoid removal of routees.
                        "backoff-threshold" : 0.3,
                        # reference.conf @ jar:file:/app/hello-akka-assembly-1.0.jar!/reference.conf: 202
                        "enabled" : "off",
                        # reference.conf @ jar:file:/app/hello-akka-assembly-1.0.jar!/reference.conf: 205
                        # The fewest number of routees the router should ever have.
                        "lower-bound" : 1,
                        # reference.conf @ jar:file:/app/hello-akka-assembly-1.0.jar!/reference.conf: 242
                        # Number of messages between resize operation.
                        # Use 1 to resize before each message.
                        "messages-per-resize" : 10,
                        # reference.conf @ jar:file:/app/hello-akka-assembly-1.0.jar!/reference.conf: 219
                        # Threshold used to evaluate if a routee is considered to be busy
                        # (under pressure). Implementation depends on this value (default is 1).
                        # 0:   number of routees currently processing a message.
                        # 1:   number of routees currently processing a message has
                        #      some messages in mailbox.
                        # > 1: number of routees with at least the configured pressure-threshold
                        #      messages in their mailbox. Note that estimating mailbox size of
                        #      default UnboundedMailbox is O(N) operation.
                        "pressure-threshold" : 1,
                        # reference.conf @ jar:file:/app/hello-akka-assembly-1.0.jar!/reference.conf: 224
                        # Percentage to increase capacity whenever all routees are busy.
                        # For example, 0.2 would increase 20% (rounded up), i.e. if current
                        # capacity is 6 it will request an increase of 2 more routees.
                        "rampup-rate" : 0.2,
                        # reference.conf @ jar:file:/app/hello-akka-assembly-1.0.jar!/reference.conf: 209
                        # The most number of routees the router should ever have.
                        # Must be greater than or equal to lower-bound.
                        "upper-bound" : 10
                    },
                    # reference.conf @ jar:file:/app/hello-akka-assembly-1.0.jar!/reference.conf: 182
                    "routees" : {
                        # reference.conf @ jar:file:/app/hello-akka-assembly-1.0.jar!/reference.conf: 186
                        # Alternatively to giving nr-of-instances you can specify the full
                        # paths of those actors which should be routed to. This setting takes
                        # precedence over nr-of-instances
                        "paths" : []
                    },
                    # reference.conf @ jar:file:/app/hello-akka-assembly-1.0.jar!/reference.conf: 165
                    # routing (load-balance) scheme to use
                    # - available: "from-code", "round-robin", "random", "smallest-mailbox",
                    #              "scatter-gather", "broadcast"
                    # - or:        Fully qualified class name of the router class.
                    #              The class must extend akka.routing.CustomRouterConfig and
                    #              have a public constructor with com.typesafe.config.Config
                    #              and optional akka.actor.DynamicAccess parameter.
                    # - default is "from-code";
                    # Whether or not an actor is transformed to a Router is decided in code
                    # only (Props.withRouter). The type of router can be overridden in the
                    # configuration; specifying "from-code" means that the values specified
                    # in the code shall be used.
                    # In case of routing, the actors to be routed to can be specified
                    # in several ways:
                    # - nr-of-instances: will create that many children
                    # - routees.paths: will route messages to these paths using ActorSelection,
                    #   i.e. will not create children
                    # - resizer: dynamically resizable number of routees as specified in
                    #   resizer below
                    "router" : "from-code",
                    # reference.conf @ jar:file:/app/hello-akka-assembly-1.0.jar!/reference.conf: 177
                    "tail-chopping-router" : {
                        # reference.conf @ jar:file:/app/hello-akka-assembly-1.0.jar!/reference.conf: 179
                        # interval is duration between sending message to next routee
                        "interval" : "10 milliseconds"
                    },
                    # reference.conf @ jar:file:/app/hello-akka-assembly-1.0.jar!/reference.conf: 175
                    # number of virtual nodes per node for consistent-hashing router
                    "virtual-nodes-factor" : 10,
                    # reference.conf @ jar:file:/app/hello-akka-assembly-1.0.jar!/reference.conf: 172
                    # within is the timeout used for routers containing future calls
                    "within" : "5 seconds"
                }
            },
            # reference.conf @ jar:file:/app/hello-akka-assembly-1.0.jar!/reference.conf: 511
            # Configuration items which are used by the akka.actor.ActorDSL._ methods
            "dsl" : {
                # reference.conf @ jar:file:/app/hello-akka-assembly-1.0.jar!/reference.conf: 527
                # Default timeout to assume for operations like Inbox.receive et al
                "default-timeout" : "5s",
                # reference.conf @ jar:file:/app/hello-akka-assembly-1.0.jar!/reference.conf: 524
                # Maximum queue size of the actor created by newInbox(); this protects
                # against faulty programs which use select() and consistently miss messages
                "inbox-size" : 1000
            },
            # reference.conf @ jar:file:/app/hello-akka-assembly-1.0.jar!/reference.conf: 80
            # The guardian "/user" will use this class to obtain its supervisorStrategy.
            # It needs to be a subclass of akka.actor.SupervisorStrategyConfigurator.
            # In addition to the default there is akka.actor.StoppingSupervisorStrategy.
            "guardian-supervisor-strategy" : "akka.actor.DefaultSupervisorStrategy",
            # reference.conf @ jar:file:/app/hello-akka-assembly-1.0.jar!/reference.conf: 386
            "mailbox" : {
                # reference.conf @ jar:file:/app/hello-akka-assembly-1.0.jar!/reference.conf: 441
                "bounded-control-aware-queue-based" : {
                    # reference.conf @ jar:file:/app/hello-akka-assembly-1.0.jar!/reference.conf: 455
                    # FQCN of the MailboxType, The Class of the FQCN must have a public
                    # constructor with (akka.actor.ActorSystem.Settings,
                    # com.typesafe.config.Config) parameters.
                    "mailbox-type" : "akka.dispatch.BoundedControlAwareMailbox"
                },
                # reference.conf @ jar:file:/app/hello-akka-assembly-1.0.jar!/reference.conf: 427
                "bounded-deque-based" : {
                    # reference.conf @ jar:file:/app/hello-akka-assembly-1.0.jar!/reference.conf: 441
                    # FQCN of the MailboxType, The Class of the FQCN must have a public
                    # constructor with (akka.actor.ActorSystem.Settings,
                    # com.typesafe.config.Config) parameters.
                    "mailbox-type" : "akka.dispatch.BoundedDequeBasedMailbox"
                },
                # reference.conf @ jar:file:/app/hello-akka-assembly-1.0.jar!/reference.conf: 413
                "bounded-queue-based" : {
                    # reference.conf @ jar:file:/app/hello-akka-assembly-1.0.jar!/reference.conf: 427
                    # FQCN of the MailboxType, The Class of the FQCN must have a public
                    # constructor with (akka.actor.ActorSystem.Settings,
                    # com.typesafe.config.Config) parameters.
                    "mailbox-type" : "akka.dispatch.BoundedMailbox"
                },
                # reference.conf @ jar:file:/app/hello-akka-assembly-1.0.jar!/reference.conf: 451
                # The LoggerMailbox will drain all messages in the mailbox
                # when the system is shutdown and deliver them to the StandardOutLogger.
                # Do not change this unless you know what you are doing.
                "logger-queue" : {
                    # reference.conf @ jar:file:/app/hello-akka-assembly-1.0.jar!/reference.conf: 462
                    "mailbox-type" : "akka.event.LoggerMailboxType"
                },
                # reference.conf @ jar:file:/app/hello-akka-assembly-1.0.jar!/reference.conf: 393
                # Mapping between message queue semantics and mailbox configurations.
                # Used by akka.dispatch.RequiresMessageQueue[T] to enforce different
                # mailbox types on actors.
                # If your Actor implements RequiresMessageQueue[T], then when you create
                # an instance of that actor its mailbox type will be decided by looking
                # up a mailbox configuration via T in this mapping
                "requirements" : {
                    # reference.conf @ jar:file:/app/hello-akka-assembly-1.0.jar!/reference.conf: 411
                    "akka.dispatch.BoundedControlAwareMessageQueueSemantics" : "akka.actor.mailbox.bounded-control-aware-queue-based",
                    # reference.conf @ jar:file:/app/hello-akka-assembly-1.0.jar!/reference.conf: 403
                    "akka.dispatch.BoundedDequeBasedMessageQueueSemantics" : "akka.actor.mailbox.bounded-deque-based",
                    # reference.conf @ jar:file:/app/hello-akka-assembly-1.0.jar!/reference.conf: 397
                    "akka.dispatch.BoundedMessageQueueSemantics" : "akka.actor.mailbox.bounded-queue-based",
                    # reference.conf @ jar:file:/app/hello-akka-assembly-1.0.jar!/reference.conf: 407
                    "akka.dispatch.ControlAwareMessageQueueSemantics" : "akka.actor.mailbox.unbounded-control-aware-queue-based",
                    # reference.conf @ jar:file:/app/hello-akka-assembly-1.0.jar!/reference.conf: 399
                    "akka.dispatch.DequeBasedMessageQueueSemantics" : "akka.actor.mailbox.unbounded-deque-based",
                    # reference.conf @ jar:file:/app/hello-akka-assembly-1.0.jar!/reference.conf: 405
                    "akka.dispatch.MultipleConsumerSemantics" : "akka.actor.mailbox.unbounded-queue-based",
                    # reference.conf @ jar:file:/app/hello-akka-assembly-1.0.jar!/reference.conf: 409
                    "akka.dispatch.UnboundedControlAwareMessageQueueSemantics" : "akka.actor.mailbox.unbounded-control-aware-queue-based",
                    # reference.conf @ jar:file:/app/hello-akka-assembly-1.0.jar!/reference.conf: 401
                    "akka.dispatch.UnboundedDequeBasedMessageQueueSemantics" : "akka.actor.mailbox.unbounded-deque-based",
                    # reference.conf @ jar:file:/app/hello-akka-assembly-1.0.jar!/reference.conf: 395
                    "akka.dispatch.UnboundedMessageQueueSemantics" : "akka.actor.mailbox.unbounded-queue-based",
                    # reference.conf @ jar:file:/app/hello-akka-assembly-1.0.jar!/reference.conf: 413
                    "akka.event.LoggerMessageQueueSemantics" : "akka.actor.mailbox.logger-queue"
                },
                # reference.conf @ jar:file:/app/hello-akka-assembly-1.0.jar!/reference.conf: 434
                "unbounded-control-aware-queue-based" : {
                    # reference.conf @ jar:file:/app/hello-akka-assembly-1.0.jar!/reference.conf: 448
                    # FQCN of the MailboxType, The Class of the FQCN must have a public
                    # constructor with (akka.actor.ActorSystem.Settings,
                    # com.typesafe.config.Config) parameters.
                    "mailbox-type" : "akka.dispatch.UnboundedControlAwareMailbox"
                },
                # reference.conf @ jar:file:/app/hello-akka-assembly-1.0.jar!/reference.conf: 420
                "unbounded-deque-based" : {
                    # reference.conf @ jar:file:/app/hello-akka-assembly-1.0.jar!/reference.conf: 434
                    # FQCN of the MailboxType, The Class of the FQCN must have a public
                    # constructor with (akka.actor.ActorSystem.Settings,
                    # com.typesafe.config.Config) parameters.
                    "mailbox-type" : "akka.dispatch.UnboundedDequeBasedMailbox"
                },
                # reference.conf @ jar:file:/app/hello-akka-assembly-1.0.jar!/reference.conf: 406
                "unbounded-queue-based" : {
                    # reference.conf @ jar:file:/app/hello-akka-assembly-1.0.jar!/reference.conf: 420
                    # FQCN of the MailboxType, The Class of the FQCN must have a public
                    # constructor with (akka.actor.ActorSystem.Settings,
                    # com.typesafe.config.Config) parameters.
                    "mailbox-type" : "akka.dispatch.UnboundedMailbox"
                }
            },
            # reference.conf @ jar:file:/app/hello-akka-assembly-1.0.jar!/reference.conf: 75
            # FQCN of the ActorRefProvider to be used; the below is the built-in default,
            # another one is akka.remote.RemoteActorRefProvider in the akka-remote bundle.
            "provider" : "akka.actor.LocalActorRefProvider",
            # reference.conf @ jar:file:/app/hello-akka-assembly-1.0.jar!/reference.conf: 87
            # Frequency with which stopping actors are prodded in case they had to be
            # removed from their parents
            "reaper-interval" : "5s",
            # reference.conf @ jar:file:/app/hello-akka-assembly-1.0.jar!/reference.conf: 109
            "router" : {
                # reference.conf @ jar:file:/app/hello-akka-assembly-1.0.jar!/reference.conf: 109
                # Mapping between ´deployment.router' short names to fully qualified class names
                "type-mapping" : {
                    # reference.conf @ jar:file:/app/hello-akka-assembly-1.0.jar!/reference.conf: 115
                    "balancing-pool" : "akka.routing.BalancingPool",
                    # reference.conf @ jar:file:/app/hello-akka-assembly-1.0.jar!/reference.conf: 118
                    "broadcast-group" : "akka.routing.BroadcastGroup",
                    # reference.conf @ jar:file:/app/hello-akka-assembly-1.0.jar!/reference.conf: 117
                    "broadcast-pool" : "akka.routing.BroadcastPool",
                    # reference.conf @ jar:file:/app/hello-akka-assembly-1.0.jar!/reference.conf: 124
                    "consistent-hashing-group" : "akka.routing.ConsistentHashingGroup",
                    # reference.conf @ jar:file:/app/hello-akka-assembly-1.0.jar!/reference.conf: 123
                    "consistent-hashing-pool" : "akka.routing.ConsistentHashingPool",
                    # reference.conf @ jar:file:/app/hello-akka-assembly-1.0.jar!/reference.conf: 110
                    "from-code" : "akka.routing.NoRouter",
                    # reference.conf @ jar:file:/app/hello-akka-assembly-1.0.jar!/reference.conf: 114
                    "random-group" : "akka.routing.RandomGroup",
                    # reference.conf @ jar:file:/app/hello-akka-assembly-1.0.jar!/reference.conf: 113
                    "random-pool" : "akka.routing.RandomPool",
                    # reference.conf @ jar:file:/app/hello-akka-assembly-1.0.jar!/reference.conf: 112
                    "round-robin-group" : "akka.routing.RoundRobinGroup",
                    # reference.conf @ jar:file:/app/hello-akka-assembly-1.0.jar!/reference.conf: 111
                    "round-robin-pool" : "akka.routing.RoundRobinPool",
                    # reference.conf @ jar:file:/app/hello-akka-assembly-1.0.jar!/reference.conf: 120
                    "scatter-gather-group" : "akka.routing.ScatterGatherFirstCompletedGroup",
                    # reference.conf @ jar:file:/app/hello-akka-assembly-1.0.jar!/reference.conf: 119
                    "scatter-gather-pool" : "akka.routing.ScatterGatherFirstCompletedPool",
                    # reference.conf @ jar:file:/app/hello-akka-assembly-1.0.jar!/reference.conf: 116
                    "smallest-mailbox-pool" : "akka.routing.SmallestMailboxPool",
                    # reference.conf @ jar:file:/app/hello-akka-assembly-1.0.jar!/reference.conf: 122
                    "tail-chopping-group" : "akka.routing.TailChoppingGroup",
                    # reference.conf @ jar:file:/app/hello-akka-assembly-1.0.jar!/reference.conf: 121
                    "tail-chopping-pool" : "akka.routing.TailChoppingPool"
                }
            },
            # reference.conf @ jar:file:/app/hello-akka-assembly-1.0.jar!/reference.conf: 494
            # Class to Serializer binding. You only need to specify the name of an
            # interface or abstract base class of the messages. In case of ambiguity it
            # is using the most specific configured class, or giving a warning and
            # choosing the “first” one.
            # 
            # To disable one of the default serializers, assign its class to "none", like
            # "java.io.Serializable" = none
            "serialization-bindings" : {
                # reference.conf @ jar:file:/app/hello-akka-assembly-1.0.jar!/reference.conf: 505
                "[B" : "bytes",
                # reference.conf @ jar:file:/app/hello-akka-assembly-1.0.jar!/reference.conf: 506
                "java.io.Serializable" : "java"
            },
            # reference.conf @ jar:file:/app/hello-akka-assembly-1.0.jar!/reference.conf: 505
            # Configuration namespace of serialization identifiers.
            # Each serializer implementation must have an entry in the following format:
            # `akka.actor.serialization-identifiers."FQCN" = ID`
            # where `FQCN` is fully qualified class name of the serializer implementation
            # and `ID` is globally unique serializer identifier number.
            # Identifier values from 0 to 16 are reserved for Akka internal usage.
            "serialization-identifiers" : {
                # reference.conf @ jar:file:/app/hello-akka-assembly-1.0.jar!/reference.conf: 517
                "akka.serialization.ByteArraySerializer" : 4,
                # reference.conf @ jar:file:/app/hello-akka-assembly-1.0.jar!/reference.conf: 516
                "akka.serialization.JavaSerializer" : 1
            },
            # reference.conf @ jar:file:/app/hello-akka-assembly-1.0.jar!/reference.conf: 96
            # Serializes and deserializes creators (in Props) to ensure that they can be
            # sent over the network, this is only intended for testing. Purely local deployments
            # as marked with deploy.scope == LocalScope are exempt from verification.
            "serialize-creators" : "off",
            # reference.conf @ jar:file:/app/hello-akka-assembly-1.0.jar!/reference.conf: 91
            # Serializes and deserializes (non-primitive) messages to ensure immutability,
            # this is only intended for testing.
            "serialize-messages" : "off",
            # reference.conf @ jar:file:/app/hello-akka-assembly-1.0.jar!/reference.conf: 482
            # Entries for pluggable serializers and their bindings.
            "serializers" : {
                # reference.conf @ jar:file:/app/hello-akka-assembly-1.0.jar!/reference.conf: 494
                "bytes" : "akka.serialization.ByteArraySerializer",
                # reference.conf @ jar:file:/app/hello-akka-assembly-1.0.jar!/reference.conf: 493
                "java" : "akka.serialization.JavaSerializer"
            },
            # reference.conf @ jar:file:/app/hello-akka-assembly-1.0.jar!/reference.conf: 103
            "typed" : {
                # reference.conf @ jar:file:/app/hello-akka-assembly-1.0.jar!/reference.conf: 105
                # Default timeout for typed actor methods with non-void return type
                "timeout" : "5s"
            },
            # reference.conf @ jar:file:/app/hello-akka-assembly-1.0.jar!/reference.conf: 101
            # Timeout for send operations to top-level actors which are in the process
            # of being started. This is only relevant if using a bounded mailbox or the
            # CallingThreadDispatcher for a top-level actor.
            "unstarted-push-timeout" : "10s"
        },
        # reference.conf @ jar:file:/app/hello-akka-assembly-1.0.jar!/reference.conf: 65
        # Toggles whether threads created by this ActorSystem should be daemons or not
        "daemonic" : "off",
        # reference.conf @ jar:file:/app/hello-akka-assembly-1.0.jar!/reference.conf: 62
        # List FQCN of extensions which shall be loaded at actor system startup.
        # Should be on the format: 'extensions = ["foo", "bar"]' etc.
        # See the Akka Documentation for more info about Extensions
        "extensions" : [],
        # reference.conf @ jar:file:/app/hello-akka-assembly-1.0.jar!/reference.conf: 13
        # Home directory of Akka, modules in the deploy directory will be loaded
        "home" : "",
        # reference.conf @ jar:file:/app/hello-akka-assembly-1.0.jar!/reference.conf: 560
        "io" : {
            # reference.conf @ jar:file:/app/hello-akka-assembly-1.0.jar!/reference.conf: 780
            "dns" : {
                # reference.conf @ jar:file:/app/hello-akka-assembly-1.0.jar!/reference.conf: 794
                # Fully qualified config path which holds the dispatcher configuration
                # for the manager and resolver router actors.
                # For actual router configuration see akka.actor.deployment./IO-DNS/*
                "dispatcher" : "akka.actor.default-dispatcher",
                # reference.conf @ jar:file:/app/hello-akka-assembly-1.0.jar!/reference.conf: 789
                "inet-address" : {
                    # reference.conf @ jar:file:/app/hello-akka-assembly-1.0.jar!/reference.conf: 809
                    # How often to sweep out expired cache entries.
                    # Note that this interval has nothing to do with TTLs
                    "cache-cleanup-interval" : "120s",
                    # reference.conf @ jar:file:/app/hello-akka-assembly-1.0.jar!/reference.conf: 805
                    "negative-ttl" : "10s",
                    # reference.conf @ jar:file:/app/hello-akka-assembly-1.0.jar!/reference.conf: 804
                    # These TTLs are set to default java 6 values
                    "positive-ttl" : "30s",
                    # reference.conf @ jar:file:/app/hello-akka-assembly-1.0.jar!/reference.conf: 801
                    # Must implement akka.io.DnsProvider
                    "provider-object" : "akka.io.InetAddressDnsProvider"
                },
                # reference.conf @ jar:file:/app/hello-akka-assembly-1.0.jar!/reference.conf: 797
                # Name of the subconfig at path akka.io.dns, see inet-address below
                "resolver" : "inet-address"
            },
            # reference.conf @ jar:file:/app/hello-akka-assembly-1.0.jar!/reference.conf: 564
            # By default the select loops run on dedicated threads, hence using a
            # PinnedDispatcher
            "pinned-dispatcher" : {
                # reference.conf @ jar:file:/app/hello-akka-assembly-1.0.jar!/reference.conf: 576
                "executor" : "thread-pool-executor",
                # reference.conf @ jar:file:/app/hello-akka-assembly-1.0.jar!/reference.conf: 577
                "thread-pool-executor" : {
                    # reference.conf @ jar:file:/app/hello-akka-assembly-1.0.jar!/reference.conf: 577
                    "allow-core-timeout" : "off"
                },
                # reference.conf @ jar:file:/app/hello-akka-assembly-1.0.jar!/reference.conf: 575
                "type" : "PinnedDispatcher"
            },
            # reference.conf @ jar:file:/app/hello-akka-assembly-1.0.jar!/reference.conf: 570
            "tcp" : {
                # reference.conf @ jar:file:/app/hello-akka-assembly-1.0.jar!/reference.conf: 602
                # The maximum number of connection that are accepted in one go,
                # higher numbers decrease latency, lower numbers increase fairness on
                # the worker-dispatcher
                "batch-accept-limit" : 10,
                # reference.conf @ jar:file:/app/hello-akka-assembly-1.0.jar!/reference.conf: 610
                # The maximal number of direct buffers kept in the direct buffer pool for
                # reuse.
                "direct-buffer-pool-limit" : 1000,
                # reference.conf @ jar:file:/app/hello-akka-assembly-1.0.jar!/reference.conf: 606
                # The number of bytes per direct buffer in the pool used to read or write
                # network data from the kernel.
                "direct-buffer-size" : "128 KiB",
                # reference.conf @ jar:file:/app/hello-akka-assembly-1.0.jar!/reference.conf: 643
                # Fully qualified config path which holds the dispatcher configuration
                # on which file IO tasks are scheduled
                "file-io-dispatcher" : "akka.actor.default-dispatcher",
                # reference.conf @ jar:file:/app/hello-akka-assembly-1.0.jar!/reference.conf: 651
                # The maximum number of bytes (or "unlimited") to transfer in one batch
                # when using `WriteFile` command which uses `FileChannel.transferTo` to
                # pipe files to a TCP socket. On some OS like Linux `FileChannel.transferTo`
                # may block for a long time when network IO is faster than file IO.
                # Decreasing the value may improve fairness while increasing may improve
                # throughput.
                "file-io-transferTo-limit" : "512 KiB",
                # reference.conf @ jar:file:/app/hello-akka-assembly-1.0.jar!/reference.conf: 656
                # The number of times to retry the `finishConnect` call after being notified about
                # OP_CONNECT. Retries are needed if the OP_CONNECT notification doesn't imply that
                # `finishConnect` will succeed, which is the case on Android.
                "finish-connect-retries" : 5,
                # reference.conf @ jar:file:/app/hello-akka-assembly-1.0.jar!/reference.conf: 639
                # Fully qualified config path which holds the dispatcher configuration
                # for the selector management actors
                "management-dispatcher" : "akka.actor.default-dispatcher",
                # reference.conf @ jar:file:/app/hello-akka-assembly-1.0.jar!/reference.conf: 592
                # Maximum number of open channels supported by this TCP module; there is
                # no intrinsic general limit, this setting is meant to enable DoS
                # protection by limiting the number of concurrently connected clients.
                # Also note that this is a "soft" limit; in certain cases the implementation
                # will accept a few connections more or a few less than the number configured
                # here. Must be an integer > 0 or "unlimited".
                "max-channels" : 256000,
                # reference.conf @ jar:file:/app/hello-akka-assembly-1.0.jar!/reference.conf: 622
                # The maximum number of bytes delivered by a `Received` message. Before
                # more data is read from the network the connection actor will try to
                # do other work.
                # The purpose of this setting is to impose a smaller limit than the 
                # configured receive buffer size. When using value 'unlimited' it will
                # try to read all from the receive buffer.
                "max-received-message-size" : "unlimited",
                # reference.conf @ jar:file:/app/hello-akka-assembly-1.0.jar!/reference.conf: 584
                # The number of selectors to stripe the served channels over; each of
                # these will use one select loop on the selector-dispatcher.
                "nr-of-selectors" : 1,
                # reference.conf @ jar:file:/app/hello-akka-assembly-1.0.jar!/reference.conf: 614
                # The duration a connection actor waits for a `Register` message from
                # its commander before aborting the connection.
                "register-timeout" : "5s",
                # reference.conf @ jar:file:/app/hello-akka-assembly-1.0.jar!/reference.conf: 597
                # When trying to assign a new connection to a selector and the chosen
                # selector is at full capacity, retry selector choosing and assignment
                # this many times before giving up
                "selector-association-retries" : 10,
                # reference.conf @ jar:file:/app/hello-akka-assembly-1.0.jar!/reference.conf: 631
                # Fully qualified config path which holds the dispatcher configuration
                # to be used for running the select() calls in the selectors
                "selector-dispatcher" : "akka.io.pinned-dispatcher",
                # reference.conf @ jar:file:/app/hello-akka-assembly-1.0.jar!/reference.conf: 627
                # Enable fine grained logging of what goes on inside the implementation.
                # Be aware that this may log more than once per message sent to the actors
                # of the tcp implementation.
                "trace-logging" : "off",
                # reference.conf @ jar:file:/app/hello-akka-assembly-1.0.jar!/reference.conf: 665
                # On Windows connection aborts are not reliably detected unless an OP_READ is
                # registered on the selector _after_ the connection has been reset. This
                # workaround enables an OP_CONNECT which forces the abort to be visible on Windows.
                # Enabling this setting on other platforms than Windows will cause various failures
                # and undefined behavior.
                # Possible values of this key are on, off and auto where auto will enable the
                # workaround if Windows is detected automatically.
                "windows-connection-abort-workaround-enabled" : "off",
                # reference.conf @ jar:file:/app/hello-akka-assembly-1.0.jar!/reference.conf: 635
                # Fully qualified config path which holds the dispatcher configuration
                # for the read/write worker actors
                "worker-dispatcher" : "akka.actor.default-dispatcher"
            },
            # reference.conf @ jar:file:/app/hello-akka-assembly-1.0.jar!/reference.conf: 658
            "udp" : {
                # reference.conf @ jar:file:/app/hello-akka-assembly-1.0.jar!/reference.conf: 704
                # The maximal number of direct buffers kept in the direct buffer pool for
                # reuse.
                "direct-buffer-pool-limit" : 1000,
                # reference.conf @ jar:file:/app/hello-akka-assembly-1.0.jar!/reference.conf: 700
                # The number of bytes per direct buffer in the pool used to read or write
                # network data from the kernel.
                "direct-buffer-size" : "128 KiB",
                # reference.conf @ jar:file:/app/hello-akka-assembly-1.0.jar!/reference.conf: 726
                # Fully qualified config path which holds the dispatcher configuration
                # for the selector management actors
                "management-dispatcher" : "akka.actor.default-dispatcher",
                # reference.conf @ jar:file:/app/hello-akka-assembly-1.0.jar!/reference.conf: 677
                # Maximum number of open channels supported by this UDP module Generally
                # UDP does not require a large number of channels, therefore it is
                # recommended to keep this setting low.
                "max-channels" : 4096,
                # reference.conf @ jar:file:/app/hello-akka-assembly-1.0.jar!/reference.conf: 672
                # The number of selectors to stripe the served channels over; each of
                # these will use one select loop on the selector-dispatcher.
                "nr-of-selectors" : 1,
                # reference.conf @ jar:file:/app/hello-akka-assembly-1.0.jar!/reference.conf: 696
                # The maximum number of datagrams that are read in one go,
                # higher numbers decrease latency, lower numbers increase fairness on
                # the worker-dispatcher
                "receive-throughput" : 3,
                # reference.conf @ jar:file:/app/hello-akka-assembly-1.0.jar!/reference.conf: 709
                # The maximum number of bytes delivered by a `Received` message. Before
                # more data is read from the network the connection actor will try to
                # do other work.
                "received-message-size-limit" : "unlimited",
                # reference.conf @ jar:file:/app/hello-akka-assembly-1.0.jar!/reference.conf: 686
                # The select loop can be used in two modes:
                # - setting "infinite" will select without a timeout, hogging a thread
                # - setting a positive timeout will do a bounded select call,
                #   enabling sharing of a single thread between multiple selectors
                #   (in this case you will have to use a different configuration for the
                #   selector-dispatcher, e.g. using "type=Dispatcher" with size 1)
                # - setting it to zero means polling, i.e. calling selectNow()
                "select-timeout" : "infinite",
                # reference.conf @ jar:file:/app/hello-akka-assembly-1.0.jar!/reference.conf: 691
                # When trying to assign a new connection to a selector and the chosen
                # selector is at full capacity, retry selector choosing and assignment
                # this many times before giving up
                "selector-association-retries" : 10,
                # reference.conf @ jar:file:/app/hello-akka-assembly-1.0.jar!/reference.conf: 718
                # Fully qualified config path which holds the dispatcher configuration
                # to be used for running the select() calls in the selectors
                "selector-dispatcher" : "akka.io.pinned-dispatcher",
                # reference.conf @ jar:file:/app/hello-akka-assembly-1.0.jar!/reference.conf: 714
                # Enable fine grained logging of what goes on inside the implementation.
                # Be aware that this may log more than once per message sent to the actors
                # of the tcp implementation.
                "trace-logging" : "off",
                # reference.conf @ jar:file:/app/hello-akka-assembly-1.0.jar!/reference.conf: 722
                # Fully qualified config path which holds the dispatcher configuration
                # for the read/write worker actors
                "worker-dispatcher" : "akka.actor.default-dispatcher"
            },
            # reference.conf @ jar:file:/app/hello-akka-assembly-1.0.jar!/reference.conf: 719
            "udp-connected" : {
                # reference.conf @ jar:file:/app/hello-akka-assembly-1.0.jar!/reference.conf: 765
                # The maximal number of direct buffers kept in the direct buffer pool for
                # reuse.
                "direct-buffer-pool-limit" : 1000,
                # reference.conf @ jar:file:/app/hello-akka-assembly-1.0.jar!/reference.conf: 761
                # The number of bytes per direct buffer in the pool used to read or write
                # network data from the kernel.
                "direct-buffer-size" : "128 KiB",
                # reference.conf @ jar:file:/app/hello-akka-assembly-1.0.jar!/reference.conf: 787
                # Fully qualified config path which holds the dispatcher configuration
                # for the selector management actors
                "management-dispatcher" : "akka.actor.default-dispatcher",
                # reference.conf @ jar:file:/app/hello-akka-assembly-1.0.jar!/reference.conf: 738
                # Maximum number of open channels supported by this UDP module Generally
                # UDP does not require a large number of channels, therefore it is
                # recommended to keep this setting low.
                "max-channels" : 4096,
                # reference.conf @ jar:file:/app/hello-akka-assembly-1.0.jar!/reference.conf: 733
                # The number of selectors to stripe the served channels over; each of
                # these will use one select loop on the selector-dispatcher.
                "nr-of-selectors" : 1,
                # reference.conf @ jar:file:/app/hello-akka-assembly-1.0.jar!/reference.conf: 757
                # The maximum number of datagrams that are read in one go,
                # higher numbers decrease latency, lower numbers increase fairness on
                # the worker-dispatcher
                "receive-throughput" : 3,
                # reference.conf @ jar:file:/app/hello-akka-assembly-1.0.jar!/reference.conf: 770
                # The maximum number of bytes delivered by a `Received` message. Before
                # more data is read from the network the connection actor will try to
                # do other work.
                "received-message-size-limit" : "unlimited",
                # reference.conf @ jar:file:/app/hello-akka-assembly-1.0.jar!/reference.conf: 747
                # The select loop can be used in two modes:
                # - setting "infinite" will select without a timeout, hogging a thread
                # - setting a positive timeout will do a bounded select call,
                #   enabling sharing of a single thread between multiple selectors
                #   (in this case you will have to use a different configuration for the
                #   selector-dispatcher, e.g. using "type=Dispatcher" with size 1)
                # - setting it to zero means polling, i.e. calling selectNow()
                "select-timeout" : "infinite",
                # reference.conf @ jar:file:/app/hello-akka-assembly-1.0.jar!/reference.conf: 752
                # When trying to assign a new connection to a selector and the chosen
                # selector is at full capacity, retry selector choosing and assignment
                # this many times before giving up
                "selector-association-retries" : 10,
                # reference.conf @ jar:file:/app/hello-akka-assembly-1.0.jar!/reference.conf: 779
                # Fully qualified config path which holds the dispatcher configuration
                # to be used for running the select() calls in the selectors
                "selector-dispatcher" : "akka.io.pinned-dispatcher",
                # reference.conf @ jar:file:/app/hello-akka-assembly-1.0.jar!/reference.conf: 775
                # Enable fine grained logging of what goes on inside the implementation.
                # Be aware that this may log more than once per message sent to the actors
                # of the tcp implementation.
                "trace-logging" : "off",
                # reference.conf @ jar:file:/app/hello-akka-assembly-1.0.jar!/reference.conf: 783
                # Fully qualified config path which holds the dispatcher configuration
                # for the read/write worker actors
                "worker-dispatcher" : "akka.actor.default-dispatcher"
            }
        },
        # reference.conf @ jar:file:/app/hello-akka-assembly-1.0.jar!/reference.conf: 69
        # JVM shutdown, System.exit(-1), in case of a fatal error,
        # such as OutOfMemoryError
        "jvm-exit-on-fatal-error" : "on",
        # application.conf @ jar:file:/app/hello-akka-assembly-1.0.jar!/application.conf: 2
        "log-config-on-start" : "on",
        # reference.conf @ jar:file:/app/hello-akka-assembly-1.0.jar!/reference.conf: 52
        # Log at info level when messages are sent to dead letters.
        # Possible values:
        # on: all dead letters are logged
        # off: no logging of dead letters
        # n: positive integer, number of dead letters that will be logged
        "log-dead-letters" : 10,
        # reference.conf @ jar:file:/app/hello-akka-assembly-1.0.jar!/reference.conf: 57
        # Possibility to turn off logging of dead letters while the actor system
        # is shutting down. Logging is only done when enabled by 'log-dead-letters'
        # setting.
        "log-dead-letters-during-shutdown" : "on",
        # reference.conf @ jar:file:/app/hello-akka-assembly-1.0.jar!/reference.conf: 31
        # Loggers are created and registered synchronously during ActorSystem
        # start-up, and since they are actors, this timeout is used to bound the
        # waiting time
        "logger-startup-timeout" : "5s",
        # application.conf @ jar:file:/app/hello-akka-assembly-1.0.jar!/application.conf: 4
        "loggers" : [
            # application.conf @ jar:file:/app/hello-akka-assembly-1.0.jar!/application.conf: 4
            "akka.event.slf4j.Slf4jLogger"
        ],
        # application.conf @ jar:file:/app/hello-akka-assembly-1.0.jar!/application.conf: 9
        "logging-filter" : "akka.event.slf4j.Slf4jLoggingFilter",
        # application.conf @ jar:file:/app/hello-akka-assembly-1.0.jar!/application.conf: 7
        # Options: ERROR, WARNING, INFO, DEBUG
        "loglevel" : "DEBUG",
        # reference.conf @ jar:file:/app/hello-akka-assembly-1.0.jar!/reference.conf: 525
        # Used to set the behavior of the scheduler.
        # Changing the default values may change the system behavior drastically so make
        # sure you know what you're doing! See the Scheduler section of the Akka
        # Documentation for more details.
        "scheduler" : {
            # reference.conf @ jar:file:/app/hello-akka-assembly-1.0.jar!/reference.conf: 561
            # This setting selects the timer implementation which shall be loaded at
            # system start-up.
            # The class given here must implement the akka.actor.Scheduler interface
            # and offer a public constructor which takes three arguments:
            #  1) com.typesafe.config.Config
            #  2) akka.event.LoggingAdapter
            #  3) java.util.concurrent.ThreadFactory
            "implementation" : "akka.actor.LightArrayRevolverScheduler",
            # reference.conf @ jar:file:/app/hello-akka-assembly-1.0.jar!/reference.conf: 567
            # When shutting down the scheduler, there will typically be a thread which
            # needs to be stopped, and this timeout determines how long to wait for
            # that to happen. In case of timeout the shutdown of the actor system will
            # proceed without running possibly still enqueued tasks.
            "shutdown-timeout" : "5s",
            # reference.conf @ jar:file:/app/hello-akka-assembly-1.0.jar!/reference.conf: 545
            # The LightArrayRevolverScheduler is used as the default scheduler in the
            # system. It does not execute the scheduled tasks on exact time, but on every
            # tick, it will run everything that is (over)due. You can increase or decrease
            # the accuracy of the execution timing by specifying smaller or larger tick
            # duration. If you are scheduling a lot of tasks you should consider increasing
            # the ticks per wheel.
            # Note that it might take up to 1 tick to stop the Timer, so setting the
            # tick-duration to a high value will make shutting down the actor system
            # take longer.
            "tick-duration" : "10ms",
            # reference.conf @ jar:file:/app/hello-akka-assembly-1.0.jar!/reference.conf: 552
            # The timer uses a circular wheel of buckets to store the timer tasks.
            # This should be set such that the majority of scheduled timeouts (for high
            # scheduling frequency) will be shorter than one rotation of the wheel
            # (ticks-per-wheel * ticks-duration)
            # THIS MUST BE A POWER OF TWO!
            "ticks-per-wheel" : 512
        },
        # reference.conf @ jar:file:/app/hello-akka-assembly-1.0.jar!/reference.conf: 41
        # Log level for the very basic logger activated during ActorSystem startup.
        # This logger prints the log messages to stdout (System.out).
        # Options: OFF, ERROR, WARNING, INFO, DEBUG
        "stdout-loglevel" : "WARNING",
        # reference.conf @ jar:file:/app/hello-akka-assembly-1.0.jar!/reference.conf: 10
        # Akka version, checked against the runtime version of Akka.
        "version" : "2.4.0"
    },
    # system properties
    "awt" : {
        # system properties
        "toolkit" : "sun.awt.X11.XToolkit"
    },
    # system properties
    "file" : {
        # system properties
        "encoding" : {
            # system properties
            "pkg" : "sun.io"
        },
        # system properties
        "separator" : "/"
    },
    # system properties
    "java" : {
        # system properties
        "awt" : {
            # system properties
            "graphicsenv" : "sun.awt.X11GraphicsEnvironment",
            # system properties
            "printerjob" : "sun.print.PSPrinterJob"
        },
        # system properties
        "class" : {
            # system properties
            "path" : "/app/hello-akka-assembly-1.0.jar",
            # system properties
            "version" : "52.0"
        },
        # system properties
        "endorsed" : {
            # system properties
            "dirs" : "/usr/lib/jvm/java-8-openjdk-amd64/jre/lib/endorsed"
        },
        # system properties
        "ext" : {
            # system properties
            "dirs" : "/usr/lib/jvm/java-8-openjdk-amd64/jre/lib/ext:/usr/java/packages/lib/ext"
        },
        # system properties
        "home" : "/usr/lib/jvm/java-8-openjdk-amd64/jre",
        # system properties
        "io" : {
            # system properties
            "tmpdir" : "/tmp"
        },
        # system properties
        "library" : {
            # system properties
            "path" : "/usr/java/packages/lib/amd64:/usr/lib/x86_64-linux-gnu/jni:/lib/x86_64-linux-gnu:/usr/lib/x86_64-linux-gnu:/usr/lib/jni:/lib:/usr/lib"
        },
        # system properties
        "runtime" : {
            # system properties
            "name" : "OpenJDK Runtime Environment",
            # system properties
            "version" : "1.8.0_66-internal-b17"
        },
        # system properties
        "specification" : {
            # system properties
            "name" : "Java Platform API Specification",
            # system properties
            "vendor" : "Oracle Corporation",
            # system properties
            "version" : "1.8"
        },
        # system properties
        "vendor" : {
            # system properties
            "url" : {
                # system properties
                "bug" : "http://bugreport.sun.com/bugreport/"
            }
        },
        # system properties
        "version" : "1.8.0_66-internal",
        # system properties
        "vm" : {
            # system properties
            "info" : "mixed mode",
            # system properties
            "name" : "OpenJDK 64-Bit Server VM",
            # system properties
            "specification" : {
                # system properties
                "name" : "Java Virtual Machine Specification",
                # system properties
                "vendor" : "Oracle Corporation",
                # system properties
                "version" : "1.8"
            },
            # system properties
            "vendor" : "Oracle Corporation",
            # system properties
            "version" : "25.66-b17"
        }
    },
    # system properties
    "line" : {
        # system properties
        "separator" : "\n"
    },
    # system properties
    "os" : {
        # system properties
        "arch" : "amd64",
        # system properties
        "name" : "Linux",
        # system properties
        "version" : "4.1.12-boot2docker"
    },
    # system properties
    "path" : {
        # system properties
        "separator" : ":"
    },
    # system properties
    "sun" : {
        # system properties
        "arch" : {
            # system properties
            "data" : {
                # system properties
                "model" : "64"
            }
        },
        # system properties
        "boot" : {
            # system properties
            "class" : {
                # system properties
                "path" : "/usr/lib/jvm/java-8-openjdk-amd64/jre/lib/resources.jar:/usr/lib/jvm/java-8-openjdk-amd64/jre/lib/rt.jar:/usr/lib/jvm/java-8-openjdk-amd64/jre/lib/sunrsasign.jar:/usr/lib/jvm/java-8-openjdk-amd64/jre/lib/jsse.jar:/usr/lib/jvm/java-8-openjdk-amd64/jre/lib/jce.jar:/usr/lib/jvm/java-8-openjdk-amd64/jre/lib/charsets.jar:/usr/lib/jvm/java-8-openjdk-amd64/jre/lib/jfr.jar:/usr/lib/jvm/java-8-openjdk-amd64/jre/classes"
            },
            # system properties
            "library" : {
                # system properties
                "path" : "/usr/lib/jvm/java-8-openjdk-amd64/jre/lib/amd64"
            }
        },
        # system properties
        "cpu" : {
            # system properties
            "endian" : "little",
            # system properties
            "isalist" : ""
        },
        # system properties
        "io" : {
            # system properties
            "unicode" : {
                # system properties
                "encoding" : "UnicodeLittle"
            }
        },
        # system properties
        "java" : {
            # system properties
            "command" : "/app/hello-akka-assembly-1.0.jar",
            # system properties
            "launcher" : "SUN_STANDARD"
        },
        # system properties
        "jnu" : {
            # system properties
            "encoding" : "UTF-8"
        },
        # system properties
        "management" : {
            # system properties
            "compiler" : "HotSpot 64-Bit Tiered Compilers"
        },
        # system properties
        "os" : {
            # system properties
            "patch" : {
                # system properties
                "level" : "unknown"
            }
        }
    },
    # system properties
    "user" : {
        # system properties
        "dir" : "/",
        # system properties
        "home" : "/root",
        # system properties
        "language" : "en",
        # system properties
        "name" : "root",
        # system properties
        "timezone" : ""
    }
}

2015-11-03 22:30:50,082 INFO  nl.rdj.Greeter  - Hello
2015-11-03 22:30:50,096 INFO  nl.rdj.HelloAkkaScala$  - Greeting: hello, akka
2015-11-03 22:30:50,096 INFO  nl.rdj.Greeter  - Hello
2015-11-03 22:30:50,097 INFO  nl.rdj.HelloAkkaScala$  - Greeting: hello, typesafe
2015-11-03 22:30:50,101 INFO  nl.rdj.Greeter  - Hello
2015-11-03 22:30:50,102 INFO  nl.rdj.GreetPrinter  - hello, typesafe
2015-11-03 22:30:51,110 INFO  nl.rdj.Greeter  - Hello
2015-11-03 22:30:51,110 INFO  nl.rdj.GreetPrinter  - hello, typesafe
2015-11-03 22:30:52,120 INFO  nl.rdj.Greeter  - Hello
2015-11-03 22:30:52,120 INFO  nl.rdj.GreetPrinter  - hello, typesafe
2015-11-03 22:30:53,119 INFO  nl.rdj.Greeter  - Hello
2015-11-03 22:30:53,119 INFO  nl.rdj.GreetPrinter  - hello, typesafe
2015-11-03 22:30:54,121 INFO  nl.rdj.Greeter  - Hello
2015-11-03 22:30:54,121 INFO  nl.rdj.GreetPrinter  - hello, typesafe
2015-11-03 22:30:55,109 INFO  nl.rdj.Greeter  - Hello
2015-11-03 22:30:55,110 INFO  nl.rdj.GreetPrinter  - hello, typesafe
2015-11-03 22:30:56,120 INFO  nl.rdj.Greeter  - Hello
2015-11-03 22:30:56,121 INFO  nl.rdj.GreetPrinter  - hello, typesafe
2015-11-03 22:30:57,110 INFO  nl.rdj.Greeter  - Hello
2015-11-03 22:30:57,110 INFO  nl.rdj.GreetPrinter  - hello, typesafe
2015-11-03 22:30:58,120 INFO  nl.rdj.Greeter  - Hello
2015-11-03 22:30:58,120 INFO  nl.rdj.GreetPrinter  - hello, typesafe
2015-11-03 22:30:59,120 INFO  nl.rdj.Greeter  - Hello
2015-11-03 22:30:59,120 INFO  nl.rdj.GreetPrinter  - hello, typesafe
2015-11-03 22:31:00,119 INFO  nl.rdj.Greeter  - Hello
2015-11-03 22:31:00,120 INFO  nl.rdj.GreetPrinter  - hello, typesafe
2015-11-03 22:31:01,124 INFO  nl.rdj.Greeter  - Hello
2015-11-03 22:31:01,124 INFO  nl.rdj.GreetPrinter  - hello, typesafe
2015-11-03 22:31:02,110 INFO  nl.rdj.Greeter  - Hello
2015-11-03 22:31:02,110 INFO  nl.rdj.GreetPrinter  - hello, typesafe
2015-11-03 22:31:03,122 INFO  nl.rdj.Greeter  - Hello
2015-11-03 22:31:03,123 INFO  nl.rdj.GreetPrinter  - hello, typesafe
2015-11-03 22:31:04,109 INFO  nl.rdj.Greeter  - Hello
2015-11-03 22:31:04,110 INFO  nl.rdj.GreetPrinter  - hello, typesafe
2015-11-03 22:31:06,983 INFO  akka.event.slf4j.Slf4jLogger  - Slf4jLogger started
2015-11-03 22:31:07,005 DEBUG akka.event.EventStream main - logger log1-Slf4jLogger started
2015-11-03 22:31:07,012 DEBUG akka.event.EventStream main - Default Loggers started
2015-11-03 22:31:07,021 INFO  akka.actor.ActorSystemImpl main - {
    # merge of application.conf @ jar:file:/app/hello-akka-assembly-1.0.jar!/application.conf: 1,reference.conf @ jar:file:/app/hello-akka-assembly-1.0.jar!/reference.conf: 8
    "akka" : {
        # reference.conf @ jar:file:/app/hello-akka-assembly-1.0.jar!/reference.conf: 71
        "actor" : {
            # reference.conf @ jar:file:/app/hello-akka-assembly-1.0.jar!/reference.conf: 83
            # Timeout for ActorSystem.actorOf
            "creation-timeout" : "20s",
            # reference.conf @ jar:file:/app/hello-akka-assembly-1.0.jar!/reference.conf: 456
            "debug" : {
                # reference.conf @ jar:file:/app/hello-akka-assembly-1.0.jar!/reference.conf: 473
                # enable DEBUG logging of all AutoReceiveMessages (Kill, PoisonPill et.c.)
                "autoreceive" : "off",
                # reference.conf @ jar:file:/app/hello-akka-assembly-1.0.jar!/reference.conf: 482
                # enable DEBUG logging of subscription changes on the eventStream
                "event-stream" : "off",
                # reference.conf @ jar:file:/app/hello-akka-assembly-1.0.jar!/reference.conf: 479
                # enable DEBUG logging of all LoggingFSMs for events, transitions and timers
                "fsm" : "off",
                # reference.conf @ jar:file:/app/hello-akka-assembly-1.0.jar!/reference.conf: 476
                # enable DEBUG logging of actor lifecycle changes
                "lifecycle" : "off",
                # reference.conf @ jar:file:/app/hello-akka-assembly-1.0.jar!/reference.conf: 470
                # enable function of Actor.loggable(), which is to log any received message
                # at DEBUG level, see the “Testing Actor Systems” section of the Akka
                # Documentation at http://akka.io/docs
                "receive" : "off",
                # reference.conf @ jar:file:/app/hello-akka-assembly-1.0.jar!/reference.conf: 488
                # enable WARN logging of misconfigured routers
                "router-misconfiguration" : "off",
                # reference.conf @ jar:file:/app/hello-akka-assembly-1.0.jar!/reference.conf: 485
                # enable DEBUG logging of unhandled messages
                "unhandled" : "off"
            },
            # reference.conf @ jar:file:/app/hello-akka-assembly-1.0.jar!/reference.conf: 253
            "default-dispatcher" : {
                # reference.conf @ jar:file:/app/hello-akka-assembly-1.0.jar!/reference.conf: 353
                # For BalancingDispatcher: If the balancing dispatcher should attempt to
                # schedule idle actors using the same dispatcher when a message comes in,
                # and the dispatchers ExecutorService is not fully busy already.
                "attempt-teamwork" : "on",
                # reference.conf @ jar:file:/app/hello-akka-assembly-1.0.jar!/reference.conf: 278
                # This will be used if you have set "executor = "default-executor"".
                # If an ActorSystem is created with a given ExecutionContext, this
                # ExecutionContext will be used as the default executor for all
                # dispatchers in the ActorSystem configured with
                # executor = "default-executor". Note that "default-executor"
                # is the default value for executor, and therefore used if not
                # specified otherwise. If no ExecutionContext is given,
                # the executor configured in "fallback" will be used.
                "default-executor" : {
                    # reference.conf @ jar:file:/app/hello-akka-assembly-1.0.jar!/reference.conf: 279
                    "fallback" : "fork-join-executor"
                },
                # reference.conf @ jar:file:/app/hello-akka-assembly-1.0.jar!/reference.conf: 268
                # Which kind of ExecutorService to use for this dispatcher
                # Valid options:
                #  - "default-executor" requires a "default-executor" section
                #  - "fork-join-executor" requires a "fork-join-executor" section
                #  - "thread-pool-executor" requires a "thread-pool-executor" section
                #  - A FQCN of a class extending ExecutorServiceConfigurator
                "executor" : "default-executor",
                # reference.conf @ jar:file:/app/hello-akka-assembly-1.0.jar!/reference.conf: 283
                # This will be used if you have set "executor = "fork-join-executor""
                "fork-join-executor" : {
                    # reference.conf @ jar:file:/app/hello-akka-assembly-1.0.jar!/reference.conf: 290
                    # The parallelism factor is used to determine thread pool size using the
                    # following formula: ceil(available processors * factor). Resulting size
                    # is then bounded by the parallelism-min and parallelism-max values.
                    "parallelism-factor" : 3,
                    # reference.conf @ jar:file:/app/hello-akka-assembly-1.0.jar!/reference.conf: 293
                    # Max number of threads to cap factor-based parallelism number to
                    "parallelism-max" : 64,
                    # reference.conf @ jar:file:/app/hello-akka-assembly-1.0.jar!/reference.conf: 285
                    # Min number of threads to cap factor-based parallelism number to
                    "parallelism-min" : 8,
                    # reference.conf @ jar:file:/app/hello-akka-assembly-1.0.jar!/reference.conf: 297
                    # Setting to "FIFO" to use queue like peeking mode which "poll" or "LIFO" to use stack
                    # like peeking mode which "pop".
                    "task-peeking-mode" : "FIFO"
                },
                # reference.conf @ jar:file:/app/hello-akka-assembly-1.0.jar!/reference.conf: 358
                # If this dispatcher requires a specific type of mailbox, specify the
                # fully-qualified class name here; the actually created mailbox will
                # be a subtype of this type. The empty string signifies no requirement.
                "mailbox-requirement" : "",
                # reference.conf @ jar:file:/app/hello-akka-assembly-1.0.jar!/reference.conf: 341
                # How long time the dispatcher will wait for new actors until it shuts down
                "shutdown-timeout" : "1s",
                # reference.conf @ jar:file:/app/hello-akka-assembly-1.0.jar!/reference.conf: 301
                # This will be used if you have set "executor = "thread-pool-executor""
                "thread-pool-executor" : {
                    # reference.conf @ jar:file:/app/hello-akka-assembly-1.0.jar!/reference.conf: 337
                    # Allow core threads to time out
                    "allow-core-timeout" : "on",
                    # reference.conf @ jar:file:/app/hello-akka-assembly-1.0.jar!/reference.conf: 312
                    # The core pool size factor is used to determine thread pool core size
                    # using the following formula: ceil(available processors * factor).
                    # Resulting size is then bounded by the core-pool-size-min and
                    # core-pool-size-max values.
                    "core-pool-size-factor" : 3,
                    # reference.conf @ jar:file:/app/hello-akka-assembly-1.0.jar!/reference.conf: 315
                    # Max number of threads to cap factor-based number to
                    "core-pool-size-max" : 64,
                    # reference.conf @ jar:file:/app/hello-akka-assembly-1.0.jar!/reference.conf: 306
                    # Min number of threads to cap factor-based core number to
                    "core-pool-size-min" : 8,
                    # reference.conf @ jar:file:/app/hello-akka-assembly-1.0.jar!/reference.conf: 303
                    # Keep alive time for threads
                    "keep-alive-time" : "60s",
                    # reference.conf @ jar:file:/app/hello-akka-assembly-1.0.jar!/reference.conf: 323
                    # Max no of threads (if using a bounded task queue) is determined by
                    # calculating: ceil(available processors * factor)
                    "max-pool-size-factor" : 3,
                    # reference.conf @ jar:file:/app/hello-akka-assembly-1.0.jar!/reference.conf: 327
                    # Max number of threads to cap factor-based max number to
                    # (if using a  bounded task queue)
                    "max-pool-size-max" : 64,
                    # reference.conf @ jar:file:/app/hello-akka-assembly-1.0.jar!/reference.conf: 319
                    # Minimum number of threads to cap factor-based max number to
                    # (if using a bounded task queue)
                    "max-pool-size-min" : 8,
                    # reference.conf @ jar:file:/app/hello-akka-assembly-1.0.jar!/reference.conf: 330
                    # Specifies the bounded capacity of the task queue (< 1 == unbounded)
                    "task-queue-size" : -1,
                    # reference.conf @ jar:file:/app/hello-akka-assembly-1.0.jar!/reference.conf: 334
                    # Specifies which type of task queue will be used, can be "array" or
                    # "linked" (default)
                    "task-queue-type" : "linked"
                },
                # reference.conf @ jar:file:/app/hello-akka-assembly-1.0.jar!/reference.conf: 345
                # Throughput defines the number of messages that are processed in a batch
                # before the thread is returned to the pool. Set to 1 for as fair as possible.
                "throughput" : 5,
                # reference.conf @ jar:file:/app/hello-akka-assembly-1.0.jar!/reference.conf: 348
                # Throughput deadline for Dispatcher, set to 0 or negative for no deadline
                "throughput-deadline-time" : "0ms",
                # reference.conf @ jar:file:/app/hello-akka-assembly-1.0.jar!/reference.conf: 260
                # Must be one of the following
                # Dispatcher, PinnedDispatcher, or a FQCN to a class inheriting
                # MessageDispatcherConfigurator with a public constructor with
                # both com.typesafe.config.Config parameter and
                # akka.dispatch.DispatcherPrerequisites parameters.
                # PinnedDispatcher must be used together with executor=thread-pool-executor.
                "type" : "Dispatcher"
            },
            # reference.conf @ jar:file:/app/hello-akka-assembly-1.0.jar!/reference.conf: 361
            "default-mailbox" : {
                # reference.conf @ jar:file:/app/hello-akka-assembly-1.0.jar!/reference.conf: 372
                # If the mailbox is bounded then it uses this setting to determine its
                # capacity. The provided value must be positive.
                # NOTICE:
                # Up to version 2.1 the mailbox type was determined based on this setting;
                # this is no longer the case, the type must explicitly be a bounded mailbox.
                "mailbox-capacity" : 1000,
                # reference.conf @ jar:file:/app/hello-akka-assembly-1.0.jar!/reference.conf: 377
                # If the mailbox is bounded then this is the timeout for enqueueing
                # in case the mailbox is full. Negative values signify infinite
                # timeout, which should be avoided as it bears the risk of dead-lock.
                "mailbox-push-timeout-time" : "10s",
                # reference.conf @ jar:file:/app/hello-akka-assembly-1.0.jar!/reference.conf: 365
                # FQCN of the MailboxType. The Class of the FQCN must have a public
                # constructor with
                # (akka.actor.ActorSystem.Settings, com.typesafe.config.Config) parameters.
                "mailbox-type" : "akka.dispatch.UnboundedMailbox",
                # reference.conf @ jar:file:/app/hello-akka-assembly-1.0.jar!/reference.conf: 383
                # For Actor with Stash: The default capacity of the stash.
                # If negative (or zero) then an unbounded stash is used (default)
                # If positive then a bounded stash is used and the capacity is set using
                # the property
                "stash-capacity" : -1
            },
            # reference.conf @ jar:file:/app/hello-akka-assembly-1.0.jar!/reference.conf: 127
            "deployment" : {
                # reference.conf @ jar:file:/app/hello-akka-assembly-1.0.jar!/reference.conf: 246
                "/IO-DNS/inet-address" : {
                    # reference.conf @ jar:file:/app/hello-akka-assembly-1.0.jar!/reference.conf: 247
                    "mailbox" : "unbounded",
                    # reference.conf @ jar:file:/app/hello-akka-assembly-1.0.jar!/reference.conf: 249
                    "nr-of-instances" : 4,
                    # reference.conf @ jar:file:/app/hello-akka-assembly-1.0.jar!/reference.conf: 248
                    "router" : "consistent-hashing-pool"
                },
                # reference.conf @ jar:file:/app/hello-akka-assembly-1.0.jar!/reference.conf: 130
                # deployment id pattern - on the format: /parent/child etc.
                "default" : {
                    # reference.conf @ jar:file:/app/hello-akka-assembly-1.0.jar!/reference.conf: 136
                    # The id of the dispatcher to use for this actor.
                    # If undefined or empty the dispatcher specified in code
                    # (Props.withDispatcher) is used, or default-dispatcher if not
                    # specified at all.
                    "dispatcher" : "",
                    # reference.conf @ jar:file:/app/hello-akka-assembly-1.0.jar!/reference.conf: 144
                    # The id of the mailbox to use for this actor.
                    # If undefined or empty the default mailbox of the configured dispatcher
                    # is used or if there is no mailbox configuration the mailbox specified
                    # in code (Props.withMailbox) is used.
                    # If there is a mailbox defined in the configured dispatcher then that
                    # overrides this setting.
                    "mailbox" : "",
                    # reference.conf @ jar:file:/app/hello-akka-assembly-1.0.jar!/reference.conf: 169
                    # number of children to create in case of a router;
                    # this setting is ignored if routees.paths is given
                    "nr-of-instances" : 1,
                    # reference.conf @ jar:file:/app/hello-akka-assembly-1.0.jar!/reference.conf: 200
                    # Routers with dynamically resizable number of routees; this feature is
                    # enabled by including (parts of) this section in the deployment
                    "resizer" : {
                        # reference.conf @ jar:file:/app/hello-akka-assembly-1.0.jar!/reference.conf: 238
                        # Fraction of routees to be removed when the resizer reaches the
                        # backoffThreshold.
                        # For example, 0.1 would decrease 10% (rounded up), i.e. if current
                        # capacity is 9 it will request an decrease of 1 routee.
                        "backoff-rate" : 0.1,
                        # reference.conf @ jar:file:/app/hello-akka-assembly-1.0.jar!/reference.conf: 232
                        # Minimum fraction of busy routees before backing off.
                        # For example, if this is 0.3, then we'll remove some routees only when
                        # less than 30% of routees are busy, i.e. if current capacity is 10 and
                        # 3 are busy then the capacity is unchanged, but if 2 or less are busy
                        # the capacity is decreased.
                        # Use 0.0 or negative to avoid removal of routees.
                        "backoff-threshold" : 0.3,
                        # reference.conf @ jar:file:/app/hello-akka-assembly-1.0.jar!/reference.conf: 202
                        "enabled" : "off",
                        # reference.conf @ jar:file:/app/hello-akka-assembly-1.0.jar!/reference.conf: 205
                        # The fewest number of routees the router should ever have.
                        "lower-bound" : 1,
                        # reference.conf @ jar:file:/app/hello-akka-assembly-1.0.jar!/reference.conf: 242
                        # Number of messages between resize operation.
                        # Use 1 to resize before each message.
                        "messages-per-resize" : 10,
                        # reference.conf @ jar:file:/app/hello-akka-assembly-1.0.jar!/reference.conf: 219
                        # Threshold used to evaluate if a routee is considered to be busy
                        # (under pressure). Implementation depends on this value (default is 1).
                        # 0:   number of routees currently processing a message.
                        # 1:   number of routees currently processing a message has
                        #      some messages in mailbox.
                        # > 1: number of routees with at least the configured pressure-threshold
                        #      messages in their mailbox. Note that estimating mailbox size of
                        #      default UnboundedMailbox is O(N) operation.
                        "pressure-threshold" : 1,
                        # reference.conf @ jar:file:/app/hello-akka-assembly-1.0.jar!/reference.conf: 224
                        # Percentage to increase capacity whenever all routees are busy.
                        # For example, 0.2 would increase 20% (rounded up), i.e. if current
                        # capacity is 6 it will request an increase of 2 more routees.
                        "rampup-rate" : 0.2,
                        # reference.conf @ jar:file:/app/hello-akka-assembly-1.0.jar!/reference.conf: 209
                        # The most number of routees the router should ever have.
                        # Must be greater than or equal to lower-bound.
                        "upper-bound" : 10
                    },
                    # reference.conf @ jar:file:/app/hello-akka-assembly-1.0.jar!/reference.conf: 182
                    "routees" : {
                        # reference.conf @ jar:file:/app/hello-akka-assembly-1.0.jar!/reference.conf: 186
                        # Alternatively to giving nr-of-instances you can specify the full
                        # paths of those actors which should be routed to. This setting takes
                        # precedence over nr-of-instances
                        "paths" : []
                    },
                    # reference.conf @ jar:file:/app/hello-akka-assembly-1.0.jar!/reference.conf: 165
                    # routing (load-balance) scheme to use
                    # - available: "from-code", "round-robin", "random", "smallest-mailbox",
                    #              "scatter-gather", "broadcast"
                    # - or:        Fully qualified class name of the router class.
                    #              The class must extend akka.routing.CustomRouterConfig and
                    #              have a public constructor with com.typesafe.config.Config
                    #              and optional akka.actor.DynamicAccess parameter.
                    # - default is "from-code";
                    # Whether or not an actor is transformed to a Router is decided in code
                    # only (Props.withRouter). The type of router can be overridden in the
                    # configuration; specifying "from-code" means that the values specified
                    # in the code shall be used.
                    # In case of routing, the actors to be routed to can be specified
                    # in several ways:
                    # - nr-of-instances: will create that many children
                    # - routees.paths: will route messages to these paths using ActorSelection,
                    #   i.e. will not create children
                    # - resizer: dynamically resizable number of routees as specified in
                    #   resizer below
                    "router" : "from-code",
                    # reference.conf @ jar:file:/app/hello-akka-assembly-1.0.jar!/reference.conf: 177
                    "tail-chopping-router" : {
                        # reference.conf @ jar:file:/app/hello-akka-assembly-1.0.jar!/reference.conf: 179
                        # interval is duration between sending message to next routee
                        "interval" : "10 milliseconds"
                    },
                    # reference.conf @ jar:file:/app/hello-akka-assembly-1.0.jar!/reference.conf: 175
                    # number of virtual nodes per node for consistent-hashing router
                    "virtual-nodes-factor" : 10,
                    # reference.conf @ jar:file:/app/hello-akka-assembly-1.0.jar!/reference.conf: 172
                    # within is the timeout used for routers containing future calls
                    "within" : "5 seconds"
                }
            },
            # reference.conf @ jar:file:/app/hello-akka-assembly-1.0.jar!/reference.conf: 511
            # Configuration items which are used by the akka.actor.ActorDSL._ methods
            "dsl" : {
                # reference.conf @ jar:file:/app/hello-akka-assembly-1.0.jar!/reference.conf: 527
                # Default timeout to assume for operations like Inbox.receive et al
                "default-timeout" : "5s",
                # reference.conf @ jar:file:/app/hello-akka-assembly-1.0.jar!/reference.conf: 524
                # Maximum queue size of the actor created by newInbox(); this protects
                # against faulty programs which use select() and consistently miss messages
                "inbox-size" : 1000
            },
            # reference.conf @ jar:file:/app/hello-akka-assembly-1.0.jar!/reference.conf: 80
            # The guardian "/user" will use this class to obtain its supervisorStrategy.
            # It needs to be a subclass of akka.actor.SupervisorStrategyConfigurator.
            # In addition to the default there is akka.actor.StoppingSupervisorStrategy.
            "guardian-supervisor-strategy" : "akka.actor.DefaultSupervisorStrategy",
            # reference.conf @ jar:file:/app/hello-akka-assembly-1.0.jar!/reference.conf: 386
            "mailbox" : {
                # reference.conf @ jar:file:/app/hello-akka-assembly-1.0.jar!/reference.conf: 441
                "bounded-control-aware-queue-based" : {
                    # reference.conf @ jar:file:/app/hello-akka-assembly-1.0.jar!/reference.conf: 455
                    # FQCN of the MailboxType, The Class of the FQCN must have a public
                    # constructor with (akka.actor.ActorSystem.Settings,
                    # com.typesafe.config.Config) parameters.
                    "mailbox-type" : "akka.dispatch.BoundedControlAwareMailbox"
                },
                # reference.conf @ jar:file:/app/hello-akka-assembly-1.0.jar!/reference.conf: 427
                "bounded-deque-based" : {
                    # reference.conf @ jar:file:/app/hello-akka-assembly-1.0.jar!/reference.conf: 441
                    # FQCN of the MailboxType, The Class of the FQCN must have a public
                    # constructor with (akka.actor.ActorSystem.Settings,
                    # com.typesafe.config.Config) parameters.
                    "mailbox-type" : "akka.dispatch.BoundedDequeBasedMailbox"
                },
                # reference.conf @ jar:file:/app/hello-akka-assembly-1.0.jar!/reference.conf: 413
                "bounded-queue-based" : {
                    # reference.conf @ jar:file:/app/hello-akka-assembly-1.0.jar!/reference.conf: 427
                    # FQCN of the MailboxType, The Class of the FQCN must have a public
                    # constructor with (akka.actor.ActorSystem.Settings,
                    # com.typesafe.config.Config) parameters.
                    "mailbox-type" : "akka.dispatch.BoundedMailbox"
                },
                # reference.conf @ jar:file:/app/hello-akka-assembly-1.0.jar!/reference.conf: 451
                # The LoggerMailbox will drain all messages in the mailbox
                # when the system is shutdown and deliver them to the StandardOutLogger.
                # Do not change this unless you know what you are doing.
                "logger-queue" : {
                    # reference.conf @ jar:file:/app/hello-akka-assembly-1.0.jar!/reference.conf: 462
                    "mailbox-type" : "akka.event.LoggerMailboxType"
                },
                # reference.conf @ jar:file:/app/hello-akka-assembly-1.0.jar!/reference.conf: 393
                # Mapping between message queue semantics and mailbox configurations.
                # Used by akka.dispatch.RequiresMessageQueue[T] to enforce different
                # mailbox types on actors.
                # If your Actor implements RequiresMessageQueue[T], then when you create
                # an instance of that actor its mailbox type will be decided by looking
                # up a mailbox configuration via T in this mapping
                "requirements" : {
                    # reference.conf @ jar:file:/app/hello-akka-assembly-1.0.jar!/reference.conf: 411
                    "akka.dispatch.BoundedControlAwareMessageQueueSemantics" : "akka.actor.mailbox.bounded-control-aware-queue-based",
                    # reference.conf @ jar:file:/app/hello-akka-assembly-1.0.jar!/reference.conf: 403
                    "akka.dispatch.BoundedDequeBasedMessageQueueSemantics" : "akka.actor.mailbox.bounded-deque-based",
                    # reference.conf @ jar:file:/app/hello-akka-assembly-1.0.jar!/reference.conf: 397
                    "akka.dispatch.BoundedMessageQueueSemantics" : "akka.actor.mailbox.bounded-queue-based",
                    # reference.conf @ jar:file:/app/hello-akka-assembly-1.0.jar!/reference.conf: 407
                    "akka.dispatch.ControlAwareMessageQueueSemantics" : "akka.actor.mailbox.unbounded-control-aware-queue-based",
                    # reference.conf @ jar:file:/app/hello-akka-assembly-1.0.jar!/reference.conf: 399
                    "akka.dispatch.DequeBasedMessageQueueSemantics" : "akka.actor.mailbox.unbounded-deque-based",
                    # reference.conf @ jar:file:/app/hello-akka-assembly-1.0.jar!/reference.conf: 405
                    "akka.dispatch.MultipleConsumerSemantics" : "akka.actor.mailbox.unbounded-queue-based",
                    # reference.conf @ jar:file:/app/hello-akka-assembly-1.0.jar!/reference.conf: 409
                    "akka.dispatch.UnboundedControlAwareMessageQueueSemantics" : "akka.actor.mailbox.unbounded-control-aware-queue-based",
                    # reference.conf @ jar:file:/app/hello-akka-assembly-1.0.jar!/reference.conf: 401
                    "akka.dispatch.UnboundedDequeBasedMessageQueueSemantics" : "akka.actor.mailbox.unbounded-deque-based",
                    # reference.conf @ jar:file:/app/hello-akka-assembly-1.0.jar!/reference.conf: 395
                    "akka.dispatch.UnboundedMessageQueueSemantics" : "akka.actor.mailbox.unbounded-queue-based",
                    # reference.conf @ jar:file:/app/hello-akka-assembly-1.0.jar!/reference.conf: 413
                    "akka.event.LoggerMessageQueueSemantics" : "akka.actor.mailbox.logger-queue"
                },
                # reference.conf @ jar:file:/app/hello-akka-assembly-1.0.jar!/reference.conf: 434
                "unbounded-control-aware-queue-based" : {
                    # reference.conf @ jar:file:/app/hello-akka-assembly-1.0.jar!/reference.conf: 448
                    # FQCN of the MailboxType, The Class of the FQCN must have a public
                    # constructor with (akka.actor.ActorSystem.Settings,
                    # com.typesafe.config.Config) parameters.
                    "mailbox-type" : "akka.dispatch.UnboundedControlAwareMailbox"
                },
                # reference.conf @ jar:file:/app/hello-akka-assembly-1.0.jar!/reference.conf: 420
                "unbounded-deque-based" : {
                    # reference.conf @ jar:file:/app/hello-akka-assembly-1.0.jar!/reference.conf: 434
                    # FQCN of the MailboxType, The Class of the FQCN must have a public
                    # constructor with (akka.actor.ActorSystem.Settings,
                    # com.typesafe.config.Config) parameters.
                    "mailbox-type" : "akka.dispatch.UnboundedDequeBasedMailbox"
                },
                # reference.conf @ jar:file:/app/hello-akka-assembly-1.0.jar!/reference.conf: 406
                "unbounded-queue-based" : {
                    # reference.conf @ jar:file:/app/hello-akka-assembly-1.0.jar!/reference.conf: 420
                    # FQCN of the MailboxType, The Class of the FQCN must have a public
                    # constructor with (akka.actor.ActorSystem.Settings,
                    # com.typesafe.config.Config) parameters.
                    "mailbox-type" : "akka.dispatch.UnboundedMailbox"
                }
            },
            # reference.conf @ jar:file:/app/hello-akka-assembly-1.0.jar!/reference.conf: 75
            # FQCN of the ActorRefProvider to be used; the below is the built-in default,
            # another one is akka.remote.RemoteActorRefProvider in the akka-remote bundle.
            "provider" : "akka.actor.LocalActorRefProvider",
            # reference.conf @ jar:file:/app/hello-akka-assembly-1.0.jar!/reference.conf: 87
            # Frequency with which stopping actors are prodded in case they had to be
            # removed from their parents
            "reaper-interval" : "5s",
            # reference.conf @ jar:file:/app/hello-akka-assembly-1.0.jar!/reference.conf: 109
            "router" : {
                # reference.conf @ jar:file:/app/hello-akka-assembly-1.0.jar!/reference.conf: 109
                # Mapping between ´deployment.router' short names to fully qualified class names
                "type-mapping" : {
                    # reference.conf @ jar:file:/app/hello-akka-assembly-1.0.jar!/reference.conf: 115
                    "balancing-pool" : "akka.routing.BalancingPool",
                    # reference.conf @ jar:file:/app/hello-akka-assembly-1.0.jar!/reference.conf: 118
                    "broadcast-group" : "akka.routing.BroadcastGroup",
                    # reference.conf @ jar:file:/app/hello-akka-assembly-1.0.jar!/reference.conf: 117
                    "broadcast-pool" : "akka.routing.BroadcastPool",
                    # reference.conf @ jar:file:/app/hello-akka-assembly-1.0.jar!/reference.conf: 124
                    "consistent-hashing-group" : "akka.routing.ConsistentHashingGroup",
                    # reference.conf @ jar:file:/app/hello-akka-assembly-1.0.jar!/reference.conf: 123
                    "consistent-hashing-pool" : "akka.routing.ConsistentHashingPool",
                    # reference.conf @ jar:file:/app/hello-akka-assembly-1.0.jar!/reference.conf: 110
                    "from-code" : "akka.routing.NoRouter",
                    # reference.conf @ jar:file:/app/hello-akka-assembly-1.0.jar!/reference.conf: 114
                    "random-group" : "akka.routing.RandomGroup",
                    # reference.conf @ jar:file:/app/hello-akka-assembly-1.0.jar!/reference.conf: 113
                    "random-pool" : "akka.routing.RandomPool",
                    # reference.conf @ jar:file:/app/hello-akka-assembly-1.0.jar!/reference.conf: 112
                    "round-robin-group" : "akka.routing.RoundRobinGroup",
                    # reference.conf @ jar:file:/app/hello-akka-assembly-1.0.jar!/reference.conf: 111
                    "round-robin-pool" : "akka.routing.RoundRobinPool",
                    # reference.conf @ jar:file:/app/hello-akka-assembly-1.0.jar!/reference.conf: 120
                    "scatter-gather-group" : "akka.routing.ScatterGatherFirstCompletedGroup",
                    # reference.conf @ jar:file:/app/hello-akka-assembly-1.0.jar!/reference.conf: 119
                    "scatter-gather-pool" : "akka.routing.ScatterGatherFirstCompletedPool",
                    # reference.conf @ jar:file:/app/hello-akka-assembly-1.0.jar!/reference.conf: 116
                    "smallest-mailbox-pool" : "akka.routing.SmallestMailboxPool",
                    # reference.conf @ jar:file:/app/hello-akka-assembly-1.0.jar!/reference.conf: 122
                    "tail-chopping-group" : "akka.routing.TailChoppingGroup",
                    # reference.conf @ jar:file:/app/hello-akka-assembly-1.0.jar!/reference.conf: 121
                    "tail-chopping-pool" : "akka.routing.TailChoppingPool"
                }
            },
            # reference.conf @ jar:file:/app/hello-akka-assembly-1.0.jar!/reference.conf: 494
            # Class to Serializer binding. You only need to specify the name of an
            # interface or abstract base class of the messages. In case of ambiguity it
            # is using the most specific configured class, or giving a warning and
            # choosing the “first” one.
            # 
            # To disable one of the default serializers, assign its class to "none", like
            # "java.io.Serializable" = none
            "serialization-bindings" : {
                # reference.conf @ jar:file:/app/hello-akka-assembly-1.0.jar!/reference.conf: 505
                "[B" : "bytes",
                # reference.conf @ jar:file:/app/hello-akka-assembly-1.0.jar!/reference.conf: 506
                "java.io.Serializable" : "java"
            },
            # reference.conf @ jar:file:/app/hello-akka-assembly-1.0.jar!/reference.conf: 505
            # Configuration namespace of serialization identifiers.
            # Each serializer implementation must have an entry in the following format:
            # `akka.actor.serialization-identifiers."FQCN" = ID`
            # where `FQCN` is fully qualified class name of the serializer implementation
            # and `ID` is globally unique serializer identifier number.
            # Identifier values from 0 to 16 are reserved for Akka internal usage.
            "serialization-identifiers" : {
                # reference.conf @ jar:file:/app/hello-akka-assembly-1.0.jar!/reference.conf: 517
                "akka.serialization.ByteArraySerializer" : 4,
                # reference.conf @ jar:file:/app/hello-akka-assembly-1.0.jar!/reference.conf: 516
                "akka.serialization.JavaSerializer" : 1
            },
            # reference.conf @ jar:file:/app/hello-akka-assembly-1.0.jar!/reference.conf: 96
            # Serializes and deserializes creators (in Props) to ensure that they can be
            # sent over the network, this is only intended for testing. Purely local deployments
            # as marked with deploy.scope == LocalScope are exempt from verification.
            "serialize-creators" : "off",
            # reference.conf @ jar:file:/app/hello-akka-assembly-1.0.jar!/reference.conf: 91
            # Serializes and deserializes (non-primitive) messages to ensure immutability,
            # this is only intended for testing.
            "serialize-messages" : "off",
            # reference.conf @ jar:file:/app/hello-akka-assembly-1.0.jar!/reference.conf: 482
            # Entries for pluggable serializers and their bindings.
            "serializers" : {
                # reference.conf @ jar:file:/app/hello-akka-assembly-1.0.jar!/reference.conf: 494
                "bytes" : "akka.serialization.ByteArraySerializer",
                # reference.conf @ jar:file:/app/hello-akka-assembly-1.0.jar!/reference.conf: 493
                "java" : "akka.serialization.JavaSerializer"
            },
            # reference.conf @ jar:file:/app/hello-akka-assembly-1.0.jar!/reference.conf: 103
            "typed" : {
                # reference.conf @ jar:file:/app/hello-akka-assembly-1.0.jar!/reference.conf: 105
                # Default timeout for typed actor methods with non-void return type
                "timeout" : "5s"
            },
            # reference.conf @ jar:file:/app/hello-akka-assembly-1.0.jar!/reference.conf: 101
            # Timeout for send operations to top-level actors which are in the process
            # of being started. This is only relevant if using a bounded mailbox or the
            # CallingThreadDispatcher for a top-level actor.
            "unstarted-push-timeout" : "10s"
        },
        # reference.conf @ jar:file:/app/hello-akka-assembly-1.0.jar!/reference.conf: 65
        # Toggles whether threads created by this ActorSystem should be daemons or not
        "daemonic" : "off",
        # reference.conf @ jar:file:/app/hello-akka-assembly-1.0.jar!/reference.conf: 62
        # List FQCN of extensions which shall be loaded at actor system startup.
        # Should be on the format: 'extensions = ["foo", "bar"]' etc.
        # See the Akka Documentation for more info about Extensions
        "extensions" : [],
        # reference.conf @ jar:file:/app/hello-akka-assembly-1.0.jar!/reference.conf: 13
        # Home directory of Akka, modules in the deploy directory will be loaded
        "home" : "",
        # reference.conf @ jar:file:/app/hello-akka-assembly-1.0.jar!/reference.conf: 560
        "io" : {
            # reference.conf @ jar:file:/app/hello-akka-assembly-1.0.jar!/reference.conf: 780
            "dns" : {
                # reference.conf @ jar:file:/app/hello-akka-assembly-1.0.jar!/reference.conf: 794
                # Fully qualified config path which holds the dispatcher configuration
                # for the manager and resolver router actors.
                # For actual router configuration see akka.actor.deployment./IO-DNS/*
                "dispatcher" : "akka.actor.default-dispatcher",
                # reference.conf @ jar:file:/app/hello-akka-assembly-1.0.jar!/reference.conf: 789
                "inet-address" : {
                    # reference.conf @ jar:file:/app/hello-akka-assembly-1.0.jar!/reference.conf: 809
                    # How often to sweep out expired cache entries.
                    # Note that this interval has nothing to do with TTLs
                    "cache-cleanup-interval" : "120s",
                    # reference.conf @ jar:file:/app/hello-akka-assembly-1.0.jar!/reference.conf: 805
                    "negative-ttl" : "10s",
                    # reference.conf @ jar:file:/app/hello-akka-assembly-1.0.jar!/reference.conf: 804
                    # These TTLs are set to default java 6 values
                    "positive-ttl" : "30s",
                    # reference.conf @ jar:file:/app/hello-akka-assembly-1.0.jar!/reference.conf: 801
                    # Must implement akka.io.DnsProvider
                    "provider-object" : "akka.io.InetAddressDnsProvider"
                },
                # reference.conf @ jar:file:/app/hello-akka-assembly-1.0.jar!/reference.conf: 797
                # Name of the subconfig at path akka.io.dns, see inet-address below
                "resolver" : "inet-address"
            },
            # reference.conf @ jar:file:/app/hello-akka-assembly-1.0.jar!/reference.conf: 564
            # By default the select loops run on dedicated threads, hence using a
            # PinnedDispatcher
            "pinned-dispatcher" : {
                # reference.conf @ jar:file:/app/hello-akka-assembly-1.0.jar!/reference.conf: 576
                "executor" : "thread-pool-executor",
                # reference.conf @ jar:file:/app/hello-akka-assembly-1.0.jar!/reference.conf: 577
                "thread-pool-executor" : {
                    # reference.conf @ jar:file:/app/hello-akka-assembly-1.0.jar!/reference.conf: 577
                    "allow-core-timeout" : "off"
                },
                # reference.conf @ jar:file:/app/hello-akka-assembly-1.0.jar!/reference.conf: 575
                "type" : "PinnedDispatcher"
            },
            # reference.conf @ jar:file:/app/hello-akka-assembly-1.0.jar!/reference.conf: 570
            "tcp" : {
                # reference.conf @ jar:file:/app/hello-akka-assembly-1.0.jar!/reference.conf: 602
                # The maximum number of connection that are accepted in one go,
                # higher numbers decrease latency, lower numbers increase fairness on
                # the worker-dispatcher
                "batch-accept-limit" : 10,
                # reference.conf @ jar:file:/app/hello-akka-assembly-1.0.jar!/reference.conf: 610
                # The maximal number of direct buffers kept in the direct buffer pool for
                # reuse.
                "direct-buffer-pool-limit" : 1000,
                # reference.conf @ jar:file:/app/hello-akka-assembly-1.0.jar!/reference.conf: 606
                # The number of bytes per direct buffer in the pool used to read or write
                # network data from the kernel.
                "direct-buffer-size" : "128 KiB",
                # reference.conf @ jar:file:/app/hello-akka-assembly-1.0.jar!/reference.conf: 643
                # Fully qualified config path which holds the dispatcher configuration
                # on which file IO tasks are scheduled
                "file-io-dispatcher" : "akka.actor.default-dispatcher",
                # reference.conf @ jar:file:/app/hello-akka-assembly-1.0.jar!/reference.conf: 651
                # The maximum number of bytes (or "unlimited") to transfer in one batch
                # when using `WriteFile` command which uses `FileChannel.transferTo` to
                # pipe files to a TCP socket. On some OS like Linux `FileChannel.transferTo`
                # may block for a long time when network IO is faster than file IO.
                # Decreasing the value may improve fairness while increasing may improve
                # throughput.
                "file-io-transferTo-limit" : "512 KiB",
                # reference.conf @ jar:file:/app/hello-akka-assembly-1.0.jar!/reference.conf: 656
                # The number of times to retry the `finishConnect` call after being notified about
                # OP_CONNECT. Retries are needed if the OP_CONNECT notification doesn't imply that
                # `finishConnect` will succeed, which is the case on Android.
                "finish-connect-retries" : 5,
                # reference.conf @ jar:file:/app/hello-akka-assembly-1.0.jar!/reference.conf: 639
                # Fully qualified config path which holds the dispatcher configuration
                # for the selector management actors
                "management-dispatcher" : "akka.actor.default-dispatcher",
                # reference.conf @ jar:file:/app/hello-akka-assembly-1.0.jar!/reference.conf: 592
                # Maximum number of open channels supported by this TCP module; there is
                # no intrinsic general limit, this setting is meant to enable DoS
                # protection by limiting the number of concurrently connected clients.
                # Also note that this is a "soft" limit; in certain cases the implementation
                # will accept a few connections more or a few less than the number configured
                # here. Must be an integer > 0 or "unlimited".
                "max-channels" : 256000,
                # reference.conf @ jar:file:/app/hello-akka-assembly-1.0.jar!/reference.conf: 622
                # The maximum number of bytes delivered by a `Received` message. Before
                # more data is read from the network the connection actor will try to
                # do other work.
                # The purpose of this setting is to impose a smaller limit than the 
                # configured receive buffer size. When using value 'unlimited' it will
                # try to read all from the receive buffer.
                "max-received-message-size" : "unlimited",
                # reference.conf @ jar:file:/app/hello-akka-assembly-1.0.jar!/reference.conf: 584
                # The number of selectors to stripe the served channels over; each of
                # these will use one select loop on the selector-dispatcher.
                "nr-of-selectors" : 1,
                # reference.conf @ jar:file:/app/hello-akka-assembly-1.0.jar!/reference.conf: 614
                # The duration a connection actor waits for a `Register` message from
                # its commander before aborting the connection.
                "register-timeout" : "5s",
                # reference.conf @ jar:file:/app/hello-akka-assembly-1.0.jar!/reference.conf: 597
                # When trying to assign a new connection to a selector and the chosen
                # selector is at full capacity, retry selector choosing and assignment
                # this many times before giving up
                "selector-association-retries" : 10,
                # reference.conf @ jar:file:/app/hello-akka-assembly-1.0.jar!/reference.conf: 631
                # Fully qualified config path which holds the dispatcher configuration
                # to be used for running the select() calls in the selectors
                "selector-dispatcher" : "akka.io.pinned-dispatcher",
                # reference.conf @ jar:file:/app/hello-akka-assembly-1.0.jar!/reference.conf: 627
                # Enable fine grained logging of what goes on inside the implementation.
                # Be aware that this may log more than once per message sent to the actors
                # of the tcp implementation.
                "trace-logging" : "off",
                # reference.conf @ jar:file:/app/hello-akka-assembly-1.0.jar!/reference.conf: 665
                # On Windows connection aborts are not reliably detected unless an OP_READ is
                # registered on the selector _after_ the connection has been reset. This
                # workaround enables an OP_CONNECT which forces the abort to be visible on Windows.
                # Enabling this setting on other platforms than Windows will cause various failures
                # and undefined behavior.
                # Possible values of this key are on, off and auto where auto will enable the
                # workaround if Windows is detected automatically.
                "windows-connection-abort-workaround-enabled" : "off",
                # reference.conf @ jar:file:/app/hello-akka-assembly-1.0.jar!/reference.conf: 635
                # Fully qualified config path which holds the dispatcher configuration
                # for the read/write worker actors
                "worker-dispatcher" : "akka.actor.default-dispatcher"
            },
            # reference.conf @ jar:file:/app/hello-akka-assembly-1.0.jar!/reference.conf: 658
            "udp" : {
                # reference.conf @ jar:file:/app/hello-akka-assembly-1.0.jar!/reference.conf: 704
                # The maximal number of direct buffers kept in the direct buffer pool for
                # reuse.
                "direct-buffer-pool-limit" : 1000,
                # reference.conf @ jar:file:/app/hello-akka-assembly-1.0.jar!/reference.conf: 700
                # The number of bytes per direct buffer in the pool used to read or write
                # network data from the kernel.
                "direct-buffer-size" : "128 KiB",
                # reference.conf @ jar:file:/app/hello-akka-assembly-1.0.jar!/reference.conf: 726
                # Fully qualified config path which holds the dispatcher configuration
                # for the selector management actors
                "management-dispatcher" : "akka.actor.default-dispatcher",
                # reference.conf @ jar:file:/app/hello-akka-assembly-1.0.jar!/reference.conf: 677
                # Maximum number of open channels supported by this UDP module Generally
                # UDP does not require a large number of channels, therefore it is
                # recommended to keep this setting low.
                "max-channels" : 4096,
                # reference.conf @ jar:file:/app/hello-akka-assembly-1.0.jar!/reference.conf: 672
                # The number of selectors to stripe the served channels over; each of
                # these will use one select loop on the selector-dispatcher.
                "nr-of-selectors" : 1,
                # reference.conf @ jar:file:/app/hello-akka-assembly-1.0.jar!/reference.conf: 696
                # The maximum number of datagrams that are read in one go,
                # higher numbers decrease latency, lower numbers increase fairness on
                # the worker-dispatcher
                "receive-throughput" : 3,
                # reference.conf @ jar:file:/app/hello-akka-assembly-1.0.jar!/reference.conf: 709
                # The maximum number of bytes delivered by a `Received` message. Before
                # more data is read from the network the connection actor will try to
                # do other work.
                "received-message-size-limit" : "unlimited",
                # reference.conf @ jar:file:/app/hello-akka-assembly-1.0.jar!/reference.conf: 686
                # The select loop can be used in two modes:
                # - setting "infinite" will select without a timeout, hogging a thread
                # - setting a positive timeout will do a bounded select call,
                #   enabling sharing of a single thread between multiple selectors
                #   (in this case you will have to use a different configuration for the
                #   selector-dispatcher, e.g. using "type=Dispatcher" with size 1)
                # - setting it to zero means polling, i.e. calling selectNow()
                "select-timeout" : "infinite",
                # reference.conf @ jar:file:/app/hello-akka-assembly-1.0.jar!/reference.conf: 691
                # When trying to assign a new connection to a selector and the chosen
                # selector is at full capacity, retry selector choosing and assignment
                # this many times before giving up
                "selector-association-retries" : 10,
                # reference.conf @ jar:file:/app/hello-akka-assembly-1.0.jar!/reference.conf: 718
                # Fully qualified config path which holds the dispatcher configuration
                # to be used for running the select() calls in the selectors
                "selector-dispatcher" : "akka.io.pinned-dispatcher",
                # reference.conf @ jar:file:/app/hello-akka-assembly-1.0.jar!/reference.conf: 714
                # Enable fine grained logging of what goes on inside the implementation.
                # Be aware that this may log more than once per message sent to the actors
                # of the tcp implementation.
                "trace-logging" : "off",
                # reference.conf @ jar:file:/app/hello-akka-assembly-1.0.jar!/reference.conf: 722
                # Fully qualified config path which holds the dispatcher configuration
                # for the read/write worker actors
                "worker-dispatcher" : "akka.actor.default-dispatcher"
            },
            # reference.conf @ jar:file:/app/hello-akka-assembly-1.0.jar!/reference.conf: 719
            "udp-connected" : {
                # reference.conf @ jar:file:/app/hello-akka-assembly-1.0.jar!/reference.conf: 765
                # The maximal number of direct buffers kept in the direct buffer pool for
                # reuse.
                "direct-buffer-pool-limit" : 1000,
                # reference.conf @ jar:file:/app/hello-akka-assembly-1.0.jar!/reference.conf: 761
                # The number of bytes per direct buffer in the pool used to read or write
                # network data from the kernel.
                "direct-buffer-size" : "128 KiB",
                # reference.conf @ jar:file:/app/hello-akka-assembly-1.0.jar!/reference.conf: 787
                # Fully qualified config path which holds the dispatcher configuration
                # for the selector management actors
                "management-dispatcher" : "akka.actor.default-dispatcher",
                # reference.conf @ jar:file:/app/hello-akka-assembly-1.0.jar!/reference.conf: 738
                # Maximum number of open channels supported by this UDP module Generally
                # UDP does not require a large number of channels, therefore it is
                # recommended to keep this setting low.
                "max-channels" : 4096,
                # reference.conf @ jar:file:/app/hello-akka-assembly-1.0.jar!/reference.conf: 733
                # The number of selectors to stripe the served channels over; each of
                # these will use one select loop on the selector-dispatcher.
                "nr-of-selectors" : 1,
                # reference.conf @ jar:file:/app/hello-akka-assembly-1.0.jar!/reference.conf: 757
                # The maximum number of datagrams that are read in one go,
                # higher numbers decrease latency, lower numbers increase fairness on
                # the worker-dispatcher
                "receive-throughput" : 3,
                # reference.conf @ jar:file:/app/hello-akka-assembly-1.0.jar!/reference.conf: 770
                # The maximum number of bytes delivered by a `Received` message. Before
                # more data is read from the network the connection actor will try to
                # do other work.
                "received-message-size-limit" : "unlimited",
                # reference.conf @ jar:file:/app/hello-akka-assembly-1.0.jar!/reference.conf: 747
                # The select loop can be used in two modes:
                # - setting "infinite" will select without a timeout, hogging a thread
                # - setting a positive timeout will do a bounded select call,
                #   enabling sharing of a single thread between multiple selectors
                #   (in this case you will have to use a different configuration for the
                #   selector-dispatcher, e.g. using "type=Dispatcher" with size 1)
                # - setting it to zero means polling, i.e. calling selectNow()
                "select-timeout" : "infinite",
                # reference.conf @ jar:file:/app/hello-akka-assembly-1.0.jar!/reference.conf: 752
                # When trying to assign a new connection to a selector and the chosen
                # selector is at full capacity, retry selector choosing and assignment
                # this many times before giving up
                "selector-association-retries" : 10,
                # reference.conf @ jar:file:/app/hello-akka-assembly-1.0.jar!/reference.conf: 779
                # Fully qualified config path which holds the dispatcher configuration
                # to be used for running the select() calls in the selectors
                "selector-dispatcher" : "akka.io.pinned-dispatcher",
                # reference.conf @ jar:file:/app/hello-akka-assembly-1.0.jar!/reference.conf: 775
                # Enable fine grained logging of what goes on inside the implementation.
                # Be aware that this may log more than once per message sent to the actors
                # of the tcp implementation.
                "trace-logging" : "off",
                # reference.conf @ jar:file:/app/hello-akka-assembly-1.0.jar!/reference.conf: 783
                # Fully qualified config path which holds the dispatcher configuration
                # for the read/write worker actors
                "worker-dispatcher" : "akka.actor.default-dispatcher"
            }
        },
        # reference.conf @ jar:file:/app/hello-akka-assembly-1.0.jar!/reference.conf: 69
        # JVM shutdown, System.exit(-1), in case of a fatal error,
        # such as OutOfMemoryError
        "jvm-exit-on-fatal-error" : "on",
        # application.conf @ jar:file:/app/hello-akka-assembly-1.0.jar!/application.conf: 2
        "log-config-on-start" : "on",
        # reference.conf @ jar:file:/app/hello-akka-assembly-1.0.jar!/reference.conf: 52
        # Log at info level when messages are sent to dead letters.
        # Possible values:
        # on: all dead letters are logged
        # off: no logging of dead letters
        # n: positive integer, number of dead letters that will be logged
        "log-dead-letters" : 10,
        # reference.conf @ jar:file:/app/hello-akka-assembly-1.0.jar!/reference.conf: 57
        # Possibility to turn off logging of dead letters while the actor system
        # is shutting down. Logging is only done when enabled by 'log-dead-letters'
        # setting.
        "log-dead-letters-during-shutdown" : "on",
        # reference.conf @ jar:file:/app/hello-akka-assembly-1.0.jar!/reference.conf: 31
        # Loggers are created and registered synchronously during ActorSystem
        # start-up, and since they are actors, this timeout is used to bound the
        # waiting time
        "logger-startup-timeout" : "5s",
        # application.conf @ jar:file:/app/hello-akka-assembly-1.0.jar!/application.conf: 4
        "loggers" : [
            # application.conf @ jar:file:/app/hello-akka-assembly-1.0.jar!/application.conf: 4
            "akka.event.slf4j.Slf4jLogger"
        ],
        # application.conf @ jar:file:/app/hello-akka-assembly-1.0.jar!/application.conf: 9
        "logging-filter" : "akka.event.slf4j.Slf4jLoggingFilter",
        # application.conf @ jar:file:/app/hello-akka-assembly-1.0.jar!/application.conf: 7
        # Options: ERROR, WARNING, INFO, DEBUG
        "loglevel" : "DEBUG",
        # reference.conf @ jar:file:/app/hello-akka-assembly-1.0.jar!/reference.conf: 525
        # Used to set the behavior of the scheduler.
        # Changing the default values may change the system behavior drastically so make
        # sure you know what you're doing! See the Scheduler section of the Akka
        # Documentation for more details.
        "scheduler" : {
            # reference.conf @ jar:file:/app/hello-akka-assembly-1.0.jar!/reference.conf: 561
            # This setting selects the timer implementation which shall be loaded at
            # system start-up.
            # The class given here must implement the akka.actor.Scheduler interface
            # and offer a public constructor which takes three arguments:
            #  1) com.typesafe.config.Config
            #  2) akka.event.LoggingAdapter
            #  3) java.util.concurrent.ThreadFactory
            "implementation" : "akka.actor.LightArrayRevolverScheduler",
            # reference.conf @ jar:file:/app/hello-akka-assembly-1.0.jar!/reference.conf: 567
            # When shutting down the scheduler, there will typically be a thread which
            # needs to be stopped, and this timeout determines how long to wait for
            # that to happen. In case of timeout the shutdown of the actor system will
            # proceed without running possibly still enqueued tasks.
            "shutdown-timeout" : "5s",
            # reference.conf @ jar:file:/app/hello-akka-assembly-1.0.jar!/reference.conf: 545
            # The LightArrayRevolverScheduler is used as the default scheduler in the
            # system. It does not execute the scheduled tasks on exact time, but on every
            # tick, it will run everything that is (over)due. You can increase or decrease
            # the accuracy of the execution timing by specifying smaller or larger tick
            # duration. If you are scheduling a lot of tasks you should consider increasing
            # the ticks per wheel.
            # Note that it might take up to 1 tick to stop the Timer, so setting the
            # tick-duration to a high value will make shutting down the actor system
            # take longer.
            "tick-duration" : "10ms",
            # reference.conf @ jar:file:/app/hello-akka-assembly-1.0.jar!/reference.conf: 552
            # The timer uses a circular wheel of buckets to store the timer tasks.
            # This should be set such that the majority of scheduled timeouts (for high
            # scheduling frequency) will be shorter than one rotation of the wheel
            # (ticks-per-wheel * ticks-duration)
            # THIS MUST BE A POWER OF TWO!
            "ticks-per-wheel" : 512
        },
        # reference.conf @ jar:file:/app/hello-akka-assembly-1.0.jar!/reference.conf: 41
        # Log level for the very basic logger activated during ActorSystem startup.
        # This logger prints the log messages to stdout (System.out).
        # Options: OFF, ERROR, WARNING, INFO, DEBUG
        "stdout-loglevel" : "WARNING",
        # reference.conf @ jar:file:/app/hello-akka-assembly-1.0.jar!/reference.conf: 10
        # Akka version, checked against the runtime version of Akka.
        "version" : "2.4.0"
    },
    # system properties
    "awt" : {
        # system properties
        "toolkit" : "sun.awt.X11.XToolkit"
    },
    # system properties
    "file" : {
        # system properties
        "encoding" : {
            # system properties
            "pkg" : "sun.io"
        },
        # system properties
        "separator" : "/"
    },
    # system properties
    "java" : {
        # system properties
        "awt" : {
            # system properties
            "graphicsenv" : "sun.awt.X11GraphicsEnvironment",
            # system properties
            "printerjob" : "sun.print.PSPrinterJob"
        },
        # system properties
        "class" : {
            # system properties
            "path" : "/app/hello-akka-assembly-1.0.jar",
            # system properties
            "version" : "52.0"
        },
        # system properties
        "endorsed" : {
            # system properties
            "dirs" : "/usr/lib/jvm/java-8-openjdk-amd64/jre/lib/endorsed"
        },
        # system properties
        "ext" : {
            # system properties
            "dirs" : "/usr/lib/jvm/java-8-openjdk-amd64/jre/lib/ext:/usr/java/packages/lib/ext"
        },
        # system properties
        "home" : "/usr/lib/jvm/java-8-openjdk-amd64/jre",
        # system properties
        "io" : {
            # system properties
            "tmpdir" : "/tmp"
        },
        # system properties
        "library" : {
            # system properties
            "path" : "/usr/java/packages/lib/amd64:/usr/lib/x86_64-linux-gnu/jni:/lib/x86_64-linux-gnu:/usr/lib/x86_64-linux-gnu:/usr/lib/jni:/lib:/usr/lib"
        },
        # system properties
        "runtime" : {
            # system properties
            "name" : "OpenJDK Runtime Environment",
            # system properties
            "version" : "1.8.0_66-internal-b17"
        },
        # system properties
        "specification" : {
            # system properties
            "name" : "Java Platform API Specification",
            # system properties
            "vendor" : "Oracle Corporation",
            # system properties
            "version" : "1.8"
        },
        # system properties
        "vendor" : {
            # system properties
            "url" : {
                # system properties
                "bug" : "http://bugreport.sun.com/bugreport/"
            }
        },
        # system properties
        "version" : "1.8.0_66-internal",
        # system properties
        "vm" : {
            # system properties
            "info" : "mixed mode",
            # system properties
            "name" : "OpenJDK 64-Bit Server VM",
            # system properties
            "specification" : {
                # system properties
                "name" : "Java Virtual Machine Specification",
                # system properties
                "vendor" : "Oracle Corporation",
                # system properties
                "version" : "1.8"
            },
            # system properties
            "vendor" : "Oracle Corporation",
            # system properties
            "version" : "25.66-b17"
        }
    },
    # system properties
    "line" : {
        # system properties
        "separator" : "\n"
    },
    # system properties
    "os" : {
        # system properties
        "arch" : "amd64",
        # system properties
        "name" : "Linux",
        # system properties
        "version" : "4.1.12-boot2docker"
    },
    # system properties
    "path" : {
        # system properties
        "separator" : ":"
    },
    # system properties
    "sun" : {
        # system properties
        "arch" : {
            # system properties
            "data" : {
                # system properties
                "model" : "64"
            }
        },
        # system properties
        "boot" : {
            # system properties
            "class" : {
                # system properties
                "path" : "/usr/lib/jvm/java-8-openjdk-amd64/jre/lib/resources.jar:/usr/lib/jvm/java-8-openjdk-amd64/jre/lib/rt.jar:/usr/lib/jvm/java-8-openjdk-amd64/jre/lib/sunrsasign.jar:/usr/lib/jvm/java-8-openjdk-amd64/jre/lib/jsse.jar:/usr/lib/jvm/java-8-openjdk-amd64/jre/lib/jce.jar:/usr/lib/jvm/java-8-openjdk-amd64/jre/lib/charsets.jar:/usr/lib/jvm/java-8-openjdk-amd64/jre/lib/jfr.jar:/usr/lib/jvm/java-8-openjdk-amd64/jre/classes"
            },
            # system properties
            "library" : {
                # system properties
                "path" : "/usr/lib/jvm/java-8-openjdk-amd64/jre/lib/amd64"
            }
        },
        # system properties
        "cpu" : {
            # system properties
            "endian" : "little",
            # system properties
            "isalist" : ""
        },
        # system properties
        "io" : {
            # system properties
            "unicode" : {
                # system properties
                "encoding" : "UnicodeLittle"
            }
        },
        # system properties
        "java" : {
            # system properties
            "command" : "/app/hello-akka-assembly-1.0.jar",
            # system properties
            "launcher" : "SUN_STANDARD"
        },
        # system properties
        "jnu" : {
            # system properties
            "encoding" : "UTF-8"
        },
        # system properties
        "management" : {
            # system properties
            "compiler" : "HotSpot 64-Bit Tiered Compilers"
        },
        # system properties
        "os" : {
            # system properties
            "patch" : {
                # system properties
                "level" : "unknown"
            }
        }
    },
    # system properties
    "user" : {
        # system properties
        "dir" : "/",
        # system properties
        "home" : "/root",
        # system properties
        "language" : "en",
        # system properties
        "name" : "root",
        # system properties
        "timezone" : ""
    }
}

2015-11-03 22:31:07,023 INFO  nl.rdj.Greeter  - Hello
2015-11-03 22:31:07,053 INFO  nl.rdj.Greeter  - Hello
2015-11-03 22:31:07,054 INFO  nl.rdj.HelloAkkaScala$  - Greeting: hello, akka
2015-11-03 22:31:07,055 INFO  nl.rdj.Greeter  - Hello
2015-11-03 22:31:07,056 INFO  nl.rdj.HelloAkkaScala$  - Greeting: hello, typesafe
2015-11-03 22:31:07,060 INFO  nl.rdj.Greeter  - Hello
2015-11-03 22:31:07,061 INFO  nl.rdj.GreetPrinter  - hello, typesafe
2015-11-03 22:31:08,062 INFO  nl.rdj.Greeter  - Hello
2015-11-03 22:31:08,062 INFO  nl.rdj.GreetPrinter  - hello, typesafe
2015-11-03 22:31:09,072 INFO  nl.rdj.Greeter  - Hello
2015-11-03 22:31:09,072 INFO  nl.rdj.GreetPrinter  - hello, typesafe
2015-11-03 22:31:10,072 INFO  nl.rdj.Greeter  - Hello
2015-11-03 22:31:10,072 INFO  nl.rdj.GreetPrinter  - hello, typesafe
2015-11-03 22:31:11,072 INFO  nl.rdj.Greeter  - Hello
2015-11-03 22:31:11,072 INFO  nl.rdj.GreetPrinter  - hello, typesafe
2015-11-03 22:31:12,071 INFO  nl.rdj.Greeter  - Hello
2015-11-03 22:31:12,072 INFO  nl.rdj.GreetPrinter  - hello, typesafe
2015-11-03 22:31:13,072 INFO  nl.rdj.Greeter  - Hello
2015-11-03 22:31:13,072 INFO  nl.rdj.GreetPrinter  - hello, typesafe
2015-11-03 22:31:14,071 INFO  nl.rdj.Greeter  - Hello
2015-11-03 22:31:14,072 INFO  nl.rdj.GreetPrinter  - hello, typesafe
2015-11-03 22:31:15,073 INFO  nl.rdj.Greeter  - Hello
2015-11-03 22:31:15,073 INFO  nl.rdj.GreetPrinter  - hello, typesafe
2015-11-03 22:31:16,072 INFO  nl.rdj.Greeter  - Hello
2015-11-03 22:31:16,072 INFO  nl.rdj.GreetPrinter  - hello, typesafe
2015-11-03 22:31:17,072 INFO  nl.rdj.Greeter  - Hello
2015-11-03 22:31:17,072 INFO  nl.rdj.GreetPrinter  - hello, typesafe
2015-11-03 22:31:18,074 INFO  nl.rdj.Greeter  - Hello
2015-11-03 22:31:18,075 INFO  nl.rdj.GreetPrinter  - hello, typesafe
2015-11-03 22:31:19,073 INFO  nl.rdj.Greeter  - Hello
2015-11-03 22:31:19,073 INFO  nl.rdj.GreetPrinter  - hello, typesafe
2015-11-03 22:31:20,073 INFO  nl.rdj.Greeter  - Hello
2015-11-03 22:31:20,073 INFO  nl.rdj.GreetPrinter  - hello, typesafe
2015-11-03 22:31:21,077 INFO  nl.rdj.Greeter  - Hello
2015-11-03 22:31:21,077 INFO  nl.rdj.GreetPrinter  - hello, typesafe
2015-11-03 22:31:22,072 INFO  nl.rdj.Greeter  - Hello
2015-11-03 22:31:22,073 INFO  nl.rdj.GreetPrinter  - hello, typesafe
2015-11-03 22:31:23,076 INFO  nl.rdj.Greeter  - Hello
2015-11-03 22:31:23,077 INFO  nl.rdj.GreetPrinter  - hello, typesafe
2015-11-03 22:31:24,072 INFO  nl.rdj.Greeter  - Hello
2015-11-03 22:31:24,073 INFO  nl.rdj.GreetPrinter  - hello, typesafe
2015-11-03 22:31:25,073 INFO  nl.rdj.Greeter  - Hello
2015-11-03 22:31:25,074 INFO  nl.rdj.GreetPrinter  - hello, typesafe
2015-11-03 22:31:26,062 INFO  nl.rdj.Greeter  - Hello
2015-11-03 22:31:26,062 INFO  nl.rdj.GreetPrinter  - hello, typesafe
2015-11-03 22:31:27,062 INFO  nl.rdj.Greeter  - Hello
2015-11-03 22:31:27,062 INFO  nl.rdj.GreetPrinter  - hello, typesafe
2015-11-03 22:31:28,080 INFO  nl.rdj.Greeter  - Hello
2015-11-03 22:31:28,080 INFO  nl.rdj.GreetPrinter  - hello, typesafe
2015-11-03 22:31:29,062 INFO  nl.rdj.Greeter  - Hello
2015-11-03 22:31:29,063 INFO  nl.rdj.GreetPrinter  - hello, typesafe
2015-11-03 22:31:30,072 INFO  nl.rdj.Greeter  - Hello
2015-11-03 22:31:30,073 INFO  nl.rdj.GreetPrinter  - hello, typesafe
2015-11-03 22:31:31,072 INFO  nl.rdj.Greeter  - Hello
2015-11-03 22:31:31,073 INFO  nl.rdj.GreetPrinter  - hello, typesafe
2015-11-03 22:31:33,914 INFO  akka.event.slf4j.Slf4jLogger  - Slf4jLogger started
2015-11-03 22:31:33,933 DEBUG akka.event.EventStream main - logger log1-Slf4jLogger started
2015-11-03 22:31:33,946 DEBUG akka.event.EventStream main - Default Loggers started
2015-11-03 22:31:33,951 INFO  akka.actor.ActorSystemImpl main - {
    # merge of application.conf @ jar:file:/app/hello-akka-assembly-1.0.jar!/application.conf: 1,reference.conf @ jar:file:/app/hello-akka-assembly-1.0.jar!/reference.conf: 8
    "akka" : {
        # reference.conf @ jar:file:/app/hello-akka-assembly-1.0.jar!/reference.conf: 71
        "actor" : {
            # reference.conf @ jar:file:/app/hello-akka-assembly-1.0.jar!/reference.conf: 83
            # Timeout for ActorSystem.actorOf
            "creation-timeout" : "20s",
            # reference.conf @ jar:file:/app/hello-akka-assembly-1.0.jar!/reference.conf: 456
            "debug" : {
                # reference.conf @ jar:file:/app/hello-akka-assembly-1.0.jar!/reference.conf: 473
                # enable DEBUG logging of all AutoReceiveMessages (Kill, PoisonPill et.c.)
                "autoreceive" : "off",
                # reference.conf @ jar:file:/app/hello-akka-assembly-1.0.jar!/reference.conf: 482
                # enable DEBUG logging of subscription changes on the eventStream
                "event-stream" : "off",
                # reference.conf @ jar:file:/app/hello-akka-assembly-1.0.jar!/reference.conf: 479
                # enable DEBUG logging of all LoggingFSMs for events, transitions and timers
                "fsm" : "off",
                # reference.conf @ jar:file:/app/hello-akka-assembly-1.0.jar!/reference.conf: 476
                # enable DEBUG logging of actor lifecycle changes
                "lifecycle" : "off",
                # reference.conf @ jar:file:/app/hello-akka-assembly-1.0.jar!/reference.conf: 470
                # enable function of Actor.loggable(), which is to log any received message
                # at DEBUG level, see the “Testing Actor Systems” section of the Akka
                # Documentation at http://akka.io/docs
                "receive" : "off",
                # reference.conf @ jar:file:/app/hello-akka-assembly-1.0.jar!/reference.conf: 488
                # enable WARN logging of misconfigured routers
                "router-misconfiguration" : "off",
                # reference.conf @ jar:file:/app/hello-akka-assembly-1.0.jar!/reference.conf: 485
                # enable DEBUG logging of unhandled messages
                "unhandled" : "off"
            },
            # reference.conf @ jar:file:/app/hello-akka-assembly-1.0.jar!/reference.conf: 253
            "default-dispatcher" : {
                # reference.conf @ jar:file:/app/hello-akka-assembly-1.0.jar!/reference.conf: 353
                # For BalancingDispatcher: If the balancing dispatcher should attempt to
                # schedule idle actors using the same dispatcher when a message comes in,
                # and the dispatchers ExecutorService is not fully busy already.
                "attempt-teamwork" : "on",
                # reference.conf @ jar:file:/app/hello-akka-assembly-1.0.jar!/reference.conf: 278
                # This will be used if you have set "executor = "default-executor"".
                # If an ActorSystem is created with a given ExecutionContext, this
                # ExecutionContext will be used as the default executor for all
                # dispatchers in the ActorSystem configured with
                # executor = "default-executor". Note that "default-executor"
                # is the default value for executor, and therefore used if not
                # specified otherwise. If no ExecutionContext is given,
                # the executor configured in "fallback" will be used.
                "default-executor" : {
                    # reference.conf @ jar:file:/app/hello-akka-assembly-1.0.jar!/reference.conf: 279
                    "fallback" : "fork-join-executor"
                },
                # reference.conf @ jar:file:/app/hello-akka-assembly-1.0.jar!/reference.conf: 268
                # Which kind of ExecutorService to use for this dispatcher
                # Valid options:
                #  - "default-executor" requires a "default-executor" section
                #  - "fork-join-executor" requires a "fork-join-executor" section
                #  - "thread-pool-executor" requires a "thread-pool-executor" section
                #  - A FQCN of a class extending ExecutorServiceConfigurator
                "executor" : "default-executor",
                # reference.conf @ jar:file:/app/hello-akka-assembly-1.0.jar!/reference.conf: 283
                # This will be used if you have set "executor = "fork-join-executor""
                "fork-join-executor" : {
                    # reference.conf @ jar:file:/app/hello-akka-assembly-1.0.jar!/reference.conf: 290
                    # The parallelism factor is used to determine thread pool size using the
                    # following formula: ceil(available processors * factor). Resulting size
                    # is then bounded by the parallelism-min and parallelism-max values.
                    "parallelism-factor" : 3,
                    # reference.conf @ jar:file:/app/hello-akka-assembly-1.0.jar!/reference.conf: 293
                    # Max number of threads to cap factor-based parallelism number to
                    "parallelism-max" : 64,
                    # reference.conf @ jar:file:/app/hello-akka-assembly-1.0.jar!/reference.conf: 285
                    # Min number of threads to cap factor-based parallelism number to
                    "parallelism-min" : 8,
                    # reference.conf @ jar:file:/app/hello-akka-assembly-1.0.jar!/reference.conf: 297
                    # Setting to "FIFO" to use queue like peeking mode which "poll" or "LIFO" to use stack
                    # like peeking mode which "pop".
                    "task-peeking-mode" : "FIFO"
                },
                # reference.conf @ jar:file:/app/hello-akka-assembly-1.0.jar!/reference.conf: 358
                # If this dispatcher requires a specific type of mailbox, specify the
                # fully-qualified class name here; the actually created mailbox will
                # be a subtype of this type. The empty string signifies no requirement.
                "mailbox-requirement" : "",
                # reference.conf @ jar:file:/app/hello-akka-assembly-1.0.jar!/reference.conf: 341
                # How long time the dispatcher will wait for new actors until it shuts down
                "shutdown-timeout" : "1s",
                # reference.conf @ jar:file:/app/hello-akka-assembly-1.0.jar!/reference.conf: 301
                # This will be used if you have set "executor = "thread-pool-executor""
                "thread-pool-executor" : {
                    # reference.conf @ jar:file:/app/hello-akka-assembly-1.0.jar!/reference.conf: 337
                    # Allow core threads to time out
                    "allow-core-timeout" : "on",
                    # reference.conf @ jar:file:/app/hello-akka-assembly-1.0.jar!/reference.conf: 312
                    # The core pool size factor is used to determine thread pool core size
                    # using the following formula: ceil(available processors * factor).
                    # Resulting size is then bounded by the core-pool-size-min and
                    # core-pool-size-max values.
                    "core-pool-size-factor" : 3,
                    # reference.conf @ jar:file:/app/hello-akka-assembly-1.0.jar!/reference.conf: 315
                    # Max number of threads to cap factor-based number to
                    "core-pool-size-max" : 64,
                    # reference.conf @ jar:file:/app/hello-akka-assembly-1.0.jar!/reference.conf: 306
                    # Min number of threads to cap factor-based core number to
                    "core-pool-size-min" : 8,
                    # reference.conf @ jar:file:/app/hello-akka-assembly-1.0.jar!/reference.conf: 303
                    # Keep alive time for threads
                    "keep-alive-time" : "60s",
                    # reference.conf @ jar:file:/app/hello-akka-assembly-1.0.jar!/reference.conf: 323
                    # Max no of threads (if using a bounded task queue) is determined by
                    # calculating: ceil(available processors * factor)
                    "max-pool-size-factor" : 3,
                    # reference.conf @ jar:file:/app/hello-akka-assembly-1.0.jar!/reference.conf: 327
                    # Max number of threads to cap factor-based max number to
                    # (if using a  bounded task queue)
                    "max-pool-size-max" : 64,
                    # reference.conf @ jar:file:/app/hello-akka-assembly-1.0.jar!/reference.conf: 319
                    # Minimum number of threads to cap factor-based max number to
                    # (if using a bounded task queue)
                    "max-pool-size-min" : 8,
                    # reference.conf @ jar:file:/app/hello-akka-assembly-1.0.jar!/reference.conf: 330
                    # Specifies the bounded capacity of the task queue (< 1 == unbounded)
                    "task-queue-size" : -1,
                    # reference.conf @ jar:file:/app/hello-akka-assembly-1.0.jar!/reference.conf: 334
                    # Specifies which type of task queue will be used, can be "array" or
                    # "linked" (default)
                    "task-queue-type" : "linked"
                },
                # reference.conf @ jar:file:/app/hello-akka-assembly-1.0.jar!/reference.conf: 345
                # Throughput defines the number of messages that are processed in a batch
                # before the thread is returned to the pool. Set to 1 for as fair as possible.
                "throughput" : 5,
                # reference.conf @ jar:file:/app/hello-akka-assembly-1.0.jar!/reference.conf: 348
                # Throughput deadline for Dispatcher, set to 0 or negative for no deadline
                "throughput-deadline-time" : "0ms",
                # reference.conf @ jar:file:/app/hello-akka-assembly-1.0.jar!/reference.conf: 260
                # Must be one of the following
                # Dispatcher, PinnedDispatcher, or a FQCN to a class inheriting
                # MessageDispatcherConfigurator with a public constructor with
                # both com.typesafe.config.Config parameter and
                # akka.dispatch.DispatcherPrerequisites parameters.
                # PinnedDispatcher must be used together with executor=thread-pool-executor.
                "type" : "Dispatcher"
            },
            # reference.conf @ jar:file:/app/hello-akka-assembly-1.0.jar!/reference.conf: 361
            "default-mailbox" : {
                # reference.conf @ jar:file:/app/hello-akka-assembly-1.0.jar!/reference.conf: 372
                # If the mailbox is bounded then it uses this setting to determine its
                # capacity. The provided value must be positive.
                # NOTICE:
                # Up to version 2.1 the mailbox type was determined based on this setting;
                # this is no longer the case, the type must explicitly be a bounded mailbox.
                "mailbox-capacity" : 1000,
                # reference.conf @ jar:file:/app/hello-akka-assembly-1.0.jar!/reference.conf: 377
                # If the mailbox is bounded then this is the timeout for enqueueing
                # in case the mailbox is full. Negative values signify infinite
                # timeout, which should be avoided as it bears the risk of dead-lock.
                "mailbox-push-timeout-time" : "10s",
                # reference.conf @ jar:file:/app/hello-akka-assembly-1.0.jar!/reference.conf: 365
                # FQCN of the MailboxType. The Class of the FQCN must have a public
                # constructor with
                # (akka.actor.ActorSystem.Settings, com.typesafe.config.Config) parameters.
                "mailbox-type" : "akka.dispatch.UnboundedMailbox",
                # reference.conf @ jar:file:/app/hello-akka-assembly-1.0.jar!/reference.conf: 383
                # For Actor with Stash: The default capacity of the stash.
                # If negative (or zero) then an unbounded stash is used (default)
                # If positive then a bounded stash is used and the capacity is set using
                # the property
                "stash-capacity" : -1
            },
            # reference.conf @ jar:file:/app/hello-akka-assembly-1.0.jar!/reference.conf: 127
            "deployment" : {
                # reference.conf @ jar:file:/app/hello-akka-assembly-1.0.jar!/reference.conf: 246
                "/IO-DNS/inet-address" : {
                    # reference.conf @ jar:file:/app/hello-akka-assembly-1.0.jar!/reference.conf: 247
                    "mailbox" : "unbounded",
                    # reference.conf @ jar:file:/app/hello-akka-assembly-1.0.jar!/reference.conf: 249
                    "nr-of-instances" : 4,
                    # reference.conf @ jar:file:/app/hello-akka-assembly-1.0.jar!/reference.conf: 248
                    "router" : "consistent-hashing-pool"
                },
                # reference.conf @ jar:file:/app/hello-akka-assembly-1.0.jar!/reference.conf: 130
                # deployment id pattern - on the format: /parent/child etc.
                "default" : {
                    # reference.conf @ jar:file:/app/hello-akka-assembly-1.0.jar!/reference.conf: 136
                    # The id of the dispatcher to use for this actor.
                    # If undefined or empty the dispatcher specified in code
                    # (Props.withDispatcher) is used, or default-dispatcher if not
                    # specified at all.
                    "dispatcher" : "",
                    # reference.conf @ jar:file:/app/hello-akka-assembly-1.0.jar!/reference.conf: 144
                    # The id of the mailbox to use for this actor.
                    # If undefined or empty the default mailbox of the configured dispatcher
                    # is used or if there is no mailbox configuration the mailbox specified
                    # in code (Props.withMailbox) is used.
                    # If there is a mailbox defined in the configured dispatcher then that
                    # overrides this setting.
                    "mailbox" : "",
                    # reference.conf @ jar:file:/app/hello-akka-assembly-1.0.jar!/reference.conf: 169
                    # number of children to create in case of a router;
                    # this setting is ignored if routees.paths is given
                    "nr-of-instances" : 1,
                    # reference.conf @ jar:file:/app/hello-akka-assembly-1.0.jar!/reference.conf: 200
                    # Routers with dynamically resizable number of routees; this feature is
                    # enabled by including (parts of) this section in the deployment
                    "resizer" : {
                        # reference.conf @ jar:file:/app/hello-akka-assembly-1.0.jar!/reference.conf: 238
                        # Fraction of routees to be removed when the resizer reaches the
                        # backoffThreshold.
                        # For example, 0.1 would decrease 10% (rounded up), i.e. if current
                        # capacity is 9 it will request an decrease of 1 routee.
                        "backoff-rate" : 0.1,
                        # reference.conf @ jar:file:/app/hello-akka-assembly-1.0.jar!/reference.conf: 232
                        # Minimum fraction of busy routees before backing off.
                        # For example, if this is 0.3, then we'll remove some routees only when
                        # less than 30% of routees are busy, i.e. if current capacity is 10 and
                        # 3 are busy then the capacity is unchanged, but if 2 or less are busy
                        # the capacity is decreased.
                        # Use 0.0 or negative to avoid removal of routees.
                        "backoff-threshold" : 0.3,
                        # reference.conf @ jar:file:/app/hello-akka-assembly-1.0.jar!/reference.conf: 202
                        "enabled" : "off",
                        # reference.conf @ jar:file:/app/hello-akka-assembly-1.0.jar!/reference.conf: 205
                        # The fewest number of routees the router should ever have.
                        "lower-bound" : 1,
                        # reference.conf @ jar:file:/app/hello-akka-assembly-1.0.jar!/reference.conf: 242
                        # Number of messages between resize operation.
                        # Use 1 to resize before each message.
                        "messages-per-resize" : 10,
                        # reference.conf @ jar:file:/app/hello-akka-assembly-1.0.jar!/reference.conf: 219
                        # Threshold used to evaluate if a routee is considered to be busy
                        # (under pressure). Implementation depends on this value (default is 1).
                        # 0:   number of routees currently processing a message.
                        # 1:   number of routees currently processing a message has
                        #      some messages in mailbox.
                        # > 1: number of routees with at least the configured pressure-threshold
                        #      messages in their mailbox. Note that estimating mailbox size of
                        #      default UnboundedMailbox is O(N) operation.
                        "pressure-threshold" : 1,
                        # reference.conf @ jar:file:/app/hello-akka-assembly-1.0.jar!/reference.conf: 224
                        # Percentage to increase capacity whenever all routees are busy.
                        # For example, 0.2 would increase 20% (rounded up), i.e. if current
                        # capacity is 6 it will request an increase of 2 more routees.
                        "rampup-rate" : 0.2,
                        # reference.conf @ jar:file:/app/hello-akka-assembly-1.0.jar!/reference.conf: 209
                        # The most number of routees the router should ever have.
                        # Must be greater than or equal to lower-bound.
                        "upper-bound" : 10
                    },
                    # reference.conf @ jar:file:/app/hello-akka-assembly-1.0.jar!/reference.conf: 182
                    "routees" : {
                        # reference.conf @ jar:file:/app/hello-akka-assembly-1.0.jar!/reference.conf: 186
                        # Alternatively to giving nr-of-instances you can specify the full
                        # paths of those actors which should be routed to. This setting takes
                        # precedence over nr-of-instances
                        "paths" : []
                    },
                    # reference.conf @ jar:file:/app/hello-akka-assembly-1.0.jar!/reference.conf: 165
                    # routing (load-balance) scheme to use
                    # - available: "from-code", "round-robin", "random", "smallest-mailbox",
                    #              "scatter-gather", "broadcast"
                    # - or:        Fully qualified class name of the router class.
                    #              The class must extend akka.routing.CustomRouterConfig and
                    #              have a public constructor with com.typesafe.config.Config
                    #              and optional akka.actor.DynamicAccess parameter.
                    # - default is "from-code";
                    # Whether or not an actor is transformed to a Router is decided in code
                    # only (Props.withRouter). The type of router can be overridden in the
                    # configuration; specifying "from-code" means that the values specified
                    # in the code shall be used.
                    # In case of routing, the actors to be routed to can be specified
                    # in several ways:
                    # - nr-of-instances: will create that many children
                    # - routees.paths: will route messages to these paths using ActorSelection,
                    #   i.e. will not create children
                    # - resizer: dynamically resizable number of routees as specified in
                    #   resizer below
                    "router" : "from-code",
                    # reference.conf @ jar:file:/app/hello-akka-assembly-1.0.jar!/reference.conf: 177
                    "tail-chopping-router" : {
                        # reference.conf @ jar:file:/app/hello-akka-assembly-1.0.jar!/reference.conf: 179
                        # interval is duration between sending message to next routee
                        "interval" : "10 milliseconds"
                    },
                    # reference.conf @ jar:file:/app/hello-akka-assembly-1.0.jar!/reference.conf: 175
                    # number of virtual nodes per node for consistent-hashing router
                    "virtual-nodes-factor" : 10,
                    # reference.conf @ jar:file:/app/hello-akka-assembly-1.0.jar!/reference.conf: 172
                    # within is the timeout used for routers containing future calls
                    "within" : "5 seconds"
                }
            },
            # reference.conf @ jar:file:/app/hello-akka-assembly-1.0.jar!/reference.conf: 511
            # Configuration items which are used by the akka.actor.ActorDSL._ methods
            "dsl" : {
                # reference.conf @ jar:file:/app/hello-akka-assembly-1.0.jar!/reference.conf: 527
                # Default timeout to assume for operations like Inbox.receive et al
                "default-timeout" : "5s",
                # reference.conf @ jar:file:/app/hello-akka-assembly-1.0.jar!/reference.conf: 524
                # Maximum queue size of the actor created by newInbox(); this protects
                # against faulty programs which use select() and consistently miss messages
                "inbox-size" : 1000
            },
            # reference.conf @ jar:file:/app/hello-akka-assembly-1.0.jar!/reference.conf: 80
            # The guardian "/user" will use this class to obtain its supervisorStrategy.
            # It needs to be a subclass of akka.actor.SupervisorStrategyConfigurator.
            # In addition to the default there is akka.actor.StoppingSupervisorStrategy.
            "guardian-supervisor-strategy" : "akka.actor.DefaultSupervisorStrategy",
            # reference.conf @ jar:file:/app/hello-akka-assembly-1.0.jar!/reference.conf: 386
            "mailbox" : {
                # reference.conf @ jar:file:/app/hello-akka-assembly-1.0.jar!/reference.conf: 441
                "bounded-control-aware-queue-based" : {
                    # reference.conf @ jar:file:/app/hello-akka-assembly-1.0.jar!/reference.conf: 455
                    # FQCN of the MailboxType, The Class of the FQCN must have a public
                    # constructor with (akka.actor.ActorSystem.Settings,
                    # com.typesafe.config.Config) parameters.
                    "mailbox-type" : "akka.dispatch.BoundedControlAwareMailbox"
                },
                # reference.conf @ jar:file:/app/hello-akka-assembly-1.0.jar!/reference.conf: 427
                "bounded-deque-based" : {
                    # reference.conf @ jar:file:/app/hello-akka-assembly-1.0.jar!/reference.conf: 441
                    # FQCN of the MailboxType, The Class of the FQCN must have a public
                    # constructor with (akka.actor.ActorSystem.Settings,
                    # com.typesafe.config.Config) parameters.
                    "mailbox-type" : "akka.dispatch.BoundedDequeBasedMailbox"
                },
                # reference.conf @ jar:file:/app/hello-akka-assembly-1.0.jar!/reference.conf: 413
                "bounded-queue-based" : {
                    # reference.conf @ jar:file:/app/hello-akka-assembly-1.0.jar!/reference.conf: 427
                    # FQCN of the MailboxType, The Class of the FQCN must have a public
                    # constructor with (akka.actor.ActorSystem.Settings,
                    # com.typesafe.config.Config) parameters.
                    "mailbox-type" : "akka.dispatch.BoundedMailbox"
                },
                # reference.conf @ jar:file:/app/hello-akka-assembly-1.0.jar!/reference.conf: 451
                # The LoggerMailbox will drain all messages in the mailbox
                # when the system is shutdown and deliver them to the StandardOutLogger.
                # Do not change this unless you know what you are doing.
                "logger-queue" : {
                    # reference.conf @ jar:file:/app/hello-akka-assembly-1.0.jar!/reference.conf: 462
                    "mailbox-type" : "akka.event.LoggerMailboxType"
                },
                # reference.conf @ jar:file:/app/hello-akka-assembly-1.0.jar!/reference.conf: 393
                # Mapping between message queue semantics and mailbox configurations.
                # Used by akka.dispatch.RequiresMessageQueue[T] to enforce different
                # mailbox types on actors.
                # If your Actor implements RequiresMessageQueue[T], then when you create
                # an instance of that actor its mailbox type will be decided by looking
                # up a mailbox configuration via T in this mapping
                "requirements" : {
                    # reference.conf @ jar:file:/app/hello-akka-assembly-1.0.jar!/reference.conf: 411
                    "akka.dispatch.BoundedControlAwareMessageQueueSemantics" : "akka.actor.mailbox.bounded-control-aware-queue-based",
                    # reference.conf @ jar:file:/app/hello-akka-assembly-1.0.jar!/reference.conf: 403
                    "akka.dispatch.BoundedDequeBasedMessageQueueSemantics" : "akka.actor.mailbox.bounded-deque-based",
                    # reference.conf @ jar:file:/app/hello-akka-assembly-1.0.jar!/reference.conf: 397
                    "akka.dispatch.BoundedMessageQueueSemantics" : "akka.actor.mailbox.bounded-queue-based",
                    # reference.conf @ jar:file:/app/hello-akka-assembly-1.0.jar!/reference.conf: 407
                    "akka.dispatch.ControlAwareMessageQueueSemantics" : "akka.actor.mailbox.unbounded-control-aware-queue-based",
                    # reference.conf @ jar:file:/app/hello-akka-assembly-1.0.jar!/reference.conf: 399
                    "akka.dispatch.DequeBasedMessageQueueSemantics" : "akka.actor.mailbox.unbounded-deque-based",
                    # reference.conf @ jar:file:/app/hello-akka-assembly-1.0.jar!/reference.conf: 405
                    "akka.dispatch.MultipleConsumerSemantics" : "akka.actor.mailbox.unbounded-queue-based",
                    # reference.conf @ jar:file:/app/hello-akka-assembly-1.0.jar!/reference.conf: 409
                    "akka.dispatch.UnboundedControlAwareMessageQueueSemantics" : "akka.actor.mailbox.unbounded-control-aware-queue-based",
                    # reference.conf @ jar:file:/app/hello-akka-assembly-1.0.jar!/reference.conf: 401
                    "akka.dispatch.UnboundedDequeBasedMessageQueueSemantics" : "akka.actor.mailbox.unbounded-deque-based",
                    # reference.conf @ jar:file:/app/hello-akka-assembly-1.0.jar!/reference.conf: 395
                    "akka.dispatch.UnboundedMessageQueueSemantics" : "akka.actor.mailbox.unbounded-queue-based",
                    # reference.conf @ jar:file:/app/hello-akka-assembly-1.0.jar!/reference.conf: 413
                    "akka.event.LoggerMessageQueueSemantics" : "akka.actor.mailbox.logger-queue"
                },
                # reference.conf @ jar:file:/app/hello-akka-assembly-1.0.jar!/reference.conf: 434
                "unbounded-control-aware-queue-based" : {
                    # reference.conf @ jar:file:/app/hello-akka-assembly-1.0.jar!/reference.conf: 448
                    # FQCN of the MailboxType, The Class of the FQCN must have a public
                    # constructor with (akka.actor.ActorSystem.Settings,
                    # com.typesafe.config.Config) parameters.
                    "mailbox-type" : "akka.dispatch.UnboundedControlAwareMailbox"
                },
                # reference.conf @ jar:file:/app/hello-akka-assembly-1.0.jar!/reference.conf: 420
                "unbounded-deque-based" : {
                    # reference.conf @ jar:file:/app/hello-akka-assembly-1.0.jar!/reference.conf: 434
                    # FQCN of the MailboxType, The Class of the FQCN must have a public
                    # constructor with (akka.actor.ActorSystem.Settings,
                    # com.typesafe.config.Config) parameters.
                    "mailbox-type" : "akka.dispatch.UnboundedDequeBasedMailbox"
                },
                # reference.conf @ jar:file:/app/hello-akka-assembly-1.0.jar!/reference.conf: 406
                "unbounded-queue-based" : {
                    # reference.conf @ jar:file:/app/hello-akka-assembly-1.0.jar!/reference.conf: 420
                    # FQCN of the MailboxType, The Class of the FQCN must have a public
                    # constructor with (akka.actor.ActorSystem.Settings,
                    # com.typesafe.config.Config) parameters.
                    "mailbox-type" : "akka.dispatch.UnboundedMailbox"
                }
            },
            # reference.conf @ jar:file:/app/hello-akka-assembly-1.0.jar!/reference.conf: 75
            # FQCN of the ActorRefProvider to be used; the below is the built-in default,
            # another one is akka.remote.RemoteActorRefProvider in the akka-remote bundle.
            "provider" : "akka.actor.LocalActorRefProvider",
            # reference.conf @ jar:file:/app/hello-akka-assembly-1.0.jar!/reference.conf: 87
            # Frequency with which stopping actors are prodded in case they had to be
            # removed from their parents
            "reaper-interval" : "5s",
            # reference.conf @ jar:file:/app/hello-akka-assembly-1.0.jar!/reference.conf: 109
            "router" : {
                # reference.conf @ jar:file:/app/hello-akka-assembly-1.0.jar!/reference.conf: 109
                # Mapping between ´deployment.router' short names to fully qualified class names
                "type-mapping" : {
                    # reference.conf @ jar:file:/app/hello-akka-assembly-1.0.jar!/reference.conf: 115
                    "balancing-pool" : "akka.routing.BalancingPool",
                    # reference.conf @ jar:file:/app/hello-akka-assembly-1.0.jar!/reference.conf: 118
                    "broadcast-group" : "akka.routing.BroadcastGroup",
                    # reference.conf @ jar:file:/app/hello-akka-assembly-1.0.jar!/reference.conf: 117
                    "broadcast-pool" : "akka.routing.BroadcastPool",
                    # reference.conf @ jar:file:/app/hello-akka-assembly-1.0.jar!/reference.conf: 124
                    "consistent-hashing-group" : "akka.routing.ConsistentHashingGroup",
                    # reference.conf @ jar:file:/app/hello-akka-assembly-1.0.jar!/reference.conf: 123
                    "consistent-hashing-pool" : "akka.routing.ConsistentHashingPool",
                    # reference.conf @ jar:file:/app/hello-akka-assembly-1.0.jar!/reference.conf: 110
                    "from-code" : "akka.routing.NoRouter",
                    # reference.conf @ jar:file:/app/hello-akka-assembly-1.0.jar!/reference.conf: 114
                    "random-group" : "akka.routing.RandomGroup",
                    # reference.conf @ jar:file:/app/hello-akka-assembly-1.0.jar!/reference.conf: 113
                    "random-pool" : "akka.routing.RandomPool",
                    # reference.conf @ jar:file:/app/hello-akka-assembly-1.0.jar!/reference.conf: 112
                    "round-robin-group" : "akka.routing.RoundRobinGroup",
                    # reference.conf @ jar:file:/app/hello-akka-assembly-1.0.jar!/reference.conf: 111
                    "round-robin-pool" : "akka.routing.RoundRobinPool",
                    # reference.conf @ jar:file:/app/hello-akka-assembly-1.0.jar!/reference.conf: 120
                    "scatter-gather-group" : "akka.routing.ScatterGatherFirstCompletedGroup",
                    # reference.conf @ jar:file:/app/hello-akka-assembly-1.0.jar!/reference.conf: 119
                    "scatter-gather-pool" : "akka.routing.ScatterGatherFirstCompletedPool",
                    # reference.conf @ jar:file:/app/hello-akka-assembly-1.0.jar!/reference.conf: 116
                    "smallest-mailbox-pool" : "akka.routing.SmallestMailboxPool",
                    # reference.conf @ jar:file:/app/hello-akka-assembly-1.0.jar!/reference.conf: 122
                    "tail-chopping-group" : "akka.routing.TailChoppingGroup",
                    # reference.conf @ jar:file:/app/hello-akka-assembly-1.0.jar!/reference.conf: 121
                    "tail-chopping-pool" : "akka.routing.TailChoppingPool"
                }
            },
            # reference.conf @ jar:file:/app/hello-akka-assembly-1.0.jar!/reference.conf: 494
            # Class to Serializer binding. You only need to specify the name of an
            # interface or abstract base class of the messages. In case of ambiguity it
            # is using the most specific configured class, or giving a warning and
            # choosing the “first” one.
            # 
            # To disable one of the default serializers, assign its class to "none", like
            # "java.io.Serializable" = none
            "serialization-bindings" : {
                # reference.conf @ jar:file:/app/hello-akka-assembly-1.0.jar!/reference.conf: 505
                "[B" : "bytes",
                # reference.conf @ jar:file:/app/hello-akka-assembly-1.0.jar!/reference.conf: 506
                "java.io.Serializable" : "java"
            },
            # reference.conf @ jar:file:/app/hello-akka-assembly-1.0.jar!/reference.conf: 505
            # Configuration namespace of serialization identifiers.
            # Each serializer implementation must have an entry in the following format:
            # `akka.actor.serialization-identifiers."FQCN" = ID`
            # where `FQCN` is fully qualified class name of the serializer implementation
            # and `ID` is globally unique serializer identifier number.
            # Identifier values from 0 to 16 are reserved for Akka internal usage.
            "serialization-identifiers" : {
                # reference.conf @ jar:file:/app/hello-akka-assembly-1.0.jar!/reference.conf: 517
                "akka.serialization.ByteArraySerializer" : 4,
                # reference.conf @ jar:file:/app/hello-akka-assembly-1.0.jar!/reference.conf: 516
                "akka.serialization.JavaSerializer" : 1
            },
            # reference.conf @ jar:file:/app/hello-akka-assembly-1.0.jar!/reference.conf: 96
            # Serializes and deserializes creators (in Props) to ensure that they can be
            # sent over the network, this is only intended for testing. Purely local deployments
            # as marked with deploy.scope == LocalScope are exempt from verification.
            "serialize-creators" : "off",
            # reference.conf @ jar:file:/app/hello-akka-assembly-1.0.jar!/reference.conf: 91
            # Serializes and deserializes (non-primitive) messages to ensure immutability,
            # this is only intended for testing.
            "serialize-messages" : "off",
            # reference.conf @ jar:file:/app/hello-akka-assembly-1.0.jar!/reference.conf: 482
            # Entries for pluggable serializers and their bindings.
            "serializers" : {
                # reference.conf @ jar:file:/app/hello-akka-assembly-1.0.jar!/reference.conf: 494
                "bytes" : "akka.serialization.ByteArraySerializer",
                # reference.conf @ jar:file:/app/hello-akka-assembly-1.0.jar!/reference.conf: 493
                "java" : "akka.serialization.JavaSerializer"
            },
            # reference.conf @ jar:file:/app/hello-akka-assembly-1.0.jar!/reference.conf: 103
            "typed" : {
                # reference.conf @ jar:file:/app/hello-akka-assembly-1.0.jar!/reference.conf: 105
                # Default timeout for typed actor methods with non-void return type
                "timeout" : "5s"
            },
            # reference.conf @ jar:file:/app/hello-akka-assembly-1.0.jar!/reference.conf: 101
            # Timeout for send operations to top-level actors which are in the process
            # of being started. This is only relevant if using a bounded mailbox or the
            # CallingThreadDispatcher for a top-level actor.
            "unstarted-push-timeout" : "10s"
        },
        # reference.conf @ jar:file:/app/hello-akka-assembly-1.0.jar!/reference.conf: 65
        # Toggles whether threads created by this ActorSystem should be daemons or not
        "daemonic" : "off",
        # reference.conf @ jar:file:/app/hello-akka-assembly-1.0.jar!/reference.conf: 62
        # List FQCN of extensions which shall be loaded at actor system startup.
        # Should be on the format: 'extensions = ["foo", "bar"]' etc.
        # See the Akka Documentation for more info about Extensions
        "extensions" : [],
        # reference.conf @ jar:file:/app/hello-akka-assembly-1.0.jar!/reference.conf: 13
        # Home directory of Akka, modules in the deploy directory will be loaded
        "home" : "",
        # reference.conf @ jar:file:/app/hello-akka-assembly-1.0.jar!/reference.conf: 560
        "io" : {
            # reference.conf @ jar:file:/app/hello-akka-assembly-1.0.jar!/reference.conf: 780
            "dns" : {
                # reference.conf @ jar:file:/app/hello-akka-assembly-1.0.jar!/reference.conf: 794
                # Fully qualified config path which holds the dispatcher configuration
                # for the manager and resolver router actors.
                # For actual router configuration see akka.actor.deployment./IO-DNS/*
                "dispatcher" : "akka.actor.default-dispatcher",
                # reference.conf @ jar:file:/app/hello-akka-assembly-1.0.jar!/reference.conf: 789
                "inet-address" : {
                    # reference.conf @ jar:file:/app/hello-akka-assembly-1.0.jar!/reference.conf: 809
                    # How often to sweep out expired cache entries.
                    # Note that this interval has nothing to do with TTLs
                    "cache-cleanup-interval" : "120s",
                    # reference.conf @ jar:file:/app/hello-akka-assembly-1.0.jar!/reference.conf: 805
                    "negative-ttl" : "10s",
                    # reference.conf @ jar:file:/app/hello-akka-assembly-1.0.jar!/reference.conf: 804
                    # These TTLs are set to default java 6 values
                    "positive-ttl" : "30s",
                    # reference.conf @ jar:file:/app/hello-akka-assembly-1.0.jar!/reference.conf: 801
                    # Must implement akka.io.DnsProvider
                    "provider-object" : "akka.io.InetAddressDnsProvider"
                },
                # reference.conf @ jar:file:/app/hello-akka-assembly-1.0.jar!/reference.conf: 797
                # Name of the subconfig at path akka.io.dns, see inet-address below
                "resolver" : "inet-address"
            },
            # reference.conf @ jar:file:/app/hello-akka-assembly-1.0.jar!/reference.conf: 564
            # By default the select loops run on dedicated threads, hence using a
            # PinnedDispatcher
            "pinned-dispatcher" : {
                # reference.conf @ jar:file:/app/hello-akka-assembly-1.0.jar!/reference.conf: 576
                "executor" : "thread-pool-executor",
                # reference.conf @ jar:file:/app/hello-akka-assembly-1.0.jar!/reference.conf: 577
                "thread-pool-executor" : {
                    # reference.conf @ jar:file:/app/hello-akka-assembly-1.0.jar!/reference.conf: 577
                    "allow-core-timeout" : "off"
                },
                # reference.conf @ jar:file:/app/hello-akka-assembly-1.0.jar!/reference.conf: 575
                "type" : "PinnedDispatcher"
            },
            # reference.conf @ jar:file:/app/hello-akka-assembly-1.0.jar!/reference.conf: 570
            "tcp" : {
                # reference.conf @ jar:file:/app/hello-akka-assembly-1.0.jar!/reference.conf: 602
                # The maximum number of connection that are accepted in one go,
                # higher numbers decrease latency, lower numbers increase fairness on
                # the worker-dispatcher
                "batch-accept-limit" : 10,
                # reference.conf @ jar:file:/app/hello-akka-assembly-1.0.jar!/reference.conf: 610
                # The maximal number of direct buffers kept in the direct buffer pool for
                # reuse.
                "direct-buffer-pool-limit" : 1000,
                # reference.conf @ jar:file:/app/hello-akka-assembly-1.0.jar!/reference.conf: 606
                # The number of bytes per direct buffer in the pool used to read or write
                # network data from the kernel.
                "direct-buffer-size" : "128 KiB",
                # reference.conf @ jar:file:/app/hello-akka-assembly-1.0.jar!/reference.conf: 643
                # Fully qualified config path which holds the dispatcher configuration
                # on which file IO tasks are scheduled
                "file-io-dispatcher" : "akka.actor.default-dispatcher",
                # reference.conf @ jar:file:/app/hello-akka-assembly-1.0.jar!/reference.conf: 651
                # The maximum number of bytes (or "unlimited") to transfer in one batch
                # when using `WriteFile` command which uses `FileChannel.transferTo` to
                # pipe files to a TCP socket. On some OS like Linux `FileChannel.transferTo`
                # may block for a long time when network IO is faster than file IO.
                # Decreasing the value may improve fairness while increasing may improve
                # throughput.
                "file-io-transferTo-limit" : "512 KiB",
                # reference.conf @ jar:file:/app/hello-akka-assembly-1.0.jar!/reference.conf: 656
                # The number of times to retry the `finishConnect` call after being notified about
                # OP_CONNECT. Retries are needed if the OP_CONNECT notification doesn't imply that
                # `finishConnect` will succeed, which is the case on Android.
                "finish-connect-retries" : 5,
                # reference.conf @ jar:file:/app/hello-akka-assembly-1.0.jar!/reference.conf: 639
                # Fully qualified config path which holds the dispatcher configuration
                # for the selector management actors
                "management-dispatcher" : "akka.actor.default-dispatcher",
                # reference.conf @ jar:file:/app/hello-akka-assembly-1.0.jar!/reference.conf: 592
                # Maximum number of open channels supported by this TCP module; there is
                # no intrinsic general limit, this setting is meant to enable DoS
                # protection by limiting the number of concurrently connected clients.
                # Also note that this is a "soft" limit; in certain cases the implementation
                # will accept a few connections more or a few less than the number configured
                # here. Must be an integer > 0 or "unlimited".
                "max-channels" : 256000,
                # reference.conf @ jar:file:/app/hello-akka-assembly-1.0.jar!/reference.conf: 622
                # The maximum number of bytes delivered by a `Received` message. Before
                # more data is read from the network the connection actor will try to
                # do other work.
                # The purpose of this setting is to impose a smaller limit than the 
                # configured receive buffer size. When using value 'unlimited' it will
                # try to read all from the receive buffer.
                "max-received-message-size" : "unlimited",
                # reference.conf @ jar:file:/app/hello-akka-assembly-1.0.jar!/reference.conf: 584
                # The number of selectors to stripe the served channels over; each of
                # these will use one select loop on the selector-dispatcher.
                "nr-of-selectors" : 1,
                # reference.conf @ jar:file:/app/hello-akka-assembly-1.0.jar!/reference.conf: 614
                # The duration a connection actor waits for a `Register` message from
                # its commander before aborting the connection.
                "register-timeout" : "5s",
                # reference.conf @ jar:file:/app/hello-akka-assembly-1.0.jar!/reference.conf: 597
                # When trying to assign a new connection to a selector and the chosen
                # selector is at full capacity, retry selector choosing and assignment
                # this many times before giving up
                "selector-association-retries" : 10,
                # reference.conf @ jar:file:/app/hello-akka-assembly-1.0.jar!/reference.conf: 631
                # Fully qualified config path which holds the dispatcher configuration
                # to be used for running the select() calls in the selectors
                "selector-dispatcher" : "akka.io.pinned-dispatcher",
                # reference.conf @ jar:file:/app/hello-akka-assembly-1.0.jar!/reference.conf: 627
                # Enable fine grained logging of what goes on inside the implementation.
                # Be aware that this may log more than once per message sent to the actors
                # of the tcp implementation.
                "trace-logging" : "off",
                # reference.conf @ jar:file:/app/hello-akka-assembly-1.0.jar!/reference.conf: 665
                # On Windows connection aborts are not reliably detected unless an OP_READ is
                # registered on the selector _after_ the connection has been reset. This
                # workaround enables an OP_CONNECT which forces the abort to be visible on Windows.
                # Enabling this setting on other platforms than Windows will cause various failures
                # and undefined behavior.
                # Possible values of this key are on, off and auto where auto will enable the
                # workaround if Windows is detected automatically.
                "windows-connection-abort-workaround-enabled" : "off",
                # reference.conf @ jar:file:/app/hello-akka-assembly-1.0.jar!/reference.conf: 635
                # Fully qualified config path which holds the dispatcher configuration
                # for the read/write worker actors
                "worker-dispatcher" : "akka.actor.default-dispatcher"
            },
            # reference.conf @ jar:file:/app/hello-akka-assembly-1.0.jar!/reference.conf: 658
            "udp" : {
                # reference.conf @ jar:file:/app/hello-akka-assembly-1.0.jar!/reference.conf: 704
                # The maximal number of direct buffers kept in the direct buffer pool for
                # reuse.
                "direct-buffer-pool-limit" : 1000,
                # reference.conf @ jar:file:/app/hello-akka-assembly-1.0.jar!/reference.conf: 700
                # The number of bytes per direct buffer in the pool used to read or write
                # network data from the kernel.
                "direct-buffer-size" : "128 KiB",
                # reference.conf @ jar:file:/app/hello-akka-assembly-1.0.jar!/reference.conf: 726
                # Fully qualified config path which holds the dispatcher configuration
                # for the selector management actors
                "management-dispatcher" : "akka.actor.default-dispatcher",
                # reference.conf @ jar:file:/app/hello-akka-assembly-1.0.jar!/reference.conf: 677
                # Maximum number of open channels supported by this UDP module Generally
                # UDP does not require a large number of channels, therefore it is
                # recommended to keep this setting low.
                "max-channels" : 4096,
                # reference.conf @ jar:file:/app/hello-akka-assembly-1.0.jar!/reference.conf: 672
                # The number of selectors to stripe the served channels over; each of
                # these will use one select loop on the selector-dispatcher.
                "nr-of-selectors" : 1,
                # reference.conf @ jar:file:/app/hello-akka-assembly-1.0.jar!/reference.conf: 696
                # The maximum number of datagrams that are read in one go,
                # higher numbers decrease latency, lower numbers increase fairness on
                # the worker-dispatcher
                "receive-throughput" : 3,
                # reference.conf @ jar:file:/app/hello-akka-assembly-1.0.jar!/reference.conf: 709
                # The maximum number of bytes delivered by a `Received` message. Before
                # more data is read from the network the connection actor will try to
                # do other work.
                "received-message-size-limit" : "unlimited",
                # reference.conf @ jar:file:/app/hello-akka-assembly-1.0.jar!/reference.conf: 686
                # The select loop can be used in two modes:
                # - setting "infinite" will select without a timeout, hogging a thread
                # - setting a positive timeout will do a bounded select call,
                #   enabling sharing of a single thread between multiple selectors
                #   (in this case you will have to use a different configuration for the
                #   selector-dispatcher, e.g. using "type=Dispatcher" with size 1)
                # - setting it to zero means polling, i.e. calling selectNow()
                "select-timeout" : "infinite",
                # reference.conf @ jar:file:/app/hello-akka-assembly-1.0.jar!/reference.conf: 691
                # When trying to assign a new connection to a selector and the chosen
                # selector is at full capacity, retry selector choosing and assignment
                # this many times before giving up
                "selector-association-retries" : 10,
                # reference.conf @ jar:file:/app/hello-akka-assembly-1.0.jar!/reference.conf: 718
                # Fully qualified config path which holds the dispatcher configuration
                # to be used for running the select() calls in the selectors
                "selector-dispatcher" : "akka.io.pinned-dispatcher",
                # reference.conf @ jar:file:/app/hello-akka-assembly-1.0.jar!/reference.conf: 714
                # Enable fine grained logging of what goes on inside the implementation.
                # Be aware that this may log more than once per message sent to the actors
                # of the tcp implementation.
                "trace-logging" : "off",
                # reference.conf @ jar:file:/app/hello-akka-assembly-1.0.jar!/reference.conf: 722
                # Fully qualified config path which holds the dispatcher configuration
                # for the read/write worker actors
                "worker-dispatcher" : "akka.actor.default-dispatcher"
            },
            # reference.conf @ jar:file:/app/hello-akka-assembly-1.0.jar!/reference.conf: 719
            "udp-connected" : {
                # reference.conf @ jar:file:/app/hello-akka-assembly-1.0.jar!/reference.conf: 765
                # The maximal number of direct buffers kept in the direct buffer pool for
                # reuse.
                "direct-buffer-pool-limit" : 1000,
                # reference.conf @ jar:file:/app/hello-akka-assembly-1.0.jar!/reference.conf: 761
                # The number of bytes per direct buffer in the pool used to read or write
                # network data from the kernel.
                "direct-buffer-size" : "128 KiB",
                # reference.conf @ jar:file:/app/hello-akka-assembly-1.0.jar!/reference.conf: 787
                # Fully qualified config path which holds the dispatcher configuration
                # for the selector management actors
                "management-dispatcher" : "akka.actor.default-dispatcher",
                # reference.conf @ jar:file:/app/hello-akka-assembly-1.0.jar!/reference.conf: 738
                # Maximum number of open channels supported by this UDP module Generally
                # UDP does not require a large number of channels, therefore it is
                # recommended to keep this setting low.
                "max-channels" : 4096,
                # reference.conf @ jar:file:/app/hello-akka-assembly-1.0.jar!/reference.conf: 733
                # The number of selectors to stripe the served channels over; each of
                # these will use one select loop on the selector-dispatcher.
                "nr-of-selectors" : 1,
                # reference.conf @ jar:file:/app/hello-akka-assembly-1.0.jar!/reference.conf: 757
                # The maximum number of datagrams that are read in one go,
                # higher numbers decrease latency, lower numbers increase fairness on
                # the worker-dispatcher
                "receive-throughput" : 3,
                # reference.conf @ jar:file:/app/hello-akka-assembly-1.0.jar!/reference.conf: 770
                # The maximum number of bytes delivered by a `Received` message. Before
                # more data is read from the network the connection actor will try to
                # do other work.
                "received-message-size-limit" : "unlimited",
                # reference.conf @ jar:file:/app/hello-akka-assembly-1.0.jar!/reference.conf: 747
                # The select loop can be used in two modes:
                # - setting "infinite" will select without a timeout, hogging a thread
                # - setting a positive timeout will do a bounded select call,
                #   enabling sharing of a single thread between multiple selectors
                #   (in this case you will have to use a different configuration for the
                #   selector-dispatcher, e.g. using "type=Dispatcher" with size 1)
                # - setting it to zero means polling, i.e. calling selectNow()
                "select-timeout" : "infinite",
                # reference.conf @ jar:file:/app/hello-akka-assembly-1.0.jar!/reference.conf: 752
                # When trying to assign a new connection to a selector and the chosen
                # selector is at full capacity, retry selector choosing and assignment
                # this many times before giving up
                "selector-association-retries" : 10,
                # reference.conf @ jar:file:/app/hello-akka-assembly-1.0.jar!/reference.conf: 779
                # Fully qualified config path which holds the dispatcher configuration
                # to be used for running the select() calls in the selectors
                "selector-dispatcher" : "akka.io.pinned-dispatcher",
                # reference.conf @ jar:file:/app/hello-akka-assembly-1.0.jar!/reference.conf: 775
                # Enable fine grained logging of what goes on inside the implementation.
                # Be aware that this may log more than once per message sent to the actors
                # of the tcp implementation.
                "trace-logging" : "off",
                # reference.conf @ jar:file:/app/hello-akka-assembly-1.0.jar!/reference.conf: 783
                # Fully qualified config path which holds the dispatcher configuration
                # for the read/write worker actors
                "worker-dispatcher" : "akka.actor.default-dispatcher"
            }
        },
        # reference.conf @ jar:file:/app/hello-akka-assembly-1.0.jar!/reference.conf: 69
        # JVM shutdown, System.exit(-1), in case of a fatal error,
        # such as OutOfMemoryError
        "jvm-exit-on-fatal-error" : "on",
        # application.conf @ jar:file:/app/hello-akka-assembly-1.0.jar!/application.conf: 2
        "log-config-on-start" : "on",
        # reference.conf @ jar:file:/app/hello-akka-assembly-1.0.jar!/reference.conf: 52
        # Log at info level when messages are sent to dead letters.
        # Possible values:
        # on: all dead letters are logged
        # off: no logging of dead letters
        # n: positive integer, number of dead letters that will be logged
        "log-dead-letters" : 10,
        # reference.conf @ jar:file:/app/hello-akka-assembly-1.0.jar!/reference.conf: 57
        # Possibility to turn off logging of dead letters while the actor system
        # is shutting down. Logging is only done when enabled by 'log-dead-letters'
        # setting.
        "log-dead-letters-during-shutdown" : "on",
        # reference.conf @ jar:file:/app/hello-akka-assembly-1.0.jar!/reference.conf: 31
        # Loggers are created and registered synchronously during ActorSystem
        # start-up, and since they are actors, this timeout is used to bound the
        # waiting time
        "logger-startup-timeout" : "5s",
        # application.conf @ jar:file:/app/hello-akka-assembly-1.0.jar!/application.conf: 4
        "loggers" : [
            # application.conf @ jar:file:/app/hello-akka-assembly-1.0.jar!/application.conf: 4
            "akka.event.slf4j.Slf4jLogger"
        ],
        # application.conf @ jar:file:/app/hello-akka-assembly-1.0.jar!/application.conf: 9
        "logging-filter" : "akka.event.slf4j.Slf4jLoggingFilter",
        # application.conf @ jar:file:/app/hello-akka-assembly-1.0.jar!/application.conf: 7
        # Options: ERROR, WARNING, INFO, DEBUG
        "loglevel" : "DEBUG",
        # reference.conf @ jar:file:/app/hello-akka-assembly-1.0.jar!/reference.conf: 525
        # Used to set the behavior of the scheduler.
        # Changing the default values may change the system behavior drastically so make
        # sure you know what you're doing! See the Scheduler section of the Akka
        # Documentation for more details.
        "scheduler" : {
            # reference.conf @ jar:file:/app/hello-akka-assembly-1.0.jar!/reference.conf: 561
            # This setting selects the timer implementation which shall be loaded at
            # system start-up.
            # The class given here must implement the akka.actor.Scheduler interface
            # and offer a public constructor which takes three arguments:
            #  1) com.typesafe.config.Config
            #  2) akka.event.LoggingAdapter
            #  3) java.util.concurrent.ThreadFactory
            "implementation" : "akka.actor.LightArrayRevolverScheduler",
            # reference.conf @ jar:file:/app/hello-akka-assembly-1.0.jar!/reference.conf: 567
            # When shutting down the scheduler, there will typically be a thread which
            # needs to be stopped, and this timeout determines how long to wait for
            # that to happen. In case of timeout the shutdown of the actor system will
            # proceed without running possibly still enqueued tasks.
            "shutdown-timeout" : "5s",
            # reference.conf @ jar:file:/app/hello-akka-assembly-1.0.jar!/reference.conf: 545
            # The LightArrayRevolverScheduler is used as the default scheduler in the
            # system. It does not execute the scheduled tasks on exact time, but on every
            # tick, it will run everything that is (over)due. You can increase or decrease
            # the accuracy of the execution timing by specifying smaller or larger tick
            # duration. If you are scheduling a lot of tasks you should consider increasing
            # the ticks per wheel.
            # Note that it might take up to 1 tick to stop the Timer, so setting the
            # tick-duration to a high value will make shutting down the actor system
            # take longer.
            "tick-duration" : "10ms",
            # reference.conf @ jar:file:/app/hello-akka-assembly-1.0.jar!/reference.conf: 552
            # The timer uses a circular wheel of buckets to store the timer tasks.
            # This should be set such that the majority of scheduled timeouts (for high
            # scheduling frequency) will be shorter than one rotation of the wheel
            # (ticks-per-wheel * ticks-duration)
            # THIS MUST BE A POWER OF TWO!
            "ticks-per-wheel" : 512
        },
        # reference.conf @ jar:file:/app/hello-akka-assembly-1.0.jar!/reference.conf: 41
        # Log level for the very basic logger activated during ActorSystem startup.
        # This logger prints the log messages to stdout (System.out).
        # Options: OFF, ERROR, WARNING, INFO, DEBUG
        "stdout-loglevel" : "WARNING",
        # reference.conf @ jar:file:/app/hello-akka-assembly-1.0.jar!/reference.conf: 10
        # Akka version, checked against the runtime version of Akka.
        "version" : "2.4.0"
    },
    # system properties
    "awt" : {
        # system properties
        "toolkit" : "sun.awt.X11.XToolkit"
    },
    # system properties
    "file" : {
        # system properties
        "encoding" : {
            # system properties
            "pkg" : "sun.io"
        },
        # system properties
        "separator" : "/"
    },
    # system properties
    "java" : {
        # system properties
        "awt" : {
            # system properties
            "graphicsenv" : "sun.awt.X11GraphicsEnvironment",
            # system properties
            "printerjob" : "sun.print.PSPrinterJob"
        },
        # system properties
        "class" : {
            # system properties
            "path" : "/app/hello-akka-assembly-1.0.jar",
            # system properties
            "version" : "52.0"
        },
        # system properties
        "endorsed" : {
            # system properties
            "dirs" : "/usr/lib/jvm/java-8-openjdk-amd64/jre/lib/endorsed"
        },
        # system properties
        "ext" : {
            # system properties
            "dirs" : "/usr/lib/jvm/java-8-openjdk-amd64/jre/lib/ext:/usr/java/packages/lib/ext"
        },
        # system properties
        "home" : "/usr/lib/jvm/java-8-openjdk-amd64/jre",
        # system properties
        "io" : {
            # system properties
            "tmpdir" : "/tmp"
        },
        # system properties
        "library" : {
            # system properties
            "path" : "/usr/java/packages/lib/amd64:/usr/lib/x86_64-linux-gnu/jni:/lib/x86_64-linux-gnu:/usr/lib/x86_64-linux-gnu:/usr/lib/jni:/lib:/usr/lib"
        },
        # system properties
        "runtime" : {
            # system properties
            "name" : "OpenJDK Runtime Environment",
            # system properties
            "version" : "1.8.0_66-internal-b17"
        },
        # system properties
        "specification" : {
            # system properties
            "name" : "Java Platform API Specification",
            # system properties
            "vendor" : "Oracle Corporation",
            # system properties
            "version" : "1.8"
        },
        # system properties
        "vendor" : {
            # system properties
            "url" : {
                # system properties
                "bug" : "http://bugreport.sun.com/bugreport/"
            }
        },
        # system properties
        "version" : "1.8.0_66-internal",
        # system properties
        "vm" : {
            # system properties
            "info" : "mixed mode",
            # system properties
            "name" : "OpenJDK 64-Bit Server VM",
            # system properties
            "specification" : {
                # system properties
                "name" : "Java Virtual Machine Specification",
                # system properties
                "vendor" : "Oracle Corporation",
                # system properties
                "version" : "1.8"
            },
            # system properties
            "vendor" : "Oracle Corporation",
            # system properties
            "version" : "25.66-b17"
        }
    },
    # system properties
    "line" : {
        # system properties
        "separator" : "\n"
    },
    # system properties
    "os" : {
        # system properties
        "arch" : "amd64",
        # system properties
        "name" : "Linux",
        # system properties
        "version" : "4.1.12-boot2docker"
    },
    # system properties
    "path" : {
        # system properties
        "separator" : ":"
    },
    # system properties
    "sun" : {
        # system properties
        "arch" : {
            # system properties
            "data" : {
                # system properties
                "model" : "64"
            }
        },
        # system properties
        "boot" : {
            # system properties
            "class" : {
                # system properties
                "path" : "/usr/lib/jvm/java-8-openjdk-amd64/jre/lib/resources.jar:/usr/lib/jvm/java-8-openjdk-amd64/jre/lib/rt.jar:/usr/lib/jvm/java-8-openjdk-amd64/jre/lib/sunrsasign.jar:/usr/lib/jvm/java-8-openjdk-amd64/jre/lib/jsse.jar:/usr/lib/jvm/java-8-openjdk-amd64/jre/lib/jce.jar:/usr/lib/jvm/java-8-openjdk-amd64/jre/lib/charsets.jar:/usr/lib/jvm/java-8-openjdk-amd64/jre/lib/jfr.jar:/usr/lib/jvm/java-8-openjdk-amd64/jre/classes"
            },
            # system properties
            "library" : {
                # system properties
                "path" : "/usr/lib/jvm/java-8-openjdk-amd64/jre/lib/amd64"
            }
        },
        # system properties
        "cpu" : {
            # system properties
            "endian" : "little",
            # system properties
            "isalist" : ""
        },
        # system properties
        "io" : {
            # system properties
            "unicode" : {
                # system properties
                "encoding" : "UnicodeLittle"
            }
        },
        # system properties
        "java" : {
            # system properties
            "command" : "/app/hello-akka-assembly-1.0.jar",
            # system properties
            "launcher" : "SUN_STANDARD"
        },
        # system properties
        "jnu" : {
            # system properties
            "encoding" : "UTF-8"
        },
        # system properties
        "management" : {
            # system properties
            "compiler" : "HotSpot 64-Bit Tiered Compilers"
        },
        # system properties
        "os" : {
            # system properties
            "patch" : {
                # system properties
                "level" : "unknown"
            }
        }
    },
    # system properties
    "user" : {
        # system properties
        "dir" : "/",
        # system properties
        "home" : "/root",
        # system properties
        "language" : "en",
        # system properties
        "name" : "root",
        # system properties
        "timezone" : ""
    }
}

2015-11-03 22:31:33,953 INFO  nl.rdj.Greeter  - Hello
2015-11-03 22:31:33,986 INFO  nl.rdj.Greeter  - Hello
2015-11-03 22:31:33,988 INFO  nl.rdj.HelloAkkaScala$  - Greeting: hello, akka
2015-11-03 22:31:33,988 INFO  nl.rdj.Greeter  - Hello
2015-11-03 22:31:33,989 INFO  nl.rdj.HelloAkkaScala$  - Greeting: hello, typesafe
2015-11-03 22:31:33,993 INFO  nl.rdj.Greeter  - Hello
2015-11-03 22:31:33,994 INFO  nl.rdj.GreetPrinter  - hello, typesafe
2015-11-03 22:31:34,998 INFO  nl.rdj.Greeter  - Hello
2015-11-03 22:31:34,998 INFO  nl.rdj.GreetPrinter  - hello, typesafe
2015-11-03 22:31:36,007 INFO  nl.rdj.Greeter  - Hello
2015-11-03 22:31:36,008 INFO  nl.rdj.GreetPrinter  - hello, typesafe
2015-11-03 22:31:37,007 INFO  nl.rdj.Greeter  - Hello
2015-11-03 22:31:37,009 INFO  nl.rdj.GreetPrinter  - hello, typesafe
2015-11-03 22:31:38,007 INFO  nl.rdj.Greeter  - Hello
2015-11-03 22:31:38,008 INFO  nl.rdj.GreetPrinter  - hello, typesafe
2015-11-03 22:31:38,998 INFO  nl.rdj.Greeter  - Hello
2015-11-03 22:31:38,998 INFO  nl.rdj.GreetPrinter  - hello, typesafe
2015-11-03 22:31:39,998 INFO  nl.rdj.Greeter  - Hello
2015-11-03 22:31:39,998 INFO  nl.rdj.GreetPrinter  - hello, typesafe
2015-11-03 22:31:40,998 INFO  nl.rdj.Greeter  - Hello
2015-11-03 22:31:40,998 INFO  nl.rdj.GreetPrinter  - hello, typesafe
2015-11-03 22:31:42,008 INFO  nl.rdj.Greeter  - Hello
2015-11-03 22:31:42,009 INFO  nl.rdj.GreetPrinter  - hello, typesafe
2015-11-03 22:31:43,010 INFO  nl.rdj.Greeter  - Hello
2015-11-03 22:31:43,010 INFO  nl.rdj.GreetPrinter  - hello, typesafe
2015-11-03 22:31:44,013 INFO  nl.rdj.Greeter  - Hello
2015-11-03 22:31:44,014 INFO  nl.rdj.GreetPrinter  - hello, typesafe
2015-11-03 22:31:44,997 INFO  nl.rdj.Greeter  - Hello
2015-11-03 22:31:44,998 INFO  nl.rdj.GreetPrinter  - hello, typesafe
2015-11-03 22:31:46,008 INFO  nl.rdj.Greeter  - Hello
2015-11-03 22:31:46,009 INFO  nl.rdj.GreetPrinter  - hello, typesafe
2015-11-03 22:31:47,008 INFO  nl.rdj.Greeter  - Hello
2015-11-03 22:31:47,009 INFO  nl.rdj.GreetPrinter  - hello, typesafe
2015-11-03 22:31:48,008 INFO  nl.rdj.Greeter  - Hello
2015-11-03 22:31:48,008 INFO  nl.rdj.GreetPrinter  - hello, typesafe
2015-11-03 22:31:49,009 INFO  nl.rdj.Greeter  - Hello
2015-11-03 22:31:49,016 INFO  nl.rdj.GreetPrinter  - hello, typesafe
2015-11-03 22:31:50,007 INFO  nl.rdj.Greeter  - Hello
2015-11-03 22:31:50,008 INFO  nl.rdj.GreetPrinter  - hello, typesafe
2015-11-03 22:31:51,010 INFO  nl.rdj.Greeter  - Hello
2015-11-03 22:31:51,015 INFO  nl.rdj.GreetPrinter  - hello, typesafe
2015-11-03 22:31:52,007 INFO  nl.rdj.Greeter  - Hello
2015-11-03 22:31:52,007 INFO  nl.rdj.GreetPrinter  - hello, typesafe
2015-11-03 22:31:53,010 INFO  nl.rdj.Greeter  - Hello
2015-11-03 22:31:53,011 INFO  nl.rdj.GreetPrinter  - hello, typesafe
2015-11-03 22:31:54,007 INFO  nl.rdj.Greeter  - Hello
2015-11-03 22:31:54,008 INFO  nl.rdj.GreetPrinter  - hello, typesafe
2015-11-03 22:31:55,007 INFO  nl.rdj.Greeter  - Hello
2015-11-03 22:31:55,008 INFO  nl.rdj.GreetPrinter  - hello, typesafe
2015-11-03 22:31:55,999 INFO  nl.rdj.Greeter  - Hello
2015-11-03 22:31:56,000 INFO  nl.rdj.GreetPrinter  - hello, typesafe
2015-11-03 22:31:56,998 INFO  nl.rdj.Greeter  - Hello
2015-11-03 22:31:56,999 INFO  nl.rdj.GreetPrinter  - hello, typesafe
2015-11-03 22:31:57,997 INFO  nl.rdj.Greeter  - Hello
2015-11-03 22:31:57,997 INFO  nl.rdj.GreetPrinter  - hello, typesafe
2015-11-03 22:31:58,997 INFO  nl.rdj.Greeter  - Hello
2015-11-03 22:31:58,998 INFO  nl.rdj.GreetPrinter  - hello, typesafe
2015-11-03 22:31:59,997 INFO  nl.rdj.Greeter  - Hello
2015-11-03 22:31:59,998 INFO  nl.rdj.GreetPrinter  - hello, typesafe
2015-11-03 22:32:00,997 INFO  nl.rdj.Greeter  - Hello
2015-11-03 22:32:00,998 INFO  nl.rdj.GreetPrinter  - hello, typesafe
2015-11-03 22:32:01,997 INFO  nl.rdj.Greeter  - Hello
2015-11-03 22:32:01,998 INFO  nl.rdj.GreetPrinter  - hello, typesafe
2015-11-03 22:32:02,998 INFO  nl.rdj.Greeter  - Hello
2015-11-03 22:32:02,999 INFO  nl.rdj.GreetPrinter  - hello, typesafe
2015-11-03 22:32:03,997 INFO  nl.rdj.Greeter  - Hello
2015-11-03 22:32:03,998 INFO  nl.rdj.GreetPrinter  - hello, typesafe
2015-11-03 22:32:04,997 INFO  nl.rdj.Greeter  - Hello
2015-11-03 22:32:04,998 INFO  nl.rdj.GreetPrinter  - hello, typesafe
2015-11-03 22:32:05,998 INFO  nl.rdj.Greeter  - Hello
2015-11-03 22:32:05,998 INFO  nl.rdj.GreetPrinter  - hello, typesafe
2015-11-03 22:32:07,008 INFO  nl.rdj.Greeter  - Hello
2015-11-03 22:32:07,008 INFO  nl.rdj.GreetPrinter  - hello, typesafe
2015-11-03 22:32:08,008 INFO  nl.rdj.Greeter  - Hello
2015-11-03 22:32:08,008 INFO  nl.rdj.GreetPrinter  - hello, typesafe
2015-11-03 22:32:09,008 INFO  nl.rdj.Greeter  - Hello
2015-11-03 22:32:09,009 INFO  nl.rdj.GreetPrinter  - hello, typesafe
2015-11-03 22:32:10,011 INFO  nl.rdj.Greeter  - Hello
2015-11-03 22:32:10,012 INFO  nl.rdj.GreetPrinter  - hello, typesafe
2015-11-03 22:32:11,009 INFO  nl.rdj.Greeter  - Hello
2015-11-03 22:32:11,012 INFO  nl.rdj.GreetPrinter  - hello, typesafe
2015-11-03 22:32:12,008 INFO  nl.rdj.Greeter  - Hello
2015-11-03 22:32:12,009 INFO  nl.rdj.GreetPrinter  - hello, typesafe
2015-11-03 22:32:13,008 INFO  nl.rdj.Greeter  - Hello
2015-11-03 22:32:13,009 INFO  nl.rdj.GreetPrinter  - hello, typesafe
2015-11-03 22:32:14,011 INFO  nl.rdj.Greeter  - Hello
2015-11-03 22:32:14,012 INFO  nl.rdj.GreetPrinter  - hello, typesafe
2015-11-03 22:32:15,013 INFO  nl.rdj.Greeter  - Hello
2015-11-03 22:32:15,013 INFO  nl.rdj.GreetPrinter  - hello, typesafe
2015-11-03 22:32:15,997 INFO  nl.rdj.Greeter  - Hello
2015-11-03 22:32:15,997 INFO  nl.rdj.GreetPrinter  - hello, typesafe
2015-11-03 22:32:17,009 INFO  nl.rdj.Greeter  - Hello
2015-11-03 22:32:17,010 INFO  nl.rdj.GreetPrinter  - hello, typesafe
2015-11-03 22:32:18,009 INFO  nl.rdj.Greeter  - Hello
2015-11-03 22:32:18,009 INFO  nl.rdj.GreetPrinter  - hello, typesafe
2015-11-03 22:32:19,009 INFO  nl.rdj.Greeter  - Hello
2015-11-03 22:32:19,010 INFO  nl.rdj.GreetPrinter  - hello, typesafe
2015-11-03 22:32:20,008 INFO  nl.rdj.Greeter  - Hello
2015-11-03 22:32:20,008 INFO  nl.rdj.GreetPrinter  - hello, typesafe
2015-11-03 22:32:21,007 INFO  nl.rdj.Greeter  - Hello
2015-11-03 22:32:21,008 INFO  nl.rdj.GreetPrinter  - hello, typesafe
2015-11-03 22:32:22,008 INFO  nl.rdj.Greeter  - Hello
2015-11-03 22:32:22,009 INFO  nl.rdj.GreetPrinter  - hello, typesafe
2015-11-03 22:32:23,008 INFO  nl.rdj.Greeter  - Hello
2015-11-03 22:32:23,009 INFO  nl.rdj.GreetPrinter  - hello, typesafe
2015-11-03 22:32:24,009 INFO  nl.rdj.Greeter  - Hello
2015-11-03 22:32:24,010 INFO  nl.rdj.GreetPrinter  - hello, typesafe
2015-11-03 22:32:25,008 INFO  nl.rdj.Greeter  - Hello
2015-11-03 22:32:25,009 INFO  nl.rdj.GreetPrinter  - hello, typesafe
2015-11-03 22:32:26,008 INFO  nl.rdj.Greeter  - Hello
2015-11-03 22:32:26,008 INFO  nl.rdj.GreetPrinter  - hello, typesafe
2015-11-03 22:32:27,008 INFO  nl.rdj.Greeter  - Hello
2015-11-03 22:32:27,008 INFO  nl.rdj.GreetPrinter  - hello, typesafe
2015-11-03 22:32:28,009 INFO  nl.rdj.Greeter  - Hello
2015-11-03 22:32:28,009 INFO  nl.rdj.GreetPrinter  - hello, typesafe
2015-11-03 22:32:29,008 INFO  nl.rdj.Greeter  - Hello
2015-11-03 22:32:29,009 INFO  nl.rdj.GreetPrinter  - hello, typesafe
2015-11-03 22:32:30,009 INFO  nl.rdj.Greeter  - Hello
2015-11-03 22:32:30,009 INFO  nl.rdj.GreetPrinter  - hello, typesafe
2015-11-03 22:32:31,010 INFO  nl.rdj.Greeter  - Hello
2015-11-03 22:32:31,011 INFO  nl.rdj.GreetPrinter  - hello, typesafe
2015-11-03 22:32:32,008 INFO  nl.rdj.Greeter  - Hello
2015-11-03 22:32:32,008 INFO  nl.rdj.GreetPrinter  - hello, typesafe
2015-11-03 22:32:34,886 INFO  akka.event.slf4j.Slf4jLogger  - Slf4jLogger started
2015-11-03 22:32:34,919 INFO  nl.rdj.Greeter  - Hello
2015-11-03 22:32:34,918 DEBUG akka.event.EventStream main - logger log1-Slf4jLogger started
2015-11-03 22:32:34,925 DEBUG akka.event.EventStream main - Default Loggers started
2015-11-03 22:32:34,926 INFO  akka.actor.ActorSystemImpl main - {
    # merge of application.conf @ jar:file:/app/hello-akka-assembly-1.0.jar!/application.conf: 1,reference.conf @ jar:file:/app/hello-akka-assembly-1.0.jar!/reference.conf: 8
    "akka" : {
        # reference.conf @ jar:file:/app/hello-akka-assembly-1.0.jar!/reference.conf: 71
        "actor" : {
            # reference.conf @ jar:file:/app/hello-akka-assembly-1.0.jar!/reference.conf: 83
            # Timeout for ActorSystem.actorOf
            "creation-timeout" : "20s",
            # reference.conf @ jar:file:/app/hello-akka-assembly-1.0.jar!/reference.conf: 456
            "debug" : {
                # reference.conf @ jar:file:/app/hello-akka-assembly-1.0.jar!/reference.conf: 473
                # enable DEBUG logging of all AutoReceiveMessages (Kill, PoisonPill et.c.)
                "autoreceive" : "off",
                # reference.conf @ jar:file:/app/hello-akka-assembly-1.0.jar!/reference.conf: 482
                # enable DEBUG logging of subscription changes on the eventStream
                "event-stream" : "off",
                # reference.conf @ jar:file:/app/hello-akka-assembly-1.0.jar!/reference.conf: 479
                # enable DEBUG logging of all LoggingFSMs for events, transitions and timers
                "fsm" : "off",
                # reference.conf @ jar:file:/app/hello-akka-assembly-1.0.jar!/reference.conf: 476
                # enable DEBUG logging of actor lifecycle changes
                "lifecycle" : "off",
                # reference.conf @ jar:file:/app/hello-akka-assembly-1.0.jar!/reference.conf: 470
                # enable function of Actor.loggable(), which is to log any received message
                # at DEBUG level, see the “Testing Actor Systems” section of the Akka
                # Documentation at http://akka.io/docs
                "receive" : "off",
                # reference.conf @ jar:file:/app/hello-akka-assembly-1.0.jar!/reference.conf: 488
                # enable WARN logging of misconfigured routers
                "router-misconfiguration" : "off",
                # reference.conf @ jar:file:/app/hello-akka-assembly-1.0.jar!/reference.conf: 485
                # enable DEBUG logging of unhandled messages
                "unhandled" : "off"
            },
            # reference.conf @ jar:file:/app/hello-akka-assembly-1.0.jar!/reference.conf: 253
            "default-dispatcher" : {
                # reference.conf @ jar:file:/app/hello-akka-assembly-1.0.jar!/reference.conf: 353
                # For BalancingDispatcher: If the balancing dispatcher should attempt to
                # schedule idle actors using the same dispatcher when a message comes in,
                # and the dispatchers ExecutorService is not fully busy already.
                "attempt-teamwork" : "on",
                # reference.conf @ jar:file:/app/hello-akka-assembly-1.0.jar!/reference.conf: 278
                # This will be used if you have set "executor = "default-executor"".
                # If an ActorSystem is created with a given ExecutionContext, this
                # ExecutionContext will be used as the default executor for all
                # dispatchers in the ActorSystem configured with
                # executor = "default-executor". Note that "default-executor"
                # is the default value for executor, and therefore used if not
                # specified otherwise. If no ExecutionContext is given,
                # the executor configured in "fallback" will be used.
                "default-executor" : {
                    # reference.conf @ jar:file:/app/hello-akka-assembly-1.0.jar!/reference.conf: 279
                    "fallback" : "fork-join-executor"
                },
                # reference.conf @ jar:file:/app/hello-akka-assembly-1.0.jar!/reference.conf: 268
                # Which kind of ExecutorService to use for this dispatcher
                # Valid options:
                #  - "default-executor" requires a "default-executor" section
                #  - "fork-join-executor" requires a "fork-join-executor" section
                #  - "thread-pool-executor" requires a "thread-pool-executor" section
                #  - A FQCN of a class extending ExecutorServiceConfigurator
                "executor" : "default-executor",
                # reference.conf @ jar:file:/app/hello-akka-assembly-1.0.jar!/reference.conf: 283
                # This will be used if you have set "executor = "fork-join-executor""
                "fork-join-executor" : {
                    # reference.conf @ jar:file:/app/hello-akka-assembly-1.0.jar!/reference.conf: 290
                    # The parallelism factor is used to determine thread pool size using the
                    # following formula: ceil(available processors * factor). Resulting size
                    # is then bounded by the parallelism-min and parallelism-max values.
                    "parallelism-factor" : 3,
                    # reference.conf @ jar:file:/app/hello-akka-assembly-1.0.jar!/reference.conf: 293
                    # Max number of threads to cap factor-based parallelism number to
                    "parallelism-max" : 64,
                    # reference.conf @ jar:file:/app/hello-akka-assembly-1.0.jar!/reference.conf: 285
                    # Min number of threads to cap factor-based parallelism number to
                    "parallelism-min" : 8,
                    # reference.conf @ jar:file:/app/hello-akka-assembly-1.0.jar!/reference.conf: 297
                    # Setting to "FIFO" to use queue like peeking mode which "poll" or "LIFO" to use stack
                    # like peeking mode which "pop".
                    "task-peeking-mode" : "FIFO"
                },
                # reference.conf @ jar:file:/app/hello-akka-assembly-1.0.jar!/reference.conf: 358
                # If this dispatcher requires a specific type of mailbox, specify the
                # fully-qualified class name here; the actually created mailbox will
                # be a subtype of this type. The empty string signifies no requirement.
                "mailbox-requirement" : "",
                # reference.conf @ jar:file:/app/hello-akka-assembly-1.0.jar!/reference.conf: 341
                # How long time the dispatcher will wait for new actors until it shuts down
                "shutdown-timeout" : "1s",
                # reference.conf @ jar:file:/app/hello-akka-assembly-1.0.jar!/reference.conf: 301
                # This will be used if you have set "executor = "thread-pool-executor""
                "thread-pool-executor" : {
                    # reference.conf @ jar:file:/app/hello-akka-assembly-1.0.jar!/reference.conf: 337
                    # Allow core threads to time out
                    "allow-core-timeout" : "on",
                    # reference.conf @ jar:file:/app/hello-akka-assembly-1.0.jar!/reference.conf: 312
                    # The core pool size factor is used to determine thread pool core size
                    # using the following formula: ceil(available processors * factor).
                    # Resulting size is then bounded by the core-pool-size-min and
                    # core-pool-size-max values.
                    "core-pool-size-factor" : 3,
                    # reference.conf @ jar:file:/app/hello-akka-assembly-1.0.jar!/reference.conf: 315
                    # Max number of threads to cap factor-based number to
                    "core-pool-size-max" : 64,
                    # reference.conf @ jar:file:/app/hello-akka-assembly-1.0.jar!/reference.conf: 306
                    # Min number of threads to cap factor-based core number to
                    "core-pool-size-min" : 8,
                    # reference.conf @ jar:file:/app/hello-akka-assembly-1.0.jar!/reference.conf: 303
                    # Keep alive time for threads
                    "keep-alive-time" : "60s",
                    # reference.conf @ jar:file:/app/hello-akka-assembly-1.0.jar!/reference.conf: 323
                    # Max no of threads (if using a bounded task queue) is determined by
                    # calculating: ceil(available processors * factor)
                    "max-pool-size-factor" : 3,
                    # reference.conf @ jar:file:/app/hello-akka-assembly-1.0.jar!/reference.conf: 327
                    # Max number of threads to cap factor-based max number to
                    # (if using a  bounded task queue)
                    "max-pool-size-max" : 64,
                    # reference.conf @ jar:file:/app/hello-akka-assembly-1.0.jar!/reference.conf: 319
                    # Minimum number of threads to cap factor-based max number to
                    # (if using a bounded task queue)
                    "max-pool-size-min" : 8,
                    # reference.conf @ jar:file:/app/hello-akka-assembly-1.0.jar!/reference.conf: 330
                    # Specifies the bounded capacity of the task queue (< 1 == unbounded)
                    "task-queue-size" : -1,
                    # reference.conf @ jar:file:/app/hello-akka-assembly-1.0.jar!/reference.conf: 334
                    # Specifies which type of task queue will be used, can be "array" or
                    # "linked" (default)
                    "task-queue-type" : "linked"
                },
                # reference.conf @ jar:file:/app/hello-akka-assembly-1.0.jar!/reference.conf: 345
                # Throughput defines the number of messages that are processed in a batch
                # before the thread is returned to the pool. Set to 1 for as fair as possible.
                "throughput" : 5,
                # reference.conf @ jar:file:/app/hello-akka-assembly-1.0.jar!/reference.conf: 348
                # Throughput deadline for Dispatcher, set to 0 or negative for no deadline
                "throughput-deadline-time" : "0ms",
                # reference.conf @ jar:file:/app/hello-akka-assembly-1.0.jar!/reference.conf: 260
                # Must be one of the following
                # Dispatcher, PinnedDispatcher, or a FQCN to a class inheriting
                # MessageDispatcherConfigurator with a public constructor with
                # both com.typesafe.config.Config parameter and
                # akka.dispatch.DispatcherPrerequisites parameters.
                # PinnedDispatcher must be used together with executor=thread-pool-executor.
                "type" : "Dispatcher"
            },
            # reference.conf @ jar:file:/app/hello-akka-assembly-1.0.jar!/reference.conf: 361
            "default-mailbox" : {
                # reference.conf @ jar:file:/app/hello-akka-assembly-1.0.jar!/reference.conf: 372
                # If the mailbox is bounded then it uses this setting to determine its
                # capacity. The provided value must be positive.
                # NOTICE:
                # Up to version 2.1 the mailbox type was determined based on this setting;
                # this is no longer the case, the type must explicitly be a bounded mailbox.
                "mailbox-capacity" : 1000,
                # reference.conf @ jar:file:/app/hello-akka-assembly-1.0.jar!/reference.conf: 377
                # If the mailbox is bounded then this is the timeout for enqueueing
                # in case the mailbox is full. Negative values signify infinite
                # timeout, which should be avoided as it bears the risk of dead-lock.
                "mailbox-push-timeout-time" : "10s",
                # reference.conf @ jar:file:/app/hello-akka-assembly-1.0.jar!/reference.conf: 365
                # FQCN of the MailboxType. The Class of the FQCN must have a public
                # constructor with
                # (akka.actor.ActorSystem.Settings, com.typesafe.config.Config) parameters.
                "mailbox-type" : "akka.dispatch.UnboundedMailbox",
                # reference.conf @ jar:file:/app/hello-akka-assembly-1.0.jar!/reference.conf: 383
                # For Actor with Stash: The default capacity of the stash.
                # If negative (or zero) then an unbounded stash is used (default)
                # If positive then a bounded stash is used and the capacity is set using
                # the property
                "stash-capacity" : -1
            },
            # reference.conf @ jar:file:/app/hello-akka-assembly-1.0.jar!/reference.conf: 127
            "deployment" : {
                # reference.conf @ jar:file:/app/hello-akka-assembly-1.0.jar!/reference.conf: 246
                "/IO-DNS/inet-address" : {
                    # reference.conf @ jar:file:/app/hello-akka-assembly-1.0.jar!/reference.conf: 247
                    "mailbox" : "unbounded",
                    # reference.conf @ jar:file:/app/hello-akka-assembly-1.0.jar!/reference.conf: 249
                    "nr-of-instances" : 4,
                    # reference.conf @ jar:file:/app/hello-akka-assembly-1.0.jar!/reference.conf: 248
                    "router" : "consistent-hashing-pool"
                },
                # reference.conf @ jar:file:/app/hello-akka-assembly-1.0.jar!/reference.conf: 130
                # deployment id pattern - on the format: /parent/child etc.
                "default" : {
                    # reference.conf @ jar:file:/app/hello-akka-assembly-1.0.jar!/reference.conf: 136
                    # The id of the dispatcher to use for this actor.
                    # If undefined or empty the dispatcher specified in code
                    # (Props.withDispatcher) is used, or default-dispatcher if not
                    # specified at all.
                    "dispatcher" : "",
                    # reference.conf @ jar:file:/app/hello-akka-assembly-1.0.jar!/reference.conf: 144
                    # The id of the mailbox to use for this actor.
                    # If undefined or empty the default mailbox of the configured dispatcher
                    # is used or if there is no mailbox configuration the mailbox specified
                    # in code (Props.withMailbox) is used.
                    # If there is a mailbox defined in the configured dispatcher then that
                    # overrides this setting.
                    "mailbox" : "",
                    # reference.conf @ jar:file:/app/hello-akka-assembly-1.0.jar!/reference.conf: 169
                    # number of children to create in case of a router;
                    # this setting is ignored if routees.paths is given
                    "nr-of-instances" : 1,
                    # reference.conf @ jar:file:/app/hello-akka-assembly-1.0.jar!/reference.conf: 200
                    # Routers with dynamically resizable number of routees; this feature is
                    # enabled by including (parts of) this section in the deployment
                    "resizer" : {
                        # reference.conf @ jar:file:/app/hello-akka-assembly-1.0.jar!/reference.conf: 238
                        # Fraction of routees to be removed when the resizer reaches the
                        # backoffThreshold.
                        # For example, 0.1 would decrease 10% (rounded up), i.e. if current
                        # capacity is 9 it will request an decrease of 1 routee.
                        "backoff-rate" : 0.1,
                        # reference.conf @ jar:file:/app/hello-akka-assembly-1.0.jar!/reference.conf: 232
                        # Minimum fraction of busy routees before backing off.
                        # For example, if this is 0.3, then we'll remove some routees only when
                        # less than 30% of routees are busy, i.e. if current capacity is 10 and
                        # 3 are busy then the capacity is unchanged, but if 2 or less are busy
                        # the capacity is decreased.
                        # Use 0.0 or negative to avoid removal of routees.
                        "backoff-threshold" : 0.3,
                        # reference.conf @ jar:file:/app/hello-akka-assembly-1.0.jar!/reference.conf: 202
                        "enabled" : "off",
                        # reference.conf @ jar:file:/app/hello-akka-assembly-1.0.jar!/reference.conf: 205
                        # The fewest number of routees the router should ever have.
                        "lower-bound" : 1,
                        # reference.conf @ jar:file:/app/hello-akka-assembly-1.0.jar!/reference.conf: 242
                        # Number of messages between resize operation.
                        # Use 1 to resize before each message.
                        "messages-per-resize" : 10,
                        # reference.conf @ jar:file:/app/hello-akka-assembly-1.0.jar!/reference.conf: 219
                        # Threshold used to evaluate if a routee is considered to be busy
                        # (under pressure). Implementation depends on this value (default is 1).
                        # 0:   number of routees currently processing a message.
                        # 1:   number of routees currently processing a message has
                        #      some messages in mailbox.
                        # > 1: number of routees with at least the configured pressure-threshold
                        #      messages in their mailbox. Note that estimating mailbox size of
                        #      default UnboundedMailbox is O(N) operation.
                        "pressure-threshold" : 1,
                        # reference.conf @ jar:file:/app/hello-akka-assembly-1.0.jar!/reference.conf: 224
                        # Percentage to increase capacity whenever all routees are busy.
                        # For example, 0.2 would increase 20% (rounded up), i.e. if current
                        # capacity is 6 it will request an increase of 2 more routees.
                        "rampup-rate" : 0.2,
                        # reference.conf @ jar:file:/app/hello-akka-assembly-1.0.jar!/reference.conf: 209
                        # The most number of routees the router should ever have.
                        # Must be greater than or equal to lower-bound.
                        "upper-bound" : 10
                    },
                    # reference.conf @ jar:file:/app/hello-akka-assembly-1.0.jar!/reference.conf: 182
                    "routees" : {
                        # reference.conf @ jar:file:/app/hello-akka-assembly-1.0.jar!/reference.conf: 186
                        # Alternatively to giving nr-of-instances you can specify the full
                        # paths of those actors which should be routed to. This setting takes
                        # precedence over nr-of-instances
                        "paths" : []
                    },
                    # reference.conf @ jar:file:/app/hello-akka-assembly-1.0.jar!/reference.conf: 165
                    # routing (load-balance) scheme to use
                    # - available: "from-code", "round-robin", "random", "smallest-mailbox",
                    #              "scatter-gather", "broadcast"
                    # - or:        Fully qualified class name of the router class.
                    #              The class must extend akka.routing.CustomRouterConfig and
                    #              have a public constructor with com.typesafe.config.Config
                    #              and optional akka.actor.DynamicAccess parameter.
                    # - default is "from-code";
                    # Whether or not an actor is transformed to a Router is decided in code
                    # only (Props.withRouter). The type of router can be overridden in the
                    # configuration; specifying "from-code" means that the values specified
                    # in the code shall be used.
                    # In case of routing, the actors to be routed to can be specified
                    # in several ways:
                    # - nr-of-instances: will create that many children
                    # - routees.paths: will route messages to these paths using ActorSelection,
                    #   i.e. will not create children
                    # - resizer: dynamically resizable number of routees as specified in
                    #   resizer below
                    "router" : "from-code",
                    # reference.conf @ jar:file:/app/hello-akka-assembly-1.0.jar!/reference.conf: 177
                    "tail-chopping-router" : {
                        # reference.conf @ jar:file:/app/hello-akka-assembly-1.0.jar!/reference.conf: 179
                        # interval is duration between sending message to next routee
                        "interval" : "10 milliseconds"
                    },
                    # reference.conf @ jar:file:/app/hello-akka-assembly-1.0.jar!/reference.conf: 175
                    # number of virtual nodes per node for consistent-hashing router
                    "virtual-nodes-factor" : 10,
                    # reference.conf @ jar:file:/app/hello-akka-assembly-1.0.jar!/reference.conf: 172
                    # within is the timeout used for routers containing future calls
                    "within" : "5 seconds"
                }
            },
            # reference.conf @ jar:file:/app/hello-akka-assembly-1.0.jar!/reference.conf: 511
            # Configuration items which are used by the akka.actor.ActorDSL._ methods
            "dsl" : {
                # reference.conf @ jar:file:/app/hello-akka-assembly-1.0.jar!/reference.conf: 527
                # Default timeout to assume for operations like Inbox.receive et al
                "default-timeout" : "5s",
                # reference.conf @ jar:file:/app/hello-akka-assembly-1.0.jar!/reference.conf: 524
                # Maximum queue size of the actor created by newInbox(); this protects
                # against faulty programs which use select() and consistently miss messages
                "inbox-size" : 1000
            },
            # reference.conf @ jar:file:/app/hello-akka-assembly-1.0.jar!/reference.conf: 80
            # The guardian "/user" will use this class to obtain its supervisorStrategy.
            # It needs to be a subclass of akka.actor.SupervisorStrategyConfigurator.
            # In addition to the default there is akka.actor.StoppingSupervisorStrategy.
            "guardian-supervisor-strategy" : "akka.actor.DefaultSupervisorStrategy",
            # reference.conf @ jar:file:/app/hello-akka-assembly-1.0.jar!/reference.conf: 386
            "mailbox" : {
                # reference.conf @ jar:file:/app/hello-akka-assembly-1.0.jar!/reference.conf: 441
                "bounded-control-aware-queue-based" : {
                    # reference.conf @ jar:file:/app/hello-akka-assembly-1.0.jar!/reference.conf: 455
                    # FQCN of the MailboxType, The Class of the FQCN must have a public
                    # constructor with (akka.actor.ActorSystem.Settings,
                    # com.typesafe.config.Config) parameters.
                    "mailbox-type" : "akka.dispatch.BoundedControlAwareMailbox"
                },
                # reference.conf @ jar:file:/app/hello-akka-assembly-1.0.jar!/reference.conf: 427
                "bounded-deque-based" : {
                    # reference.conf @ jar:file:/app/hello-akka-assembly-1.0.jar!/reference.conf: 441
                    # FQCN of the MailboxType, The Class of the FQCN must have a public
                    # constructor with (akka.actor.ActorSystem.Settings,
                    # com.typesafe.config.Config) parameters.
                    "mailbox-type" : "akka.dispatch.BoundedDequeBasedMailbox"
                },
                # reference.conf @ jar:file:/app/hello-akka-assembly-1.0.jar!/reference.conf: 413
                "bounded-queue-based" : {
                    # reference.conf @ jar:file:/app/hello-akka-assembly-1.0.jar!/reference.conf: 427
                    # FQCN of the MailboxType, The Class of the FQCN must have a public
                    # constructor with (akka.actor.ActorSystem.Settings,
                    # com.typesafe.config.Config) parameters.
                    "mailbox-type" : "akka.dispatch.BoundedMailbox"
                },
                # reference.conf @ jar:file:/app/hello-akka-assembly-1.0.jar!/reference.conf: 451
                # The LoggerMailbox will drain all messages in the mailbox
                # when the system is shutdown and deliver them to the StandardOutLogger.
                # Do not change this unless you know what you are doing.
                "logger-queue" : {
                    # reference.conf @ jar:file:/app/hello-akka-assembly-1.0.jar!/reference.conf: 462
                    "mailbox-type" : "akka.event.LoggerMailboxType"
                },
                # reference.conf @ jar:file:/app/hello-akka-assembly-1.0.jar!/reference.conf: 393
                # Mapping between message queue semantics and mailbox configurations.
                # Used by akka.dispatch.RequiresMessageQueue[T] to enforce different
                # mailbox types on actors.
                # If your Actor implements RequiresMessageQueue[T], then when you create
                # an instance of that actor its mailbox type will be decided by looking
                # up a mailbox configuration via T in this mapping
                "requirements" : {
                    # reference.conf @ jar:file:/app/hello-akka-assembly-1.0.jar!/reference.conf: 411
                    "akka.dispatch.BoundedControlAwareMessageQueueSemantics" : "akka.actor.mailbox.bounded-control-aware-queue-based",
                    # reference.conf @ jar:file:/app/hello-akka-assembly-1.0.jar!/reference.conf: 403
                    "akka.dispatch.BoundedDequeBasedMessageQueueSemantics" : "akka.actor.mailbox.bounded-deque-based",
                    # reference.conf @ jar:file:/app/hello-akka-assembly-1.0.jar!/reference.conf: 397
                    "akka.dispatch.BoundedMessageQueueSemantics" : "akka.actor.mailbox.bounded-queue-based",
                    # reference.conf @ jar:file:/app/hello-akka-assembly-1.0.jar!/reference.conf: 407
                    "akka.dispatch.ControlAwareMessageQueueSemantics" : "akka.actor.mailbox.unbounded-control-aware-queue-based",
                    # reference.conf @ jar:file:/app/hello-akka-assembly-1.0.jar!/reference.conf: 399
                    "akka.dispatch.DequeBasedMessageQueueSemantics" : "akka.actor.mailbox.unbounded-deque-based",
                    # reference.conf @ jar:file:/app/hello-akka-assembly-1.0.jar!/reference.conf: 405
                    "akka.dispatch.MultipleConsumerSemantics" : "akka.actor.mailbox.unbounded-queue-based",
                    # reference.conf @ jar:file:/app/hello-akka-assembly-1.0.jar!/reference.conf: 409
                    "akka.dispatch.UnboundedControlAwareMessageQueueSemantics" : "akka.actor.mailbox.unbounded-control-aware-queue-based",
                    # reference.conf @ jar:file:/app/hello-akka-assembly-1.0.jar!/reference.conf: 401
                    "akka.dispatch.UnboundedDequeBasedMessageQueueSemantics" : "akka.actor.mailbox.unbounded-deque-based",
                    # reference.conf @ jar:file:/app/hello-akka-assembly-1.0.jar!/reference.conf: 395
                    "akka.dispatch.UnboundedMessageQueueSemantics" : "akka.actor.mailbox.unbounded-queue-based",
                    # reference.conf @ jar:file:/app/hello-akka-assembly-1.0.jar!/reference.conf: 413
                    "akka.event.LoggerMessageQueueSemantics" : "akka.actor.mailbox.logger-queue"
                },
                # reference.conf @ jar:file:/app/hello-akka-assembly-1.0.jar!/reference.conf: 434
                "unbounded-control-aware-queue-based" : {
                    # reference.conf @ jar:file:/app/hello-akka-assembly-1.0.jar!/reference.conf: 448
                    # FQCN of the MailboxType, The Class of the FQCN must have a public
                    # constructor with (akka.actor.ActorSystem.Settings,
                    # com.typesafe.config.Config) parameters.
                    "mailbox-type" : "akka.dispatch.UnboundedControlAwareMailbox"
                },
                # reference.conf @ jar:file:/app/hello-akka-assembly-1.0.jar!/reference.conf: 420
                "unbounded-deque-based" : {
                    # reference.conf @ jar:file:/app/hello-akka-assembly-1.0.jar!/reference.conf: 434
                    # FQCN of the MailboxType, The Class of the FQCN must have a public
                    # constructor with (akka.actor.ActorSystem.Settings,
                    # com.typesafe.config.Config) parameters.
                    "mailbox-type" : "akka.dispatch.UnboundedDequeBasedMailbox"
                },
                # reference.conf @ jar:file:/app/hello-akka-assembly-1.0.jar!/reference.conf: 406
                "unbounded-queue-based" : {
                    # reference.conf @ jar:file:/app/hello-akka-assembly-1.0.jar!/reference.conf: 420
                    # FQCN of the MailboxType, The Class of the FQCN must have a public
                    # constructor with (akka.actor.ActorSystem.Settings,
                    # com.typesafe.config.Config) parameters.
                    "mailbox-type" : "akka.dispatch.UnboundedMailbox"
                }
            },
            # reference.conf @ jar:file:/app/hello-akka-assembly-1.0.jar!/reference.conf: 75
            # FQCN of the ActorRefProvider to be used; the below is the built-in default,
            # another one is akka.remote.RemoteActorRefProvider in the akka-remote bundle.
            "provider" : "akka.actor.LocalActorRefProvider",
            # reference.conf @ jar:file:/app/hello-akka-assembly-1.0.jar!/reference.conf: 87
            # Frequency with which stopping actors are prodded in case they had to be
            # removed from their parents
            "reaper-interval" : "5s",
            # reference.conf @ jar:file:/app/hello-akka-assembly-1.0.jar!/reference.conf: 109
            "router" : {
                # reference.conf @ jar:file:/app/hello-akka-assembly-1.0.jar!/reference.conf: 109
                # Mapping between ´deployment.router' short names to fully qualified class names
                "type-mapping" : {
                    # reference.conf @ jar:file:/app/hello-akka-assembly-1.0.jar!/reference.conf: 115
                    "balancing-pool" : "akka.routing.BalancingPool",
                    # reference.conf @ jar:file:/app/hello-akka-assembly-1.0.jar!/reference.conf: 118
                    "broadcast-group" : "akka.routing.BroadcastGroup",
                    # reference.conf @ jar:file:/app/hello-akka-assembly-1.0.jar!/reference.conf: 117
                    "broadcast-pool" : "akka.routing.BroadcastPool",
                    # reference.conf @ jar:file:/app/hello-akka-assembly-1.0.jar!/reference.conf: 124
                    "consistent-hashing-group" : "akka.routing.ConsistentHashingGroup",
                    # reference.conf @ jar:file:/app/hello-akka-assembly-1.0.jar!/reference.conf: 123
                    "consistent-hashing-pool" : "akka.routing.ConsistentHashingPool",
                    # reference.conf @ jar:file:/app/hello-akka-assembly-1.0.jar!/reference.conf: 110
                    "from-code" : "akka.routing.NoRouter",
                    # reference.conf @ jar:file:/app/hello-akka-assembly-1.0.jar!/reference.conf: 114
                    "random-group" : "akka.routing.RandomGroup",
                    # reference.conf @ jar:file:/app/hello-akka-assembly-1.0.jar!/reference.conf: 113
                    "random-pool" : "akka.routing.RandomPool",
                    # reference.conf @ jar:file:/app/hello-akka-assembly-1.0.jar!/reference.conf: 112
                    "round-robin-group" : "akka.routing.RoundRobinGroup",
                    # reference.conf @ jar:file:/app/hello-akka-assembly-1.0.jar!/reference.conf: 111
                    "round-robin-pool" : "akka.routing.RoundRobinPool",
                    # reference.conf @ jar:file:/app/hello-akka-assembly-1.0.jar!/reference.conf: 120
                    "scatter-gather-group" : "akka.routing.ScatterGatherFirstCompletedGroup",
                    # reference.conf @ jar:file:/app/hello-akka-assembly-1.0.jar!/reference.conf: 119
                    "scatter-gather-pool" : "akka.routing.ScatterGatherFirstCompletedPool",
                    # reference.conf @ jar:file:/app/hello-akka-assembly-1.0.jar!/reference.conf: 116
                    "smallest-mailbox-pool" : "akka.routing.SmallestMailboxPool",
                    # reference.conf @ jar:file:/app/hello-akka-assembly-1.0.jar!/reference.conf: 122
                    "tail-chopping-group" : "akka.routing.TailChoppingGroup",
                    # reference.conf @ jar:file:/app/hello-akka-assembly-1.0.jar!/reference.conf: 121
                    "tail-chopping-pool" : "akka.routing.TailChoppingPool"
                }
            },
            # reference.conf @ jar:file:/app/hello-akka-assembly-1.0.jar!/reference.conf: 494
            # Class to Serializer binding. You only need to specify the name of an
            # interface or abstract base class of the messages. In case of ambiguity it
            # is using the most specific configured class, or giving a warning and
            # choosing the “first” one.
            # 
            # To disable one of the default serializers, assign its class to "none", like
            # "java.io.Serializable" = none
            "serialization-bindings" : {
                # reference.conf @ jar:file:/app/hello-akka-assembly-1.0.jar!/reference.conf: 505
                "[B" : "bytes",
                # reference.conf @ jar:file:/app/hello-akka-assembly-1.0.jar!/reference.conf: 506
                "java.io.Serializable" : "java"
            },
            # reference.conf @ jar:file:/app/hello-akka-assembly-1.0.jar!/reference.conf: 505
            # Configuration namespace of serialization identifiers.
            # Each serializer implementation must have an entry in the following format:
            # `akka.actor.serialization-identifiers."FQCN" = ID`
            # where `FQCN` is fully qualified class name of the serializer implementation
            # and `ID` is globally unique serializer identifier number.
            # Identifier values from 0 to 16 are reserved for Akka internal usage.
            "serialization-identifiers" : {
                # reference.conf @ jar:file:/app/hello-akka-assembly-1.0.jar!/reference.conf: 517
                "akka.serialization.ByteArraySerializer" : 4,
                # reference.conf @ jar:file:/app/hello-akka-assembly-1.0.jar!/reference.conf: 516
                "akka.serialization.JavaSerializer" : 1
            },
            # reference.conf @ jar:file:/app/hello-akka-assembly-1.0.jar!/reference.conf: 96
            # Serializes and deserializes creators (in Props) to ensure that they can be
            # sent over the network, this is only intended for testing. Purely local deployments
            # as marked with deploy.scope == LocalScope are exempt from verification.
            "serialize-creators" : "off",
            # reference.conf @ jar:file:/app/hello-akka-assembly-1.0.jar!/reference.conf: 91
            # Serializes and deserializes (non-primitive) messages to ensure immutability,
            # this is only intended for testing.
            "serialize-messages" : "off",
            # reference.conf @ jar:file:/app/hello-akka-assembly-1.0.jar!/reference.conf: 482
            # Entries for pluggable serializers and their bindings.
            "serializers" : {
                # reference.conf @ jar:file:/app/hello-akka-assembly-1.0.jar!/reference.conf: 494
                "bytes" : "akka.serialization.ByteArraySerializer",
                # reference.conf @ jar:file:/app/hello-akka-assembly-1.0.jar!/reference.conf: 493
                "java" : "akka.serialization.JavaSerializer"
            },
            # reference.conf @ jar:file:/app/hello-akka-assembly-1.0.jar!/reference.conf: 103
            "typed" : {
                # reference.conf @ jar:file:/app/hello-akka-assembly-1.0.jar!/reference.conf: 105
                # Default timeout for typed actor methods with non-void return type
                "timeout" : "5s"
            },
            # reference.conf @ jar:file:/app/hello-akka-assembly-1.0.jar!/reference.conf: 101
            # Timeout for send operations to top-level actors which are in the process
            # of being started. This is only relevant if using a bounded mailbox or the
            # CallingThreadDispatcher for a top-level actor.
            "unstarted-push-timeout" : "10s"
        },
        # reference.conf @ jar:file:/app/hello-akka-assembly-1.0.jar!/reference.conf: 65
        # Toggles whether threads created by this ActorSystem should be daemons or not
        "daemonic" : "off",
        # reference.conf @ jar:file:/app/hello-akka-assembly-1.0.jar!/reference.conf: 62
        # List FQCN of extensions which shall be loaded at actor system startup.
        # Should be on the format: 'extensions = ["foo", "bar"]' etc.
        # See the Akka Documentation for more info about Extensions
        "extensions" : [],
        # reference.conf @ jar:file:/app/hello-akka-assembly-1.0.jar!/reference.conf: 13
        # Home directory of Akka, modules in the deploy directory will be loaded
        "home" : "",
        # reference.conf @ jar:file:/app/hello-akka-assembly-1.0.jar!/reference.conf: 560
        "io" : {
            # reference.conf @ jar:file:/app/hello-akka-assembly-1.0.jar!/reference.conf: 780
            "dns" : {
                # reference.conf @ jar:file:/app/hello-akka-assembly-1.0.jar!/reference.conf: 794
                # Fully qualified config path which holds the dispatcher configuration
                # for the manager and resolver router actors.
                # For actual router configuration see akka.actor.deployment./IO-DNS/*
                "dispatcher" : "akka.actor.default-dispatcher",
                # reference.conf @ jar:file:/app/hello-akka-assembly-1.0.jar!/reference.conf: 789
                "inet-address" : {
                    # reference.conf @ jar:file:/app/hello-akka-assembly-1.0.jar!/reference.conf: 809
                    # How often to sweep out expired cache entries.
                    # Note that this interval has nothing to do with TTLs
                    "cache-cleanup-interval" : "120s",
                    # reference.conf @ jar:file:/app/hello-akka-assembly-1.0.jar!/reference.conf: 805
                    "negative-ttl" : "10s",
                    # reference.conf @ jar:file:/app/hello-akka-assembly-1.0.jar!/reference.conf: 804
                    # These TTLs are set to default java 6 values
                    "positive-ttl" : "30s",
                    # reference.conf @ jar:file:/app/hello-akka-assembly-1.0.jar!/reference.conf: 801
                    # Must implement akka.io.DnsProvider
                    "provider-object" : "akka.io.InetAddressDnsProvider"
                },
                # reference.conf @ jar:file:/app/hello-akka-assembly-1.0.jar!/reference.conf: 797
                # Name of the subconfig at path akka.io.dns, see inet-address below
                "resolver" : "inet-address"
            },
            # reference.conf @ jar:file:/app/hello-akka-assembly-1.0.jar!/reference.conf: 564
            # By default the select loops run on dedicated threads, hence using a
            # PinnedDispatcher
            "pinned-dispatcher" : {
                # reference.conf @ jar:file:/app/hello-akka-assembly-1.0.jar!/reference.conf: 576
                "executor" : "thread-pool-executor",
                # reference.conf @ jar:file:/app/hello-akka-assembly-1.0.jar!/reference.conf: 577
                "thread-pool-executor" : {
                    # reference.conf @ jar:file:/app/hello-akka-assembly-1.0.jar!/reference.conf: 577
                    "allow-core-timeout" : "off"
                },
                # reference.conf @ jar:file:/app/hello-akka-assembly-1.0.jar!/reference.conf: 575
                "type" : "PinnedDispatcher"
            },
            # reference.conf @ jar:file:/app/hello-akka-assembly-1.0.jar!/reference.conf: 570
            "tcp" : {
                # reference.conf @ jar:file:/app/hello-akka-assembly-1.0.jar!/reference.conf: 602
                # The maximum number of connection that are accepted in one go,
                # higher numbers decrease latency, lower numbers increase fairness on
                # the worker-dispatcher
                "batch-accept-limit" : 10,
                # reference.conf @ jar:file:/app/hello-akka-assembly-1.0.jar!/reference.conf: 610
                # The maximal number of direct buffers kept in the direct buffer pool for
                # reuse.
                "direct-buffer-pool-limit" : 1000,
                # reference.conf @ jar:file:/app/hello-akka-assembly-1.0.jar!/reference.conf: 606
                # The number of bytes per direct buffer in the pool used to read or write
                # network data from the kernel.
                "direct-buffer-size" : "128 KiB",
                # reference.conf @ jar:file:/app/hello-akka-assembly-1.0.jar!/reference.conf: 643
                # Fully qualified config path which holds the dispatcher configuration
                # on which file IO tasks are scheduled
                "file-io-dispatcher" : "akka.actor.default-dispatcher",
                # reference.conf @ jar:file:/app/hello-akka-assembly-1.0.jar!/reference.conf: 651
                # The maximum number of bytes (or "unlimited") to transfer in one batch
                # when using `WriteFile` command which uses `FileChannel.transferTo` to
                # pipe files to a TCP socket. On some OS like Linux `FileChannel.transferTo`
                # may block for a long time when network IO is faster than file IO.
                # Decreasing the value may improve fairness while increasing may improve
                # throughput.
                "file-io-transferTo-limit" : "512 KiB",
                # reference.conf @ jar:file:/app/hello-akka-assembly-1.0.jar!/reference.conf: 656
                # The number of times to retry the `finishConnect` call after being notified about
                # OP_CONNECT. Retries are needed if the OP_CONNECT notification doesn't imply that
                # `finishConnect` will succeed, which is the case on Android.
                "finish-connect-retries" : 5,
                # reference.conf @ jar:file:/app/hello-akka-assembly-1.0.jar!/reference.conf: 639
                # Fully qualified config path which holds the dispatcher configuration
                # for the selector management actors
                "management-dispatcher" : "akka.actor.default-dispatcher",
                # reference.conf @ jar:file:/app/hello-akka-assembly-1.0.jar!/reference.conf: 592
                # Maximum number of open channels supported by this TCP module; there is
                # no intrinsic general limit, this setting is meant to enable DoS
                # protection by limiting the number of concurrently connected clients.
                # Also note that this is a "soft" limit; in certain cases the implementation
                # will accept a few connections more or a few less than the number configured
                # here. Must be an integer > 0 or "unlimited".
                "max-channels" : 256000,
                # reference.conf @ jar:file:/app/hello-akka-assembly-1.0.jar!/reference.conf: 622
                # The maximum number of bytes delivered by a `Received` message. Before
                # more data is read from the network the connection actor will try to
                # do other work.
                # The purpose of this setting is to impose a smaller limit than the 
                # configured receive buffer size. When using value 'unlimited' it will
                # try to read all from the receive buffer.
                "max-received-message-size" : "unlimited",
                # reference.conf @ jar:file:/app/hello-akka-assembly-1.0.jar!/reference.conf: 584
                # The number of selectors to stripe the served channels over; each of
                # these will use one select loop on the selector-dispatcher.
                "nr-of-selectors" : 1,
                # reference.conf @ jar:file:/app/hello-akka-assembly-1.0.jar!/reference.conf: 614
                # The duration a connection actor waits for a `Register` message from
                # its commander before aborting the connection.
                "register-timeout" : "5s",
                # reference.conf @ jar:file:/app/hello-akka-assembly-1.0.jar!/reference.conf: 597
                # When trying to assign a new connection to a selector and the chosen
                # selector is at full capacity, retry selector choosing and assignment
                # this many times before giving up
                "selector-association-retries" : 10,
                # reference.conf @ jar:file:/app/hello-akka-assembly-1.0.jar!/reference.conf: 631
                # Fully qualified config path which holds the dispatcher configuration
                # to be used for running the select() calls in the selectors
                "selector-dispatcher" : "akka.io.pinned-dispatcher",
                # reference.conf @ jar:file:/app/hello-akka-assembly-1.0.jar!/reference.conf: 627
                # Enable fine grained logging of what goes on inside the implementation.
                # Be aware that this may log more than once per message sent to the actors
                # of the tcp implementation.
                "trace-logging" : "off",
                # reference.conf @ jar:file:/app/hello-akka-assembly-1.0.jar!/reference.conf: 665
                # On Windows connection aborts are not reliably detected unless an OP_READ is
                # registered on the selector _after_ the connection has been reset. This
                # workaround enables an OP_CONNECT which forces the abort to be visible on Windows.
                # Enabling this setting on other platforms than Windows will cause various failures
                # and undefined behavior.
                # Possible values of this key are on, off and auto where auto will enable the
                # workaround if Windows is detected automatically.
                "windows-connection-abort-workaround-enabled" : "off",
                # reference.conf @ jar:file:/app/hello-akka-assembly-1.0.jar!/reference.conf: 635
                # Fully qualified config path which holds the dispatcher configuration
                # for the read/write worker actors
                "worker-dispatcher" : "akka.actor.default-dispatcher"
            },
            # reference.conf @ jar:file:/app/hello-akka-assembly-1.0.jar!/reference.conf: 658
            "udp" : {
                # reference.conf @ jar:file:/app/hello-akka-assembly-1.0.jar!/reference.conf: 704
                # The maximal number of direct buffers kept in the direct buffer pool for
                # reuse.
                "direct-buffer-pool-limit" : 1000,
                # reference.conf @ jar:file:/app/hello-akka-assembly-1.0.jar!/reference.conf: 700
                # The number of bytes per direct buffer in the pool used to read or write
                # network data from the kernel.
                "direct-buffer-size" : "128 KiB",
                # reference.conf @ jar:file:/app/hello-akka-assembly-1.0.jar!/reference.conf: 726
                # Fully qualified config path which holds the dispatcher configuration
                # for the selector management actors
                "management-dispatcher" : "akka.actor.default-dispatcher",
                # reference.conf @ jar:file:/app/hello-akka-assembly-1.0.jar!/reference.conf: 677
                # Maximum number of open channels supported by this UDP module Generally
                # UDP does not require a large number of channels, therefore it is
                # recommended to keep this setting low.
                "max-channels" : 4096,
                # reference.conf @ jar:file:/app/hello-akka-assembly-1.0.jar!/reference.conf: 672
                # The number of selectors to stripe the served channels over; each of
                # these will use one select loop on the selector-dispatcher.
                "nr-of-selectors" : 1,
                # reference.conf @ jar:file:/app/hello-akka-assembly-1.0.jar!/reference.conf: 696
                # The maximum number of datagrams that are read in one go,
                # higher numbers decrease latency, lower numbers increase fairness on
                # the worker-dispatcher
                "receive-throughput" : 3,
                # reference.conf @ jar:file:/app/hello-akka-assembly-1.0.jar!/reference.conf: 709
                # The maximum number of bytes delivered by a `Received` message. Before
                # more data is read from the network the connection actor will try to
                # do other work.
                "received-message-size-limit" : "unlimited",
                # reference.conf @ jar:file:/app/hello-akka-assembly-1.0.jar!/reference.conf: 686
                # The select loop can be used in two modes:
                # - setting "infinite" will select without a timeout, hogging a thread
                # - setting a positive timeout will do a bounded select call,
                #   enabling sharing of a single thread between multiple selectors
                #   (in this case you will have to use a different configuration for the
                #   selector-dispatcher, e.g. using "type=Dispatcher" with size 1)
                # - setting it to zero means polling, i.e. calling selectNow()
                "select-timeout" : "infinite",
                # reference.conf @ jar:file:/app/hello-akka-assembly-1.0.jar!/reference.conf: 691
                # When trying to assign a new connection to a selector and the chosen
                # selector is at full capacity, retry selector choosing and assignment
                # this many times before giving up
                "selector-association-retries" : 10,
                # reference.conf @ jar:file:/app/hello-akka-assembly-1.0.jar!/reference.conf: 718
                # Fully qualified config path which holds the dispatcher configuration
                # to be used for running the select() calls in the selectors
                "selector-dispatcher" : "akka.io.pinned-dispatcher",
                # reference.conf @ jar:file:/app/hello-akka-assembly-1.0.jar!/reference.conf: 714
                # Enable fine grained logging of what goes on inside the implementation.
                # Be aware that this may log more than once per message sent to the actors
                # of the tcp implementation.
                "trace-logging" : "off",
                # reference.conf @ jar:file:/app/hello-akka-assembly-1.0.jar!/reference.conf: 722
                # Fully qualified config path which holds the dispatcher configuration
                # for the read/write worker actors
                "worker-dispatcher" : "akka.actor.default-dispatcher"
            },
            # reference.conf @ jar:file:/app/hello-akka-assembly-1.0.jar!/reference.conf: 719
            "udp-connected" : {
                # reference.conf @ jar:file:/app/hello-akka-assembly-1.0.jar!/reference.conf: 765
                # The maximal number of direct buffers kept in the direct buffer pool for
                # reuse.
                "direct-buffer-pool-limit" : 1000,
                # reference.conf @ jar:file:/app/hello-akka-assembly-1.0.jar!/reference.conf: 761
                # The number of bytes per direct buffer in the pool used to read or write
                # network data from the kernel.
                "direct-buffer-size" : "128 KiB",
                # reference.conf @ jar:file:/app/hello-akka-assembly-1.0.jar!/reference.conf: 787
                # Fully qualified config path which holds the dispatcher configuration
                # for the selector management actors
                "management-dispatcher" : "akka.actor.default-dispatcher",
                # reference.conf @ jar:file:/app/hello-akka-assembly-1.0.jar!/reference.conf: 738
                # Maximum number of open channels supported by this UDP module Generally
                # UDP does not require a large number of channels, therefore it is
                # recommended to keep this setting low.
                "max-channels" : 4096,
                # reference.conf @ jar:file:/app/hello-akka-assembly-1.0.jar!/reference.conf: 733
                # The number of selectors to stripe the served channels over; each of
                # these will use one select loop on the selector-dispatcher.
                "nr-of-selectors" : 1,
                # reference.conf @ jar:file:/app/hello-akka-assembly-1.0.jar!/reference.conf: 757
                # The maximum number of datagrams that are read in one go,
                # higher numbers decrease latency, lower numbers increase fairness on
                # the worker-dispatcher
                "receive-throughput" : 3,
                # reference.conf @ jar:file:/app/hello-akka-assembly-1.0.jar!/reference.conf: 770
                # The maximum number of bytes delivered by a `Received` message. Before
                # more data is read from the network the connection actor will try to
                # do other work.
                "received-message-size-limit" : "unlimited",
                # reference.conf @ jar:file:/app/hello-akka-assembly-1.0.jar!/reference.conf: 747
                # The select loop can be used in two modes:
                # - setting "infinite" will select without a timeout, hogging a thread
                # - setting a positive timeout will do a bounded select call,
                #   enabling sharing of a single thread between multiple selectors
                #   (in this case you will have to use a different configuration for the
                #   selector-dispatcher, e.g. using "type=Dispatcher" with size 1)
                # - setting it to zero means polling, i.e. calling selectNow()
                "select-timeout" : "infinite",
                # reference.conf @ jar:file:/app/hello-akka-assembly-1.0.jar!/reference.conf: 752
                # When trying to assign a new connection to a selector and the chosen
                # selector is at full capacity, retry selector choosing and assignment
                # this many times before giving up
                "selector-association-retries" : 10,
                # reference.conf @ jar:file:/app/hello-akka-assembly-1.0.jar!/reference.conf: 779
                # Fully qualified config path which holds the dispatcher configuration
                # to be used for running the select() calls in the selectors
                "selector-dispatcher" : "akka.io.pinned-dispatcher",
                # reference.conf @ jar:file:/app/hello-akka-assembly-1.0.jar!/reference.conf: 775
                # Enable fine grained logging of what goes on inside the implementation.
                # Be aware that this may log more than once per message sent to the actors
                # of the tcp implementation.
                "trace-logging" : "off",
                # reference.conf @ jar:file:/app/hello-akka-assembly-1.0.jar!/reference.conf: 783
                # Fully qualified config path which holds the dispatcher configuration
                # for the read/write worker actors
                "worker-dispatcher" : "akka.actor.default-dispatcher"
            }
        },
        # reference.conf @ jar:file:/app/hello-akka-assembly-1.0.jar!/reference.conf: 69
        # JVM shutdown, System.exit(-1), in case of a fatal error,
        # such as OutOfMemoryError
        "jvm-exit-on-fatal-error" : "on",
        # application.conf @ jar:file:/app/hello-akka-assembly-1.0.jar!/application.conf: 2
        "log-config-on-start" : "on",
        # reference.conf @ jar:file:/app/hello-akka-assembly-1.0.jar!/reference.conf: 52
        # Log at info level when messages are sent to dead letters.
        # Possible values:
        # on: all dead letters are logged
        # off: no logging of dead letters
        # n: positive integer, number of dead letters that will be logged
        "log-dead-letters" : 10,
        # reference.conf @ jar:file:/app/hello-akka-assembly-1.0.jar!/reference.conf: 57
        # Possibility to turn off logging of dead letters while the actor system
        # is shutting down. Logging is only done when enabled by 'log-dead-letters'
        # setting.
        "log-dead-letters-during-shutdown" : "on",
        # reference.conf @ jar:file:/app/hello-akka-assembly-1.0.jar!/reference.conf: 31
        # Loggers are created and registered synchronously during ActorSystem
        # start-up, and since they are actors, this timeout is used to bound the
        # waiting time
        "logger-startup-timeout" : "5s",
        # application.conf @ jar:file:/app/hello-akka-assembly-1.0.jar!/application.conf: 4
        "loggers" : [
            # application.conf @ jar:file:/app/hello-akka-assembly-1.0.jar!/application.conf: 4
            "akka.event.slf4j.Slf4jLogger"
        ],
        # application.conf @ jar:file:/app/hello-akka-assembly-1.0.jar!/application.conf: 9
        "logging-filter" : "akka.event.slf4j.Slf4jLoggingFilter",
        # application.conf @ jar:file:/app/hello-akka-assembly-1.0.jar!/application.conf: 7
        # Options: ERROR, WARNING, INFO, DEBUG
        "loglevel" : "DEBUG",
        # reference.conf @ jar:file:/app/hello-akka-assembly-1.0.jar!/reference.conf: 525
        # Used to set the behavior of the scheduler.
        # Changing the default values may change the system behavior drastically so make
        # sure you know what you're doing! See the Scheduler section of the Akka
        # Documentation for more details.
        "scheduler" : {
            # reference.conf @ jar:file:/app/hello-akka-assembly-1.0.jar!/reference.conf: 561
            # This setting selects the timer implementation which shall be loaded at
            # system start-up.
            # The class given here must implement the akka.actor.Scheduler interface
            # and offer a public constructor which takes three arguments:
            #  1) com.typesafe.config.Config
            #  2) akka.event.LoggingAdapter
            #  3) java.util.concurrent.ThreadFactory
            "implementation" : "akka.actor.LightArrayRevolverScheduler",
            # reference.conf @ jar:file:/app/hello-akka-assembly-1.0.jar!/reference.conf: 567
            # When shutting down the scheduler, there will typically be a thread which
            # needs to be stopped, and this timeout determines how long to wait for
            # that to happen. In case of timeout the shutdown of the actor system will
            # proceed without running possibly still enqueued tasks.
            "shutdown-timeout" : "5s",
            # reference.conf @ jar:file:/app/hello-akka-assembly-1.0.jar!/reference.conf: 545
            # The LightArrayRevolverScheduler is used as the default scheduler in the
            # system. It does not execute the scheduled tasks on exact time, but on every
            # tick, it will run everything that is (over)due. You can increase or decrease
            # the accuracy of the execution timing by specifying smaller or larger tick
            # duration. If you are scheduling a lot of tasks you should consider increasing
            # the ticks per wheel.
            # Note that it might take up to 1 tick to stop the Timer, so setting the
            # tick-duration to a high value will make shutting down the actor system
            # take longer.
            "tick-duration" : "10ms",
            # reference.conf @ jar:file:/app/hello-akka-assembly-1.0.jar!/reference.conf: 552
            # The timer uses a circular wheel of buckets to store the timer tasks.
            # This should be set such that the majority of scheduled timeouts (for high
            # scheduling frequency) will be shorter than one rotation of the wheel
            # (ticks-per-wheel * ticks-duration)
            # THIS MUST BE A POWER OF TWO!
            "ticks-per-wheel" : 512
        },
        # reference.conf @ jar:file:/app/hello-akka-assembly-1.0.jar!/reference.conf: 41
        # Log level for the very basic logger activated during ActorSystem startup.
        # This logger prints the log messages to stdout (System.out).
        # Options: OFF, ERROR, WARNING, INFO, DEBUG
        "stdout-loglevel" : "WARNING",
        # reference.conf @ jar:file:/app/hello-akka-assembly-1.0.jar!/reference.conf: 10
        # Akka version, checked against the runtime version of Akka.
        "version" : "2.4.0"
    },
    # system properties
    "awt" : {
        # system properties
        "toolkit" : "sun.awt.X11.XToolkit"
    },
    # system properties
    "file" : {
        # system properties
        "encoding" : {
            # system properties
            "pkg" : "sun.io"
        },
        # system properties
        "separator" : "/"
    },
    # system properties
    "java" : {
        # system properties
        "awt" : {
            # system properties
            "graphicsenv" : "sun.awt.X11GraphicsEnvironment",
            # system properties
            "printerjob" : "sun.print.PSPrinterJob"
        },
        # system properties
        "class" : {
            # system properties
            "path" : "/app/hello-akka-assembly-1.0.jar",
            # system properties
            "version" : "52.0"
        },
        # system properties
        "endorsed" : {
            # system properties
            "dirs" : "/usr/lib/jvm/java-8-openjdk-amd64/jre/lib/endorsed"
        },
        # system properties
        "ext" : {
            # system properties
            "dirs" : "/usr/lib/jvm/java-8-openjdk-amd64/jre/lib/ext:/usr/java/packages/lib/ext"
        },
        # system properties
        "home" : "/usr/lib/jvm/java-8-openjdk-amd64/jre",
        # system properties
        "io" : {
            # system properties
            "tmpdir" : "/tmp"
        },
        # system properties
        "library" : {
            # system properties
            "path" : "/usr/java/packages/lib/amd64:/usr/lib/x86_64-linux-gnu/jni:/lib/x86_64-linux-gnu:/usr/lib/x86_64-linux-gnu:/usr/lib/jni:/lib:/usr/lib"
        },
        # system properties
        "runtime" : {
            # system properties
            "name" : "OpenJDK Runtime Environment",
            # system properties
            "version" : "1.8.0_66-internal-b17"
        },
        # system properties
        "specification" : {
            # system properties
            "name" : "Java Platform API Specification",
            # system properties
            "vendor" : "Oracle Corporation",
            # system properties
            "version" : "1.8"
        },
        # system properties
        "vendor" : {
            # system properties
            "url" : {
                # system properties
                "bug" : "http://bugreport.sun.com/bugreport/"
            }
        },
        # system properties
        "version" : "1.8.0_66-internal",
        # system properties
        "vm" : {
            # system properties
            "info" : "mixed mode",
            # system properties
            "name" : "OpenJDK 64-Bit Server VM",
            # system properties
            "specification" : {
                # system properties
                "name" : "Java Virtual Machine Specification",
                # system properties
                "vendor" : "Oracle Corporation",
                # system properties
                "version" : "1.8"
            },
            # system properties
            "vendor" : "Oracle Corporation",
            # system properties
            "version" : "25.66-b17"
        }
    },
    # system properties
    "line" : {
        # system properties
        "separator" : "\n"
    },
    # system properties
    "os" : {
        # system properties
        "arch" : "amd64",
        # system properties
        "name" : "Linux",
        # system properties
        "version" : "4.1.12-boot2docker"
    },
    # system properties
    "path" : {
        # system properties
        "separator" : ":"
    },
    # system properties
    "sun" : {
        # system properties
        "arch" : {
            # system properties
            "data" : {
                # system properties
                "model" : "64"
            }
        },
        # system properties
        "boot" : {
            # system properties
            "class" : {
                # system properties
                "path" : "/usr/lib/jvm/java-8-openjdk-amd64/jre/lib/resources.jar:/usr/lib/jvm/java-8-openjdk-amd64/jre/lib/rt.jar:/usr/lib/jvm/java-8-openjdk-amd64/jre/lib/sunrsasign.jar:/usr/lib/jvm/java-8-openjdk-amd64/jre/lib/jsse.jar:/usr/lib/jvm/java-8-openjdk-amd64/jre/lib/jce.jar:/usr/lib/jvm/java-8-openjdk-amd64/jre/lib/charsets.jar:/usr/lib/jvm/java-8-openjdk-amd64/jre/lib/jfr.jar:/usr/lib/jvm/java-8-openjdk-amd64/jre/classes"
            },
            # system properties
            "library" : {
                # system properties
                "path" : "/usr/lib/jvm/java-8-openjdk-amd64/jre/lib/amd64"
            }
        },
        # system properties
        "cpu" : {
            # system properties
            "endian" : "little",
            # system properties
            "isalist" : ""
        },
        # system properties
        "io" : {
            # system properties
            "unicode" : {
                # system properties
                "encoding" : "UnicodeLittle"
            }
        },
        # system properties
        "java" : {
            # system properties
            "command" : "/app/hello-akka-assembly-1.0.jar",
            # system properties
            "launcher" : "SUN_STANDARD"
        },
        # system properties
        "jnu" : {
            # system properties
            "encoding" : "UTF-8"
        },
        # system properties
        "management" : {
            # system properties
            "compiler" : "HotSpot 64-Bit Tiered Compilers"
        },
        # system properties
        "os" : {
            # system properties
            "patch" : {
                # system properties
                "level" : "unknown"
            }
        }
    },
    # system properties
    "user" : {
        # system properties
        "dir" : "/",
        # system properties
        "home" : "/root",
        # system properties
        "language" : "en",
        # system properties
        "name" : "root",
        # system properties
        "timezone" : ""
    }
}

2015-11-03 22:32:34,951 INFO  nl.rdj.Greeter  - Hello
2015-11-03 22:32:34,953 INFO  nl.rdj.HelloAkkaScala$  - Greeting: hello, akka
2015-11-03 22:32:34,955 INFO  nl.rdj.Greeter  - Hello
2015-11-03 22:32:34,956 INFO  nl.rdj.HelloAkkaScala$  - Greeting: hello, typesafe
2015-11-03 22:32:34,962 INFO  nl.rdj.Greeter  - Hello
2015-11-03 22:32:34,962 INFO  nl.rdj.GreetPrinter  - hello, typesafe
2015-11-03 22:32:35,972 INFO  nl.rdj.Greeter  - Hello
2015-11-03 22:32:35,972 INFO  nl.rdj.GreetPrinter  - hello, typesafe
2015-11-03 22:32:36,963 INFO  nl.rdj.Greeter  - Hello
2015-11-03 22:32:36,963 INFO  nl.rdj.GreetPrinter  - hello, typesafe
2015-11-03 22:32:37,962 INFO  nl.rdj.Greeter  - Hello
2015-11-03 22:32:37,963 INFO  nl.rdj.GreetPrinter  - hello, typesafe
2015-11-03 22:32:38,964 INFO  nl.rdj.Greeter  - Hello
2015-11-03 22:32:38,964 INFO  nl.rdj.GreetPrinter  - hello, typesafe
2015-11-03 22:32:39,971 INFO  nl.rdj.Greeter  - Hello
2015-11-03 22:32:39,972 INFO  nl.rdj.GreetPrinter  - hello, typesafe
2015-11-03 22:32:40,972 INFO  nl.rdj.Greeter  - Hello
2015-11-03 22:32:40,972 INFO  nl.rdj.GreetPrinter  - hello, typesafe
2015-11-03 22:32:41,973 INFO  nl.rdj.Greeter  - Hello
2015-11-03 22:32:41,973 INFO  nl.rdj.GreetPrinter  - hello, typesafe
2015-11-03 22:32:42,972 INFO  nl.rdj.Greeter  - Hello
2015-11-03 22:32:42,972 INFO  nl.rdj.GreetPrinter  - hello, typesafe
2015-11-03 22:32:43,973 INFO  nl.rdj.Greeter  - Hello
2015-11-03 22:32:43,973 INFO  nl.rdj.GreetPrinter  - hello, typesafe
2015-11-03 22:32:44,972 INFO  nl.rdj.Greeter  - Hello
2015-11-03 22:32:44,972 INFO  nl.rdj.GreetPrinter  - hello, typesafe
2015-11-03 22:32:45,972 INFO  nl.rdj.Greeter  - Hello
2015-11-03 22:32:45,972 INFO  nl.rdj.GreetPrinter  - hello, typesafe
2015-11-03 22:32:46,972 INFO  nl.rdj.Greeter  - Hello
2015-11-03 22:32:46,974 INFO  nl.rdj.GreetPrinter  - hello, typesafe
2015-11-03 22:32:47,972 INFO  nl.rdj.Greeter  - Hello
2015-11-03 22:32:47,972 INFO  nl.rdj.GreetPrinter  - hello, typesafe
2015-11-03 22:32:48,973 INFO  nl.rdj.Greeter  - Hello
2015-11-03 22:32:48,974 INFO  nl.rdj.GreetPrinter  - hello, typesafe
2015-11-03 22:32:49,972 INFO  nl.rdj.Greeter  - Hello
2015-11-03 22:32:49,972 INFO  nl.rdj.GreetPrinter  - hello, typesafe
2015-11-03 22:32:50,974 INFO  nl.rdj.Greeter  - Hello
2015-11-03 22:32:50,975 INFO  nl.rdj.GreetPrinter  - hello, typesafe
2015-11-03 22:32:51,972 INFO  nl.rdj.Greeter  - Hello
2015-11-03 22:32:51,973 INFO  nl.rdj.GreetPrinter  - hello, typesafe
2015-11-03 22:32:52,972 INFO  nl.rdj.Greeter  - Hello
2015-11-03 22:32:52,973 INFO  nl.rdj.GreetPrinter  - hello, typesafe
2015-11-03 22:32:53,965 INFO  nl.rdj.Greeter  - Hello
2015-11-03 22:32:53,966 INFO  nl.rdj.GreetPrinter  - hello, typesafe
2015-11-03 22:32:54,973 INFO  nl.rdj.Greeter  - Hello
2015-11-03 22:32:54,973 INFO  nl.rdj.GreetPrinter  - hello, typesafe
2015-11-03 22:32:55,962 INFO  nl.rdj.Greeter  - Hello
2015-11-03 22:32:55,963 INFO  nl.rdj.GreetPrinter  - hello, typesafe
2015-11-03 22:32:56,961 INFO  nl.rdj.Greeter  - Hello
2015-11-03 22:32:56,962 INFO  nl.rdj.GreetPrinter  - hello, typesafe
2015-11-03 22:32:57,974 INFO  nl.rdj.Greeter  - Hello
2015-11-03 22:32:57,975 INFO  nl.rdj.GreetPrinter  - hello, typesafe
2015-11-03 22:32:58,962 INFO  nl.rdj.Greeter  - Hello
2015-11-03 22:32:58,962 INFO  nl.rdj.GreetPrinter  - hello, typesafe
2015-11-03 22:32:59,963 INFO  nl.rdj.Greeter  - Hello
2015-11-03 22:32:59,963 INFO  nl.rdj.GreetPrinter  - hello, typesafe
2015-11-03 22:33:00,963 INFO  nl.rdj.Greeter  - Hello
2015-11-03 22:33:00,963 INFO  nl.rdj.GreetPrinter  - hello, typesafe
2015-11-03 22:33:01,963 INFO  nl.rdj.Greeter  - Hello
2015-11-03 22:33:01,963 INFO  nl.rdj.GreetPrinter  - hello, typesafe
2015-11-03 22:33:02,966 INFO  nl.rdj.Greeter  - Hello
2015-11-03 22:33:02,966 INFO  nl.rdj.GreetPrinter  - hello, typesafe
2015-11-03 22:33:03,963 INFO  nl.rdj.Greeter  - Hello
2015-11-03 22:33:03,964 INFO  nl.rdj.GreetPrinter  - hello, typesafe
2015-11-03 22:33:04,971 INFO  nl.rdj.Greeter  - Hello
2015-11-03 22:33:04,972 INFO  nl.rdj.GreetPrinter  - hello, typesafe
2015-11-03 22:33:05,973 INFO  nl.rdj.Greeter  - Hello
2015-11-03 22:33:05,973 INFO  nl.rdj.GreetPrinter  - hello, typesafe
2015-11-03 22:33:06,973 INFO  nl.rdj.Greeter  - Hello
2015-11-03 22:33:06,973 INFO  nl.rdj.GreetPrinter  - hello, typesafe
2015-11-03 22:33:07,971 INFO  nl.rdj.Greeter  - Hello
2015-11-03 22:33:07,973 INFO  nl.rdj.GreetPrinter  - hello, typesafe
2015-11-03 22:33:08,964 INFO  nl.rdj.Greeter  - Hello
2015-11-03 22:33:08,964 INFO  nl.rdj.GreetPrinter  - hello, typesafe
2015-11-03 22:33:09,962 INFO  nl.rdj.Greeter  - Hello
2015-11-03 22:33:09,962 INFO  nl.rdj.GreetPrinter  - hello, typesafe
2015-11-03 22:33:10,963 INFO  nl.rdj.Greeter  - Hello
2015-11-03 22:33:10,964 INFO  nl.rdj.GreetPrinter  - hello, typesafe
2015-11-03 22:33:11,963 INFO  nl.rdj.Greeter  - Hello
2015-11-03 22:33:11,965 INFO  nl.rdj.GreetPrinter  - hello, typesafe
2015-11-03 22:33:12,973 INFO  nl.rdj.Greeter  - Hello
2015-11-03 22:33:12,974 INFO  nl.rdj.GreetPrinter  - hello, typesafe
2015-11-03 22:33:13,972 INFO  nl.rdj.Greeter  - Hello
2015-11-03 22:33:13,972 INFO  nl.rdj.GreetPrinter  - hello, typesafe
2015-11-03 22:33:14,974 INFO  nl.rdj.Greeter  - Hello
2015-11-03 22:33:14,975 INFO  nl.rdj.GreetPrinter  - hello, typesafe
2015-11-03 22:33:15,961 INFO  nl.rdj.Greeter  - Hello
2015-11-03 22:33:15,962 INFO  nl.rdj.GreetPrinter  - hello, typesafe
2015-11-03 22:33:16,962 INFO  nl.rdj.Greeter  - Hello
2015-11-03 22:33:16,962 INFO  nl.rdj.GreetPrinter  - hello, typesafe
2015-11-03 22:33:17,964 INFO  nl.rdj.Greeter  - Hello
2015-11-03 22:33:17,964 INFO  nl.rdj.GreetPrinter  - hello, typesafe
2015-11-03 22:33:18,972 INFO  nl.rdj.Greeter  - Hello
2015-11-03 22:33:18,972 INFO  nl.rdj.GreetPrinter  - hello, typesafe
2015-11-03 22:33:19,972 INFO  nl.rdj.Greeter  - Hello
2015-11-03 22:33:19,973 INFO  nl.rdj.GreetPrinter  - hello, typesafe
2015-11-03 22:33:20,964 INFO  nl.rdj.Greeter  - Hello
2015-11-03 22:33:20,964 INFO  nl.rdj.GreetPrinter  - hello, typesafe
2015-11-03 22:33:21,962 INFO  nl.rdj.Greeter  - Hello
2015-11-03 22:33:21,962 INFO  nl.rdj.GreetPrinter  - hello, typesafe
2015-11-03 22:33:22,964 INFO  nl.rdj.Greeter  - Hello
2015-11-03 22:33:22,964 INFO  nl.rdj.GreetPrinter  - hello, typesafe
2015-11-03 22:33:23,973 INFO  nl.rdj.Greeter  - Hello
2015-11-03 22:33:23,974 INFO  nl.rdj.GreetPrinter  - hello, typesafe
2015-11-03 22:33:24,974 INFO  nl.rdj.Greeter  - Hello
2015-11-03 22:33:24,974 INFO  nl.rdj.GreetPrinter  - hello, typesafe
2015-11-03 22:33:25,973 INFO  nl.rdj.Greeter  - Hello
2015-11-03 22:33:25,974 INFO  nl.rdj.GreetPrinter  - hello, typesafe
2015-11-03 22:33:26,973 INFO  nl.rdj.Greeter  - Hello
2015-11-03 22:33:26,973 INFO  nl.rdj.GreetPrinter  - hello, typesafe
2015-11-03 22:33:27,976 INFO  nl.rdj.Greeter  - Hello
2015-11-03 22:33:27,979 INFO  nl.rdj.GreetPrinter  - hello, typesafe
2015-11-03 22:33:28,973 INFO  nl.rdj.Greeter  - Hello
2015-11-03 22:33:28,974 INFO  nl.rdj.GreetPrinter  - hello, typesafe
2015-11-03 22:33:29,972 INFO  nl.rdj.Greeter  - Hello
2015-11-03 22:33:29,973 INFO  nl.rdj.GreetPrinter  - hello, typesafe
2015-11-03 22:33:30,973 INFO  nl.rdj.Greeter  - Hello
2015-11-03 22:33:30,973 INFO  nl.rdj.GreetPrinter  - hello, typesafe
2015-11-03 22:33:31,973 INFO  nl.rdj.Greeter  - Hello
2015-11-03 22:33:31,973 INFO  nl.rdj.GreetPrinter  - hello, typesafe
2015-11-03 22:33:32,973 INFO  nl.rdj.Greeter  - Hello
2015-11-03 22:33:32,974 INFO  nl.rdj.GreetPrinter  - hello, typesafe
2015-11-03 22:33:33,963 INFO  nl.rdj.Greeter  - Hello
2015-11-03 22:33:33,964 INFO  nl.rdj.GreetPrinter  - hello, typesafe
2015-11-03 22:33:34,977 INFO  nl.rdj.Greeter  - Hello
2015-11-03 22:33:34,978 INFO  nl.rdj.GreetPrinter  - hello, typesafe
2015-11-03 22:33:35,966 INFO  nl.rdj.Greeter  - Hello
2015-11-03 22:33:35,966 INFO  nl.rdj.GreetPrinter  - hello, typesafe
2015-11-03 22:33:36,961 INFO  nl.rdj.Greeter  - Hello
2015-11-03 22:33:36,962 INFO  nl.rdj.GreetPrinter  - hello, typesafe
2015-11-03 22:33:37,961 INFO  nl.rdj.Greeter  - Hello
2015-11-03 22:33:37,962 INFO  nl.rdj.GreetPrinter  - hello, typesafe
2015-11-03 22:33:38,971 INFO  nl.rdj.Greeter  - Hello
2015-11-03 22:33:38,972 INFO  nl.rdj.GreetPrinter  - hello, typesafe
2015-11-03 22:33:39,962 INFO  nl.rdj.Greeter  - Hello
2015-11-03 22:33:39,963 INFO  nl.rdj.GreetPrinter  - hello, typesafe
2015-11-03 22:33:40,972 INFO  nl.rdj.Greeter  - Hello
2015-11-03 22:33:40,973 INFO  nl.rdj.GreetPrinter  - hello, typesafe
2015-11-03 22:33:41,972 INFO  nl.rdj.Greeter  - Hello
2015-11-03 22:33:41,973 INFO  nl.rdj.GreetPrinter  - hello, typesafe
2015-11-03 22:33:42,971 INFO  nl.rdj.Greeter  - Hello
2015-11-03 22:33:42,972 INFO  nl.rdj.GreetPrinter  - hello, typesafe
2015-11-03 22:33:43,972 INFO  nl.rdj.Greeter  - Hello
2015-11-03 22:33:43,972 INFO  nl.rdj.GreetPrinter  - hello, typesafe
2015-11-03 22:33:44,971 INFO  nl.rdj.Greeter  - Hello
2015-11-03 22:33:44,972 INFO  nl.rdj.GreetPrinter  - hello, typesafe
2015-11-03 22:33:45,973 INFO  nl.rdj.Greeter  - Hello
2015-11-03 22:33:45,973 INFO  nl.rdj.GreetPrinter  - hello, typesafe
2015-11-03 22:33:46,975 INFO  nl.rdj.Greeter  - Hello
2015-11-03 22:33:46,976 INFO  nl.rdj.GreetPrinter  - hello, typesafe
2015-11-03 22:33:47,972 INFO  nl.rdj.Greeter  - Hello
2015-11-03 22:33:47,973 INFO  nl.rdj.GreetPrinter  - hello, typesafe
2015-11-03 22:33:48,976 INFO  nl.rdj.Greeter  - Hello
2015-11-03 22:33:48,976 INFO  nl.rdj.GreetPrinter  - hello, typesafe
2015-11-03 22:33:49,972 INFO  nl.rdj.Greeter  - Hello
2015-11-03 22:33:49,972 INFO  nl.rdj.GreetPrinter  - hello, typesafe
2015-11-03 22:33:50,973 INFO  nl.rdj.Greeter  - Hello
2015-11-03 22:33:50,974 INFO  nl.rdj.GreetPrinter  - hello, typesafe
2015-11-03 22:33:51,972 INFO  nl.rdj.Greeter  - Hello
2015-11-03 22:33:51,972 INFO  nl.rdj.GreetPrinter  - hello, typesafe
2015-11-03 22:33:52,972 INFO  nl.rdj.Greeter  - Hello
2015-11-03 22:33:52,973 INFO  nl.rdj.GreetPrinter  - hello, typesafe
2015-11-03 22:33:53,972 INFO  nl.rdj.Greeter  - Hello
2015-11-03 22:33:53,972 INFO  nl.rdj.GreetPrinter  - hello, typesafe
2015-11-03 22:33:54,973 INFO  nl.rdj.Greeter  - Hello
2015-11-03 22:33:54,973 INFO  nl.rdj.GreetPrinter  - hello, typesafe
2015-11-03 22:33:55,972 INFO  nl.rdj.Greeter  - Hello
2015-11-03 22:33:55,972 INFO  nl.rdj.GreetPrinter  - hello, typesafe
2015-11-03 22:33:56,975 INFO  nl.rdj.Greeter  - Hello
2015-11-03 22:33:56,976 INFO  nl.rdj.GreetPrinter  - hello, typesafe
2015-11-03 22:33:57,972 INFO  nl.rdj.Greeter  - Hello
2015-11-03 22:33:57,972 INFO  nl.rdj.GreetPrinter  - hello, typesafe
2015-11-03 22:33:58,965 INFO  nl.rdj.Greeter  - Hello
2015-11-03 22:33:58,966 INFO  nl.rdj.GreetPrinter  - hello, typesafe
2015-11-03 22:33:59,966 INFO  nl.rdj.Greeter  - Hello
2015-11-03 22:33:59,968 INFO  nl.rdj.GreetPrinter  - hello, typesafe
2015-11-03 22:34:00,963 INFO  nl.rdj.Greeter  - Hello
2015-11-03 22:34:00,963 INFO  nl.rdj.GreetPrinter  - hello, typesafe
2015-11-03 22:34:01,962 INFO  nl.rdj.Greeter  - Hello
2015-11-03 22:34:01,962 INFO  nl.rdj.GreetPrinter  - hello, typesafe
2015-11-03 22:34:02,964 INFO  nl.rdj.Greeter  - Hello
2015-11-03 22:34:02,964 INFO  nl.rdj.GreetPrinter  - hello, typesafe
2015-11-03 22:34:03,962 INFO  nl.rdj.Greeter  - Hello
2015-11-03 22:34:03,963 INFO  nl.rdj.GreetPrinter  - hello, typesafe
2015-11-03 22:34:04,963 INFO  nl.rdj.Greeter  - Hello
2015-11-03 22:34:04,963 INFO  nl.rdj.GreetPrinter  - hello, typesafe
2015-11-03 22:34:05,968 INFO  nl.rdj.Greeter  - Hello
2015-11-03 22:34:05,969 INFO  nl.rdj.GreetPrinter  - hello, typesafe
2015-11-03 22:34:06,973 INFO  nl.rdj.Greeter  - Hello
2015-11-03 22:34:06,973 INFO  nl.rdj.GreetPrinter  - hello, typesafe
2015-11-03 22:34:07,961 INFO  nl.rdj.Greeter  - Hello
2015-11-03 22:34:07,962 INFO  nl.rdj.GreetPrinter  - hello, typesafe
2015-11-03 22:34:08,962 INFO  nl.rdj.Greeter  - Hello
2015-11-03 22:34:08,963 INFO  nl.rdj.GreetPrinter  - hello, typesafe
2015-11-03 22:34:09,966 INFO  nl.rdj.Greeter  - Hello
2015-11-03 22:34:09,966 INFO  nl.rdj.GreetPrinter  - hello, typesafe
2015-11-03 22:34:10,973 INFO  nl.rdj.Greeter  - Hello
2015-11-03 22:34:10,974 INFO  nl.rdj.GreetPrinter  - hello, typesafe
2015-11-03 22:34:11,973 INFO  nl.rdj.Greeter  - Hello
2015-11-03 22:34:11,973 INFO  nl.rdj.GreetPrinter  - hello, typesafe
2015-11-03 22:34:12,973 INFO  nl.rdj.Greeter  - Hello
2015-11-03 22:34:12,973 INFO  nl.rdj.GreetPrinter  - hello, typesafe
2015-11-03 22:34:13,972 INFO  nl.rdj.Greeter  - Hello
2015-11-03 22:34:13,972 INFO  nl.rdj.GreetPrinter  - hello, typesafe
2015-11-03 22:34:14,961 INFO  nl.rdj.Greeter  - Hello
2015-11-03 22:34:14,961 INFO  nl.rdj.GreetPrinter  - hello, typesafe
2015-11-03 22:34:15,971 INFO  nl.rdj.Greeter  - Hello
2015-11-03 22:34:15,972 INFO  nl.rdj.GreetPrinter  - hello, typesafe
2015-11-03 22:34:16,961 INFO  nl.rdj.Greeter  - Hello
2015-11-03 22:34:16,962 INFO  nl.rdj.GreetPrinter  - hello, typesafe
2015-11-03 22:34:17,962 INFO  nl.rdj.Greeter  - Hello
2015-11-03 22:34:17,962 INFO  nl.rdj.GreetPrinter  - hello, typesafe
2015-11-03 22:34:18,962 INFO  nl.rdj.Greeter  - Hello
2015-11-03 22:34:18,962 INFO  nl.rdj.GreetPrinter  - hello, typesafe
2015-11-03 22:34:19,976 INFO  nl.rdj.Greeter  - Hello
2015-11-03 22:34:19,976 INFO  nl.rdj.GreetPrinter  - hello, typesafe
2015-11-03 22:34:20,962 INFO  nl.rdj.Greeter  - Hello
2015-11-03 22:34:20,963 INFO  nl.rdj.GreetPrinter  - hello, typesafe
2015-11-03 22:34:21,962 INFO  nl.rdj.Greeter  - Hello
2015-11-03 22:34:21,962 INFO  nl.rdj.GreetPrinter  - hello, typesafe
2015-11-03 22:34:22,962 INFO  nl.rdj.Greeter  - Hello
2015-11-03 22:34:22,962 INFO  nl.rdj.GreetPrinter  - hello, typesafe
2015-11-03 22:34:23,965 INFO  nl.rdj.Greeter  - Hello
2015-11-03 22:34:23,965 INFO  nl.rdj.GreetPrinter  - hello, typesafe
2015-11-03 22:34:24,967 INFO  nl.rdj.Greeter  - Hello
2015-11-03 22:34:24,968 INFO  nl.rdj.GreetPrinter  - hello, typesafe
2015-11-03 22:34:25,963 INFO  nl.rdj.Greeter  - Hello
2015-11-03 22:34:25,963 INFO  nl.rdj.GreetPrinter  - hello, typesafe
2015-11-03 22:34:26,965 INFO  nl.rdj.Greeter  - Hello
2015-11-03 22:34:26,965 INFO  nl.rdj.GreetPrinter  - hello, typesafe
2015-11-03 22:34:27,962 INFO  nl.rdj.Greeter  - Hello
2015-11-03 22:34:27,963 INFO  nl.rdj.GreetPrinter  - hello, typesafe
2015-11-03 22:34:28,965 INFO  nl.rdj.Greeter  - Hello
2015-11-03 22:34:28,965 INFO  nl.rdj.GreetPrinter  - hello, typesafe
2015-11-03 22:34:29,962 INFO  nl.rdj.Greeter  - Hello
2015-11-03 22:34:29,963 INFO  nl.rdj.GreetPrinter  - hello, typesafe
2015-11-03 22:34:30,961 INFO  nl.rdj.Greeter  - Hello
2015-11-03 22:34:30,962 INFO  nl.rdj.GreetPrinter  - hello, typesafe
2015-11-03 22:34:31,966 INFO  nl.rdj.Greeter  - Hello
2015-11-03 22:34:31,967 INFO  nl.rdj.GreetPrinter  - hello, typesafe
2015-11-03 22:34:32,966 INFO  nl.rdj.Greeter  - Hello
2015-11-03 22:34:32,967 INFO  nl.rdj.GreetPrinter  - hello, typesafe
2015-11-03 22:34:33,962 INFO  nl.rdj.Greeter  - Hello
2015-11-03 22:34:33,963 INFO  nl.rdj.GreetPrinter  - hello, typesafe
2015-11-03 22:34:34,963 INFO  nl.rdj.Greeter  - Hello
2015-11-03 22:34:34,963 INFO  nl.rdj.GreetPrinter  - hello, typesafe
2015-11-03 22:34:35,962 INFO  nl.rdj.Greeter  - Hello
2015-11-03 22:34:35,963 INFO  nl.rdj.GreetPrinter  - hello, typesafe
2015-11-03 22:34:36,961 INFO  nl.rdj.Greeter  - Hello
2015-11-03 22:34:36,962 INFO  nl.rdj.GreetPrinter  - hello, typesafe
2015-11-03 22:34:37,963 INFO  nl.rdj.Greeter  - Hello
2015-11-03 22:34:37,967 INFO  nl.rdj.GreetPrinter  - hello, typesafe
2015-11-03 22:34:38,972 INFO  nl.rdj.Greeter  - Hello
2015-11-03 22:34:38,972 INFO  nl.rdj.GreetPrinter  - hello, typesafe
2015-11-03 22:34:39,980 INFO  nl.rdj.Greeter  - Hello
2015-11-03 22:34:39,980 INFO  nl.rdj.GreetPrinter  - hello, typesafe
2015-11-03 22:34:40,973 INFO  nl.rdj.Greeter  - Hello
2015-11-03 22:34:40,973 INFO  nl.rdj.GreetPrinter  - hello, typesafe
2015-11-03 22:34:41,972 INFO  nl.rdj.Greeter  - Hello
2015-11-03 22:34:41,973 INFO  nl.rdj.GreetPrinter  - hello, typesafe
2015-11-03 22:34:42,973 INFO  nl.rdj.Greeter  - Hello
2015-11-03 22:34:42,973 INFO  nl.rdj.GreetPrinter  - hello, typesafe
2015-11-03 22:34:43,972 INFO  nl.rdj.Greeter  - Hello
2015-11-03 22:34:43,972 INFO  nl.rdj.GreetPrinter  - hello, typesafe
2015-11-03 22:34:44,963 INFO  nl.rdj.Greeter  - Hello
2015-11-03 22:34:44,963 INFO  nl.rdj.GreetPrinter  - hello, typesafe
2015-11-03 22:34:45,962 INFO  nl.rdj.Greeter  - Hello
2015-11-03 22:34:45,962 INFO  nl.rdj.GreetPrinter  - hello, typesafe
2015-11-03 22:34:46,962 INFO  nl.rdj.Greeter  - Hello
2015-11-03 22:34:46,962 INFO  nl.rdj.GreetPrinter  - hello, typesafe
2015-11-03 22:34:47,961 INFO  nl.rdj.Greeter  - Hello
2015-11-03 22:34:47,962 INFO  nl.rdj.GreetPrinter  - hello, typesafe
2015-11-03 22:34:48,974 INFO  nl.rdj.Greeter  - Hello
2015-11-03 22:34:48,974 INFO  nl.rdj.GreetPrinter  - hello, typesafe
2015-11-03 22:34:49,975 INFO  nl.rdj.Greeter  - Hello
2015-11-03 22:34:49,975 INFO  nl.rdj.GreetPrinter  - hello, typesafe
2015-11-03 22:34:50,972 INFO  nl.rdj.Greeter  - Hello
2015-11-03 22:34:50,972 INFO  nl.rdj.GreetPrinter  - hello, typesafe
2015-11-03 22:34:51,972 INFO  nl.rdj.Greeter  - Hello
2015-11-03 22:34:51,972 INFO  nl.rdj.GreetPrinter  - hello, typesafe
2015-11-03 22:34:52,972 INFO  nl.rdj.Greeter  - Hello
2015-11-03 22:34:52,973 INFO  nl.rdj.GreetPrinter  - hello, typesafe
2015-11-03 22:34:53,962 INFO  nl.rdj.Greeter  - Hello
2015-11-03 22:34:53,962 INFO  nl.rdj.GreetPrinter  - hello, typesafe
2015-11-03 22:34:54,973 INFO  nl.rdj.Greeter  - Hello
2015-11-03 22:34:54,973 INFO  nl.rdj.GreetPrinter  - hello, typesafe
2015-11-03 22:34:55,972 INFO  nl.rdj.Greeter  - Hello
2015-11-03 22:34:55,973 INFO  nl.rdj.GreetPrinter  - hello, typesafe
2015-11-03 22:34:56,972 INFO  nl.rdj.Greeter  - Hello
2015-11-03 22:34:56,972 INFO  nl.rdj.GreetPrinter  - hello, typesafe
2015-11-03 22:34:57,974 INFO  nl.rdj.Greeter  - Hello
2015-11-03 22:34:57,975 INFO  nl.rdj.GreetPrinter  - hello, typesafe
2015-11-03 22:34:58,962 INFO  nl.rdj.Greeter  - Hello
2015-11-03 22:34:58,962 INFO  nl.rdj.GreetPrinter  - hello, typesafe
2015-11-03 22:34:59,972 INFO  nl.rdj.Greeter  - Hello
2015-11-03 22:34:59,972 INFO  nl.rdj.GreetPrinter  - hello, typesafe
2015-11-03 22:35:00,975 INFO  nl.rdj.Greeter  - Hello
2015-11-03 22:35:00,975 INFO  nl.rdj.GreetPrinter  - hello, typesafe
2015-11-03 22:35:01,965 INFO  nl.rdj.Greeter  - Hello
2015-11-03 22:35:01,965 INFO  nl.rdj.GreetPrinter  - hello, typesafe
2015-11-03 22:35:02,973 INFO  nl.rdj.Greeter  - Hello
2015-11-03 22:35:02,974 INFO  nl.rdj.GreetPrinter  - hello, typesafe
2015-11-03 22:35:03,972 INFO  nl.rdj.Greeter  - Hello
2015-11-03 22:35:03,973 INFO  nl.rdj.GreetPrinter  - hello, typesafe
2015-11-03 22:35:04,971 INFO  nl.rdj.Greeter  - Hello
2015-11-03 22:35:04,972 INFO  nl.rdj.GreetPrinter  - hello, typesafe
2015-11-03 22:35:05,972 INFO  nl.rdj.Greeter  - Hello
2015-11-03 22:35:05,974 INFO  nl.rdj.GreetPrinter  - hello, typesafe
2015-11-03 22:35:06,973 INFO  nl.rdj.Greeter  - Hello
2015-11-03 22:35:06,973 INFO  nl.rdj.GreetPrinter  - hello, typesafe
2015-11-03 22:35:07,974 INFO  nl.rdj.Greeter  - Hello
2015-11-03 22:35:07,974 INFO  nl.rdj.GreetPrinter  - hello, typesafe
2015-11-03 22:35:08,972 INFO  nl.rdj.Greeter  - Hello
2015-11-03 22:35:08,972 INFO  nl.rdj.GreetPrinter  - hello, typesafe
2015-11-03 22:35:09,971 INFO  nl.rdj.Greeter  - Hello
2015-11-03 22:35:09,972 INFO  nl.rdj.GreetPrinter  - hello, typesafe
2015-11-03 22:35:10,972 INFO  nl.rdj.Greeter  - Hello
2015-11-03 22:35:10,972 INFO  nl.rdj.GreetPrinter  - hello, typesafe
2015-11-03 22:35:11,975 INFO  nl.rdj.Greeter  - Hello
2015-11-03 22:35:11,977 INFO  nl.rdj.GreetPrinter  - hello, typesafe
2015-11-03 22:35:12,972 INFO  nl.rdj.Greeter  - Hello
2015-11-03 22:35:12,972 INFO  nl.rdj.GreetPrinter  - hello, typesafe
2015-11-03 22:35:13,974 INFO  nl.rdj.Greeter  - Hello
2015-11-03 22:35:13,974 INFO  nl.rdj.GreetPrinter  - hello, typesafe
2015-11-03 22:35:14,972 INFO  nl.rdj.Greeter  - Hello
2015-11-03 22:35:14,973 INFO  nl.rdj.GreetPrinter  - hello, typesafe
2015-11-03 22:35:15,975 INFO  nl.rdj.Greeter  - Hello
2015-11-03 22:35:15,976 INFO  nl.rdj.GreetPrinter  - hello, typesafe
2015-11-03 22:35:16,972 INFO  nl.rdj.Greeter  - Hello
2015-11-03 22:35:16,973 INFO  nl.rdj.GreetPrinter  - hello, typesafe
2015-11-03 22:35:17,974 INFO  nl.rdj.Greeter  - Hello
2015-11-03 22:35:17,974 INFO  nl.rdj.GreetPrinter  - hello, typesafe
2015-11-03 22:35:18,979 INFO  nl.rdj.Greeter  - Hello
2015-11-03 22:35:18,980 INFO  nl.rdj.GreetPrinter  - hello, typesafe
2015-11-03 22:35:19,974 INFO  nl.rdj.Greeter  - Hello
2015-11-03 22:35:19,975 INFO  nl.rdj.GreetPrinter  - hello, typesafe
2015-11-03 22:35:20,973 INFO  nl.rdj.Greeter  - Hello
2015-11-03 22:35:20,973 INFO  nl.rdj.GreetPrinter  - hello, typesafe
2015-11-03 22:35:21,973 INFO  nl.rdj.Greeter  - Hello
2015-11-03 22:35:21,973 INFO  nl.rdj.GreetPrinter  - hello, typesafe
2015-11-03 22:35:22,972 INFO  nl.rdj.Greeter  - Hello
2015-11-03 22:35:22,973 INFO  nl.rdj.GreetPrinter  - hello, typesafe
2015-11-03 22:35:23,972 INFO  nl.rdj.Greeter  - Hello
2015-11-03 22:35:23,972 INFO  nl.rdj.GreetPrinter  - hello, typesafe
2015-11-03 22:35:24,972 INFO  nl.rdj.Greeter  - Hello
2015-11-03 22:35:24,972 INFO  nl.rdj.GreetPrinter  - hello, typesafe
2015-11-03 22:35:25,972 INFO  nl.rdj.Greeter  - Hello
2015-11-03 22:35:25,977 INFO  nl.rdj.GreetPrinter  - hello, typesafe
2015-11-03 22:35:26,972 INFO  nl.rdj.Greeter  - Hello
2015-11-03 22:35:26,972 INFO  nl.rdj.GreetPrinter  - hello, typesafe
2015-11-03 22:35:27,972 INFO  nl.rdj.Greeter  - Hello
2015-11-03 22:35:27,972 INFO  nl.rdj.GreetPrinter  - hello, typesafe
2015-11-03 22:35:28,971 INFO  nl.rdj.Greeter  - Hello
2015-11-03 22:35:28,972 INFO  nl.rdj.GreetPrinter  - hello, typesafe
2015-11-03 22:35:29,972 INFO  nl.rdj.Greeter  - Hello
2015-11-03 22:35:29,972 INFO  nl.rdj.GreetPrinter  - hello, typesafe
2015-11-03 22:35:30,972 INFO  nl.rdj.Greeter  - Hello
2015-11-03 22:35:30,972 INFO  nl.rdj.GreetPrinter  - hello, typesafe
2015-11-03 22:35:31,972 INFO  nl.rdj.Greeter  - Hello
2015-11-03 22:35:31,972 INFO  nl.rdj.GreetPrinter  - hello, typesafe
2015-11-03 22:35:32,971 INFO  nl.rdj.Greeter  - Hello
2015-11-03 22:35:32,972 INFO  nl.rdj.GreetPrinter  - hello, typesafe
2015-11-03 22:35:33,972 INFO  nl.rdj.Greeter  - Hello
2015-11-03 22:35:33,973 INFO  nl.rdj.GreetPrinter  - hello, typesafe
2015-11-03 22:35:34,971 INFO  nl.rdj.Greeter  - Hello
2015-11-03 22:35:34,972 INFO  nl.rdj.GreetPrinter  - hello, typesafe
2015-11-03 22:35:35,972 INFO  nl.rdj.Greeter  - Hello
2015-11-03 22:35:35,972 INFO  nl.rdj.GreetPrinter  - hello, typesafe
2015-11-03 22:35:36,972 INFO  nl.rdj.Greeter  - Hello
2015-11-03 22:35:36,973 INFO  nl.rdj.GreetPrinter  - hello, typesafe
2015-11-03 22:35:37,971 INFO  nl.rdj.Greeter  - Hello
2015-11-03 22:35:37,973 INFO  nl.rdj.GreetPrinter  - hello, typesafe
2015-11-03 22:35:38,973 INFO  nl.rdj.Greeter  - Hello
2015-11-03 22:35:38,973 INFO  nl.rdj.GreetPrinter  - hello, typesafe
2015-11-03 22:35:39,973 INFO  nl.rdj.Greeter  - Hello
2015-11-03 22:35:39,973 INFO  nl.rdj.GreetPrinter  - hello, typesafe
2015-11-03 22:35:40,972 INFO  nl.rdj.Greeter  - Hello
2015-11-03 22:35:40,973 INFO  nl.rdj.GreetPrinter  - hello, typesafe
2015-11-03 22:35:41,973 INFO  nl.rdj.Greeter  - Hello
2015-11-03 22:35:41,974 INFO  nl.rdj.GreetPrinter  - hello, typesafe
2015-11-03 22:35:42,972 INFO  nl.rdj.Greeter  - Hello
2015-11-03 22:35:42,973 INFO  nl.rdj.GreetPrinter  - hello, typesafe
2015-11-03 22:35:43,972 INFO  nl.rdj.Greeter  - Hello
2015-11-03 22:35:43,972 INFO  nl.rdj.GreetPrinter  - hello, typesafe
2015-11-03 22:35:44,974 INFO  nl.rdj.Greeter  - Hello
2015-11-03 22:35:44,974 INFO  nl.rdj.GreetPrinter  - hello, typesafe
2015-11-03 22:35:45,971 INFO  nl.rdj.Greeter  - Hello
2015-11-03 22:35:45,972 INFO  nl.rdj.GreetPrinter  - hello, typesafe
2015-11-03 22:35:46,974 INFO  nl.rdj.Greeter  - Hello
2015-11-03 22:35:46,974 INFO  nl.rdj.GreetPrinter  - hello, typesafe
2015-11-03 22:35:47,972 INFO  nl.rdj.Greeter  - Hello
2015-11-03 22:35:47,972 INFO  nl.rdj.GreetPrinter  - hello, typesafe
2015-11-03 22:35:48,971 INFO  nl.rdj.Greeter  - Hello
2015-11-03 22:35:48,972 INFO  nl.rdj.GreetPrinter  - hello, typesafe
2015-11-03 22:35:49,972 INFO  nl.rdj.Greeter  - Hello
2015-11-03 22:35:49,972 INFO  nl.rdj.GreetPrinter  - hello, typesafe
2015-11-03 22:35:50,972 INFO  nl.rdj.Greeter  - Hello
2015-11-03 22:35:50,973 INFO  nl.rdj.GreetPrinter  - hello, typesafe
2015-11-03 22:35:51,975 INFO  nl.rdj.Greeter  - Hello
2015-11-03 22:35:51,976 INFO  nl.rdj.GreetPrinter  - hello, typesafe
2015-11-03 22:35:52,972 INFO  nl.rdj.Greeter  - Hello
2015-11-03 22:35:52,972 INFO  nl.rdj.GreetPrinter  - hello, typesafe
2015-11-03 22:35:53,972 INFO  nl.rdj.Greeter  - Hello
2015-11-03 22:35:53,972 INFO  nl.rdj.GreetPrinter  - hello, typesafe
2015-11-03 22:35:54,972 INFO  nl.rdj.Greeter  - Hello
2015-11-03 22:35:54,972 INFO  nl.rdj.GreetPrinter  - hello, typesafe
2015-11-03 22:35:55,972 INFO  nl.rdj.Greeter  - Hello
2015-11-03 22:35:55,972 INFO  nl.rdj.GreetPrinter  - hello, typesafe
2015-11-03 22:35:56,972 INFO  nl.rdj.Greeter  - Hello
2015-11-03 22:35:56,972 INFO  nl.rdj.GreetPrinter  - hello, typesafe
2015-11-03 22:35:57,962 INFO  nl.rdj.Greeter  - Hello
2015-11-03 22:35:57,962 INFO  nl.rdj.GreetPrinter  - hello, typesafe
2015-11-03 22:35:58,961 INFO  nl.rdj.Greeter  - Hello
2015-11-03 22:35:58,962 INFO  nl.rdj.GreetPrinter  - hello, typesafe
2015-11-03 22:35:59,963 INFO  nl.rdj.Greeter  - Hello
2015-11-03 22:35:59,963 INFO  nl.rdj.GreetPrinter  - hello, typesafe
2015-11-03 22:36:00,962 INFO  nl.rdj.Greeter  - Hello
2015-11-03 22:36:00,963 INFO  nl.rdj.GreetPrinter  - hello, typesafe
2015-11-03 22:36:01,964 INFO  nl.rdj.Greeter  - Hello
2015-11-03 22:36:01,967 INFO  nl.rdj.GreetPrinter  - hello, typesafe
2015-11-03 22:36:02,965 INFO  nl.rdj.Greeter  - Hello
2015-11-03 22:36:02,965 INFO  nl.rdj.GreetPrinter  - hello, typesafe
2015-11-03 22:36:03,962 INFO  nl.rdj.Greeter  - Hello
2015-11-03 22:36:03,963 INFO  nl.rdj.GreetPrinter  - hello, typesafe
2015-11-03 22:36:04,966 INFO  nl.rdj.Greeter  - Hello
2015-11-03 22:36:04,966 INFO  nl.rdj.GreetPrinter  - hello, typesafe
2015-11-03 22:36:05,962 INFO  nl.rdj.Greeter  - Hello
2015-11-03 22:36:05,963 INFO  nl.rdj.GreetPrinter  - hello, typesafe
2015-11-03 22:36:06,963 INFO  nl.rdj.Greeter  - Hello
2015-11-03 22:36:06,963 INFO  nl.rdj.GreetPrinter  - hello, typesafe
2015-11-03 22:36:07,972 INFO  nl.rdj.Greeter  - Hello
2015-11-03 22:36:07,972 INFO  nl.rdj.GreetPrinter  - hello, typesafe
2015-11-03 22:36:08,977 INFO  nl.rdj.Greeter  - Hello
2015-11-03 22:36:08,977 INFO  nl.rdj.GreetPrinter  - hello, typesafe
2015-11-03 22:36:09,974 INFO  nl.rdj.Greeter  - Hello
2015-11-03 22:36:09,974 INFO  nl.rdj.GreetPrinter  - hello, typesafe
2015-11-03 22:36:10,973 INFO  nl.rdj.Greeter  - Hello
2015-11-03 22:36:10,973 INFO  nl.rdj.GreetPrinter  - hello, typesafe
2015-11-03 22:36:11,972 INFO  nl.rdj.Greeter  - Hello
2015-11-03 22:36:11,972 INFO  nl.rdj.GreetPrinter  - hello, typesafe
2015-11-03 22:36:12,971 INFO  nl.rdj.Greeter  - Hello
2015-11-03 22:36:12,971 INFO  nl.rdj.GreetPrinter  - hello, typesafe
2015-11-03 22:36:13,973 INFO  nl.rdj.Greeter  - Hello
2015-11-03 22:36:13,973 INFO  nl.rdj.GreetPrinter  - hello, typesafe
2015-11-03 22:36:14,973 INFO  nl.rdj.Greeter  - Hello
2015-11-03 22:36:14,973 INFO  nl.rdj.GreetPrinter  - hello, typesafe
2015-11-03 22:36:15,972 INFO  nl.rdj.Greeter  - Hello
2015-11-03 22:36:15,972 INFO  nl.rdj.GreetPrinter  - hello, typesafe
2015-11-03 22:36:16,971 INFO  nl.rdj.Greeter  - Hello
2015-11-03 22:36:16,972 INFO  nl.rdj.GreetPrinter  - hello, typesafe
2015-11-03 22:36:17,974 INFO  nl.rdj.Greeter  - Hello
2015-11-03 22:36:17,975 INFO  nl.rdj.GreetPrinter  - hello, typesafe
2015-11-03 22:36:18,972 INFO  nl.rdj.Greeter  - Hello
2015-11-03 22:36:18,972 INFO  nl.rdj.GreetPrinter  - hello, typesafe
2015-11-03 22:36:19,973 INFO  nl.rdj.Greeter  - Hello
2015-11-03 22:36:19,973 INFO  nl.rdj.GreetPrinter  - hello, typesafe
2015-11-03 22:36:20,972 INFO  nl.rdj.Greeter  - Hello
2015-11-03 22:36:20,973 INFO  nl.rdj.GreetPrinter  - hello, typesafe
2015-11-03 22:36:21,971 INFO  nl.rdj.Greeter  - Hello
2015-11-03 22:36:21,972 INFO  nl.rdj.GreetPrinter  - hello, typesafe
2015-11-03 22:36:22,971 INFO  nl.rdj.Greeter  - Hello
2015-11-03 22:36:22,972 INFO  nl.rdj.GreetPrinter  - hello, typesafe
2015-11-03 22:36:23,971 INFO  nl.rdj.Greeter  - Hello
2015-11-03 22:36:23,972 INFO  nl.rdj.GreetPrinter  - hello, typesafe
2015-11-03 22:36:24,972 INFO  nl.rdj.Greeter  - Hello
2015-11-03 22:36:24,972 INFO  nl.rdj.GreetPrinter  - hello, typesafe
2015-11-03 22:36:25,972 INFO  nl.rdj.Greeter  - Hello
2015-11-03 22:36:25,972 INFO  nl.rdj.GreetPrinter  - hello, typesafe
2015-11-03 22:36:26,974 INFO  nl.rdj.Greeter  - Hello
2015-11-03 22:36:26,974 INFO  nl.rdj.GreetPrinter  - hello, typesafe
2015-11-03 22:36:27,972 INFO  nl.rdj.Greeter  - Hello
2015-11-03 22:36:27,972 INFO  nl.rdj.GreetPrinter  - hello, typesafe
2015-11-03 22:36:28,976 INFO  nl.rdj.Greeter  - Hello
2015-11-03 22:36:28,976 INFO  nl.rdj.GreetPrinter  - hello, typesafe
2015-11-03 22:36:29,974 INFO  nl.rdj.Greeter  - Hello
2015-11-03 22:36:29,974 INFO  nl.rdj.GreetPrinter  - hello, typesafe
2015-11-03 22:36:30,972 INFO  nl.rdj.Greeter  - Hello
2015-11-03 22:36:30,972 INFO  nl.rdj.GreetPrinter  - hello, typesafe
2015-11-03 22:36:31,973 INFO  nl.rdj.Greeter  - Hello
2015-11-03 22:36:31,973 INFO  nl.rdj.GreetPrinter  - hello, typesafe
2015-11-03 22:36:32,972 INFO  nl.rdj.Greeter  - Hello
2015-11-03 22:36:32,972 INFO  nl.rdj.GreetPrinter  - hello, typesafe
2015-11-03 22:36:33,972 INFO  nl.rdj.Greeter  - Hello
2015-11-03 22:36:33,972 INFO  nl.rdj.GreetPrinter  - hello, typesafe
2015-11-03 22:36:34,973 INFO  nl.rdj.Greeter  - Hello
2015-11-03 22:36:34,973 INFO  nl.rdj.GreetPrinter  - hello, typesafe
2015-11-03 22:36:35,975 INFO  nl.rdj.Greeter  - Hello
2015-11-03 22:36:35,975 INFO  nl.rdj.GreetPrinter  - hello, typesafe
2015-11-03 22:36:36,976 INFO  nl.rdj.Greeter  - Hello
2015-11-03 22:36:36,976 INFO  nl.rdj.GreetPrinter  - hello, typesafe
2015-11-03 22:36:37,972 INFO  nl.rdj.Greeter  - Hello
2015-11-03 22:36:37,973 INFO  nl.rdj.GreetPrinter  - hello, typesafe
2015-11-03 22:36:38,972 INFO  nl.rdj.Greeter  - Hello
2015-11-03 22:36:38,972 INFO  nl.rdj.GreetPrinter  - hello, typesafe
2015-11-03 22:36:39,972 INFO  nl.rdj.Greeter  - Hello
2015-11-03 22:36:39,973 INFO  nl.rdj.GreetPrinter  - hello, typesafe
2015-11-03 22:36:40,971 INFO  nl.rdj.Greeter  - Hello
2015-11-03 22:36:40,972 INFO  nl.rdj.GreetPrinter  - hello, typesafe
2015-11-03 22:36:41,972 INFO  nl.rdj.Greeter  - Hello
2015-11-03 22:36:41,975 INFO  nl.rdj.GreetPrinter  - hello, typesafe
2015-11-03 22:36:42,972 INFO  nl.rdj.Greeter  - Hello
2015-11-03 22:36:42,972 INFO  nl.rdj.GreetPrinter  - hello, typesafe
2015-11-03 22:36:43,971 INFO  nl.rdj.Greeter  - Hello
2015-11-03 22:36:43,972 INFO  nl.rdj.GreetPrinter  - hello, typesafe
2015-11-03 22:36:44,972 INFO  nl.rdj.Greeter  - Hello
2015-11-03 22:36:44,972 INFO  nl.rdj.GreetPrinter  - hello, typesafe
2015-11-03 22:36:45,971 INFO  nl.rdj.Greeter  - Hello
2015-11-03 22:36:45,971 INFO  nl.rdj.GreetPrinter  - hello, typesafe
2015-11-03 22:36:46,972 INFO  nl.rdj.Greeter  - Hello
2015-11-03 22:36:46,972 INFO  nl.rdj.GreetPrinter  - hello, typesafe
2015-11-03 22:36:47,971 INFO  nl.rdj.Greeter  - Hello
2015-11-03 22:36:47,972 INFO  nl.rdj.GreetPrinter  - hello, typesafe
2015-11-03 22:36:48,972 INFO  nl.rdj.Greeter  - Hello
2015-11-03 22:36:48,972 INFO  nl.rdj.GreetPrinter  - hello, typesafe
2015-11-03 22:36:49,972 INFO  nl.rdj.Greeter  - Hello
2015-11-03 22:36:49,972 INFO  nl.rdj.GreetPrinter  - hello, typesafe
2015-11-03 22:36:50,972 INFO  nl.rdj.Greeter  - Hello
2015-11-03 22:36:50,972 INFO  nl.rdj.GreetPrinter  - hello, typesafe
2015-11-03 22:36:51,972 INFO  nl.rdj.Greeter  - Hello
2015-11-03 22:36:51,973 INFO  nl.rdj.GreetPrinter  - hello, typesafe
2015-11-03 22:36:52,972 INFO  nl.rdj.Greeter  - Hello
2015-11-03 22:36:52,972 INFO  nl.rdj.GreetPrinter  - hello, typesafe
2015-11-03 22:36:53,973 INFO  nl.rdj.Greeter  - Hello
2015-11-03 22:36:53,973 INFO  nl.rdj.GreetPrinter  - hello, typesafe
2015-11-03 22:36:54,973 INFO  nl.rdj.Greeter  - Hello
2015-11-03 22:36:54,973 INFO  nl.rdj.GreetPrinter  - hello, typesafe
2015-11-03 22:36:55,972 INFO  nl.rdj.Greeter  - Hello
2015-11-03 22:36:55,972 INFO  nl.rdj.GreetPrinter  - hello, typesafe
2015-11-03 22:36:56,975 INFO  nl.rdj.Greeter  - Hello
2015-11-03 22:36:56,975 INFO  nl.rdj.GreetPrinter  - hello, typesafe
2015-11-03 22:36:57,972 INFO  nl.rdj.Greeter  - Hello
2015-11-03 22:36:57,972 INFO  nl.rdj.GreetPrinter  - hello, typesafe
2015-11-03 22:36:58,972 INFO  nl.rdj.Greeter  - Hello
2015-11-03 22:36:58,973 INFO  nl.rdj.GreetPrinter  - hello, typesafe
2015-11-03 22:36:59,962 INFO  nl.rdj.Greeter  - Hello
2015-11-03 22:36:59,962 INFO  nl.rdj.GreetPrinter  - hello, typesafe
2015-11-03 22:37:00,961 INFO  nl.rdj.Greeter  - Hello
2015-11-03 22:37:00,962 INFO  nl.rdj.GreetPrinter  - hello, typesafe
2015-11-03 22:37:01,962 INFO  nl.rdj.Greeter  - Hello
2015-11-03 22:37:01,962 INFO  nl.rdj.GreetPrinter  - hello, typesafe
2015-11-03 22:37:02,972 INFO  nl.rdj.Greeter  - Hello
2015-11-03 22:37:02,972 INFO  nl.rdj.GreetPrinter  - hello, typesafe
2015-11-03 22:37:03,971 INFO  nl.rdj.Greeter  - Hello
2015-11-03 22:37:03,972 INFO  nl.rdj.GreetPrinter  - hello, typesafe
2015-11-03 22:37:04,961 INFO  nl.rdj.Greeter  - Hello
2015-11-03 22:37:04,961 INFO  nl.rdj.GreetPrinter  - hello, typesafe
2015-11-03 22:37:05,962 INFO  nl.rdj.Greeter  - Hello
2015-11-03 22:37:05,962 INFO  nl.rdj.GreetPrinter  - hello, typesafe
2015-11-03 22:37:06,962 INFO  nl.rdj.Greeter  - Hello
2015-11-03 22:37:06,962 INFO  nl.rdj.GreetPrinter  - hello, typesafe
2015-11-03 22:37:07,963 INFO  nl.rdj.Greeter  - Hello
2015-11-03 22:37:07,963 INFO  nl.rdj.GreetPrinter  - hello, typesafe
2015-11-03 22:37:08,963 INFO  nl.rdj.Greeter  - Hello
2015-11-03 22:37:08,963 INFO  nl.rdj.GreetPrinter  - hello, typesafe
2015-11-03 22:37:09,962 INFO  nl.rdj.Greeter  - Hello
2015-11-03 22:37:09,962 INFO  nl.rdj.GreetPrinter  - hello, typesafe
2015-11-03 22:37:10,961 INFO  nl.rdj.Greeter  - Hello
2015-11-03 22:37:10,961 INFO  nl.rdj.GreetPrinter  - hello, typesafe
2015-11-03 22:37:11,961 INFO  nl.rdj.Greeter  - Hello
2015-11-03 22:37:11,961 INFO  nl.rdj.GreetPrinter  - hello, typesafe
2015-11-03 22:37:12,962 INFO  nl.rdj.Greeter  - Hello
2015-11-03 22:37:12,962 INFO  nl.rdj.GreetPrinter  - hello, typesafe
2015-11-03 22:37:13,963 INFO  nl.rdj.Greeter  - Hello
2015-11-03 22:37:13,963 INFO  nl.rdj.GreetPrinter  - hello, typesafe
2015-11-03 22:37:14,963 INFO  nl.rdj.Greeter  - Hello
2015-11-03 22:37:14,963 INFO  nl.rdj.GreetPrinter  - hello, typesafe
2015-11-03 22:37:15,962 INFO  nl.rdj.Greeter  - Hello
2015-11-03 22:37:15,962 INFO  nl.rdj.GreetPrinter  - hello, typesafe
2015-11-03 22:37:16,962 INFO  nl.rdj.Greeter  - Hello
2015-11-03 22:37:16,962 INFO  nl.rdj.GreetPrinter  - hello, typesafe
2015-11-03 22:37:17,962 INFO  nl.rdj.Greeter  - Hello
2015-11-03 22:37:17,962 INFO  nl.rdj.GreetPrinter  - hello, typesafe
2015-11-03 22:37:18,966 INFO  nl.rdj.Greeter  - Hello
2015-11-03 22:37:18,966 INFO  nl.rdj.GreetPrinter  - hello, typesafe
2015-11-03 22:37:19,968 INFO  nl.rdj.Greeter  - Hello
2015-11-03 22:37:19,968 INFO  nl.rdj.GreetPrinter  - hello, typesafe
2015-11-03 22:37:20,962 INFO  nl.rdj.Greeter  - Hello
2015-11-03 22:37:20,963 INFO  nl.rdj.GreetPrinter  - hello, typesafe
2015-11-03 22:37:21,962 INFO  nl.rdj.Greeter  - Hello
2015-11-03 22:37:21,963 INFO  nl.rdj.GreetPrinter  - hello, typesafe
2015-11-03 22:37:22,962 INFO  nl.rdj.Greeter  - Hello
2015-11-03 22:37:22,962 INFO  nl.rdj.GreetPrinter  - hello, typesafe
2015-11-03 22:37:23,961 INFO  nl.rdj.Greeter  - Hello
2015-11-03 22:37:23,962 INFO  nl.rdj.GreetPrinter  - hello, typesafe
2015-11-03 22:37:24,961 INFO  nl.rdj.Greeter  - Hello
2015-11-03 22:37:24,962 INFO  nl.rdj.GreetPrinter  - hello, typesafe
2015-11-03 22:37:25,971 INFO  nl.rdj.Greeter  - Hello
2015-11-03 22:37:25,972 INFO  nl.rdj.GreetPrinter  - hello, typesafe
2015-11-03 22:37:26,973 INFO  nl.rdj.Greeter  - Hello
2015-11-03 22:37:26,973 INFO  nl.rdj.GreetPrinter  - hello, typesafe
2015-11-03 22:37:27,975 INFO  nl.rdj.Greeter  - Hello
2015-11-03 22:37:27,975 INFO  nl.rdj.GreetPrinter  - hello, typesafe
2015-11-03 22:37:28,974 INFO  nl.rdj.Greeter  - Hello
2015-11-03 22:37:28,975 INFO  nl.rdj.GreetPrinter  - hello, typesafe
2015-11-03 22:37:29,972 INFO  nl.rdj.Greeter  - Hello
2015-11-03 22:37:29,972 INFO  nl.rdj.GreetPrinter  - hello, typesafe
2015-11-03 22:37:30,972 INFO  nl.rdj.Greeter  - Hello
2015-11-03 22:37:30,973 INFO  nl.rdj.GreetPrinter  - hello, typesafe
2015-11-03 22:37:31,973 INFO  nl.rdj.Greeter  - Hello
2015-11-03 22:37:31,973 INFO  nl.rdj.GreetPrinter  - hello, typesafe
2015-11-03 22:37:32,972 INFO  nl.rdj.Greeter  - Hello
2015-11-03 22:37:32,973 INFO  nl.rdj.GreetPrinter  - hello, typesafe
2015-11-03 22:37:33,973 INFO  nl.rdj.Greeter  - Hello
2015-11-03 22:37:33,973 INFO  nl.rdj.GreetPrinter  - hello, typesafe
2015-11-03 22:37:34,972 INFO  nl.rdj.Greeter  - Hello
2015-11-03 22:37:34,973 INFO  nl.rdj.GreetPrinter  - hello, typesafe
2015-11-03 22:37:35,972 INFO  nl.rdj.Greeter  - Hello
2015-11-03 22:37:35,972 INFO  nl.rdj.GreetPrinter  - hello, typesafe
2015-11-03 22:37:36,973 INFO  nl.rdj.Greeter  - Hello
2015-11-03 22:37:36,973 INFO  nl.rdj.GreetPrinter  - hello, typesafe
2015-11-03 22:37:37,973 INFO  nl.rdj.Greeter  - Hello
2015-11-03 22:37:37,973 INFO  nl.rdj.GreetPrinter  - hello, typesafe
2015-11-03 22:37:38,963 INFO  nl.rdj.Greeter  - Hello
2015-11-03 22:37:38,963 INFO  nl.rdj.GreetPrinter  - hello, typesafe
2015-11-03 22:37:39,973 INFO  nl.rdj.Greeter  - Hello
2015-11-03 22:37:39,973 INFO  nl.rdj.GreetPrinter  - hello, typesafe
2015-11-03 22:37:40,973 INFO  nl.rdj.Greeter  - Hello
2015-11-03 22:37:40,973 INFO  nl.rdj.GreetPrinter  - hello, typesafe
2015-11-03 22:37:41,972 INFO  nl.rdj.Greeter  - Hello
2015-11-03 22:37:41,973 INFO  nl.rdj.GreetPrinter  - hello, typesafe
2015-11-03 22:37:42,972 INFO  nl.rdj.Greeter  - Hello
2015-11-03 22:37:42,972 INFO  nl.rdj.GreetPrinter  - hello, typesafe
2015-11-03 22:37:43,971 INFO  nl.rdj.Greeter  - Hello
2015-11-03 22:37:43,972 INFO  nl.rdj.GreetPrinter  - hello, typesafe
2015-11-03 22:37:44,972 INFO  nl.rdj.Greeter  - Hello
2015-11-03 22:37:44,973 INFO  nl.rdj.GreetPrinter  - hello, typesafe
2015-11-03 22:37:45,971 INFO  nl.rdj.Greeter  - Hello
2015-11-03 22:37:45,971 INFO  nl.rdj.GreetPrinter  - hello, typesafe
2015-11-03 22:37:46,973 INFO  nl.rdj.Greeter  - Hello
2015-11-03 22:37:46,974 INFO  nl.rdj.GreetPrinter  - hello, typesafe
2015-11-03 22:37:47,977 INFO  nl.rdj.Greeter  - Hello
2015-11-03 22:37:47,977 INFO  nl.rdj.GreetPrinter  - hello, typesafe
2015-11-03 22:37:48,962 INFO  nl.rdj.Greeter  - Hello
2015-11-03 22:37:48,962 INFO  nl.rdj.GreetPrinter  - hello, typesafe
2015-11-03 22:37:49,972 INFO  nl.rdj.Greeter  - Hello
2015-11-03 22:37:49,974 INFO  nl.rdj.GreetPrinter  - hello, typesafe
2015-11-03 22:37:50,971 INFO  nl.rdj.Greeter  - Hello
2015-11-03 22:37:50,972 INFO  nl.rdj.GreetPrinter  - hello, typesafe
2015-11-03 22:37:51,972 INFO  nl.rdj.Greeter  - Hello
2015-11-03 22:37:51,972 INFO  nl.rdj.GreetPrinter  - hello, typesafe
2015-11-03 22:37:52,972 INFO  nl.rdj.Greeter  - Hello
2015-11-03 22:37:52,972 INFO  nl.rdj.GreetPrinter  - hello, typesafe
2015-11-03 22:37:53,972 INFO  nl.rdj.Greeter  - Hello
2015-11-03 22:37:53,972 INFO  nl.rdj.GreetPrinter  - hello, typesafe
2015-11-03 22:37:54,972 INFO  nl.rdj.Greeter  - Hello
2015-11-03 22:37:54,973 INFO  nl.rdj.GreetPrinter  - hello, typesafe
2015-11-03 22:37:55,973 INFO  nl.rdj.Greeter  - Hello
2015-11-03 22:37:55,973 INFO  nl.rdj.GreetPrinter  - hello, typesafe
2015-11-03 22:37:56,977 INFO  nl.rdj.Greeter  - Hello
2015-11-03 22:37:56,977 INFO  nl.rdj.GreetPrinter  - hello, typesafe
2015-11-03 22:37:57,975 INFO  nl.rdj.Greeter  - Hello
2015-11-03 22:37:57,975 INFO  nl.rdj.GreetPrinter  - hello, typesafe
2015-11-03 22:37:58,972 INFO  nl.rdj.Greeter  - Hello
2015-11-03 22:37:58,973 INFO  nl.rdj.GreetPrinter  - hello, typesafe
2015-11-03 22:37:59,974 INFO  nl.rdj.Greeter  - Hello
2015-11-03 22:37:59,974 INFO  nl.rdj.GreetPrinter  - hello, typesafe
2015-11-03 22:38:00,971 INFO  nl.rdj.Greeter  - Hello
2015-11-03 22:38:00,972 INFO  nl.rdj.GreetPrinter  - hello, typesafe
2015-11-03 22:38:01,973 INFO  nl.rdj.Greeter  - Hello
2015-11-03 22:38:01,973 INFO  nl.rdj.GreetPrinter  - hello, typesafe
2015-11-03 22:38:02,972 INFO  nl.rdj.Greeter  - Hello
2015-11-03 22:38:02,973 INFO  nl.rdj.GreetPrinter  - hello, typesafe
2015-11-03 22:38:03,972 INFO  nl.rdj.Greeter  - Hello
2015-11-03 22:38:03,972 INFO  nl.rdj.GreetPrinter  - hello, typesafe
2015-11-03 22:38:04,972 INFO  nl.rdj.Greeter  - Hello
2015-11-03 22:38:04,972 INFO  nl.rdj.GreetPrinter  - hello, typesafe
2015-11-03 22:38:05,971 INFO  nl.rdj.Greeter  - Hello
2015-11-03 22:38:05,971 INFO  nl.rdj.GreetPrinter  - hello, typesafe
2015-11-03 22:38:06,973 INFO  nl.rdj.Greeter  - Hello
2015-11-03 22:38:06,974 INFO  nl.rdj.GreetPrinter  - hello, typesafe
2015-11-03 22:38:07,971 INFO  nl.rdj.Greeter  - Hello
2015-11-03 22:38:07,972 INFO  nl.rdj.GreetPrinter  - hello, typesafe
2015-11-03 22:38:08,972 INFO  nl.rdj.Greeter  - Hello
2015-11-03 22:38:08,972 INFO  nl.rdj.GreetPrinter  - hello, typesafe
2015-11-03 22:38:09,972 INFO  nl.rdj.Greeter  - Hello
2015-11-03 22:38:09,972 INFO  nl.rdj.GreetPrinter  - hello, typesafe
2015-11-03 22:38:10,972 INFO  nl.rdj.Greeter  - Hello
2015-11-03 22:38:10,972 INFO  nl.rdj.GreetPrinter  - hello, typesafe
2015-11-03 22:38:11,971 INFO  nl.rdj.Greeter  - Hello
2015-11-03 22:38:11,972 INFO  nl.rdj.GreetPrinter  - hello, typesafe
2015-11-03 22:38:12,973 INFO  nl.rdj.Greeter  - Hello
2015-11-03 22:38:12,973 INFO  nl.rdj.GreetPrinter  - hello, typesafe
2015-11-03 22:38:13,972 INFO  nl.rdj.Greeter  - Hello
2015-11-03 22:38:13,973 INFO  nl.rdj.GreetPrinter  - hello, typesafe
2015-11-03 22:38:14,972 INFO  nl.rdj.Greeter  - Hello
2015-11-03 22:38:14,972 INFO  nl.rdj.GreetPrinter  - hello, typesafe
2015-11-03 22:38:15,971 INFO  nl.rdj.Greeter  - Hello
2015-11-03 22:38:15,971 INFO  nl.rdj.GreetPrinter  - hello, typesafe
2015-11-03 22:38:16,974 INFO  nl.rdj.Greeter  - Hello
2015-11-03 22:38:16,974 INFO  nl.rdj.GreetPrinter  - hello, typesafe
2015-11-03 22:38:17,962 INFO  nl.rdj.Greeter  - Hello
2015-11-03 22:38:17,962 INFO  nl.rdj.GreetPrinter  - hello, typesafe
2015-11-03 22:38:18,972 INFO  nl.rdj.Greeter  - Hello
2015-11-03 22:38:18,973 INFO  nl.rdj.GreetPrinter  - hello, typesafe
2015-11-03 22:38:19,962 INFO  nl.rdj.Greeter  - Hello
2015-11-03 22:38:19,962 INFO  nl.rdj.GreetPrinter  - hello, typesafe
2015-11-03 22:38:20,972 INFO  nl.rdj.Greeter  - Hello
2015-11-03 22:38:20,972 INFO  nl.rdj.GreetPrinter  - hello, typesafe
2015-11-03 22:38:21,972 INFO  nl.rdj.Greeter  - Hello
2015-11-03 22:38:21,972 INFO  nl.rdj.GreetPrinter  - hello, typesafe
2015-11-03 22:38:22,972 INFO  nl.rdj.Greeter  - Hello
2015-11-03 22:38:22,972 INFO  nl.rdj.GreetPrinter  - hello, typesafe
2015-11-03 22:38:23,972 INFO  nl.rdj.Greeter  - Hello
2015-11-03 22:38:23,973 INFO  nl.rdj.GreetPrinter  - hello, typesafe
2015-11-03 22:38:24,972 INFO  nl.rdj.Greeter  - Hello
2015-11-03 22:38:24,972 INFO  nl.rdj.GreetPrinter  - hello, typesafe
2015-11-03 22:38:25,973 INFO  nl.rdj.Greeter  - Hello
2015-11-03 22:38:25,973 INFO  nl.rdj.GreetPrinter  - hello, typesafe
2015-11-03 22:38:26,971 INFO  nl.rdj.Greeter  - Hello
2015-11-03 22:38:26,972 INFO  nl.rdj.GreetPrinter  - hello, typesafe
2015-11-03 22:38:27,972 INFO  nl.rdj.Greeter  - Hello
2015-11-03 22:38:27,972 INFO  nl.rdj.GreetPrinter  - hello, typesafe
2015-11-03 22:38:28,973 INFO  nl.rdj.Greeter  - Hello
2015-11-03 22:38:28,973 INFO  nl.rdj.GreetPrinter  - hello, typesafe
2015-11-03 22:38:29,973 INFO  nl.rdj.Greeter  - Hello
2015-11-03 22:38:29,973 INFO  nl.rdj.GreetPrinter  - hello, typesafe
2015-11-03 22:38:30,972 INFO  nl.rdj.Greeter  - Hello
2015-11-03 22:38:30,972 INFO  nl.rdj.GreetPrinter  - hello, typesafe
2015-11-03 22:38:31,972 INFO  nl.rdj.Greeter  - Hello
2015-11-03 22:38:31,972 INFO  nl.rdj.GreetPrinter  - hello, typesafe
2015-11-03 22:38:32,971 INFO  nl.rdj.Greeter  - Hello
2015-11-03 22:38:32,971 INFO  nl.rdj.GreetPrinter  - hello, typesafe
2015-11-03 22:38:33,971 INFO  nl.rdj.Greeter  - Hello
2015-11-03 22:38:33,971 INFO  nl.rdj.GreetPrinter  - hello, typesafe
2015-11-03 22:38:34,974 INFO  nl.rdj.Greeter  - Hello
2015-11-03 22:38:34,974 INFO  nl.rdj.GreetPrinter  - hello, typesafe
2015-11-03 22:38:35,972 INFO  nl.rdj.Greeter  - Hello
2015-11-03 22:38:35,972 INFO  nl.rdj.GreetPrinter  - hello, typesafe
2015-11-03 22:38:36,971 INFO  nl.rdj.Greeter  - Hello
2015-11-03 22:38:36,971 INFO  nl.rdj.GreetPrinter  - hello, typesafe
2015-11-03 22:38:37,972 INFO  nl.rdj.Greeter  - Hello
2015-11-03 22:38:37,973 INFO  nl.rdj.GreetPrinter  - hello, typesafe
2015-11-03 22:38:38,961 INFO  nl.rdj.Greeter  - Hello
2015-11-03 22:38:38,962 INFO  nl.rdj.GreetPrinter  - hello, typesafe
2015-11-03 22:38:39,971 INFO  nl.rdj.Greeter  - Hello
2015-11-03 22:38:39,972 INFO  nl.rdj.GreetPrinter  - hello, typesafe
2015-11-03 22:38:40,961 INFO  nl.rdj.Greeter  - Hello
2015-11-03 22:38:40,961 INFO  nl.rdj.GreetPrinter  - hello, typesafe
2015-11-03 22:38:41,972 INFO  nl.rdj.Greeter  - Hello
2015-11-03 22:38:41,972 INFO  nl.rdj.GreetPrinter  - hello, typesafe
2015-11-03 22:38:42,972 INFO  nl.rdj.Greeter  - Hello
2015-11-03 22:38:42,972 INFO  nl.rdj.GreetPrinter  - hello, typesafe
2015-11-03 22:38:43,972 INFO  nl.rdj.Greeter  - Hello
2015-11-03 22:38:43,972 INFO  nl.rdj.GreetPrinter  - hello, typesafe
2015-11-03 22:38:44,972 INFO  nl.rdj.Greeter  - Hello
2015-11-03 22:38:44,972 INFO  nl.rdj.GreetPrinter  - hello, typesafe
2015-11-03 22:38:45,973 INFO  nl.rdj.Greeter  - Hello
2015-11-03 22:38:45,973 INFO  nl.rdj.GreetPrinter  - hello, typesafe
2015-11-03 22:38:46,972 INFO  nl.rdj.Greeter  - Hello
2015-11-03 22:38:46,973 INFO  nl.rdj.GreetPrinter  - hello, typesafe
2015-11-03 22:38:47,971 INFO  nl.rdj.Greeter  - Hello
2015-11-03 22:38:47,971 INFO  nl.rdj.GreetPrinter  - hello, typesafe
2015-11-03 22:38:48,971 INFO  nl.rdj.Greeter  - Hello
2015-11-03 22:38:48,971 INFO  nl.rdj.GreetPrinter  - hello, typesafe
2015-11-03 22:38:49,972 INFO  nl.rdj.Greeter  - Hello
2015-11-03 22:38:49,972 INFO  nl.rdj.GreetPrinter  - hello, typesafe
2015-11-03 22:38:50,972 INFO  nl.rdj.Greeter  - Hello
2015-11-03 22:38:50,972 INFO  nl.rdj.GreetPrinter  - hello, typesafe
2015-11-03 22:38:51,972 INFO  nl.rdj.Greeter  - Hello
2015-11-03 22:38:51,975 INFO  nl.rdj.GreetPrinter  - hello, typesafe
2015-11-03 22:38:52,962 INFO  nl.rdj.Greeter  - Hello
2015-11-03 22:38:52,962 INFO  nl.rdj.GreetPrinter  - hello, typesafe
2015-11-03 22:38:53,961 INFO  nl.rdj.Greeter  - Hello
2015-11-03 22:38:53,964 INFO  nl.rdj.GreetPrinter  - hello, typesafe
2015-11-03 22:38:54,962 INFO  nl.rdj.Greeter  - Hello
2015-11-03 22:38:54,963 INFO  nl.rdj.GreetPrinter  - hello, typesafe
2015-11-03 22:38:55,973 INFO  nl.rdj.Greeter  - Hello
2015-11-03 22:38:55,974 INFO  nl.rdj.GreetPrinter  - hello, typesafe
2015-11-03 22:38:56,974 INFO  nl.rdj.Greeter  - Hello
2015-11-03 22:38:56,975 INFO  nl.rdj.GreetPrinter  - hello, typesafe
2015-11-03 22:38:57,973 INFO  nl.rdj.Greeter  - Hello
2015-11-03 22:38:57,973 INFO  nl.rdj.GreetPrinter  - hello, typesafe
2015-11-03 22:38:58,973 INFO  nl.rdj.Greeter  - Hello
2015-11-03 22:38:58,973 INFO  nl.rdj.GreetPrinter  - hello, typesafe
2015-11-03 22:38:59,973 INFO  nl.rdj.Greeter  - Hello
2015-11-03 22:38:59,973 INFO  nl.rdj.GreetPrinter  - hello, typesafe
2015-11-03 22:39:00,971 INFO  nl.rdj.Greeter  - Hello
2015-11-03 22:39:00,972 INFO  nl.rdj.GreetPrinter  - hello, typesafe
2015-11-03 22:41:50,047 INFO  nl.rdj.Greeter  - Hello
2015-11-03 22:41:50,048 INFO  nl.rdj.GreetPrinter  - hello, typesafe
2015-11-03 22:41:51,046 INFO  nl.rdj.Greeter  - Hello
2015-11-03 22:41:51,047 INFO  nl.rdj.GreetPrinter  - hello, typesafe
2015-11-03 22:41:52,045 INFO  nl.rdj.Greeter  - Hello
2015-11-03 22:41:52,046 INFO  nl.rdj.GreetPrinter  - hello, typesafe
2015-11-03 22:41:53,046 INFO  nl.rdj.Greeter  - Hello
2015-11-03 22:41:53,047 INFO  nl.rdj.GreetPrinter  - hello, typesafe
2015-11-03 22:41:54,045 INFO  nl.rdj.Greeter  - Hello
2015-11-03 22:41:54,045 INFO  nl.rdj.GreetPrinter  - hello, typesafe
2015-11-03 22:41:55,035 INFO  nl.rdj.Greeter  - Hello
2015-11-03 22:41:55,036 INFO  nl.rdj.GreetPrinter  - hello, typesafe
2015-11-03 22:41:56,046 INFO  nl.rdj.Greeter  - Hello
2015-11-03 22:41:56,046 INFO  nl.rdj.GreetPrinter  - hello, typesafe
2015-11-03 22:41:57,035 INFO  nl.rdj.Greeter  - Hello
2015-11-03 22:41:57,036 INFO  nl.rdj.GreetPrinter  - hello, typesafe
2015-11-03 22:41:58,036 INFO  nl.rdj.Greeter  - Hello
2015-11-03 22:41:58,036 INFO  nl.rdj.GreetPrinter  - hello, typesafe
2015-11-03 22:41:59,048 INFO  nl.rdj.Greeter  - Hello
2015-11-03 22:41:59,048 INFO  nl.rdj.GreetPrinter  - hello, typesafe
2015-11-03 22:42:00,046 INFO  nl.rdj.Greeter  - Hello
2015-11-03 22:42:00,047 INFO  nl.rdj.GreetPrinter  - hello, typesafe
2015-11-03 22:42:01,046 INFO  nl.rdj.Greeter  - Hello
2015-11-03 22:42:01,046 INFO  nl.rdj.GreetPrinter  - hello, typesafe
2015-11-03 22:42:02,047 INFO  nl.rdj.Greeter  - Hello
2015-11-03 22:42:02,047 INFO  nl.rdj.GreetPrinter  - hello, typesafe
2015-11-03 22:42:03,045 INFO  nl.rdj.Greeter  - Hello
2015-11-03 22:42:03,046 INFO  nl.rdj.GreetPrinter  - hello, typesafe
2015-11-03 22:42:04,047 INFO  nl.rdj.Greeter  - Hello
2015-11-03 22:42:04,047 INFO  nl.rdj.GreetPrinter  - hello, typesafe
2015-11-03 22:42:05,045 INFO  nl.rdj.Greeter  - Hello
2015-11-03 22:42:05,045 INFO  nl.rdj.GreetPrinter  - hello, typesafe
2015-11-03 22:42:06,045 INFO  nl.rdj.Greeter  - Hello
2015-11-03 22:42:06,045 INFO  nl.rdj.GreetPrinter  - hello, typesafe
2015-11-03 22:42:07,045 INFO  nl.rdj.Greeter  - Hello
2015-11-03 22:42:07,045 INFO  nl.rdj.GreetPrinter  - hello, typesafe
2015-11-03 22:42:08,045 INFO  nl.rdj.Greeter  - Hello
2015-11-03 22:42:08,045 INFO  nl.rdj.GreetPrinter  - hello, typesafe
2015-11-03 22:42:09,046 INFO  nl.rdj.Greeter  - Hello
2015-11-03 22:42:09,046 INFO  nl.rdj.GreetPrinter  - hello, typesafe
2015-11-03 22:42:10,050 INFO  nl.rdj.Greeter  - Hello
2015-11-03 22:42:10,050 INFO  nl.rdj.GreetPrinter  - hello, typesafe
2015-11-03 22:42:11,047 INFO  nl.rdj.Greeter  - Hello
2015-11-03 22:42:11,048 INFO  nl.rdj.GreetPrinter  - hello, typesafe
2015-11-03 22:42:12,047 INFO  nl.rdj.Greeter  - Hello
2015-11-03 22:42:12,047 INFO  nl.rdj.GreetPrinter  - hello, typesafe
2015-11-03 22:42:13,045 INFO  nl.rdj.Greeter  - Hello
2015-11-03 22:42:13,045 INFO  nl.rdj.GreetPrinter  - hello, typesafe
2015-11-03 22:42:14,049 INFO  nl.rdj.Greeter  - Hello
2015-11-03 22:42:14,050 INFO  nl.rdj.GreetPrinter  - hello, typesafe
2015-11-03 22:42:15,035 INFO  nl.rdj.Greeter  - Hello
2015-11-03 22:42:15,035 INFO  nl.rdj.GreetPrinter  - hello, typesafe
2015-11-03 22:42:16,045 INFO  nl.rdj.Greeter  - Hello
2015-11-03 22:42:16,046 INFO  nl.rdj.GreetPrinter  - hello, typesafe
2015-11-03 22:42:17,046 INFO  nl.rdj.Greeter  - Hello
2015-11-03 22:42:17,046 INFO  nl.rdj.GreetPrinter  - hello, typesafe
2015-11-03 22:42:18,045 INFO  nl.rdj.Greeter  - Hello
2015-11-03 22:42:18,046 INFO  nl.rdj.GreetPrinter  - hello, typesafe
2015-11-03 22:42:19,045 INFO  nl.rdj.Greeter  - Hello
2015-11-03 22:42:19,045 INFO  nl.rdj.GreetPrinter  - hello, typesafe
2015-11-03 22:42:20,045 INFO  nl.rdj.Greeter  - Hello
2015-11-03 22:42:20,045 INFO  nl.rdj.GreetPrinter  - hello, typesafe
2015-11-03 22:42:21,046 INFO  nl.rdj.Greeter  - Hello
2015-11-03 22:42:21,046 INFO  nl.rdj.GreetPrinter  - hello, typesafe
2015-11-03 22:42:22,046 INFO  nl.rdj.Greeter  - Hello
2015-11-03 22:42:22,046 INFO  nl.rdj.GreetPrinter  - hello, typesafe
2015-11-03 22:42:23,046 INFO  nl.rdj.Greeter  - Hello
2015-11-03 22:42:23,046 INFO  nl.rdj.GreetPrinter  - hello, typesafe
2015-11-03 22:42:24,046 INFO  nl.rdj.Greeter  - Hello
2015-11-03 22:42:24,046 INFO  nl.rdj.GreetPrinter  - hello, typesafe
2015-11-03 22:42:25,048 INFO  nl.rdj.Greeter  - Hello
2015-11-03 22:42:25,048 INFO  nl.rdj.GreetPrinter  - hello, typesafe
2015-11-03 22:42:26,045 INFO  nl.rdj.Greeter  - Hello
2015-11-03 22:42:26,045 INFO  nl.rdj.GreetPrinter  - hello, typesafe
2015-11-03 22:42:27,047 INFO  nl.rdj.Greeter  - Hello
2015-11-03 22:42:27,047 INFO  nl.rdj.GreetPrinter  - hello, typesafe
2015-11-03 22:42:28,045 INFO  nl.rdj.Greeter  - Hello
2015-11-03 22:42:28,045 INFO  nl.rdj.GreetPrinter  - hello, typesafe
2015-11-03 22:42:29,045 INFO  nl.rdj.Greeter  - Hello
2015-11-03 22:42:29,045 INFO  nl.rdj.GreetPrinter  - hello, typesafe
2015-11-03 22:42:30,045 INFO  nl.rdj.Greeter  - Hello
2015-11-03 22:42:30,045 INFO  nl.rdj.GreetPrinter  - hello, typesafe
2015-11-03 22:42:31,044 INFO  nl.rdj.Greeter  - Hello
2015-11-03 22:42:31,044 INFO  nl.rdj.GreetPrinter  - hello, typesafe
2015-11-03 22:42:32,045 INFO  nl.rdj.Greeter  - Hello
2015-11-03 22:42:32,046 INFO  nl.rdj.GreetPrinter  - hello, typesafe
2015-11-03 22:42:33,045 INFO  nl.rdj.Greeter  - Hello
2015-11-03 22:42:33,045 INFO  nl.rdj.GreetPrinter  - hello, typesafe
2015-11-03 22:42:34,045 INFO  nl.rdj.Greeter  - Hello
2015-11-03 22:42:34,045 INFO  nl.rdj.GreetPrinter  - hello, typesafe
2015-11-03 22:42:35,045 INFO  nl.rdj.Greeter  - Hello
2015-11-03 22:42:35,045 INFO  nl.rdj.GreetPrinter  - hello, typesafe
2015-11-03 22:42:36,046 INFO  nl.rdj.Greeter  - Hello
2015-11-03 22:42:36,047 INFO  nl.rdj.GreetPrinter  - hello, typesafe
2015-11-03 22:42:37,045 INFO  nl.rdj.Greeter  - Hello
2015-11-03 22:42:37,045 INFO  nl.rdj.GreetPrinter  - hello, typesafe
2015-11-03 22:42:38,045 INFO  nl.rdj.Greeter  - Hello
2015-11-03 22:42:38,045 INFO  nl.rdj.GreetPrinter  - hello, typesafe
2015-11-03 22:42:39,045 INFO  nl.rdj.Greeter  - Hello
2015-11-03 22:42:39,045 INFO  nl.rdj.GreetPrinter  - hello, typesafe
2015-11-03 22:42:40,047 INFO  nl.rdj.Greeter  - Hello
2015-11-03 22:42:40,047 INFO  nl.rdj.GreetPrinter  - hello, typesafe
2015-11-03 22:42:41,045 INFO  nl.rdj.Greeter  - Hello
2015-11-03 22:42:41,045 INFO  nl.rdj.GreetPrinter  - hello, typesafe
2015-11-03 22:42:42,046 INFO  nl.rdj.Greeter  - Hello
2015-11-03 22:42:42,047 INFO  nl.rdj.GreetPrinter  - hello, typesafe
2015-11-03 22:42:43,046 INFO  nl.rdj.Greeter  - Hello
2015-11-03 22:42:43,047 INFO  nl.rdj.GreetPrinter  - hello, typesafe
2015-11-03 22:42:44,047 INFO  nl.rdj.Greeter  - Hello
2015-11-03 22:42:44,047 INFO  nl.rdj.GreetPrinter  - hello, typesafe
2015-11-03 22:42:45,045 INFO  nl.rdj.Greeter  - Hello
2015-11-03 22:42:45,045 INFO  nl.rdj.GreetPrinter  - hello, typesafe
2015-11-03 22:42:46,051 INFO  nl.rdj.Greeter  - Hello
2015-11-03 22:42:46,052 INFO  nl.rdj.GreetPrinter  - hello, typesafe
2015-11-03 22:42:47,045 INFO  nl.rdj.Greeter  - Hello
2015-11-03 22:42:47,045 INFO  nl.rdj.GreetPrinter  - hello, typesafe
2015-11-03 22:42:48,046 INFO  nl.rdj.Greeter  - Hello
2015-11-03 22:42:48,046 INFO  nl.rdj.GreetPrinter  - hello, typesafe
2015-11-03 22:42:49,045 INFO  nl.rdj.Greeter  - Hello
2015-11-03 22:42:49,045 INFO  nl.rdj.GreetPrinter  - hello, typesafe
2015-11-03 22:42:50,046 INFO  nl.rdj.Greeter  - Hello
2015-11-03 22:42:50,047 INFO  nl.rdj.GreetPrinter  - hello, typesafe
2015-11-03 22:42:51,046 INFO  nl.rdj.Greeter  - Hello
2015-11-03 22:42:51,046 INFO  nl.rdj.GreetPrinter  - hello, typesafe
2015-11-03 22:42:52,045 INFO  nl.rdj.Greeter  - Hello
2015-11-03 22:42:52,045 INFO  nl.rdj.GreetPrinter  - hello, typesafe
2015-11-03 22:42:53,045 INFO  nl.rdj.Greeter  - Hello
2015-11-03 22:42:53,045 INFO  nl.rdj.GreetPrinter  - hello, typesafe
2015-11-03 22:42:54,045 INFO  nl.rdj.Greeter  - Hello
2015-11-03 22:42:54,046 INFO  nl.rdj.GreetPrinter  - hello, typesafe
2015-11-03 22:42:55,045 INFO  nl.rdj.Greeter  - Hello
2015-11-03 22:42:55,046 INFO  nl.rdj.GreetPrinter  - hello, typesafe
2015-11-03 22:42:56,037 INFO  nl.rdj.Greeter  - Hello
2015-11-03 22:42:56,037 INFO  nl.rdj.GreetPrinter  - hello, typesafe
2015-11-03 22:42:57,036 INFO  nl.rdj.Greeter  - Hello
2015-11-03 22:42:57,036 INFO  nl.rdj.GreetPrinter  - hello, typesafe
2015-11-03 22:42:58,035 INFO  nl.rdj.Greeter  - Hello
2015-11-03 22:42:58,036 INFO  nl.rdj.GreetPrinter  - hello, typesafe
2015-11-03 22:42:59,035 INFO  nl.rdj.Greeter  - Hello
2015-11-03 22:42:59,035 INFO  nl.rdj.GreetPrinter  - hello, typesafe
2015-11-03 22:43:00,035 INFO  nl.rdj.Greeter  - Hello
2015-11-03 22:43:00,035 INFO  nl.rdj.GreetPrinter  - hello, typesafe
2015-11-03 22:43:01,035 INFO  nl.rdj.Greeter  - Hello
2015-11-03 22:43:01,036 INFO  nl.rdj.GreetPrinter  - hello, typesafe
2015-11-03 22:43:02,037 INFO  nl.rdj.Greeter  - Hello
2015-11-03 22:43:02,037 INFO  nl.rdj.GreetPrinter  - hello, typesafe
2015-11-03 22:43:03,036 INFO  nl.rdj.Greeter  - Hello
2015-11-03 22:43:03,036 INFO  nl.rdj.GreetPrinter  - hello, typesafe
2015-11-03 22:43:04,035 INFO  nl.rdj.Greeter  - Hello
2015-11-03 22:43:04,035 INFO  nl.rdj.GreetPrinter  - hello, typesafe
2015-11-03 22:43:05,035 INFO  nl.rdj.Greeter  - Hello
2015-11-03 22:43:05,035 INFO  nl.rdj.GreetPrinter  - hello, typesafe
2015-11-03 22:43:06,035 INFO  nl.rdj.Greeter  - Hello
2015-11-03 22:43:06,035 INFO  nl.rdj.GreetPrinter  - hello, typesafe
2015-11-03 22:43:07,034 INFO  nl.rdj.Greeter  - Hello
2015-11-03 22:43:07,035 INFO  nl.rdj.GreetPrinter  - hello, typesafe
2015-11-03 22:43:08,034 INFO  nl.rdj.Greeter  - Hello
2015-11-03 22:43:08,035 INFO  nl.rdj.GreetPrinter  - hello, typesafe
2015-11-03 22:43:09,036 INFO  nl.rdj.Greeter  - Hello
2015-11-03 22:43:09,036 INFO  nl.rdj.GreetPrinter  - hello, typesafe
2015-11-03 22:43:10,037 INFO  nl.rdj.Greeter  - Hello
2015-11-03 22:43:10,037 INFO  nl.rdj.GreetPrinter  - hello, typesafe
2015-11-03 22:43:11,036 INFO  nl.rdj.Greeter  - Hello
2015-11-03 22:43:11,036 INFO  nl.rdj.GreetPrinter  - hello, typesafe
2015-11-03 22:43:12,046 INFO  nl.rdj.Greeter  - Hello
2015-11-03 22:43:12,046 INFO  nl.rdj.GreetPrinter  - hello, typesafe
2015-11-03 22:43:13,045 INFO  nl.rdj.Greeter  - Hello
2015-11-03 22:43:13,045 INFO  nl.rdj.GreetPrinter  - hello, typesafe
2015-11-03 22:43:14,045 INFO  nl.rdj.Greeter  - Hello
2015-11-03 22:43:14,045 INFO  nl.rdj.GreetPrinter  - hello, typesafe
2015-11-03 22:43:15,046 INFO  nl.rdj.Greeter  - Hello
2015-11-03 22:43:15,047 INFO  nl.rdj.GreetPrinter  - hello, typesafe
2015-11-03 22:43:16,046 INFO  nl.rdj.Greeter  - Hello
2015-11-03 22:43:16,047 INFO  nl.rdj.GreetPrinter  - hello, typesafe
2015-11-03 22:43:17,045 INFO  nl.rdj.Greeter  - Hello
2015-11-03 22:43:17,045 INFO  nl.rdj.GreetPrinter  - hello, typesafe
2015-11-03 22:43:18,049 INFO  nl.rdj.Greeter  - Hello
2015-11-03 22:43:18,049 INFO  nl.rdj.GreetPrinter  - hello, typesafe
2015-11-03 22:43:19,045 INFO  nl.rdj.Greeter  - Hello
2015-11-03 22:43:19,045 INFO  nl.rdj.GreetPrinter  - hello, typesafe
2015-11-03 22:43:20,045 INFO  nl.rdj.Greeter  - Hello
2015-11-03 22:43:20,045 INFO  nl.rdj.GreetPrinter  - hello, typesafe
2015-11-03 22:43:21,045 INFO  nl.rdj.Greeter  - Hello
2015-11-03 22:43:21,045 INFO  nl.rdj.GreetPrinter  - hello, typesafe
2015-11-03 22:43:22,044 INFO  nl.rdj.Greeter  - Hello
2015-11-03 22:43:22,044 INFO  nl.rdj.GreetPrinter  - hello, typesafe
2015-11-03 22:43:23,044 INFO  nl.rdj.Greeter  - Hello
2015-11-03 22:43:23,044 INFO  nl.rdj.GreetPrinter  - hello, typesafe
2015-11-03 22:43:24,051 INFO  nl.rdj.Greeter  - Hello
2015-11-03 22:43:24,051 INFO  nl.rdj.GreetPrinter  - hello, typesafe
2015-11-03 22:43:25,048 INFO  nl.rdj.Greeter  - Hello
2015-11-03 22:43:25,048 INFO  nl.rdj.GreetPrinter  - hello, typesafe
2015-11-03 22:43:26,045 INFO  nl.rdj.Greeter  - Hello
2015-11-03 22:43:26,045 INFO  nl.rdj.GreetPrinter  - hello, typesafe
2015-11-03 22:43:27,046 INFO  nl.rdj.Greeter  - Hello
2015-11-03 22:43:27,046 INFO  nl.rdj.GreetPrinter  - hello, typesafe
2015-11-03 22:43:28,046 INFO  nl.rdj.Greeter  - Hello
2015-11-03 22:43:28,047 INFO  nl.rdj.GreetPrinter  - hello, typesafe
2015-11-03 22:43:29,046 INFO  nl.rdj.Greeter  - Hello
2015-11-03 22:43:29,047 INFO  nl.rdj.GreetPrinter  - hello, typesafe
2015-11-03 22:43:30,050 INFO  nl.rdj.Greeter  - Hello
2015-11-03 22:43:30,050 INFO  nl.rdj.GreetPrinter  - hello, typesafe
2015-11-03 22:43:31,045 INFO  nl.rdj.Greeter  - Hello
2015-11-03 22:43:31,045 INFO  nl.rdj.GreetPrinter  - hello, typesafe
2015-11-03 22:43:32,045 INFO  nl.rdj.Greeter  - Hello
2015-11-03 22:43:32,046 INFO  nl.rdj.GreetPrinter  - hello, typesafe
2015-11-03 22:43:33,047 INFO  nl.rdj.Greeter  - Hello
2015-11-03 22:43:33,047 INFO  nl.rdj.GreetPrinter  - hello, typesafe
2015-11-03 22:43:34,046 INFO  nl.rdj.Greeter  - Hello
2015-11-03 22:43:34,046 INFO  nl.rdj.GreetPrinter  - hello, typesafe
2015-11-03 22:43:35,048 INFO  nl.rdj.Greeter  - Hello
2015-11-03 22:43:35,049 INFO  nl.rdj.GreetPrinter  - hello, typesafe
2015-11-03 22:43:36,044 INFO  nl.rdj.Greeter  - Hello
2015-11-03 22:43:36,044 INFO  nl.rdj.GreetPrinter  - hello, typesafe
2015-11-03 22:43:37,047 INFO  nl.rdj.Greeter  - Hello
2015-11-03 22:43:37,047 INFO  nl.rdj.GreetPrinter  - hello, typesafe
2015-11-03 22:43:38,045 INFO  nl.rdj.Greeter  - Hello
2015-11-03 22:43:38,045 INFO  nl.rdj.GreetPrinter  - hello, typesafe
2015-11-03 22:43:39,044 INFO  nl.rdj.Greeter  - Hello
2015-11-03 22:43:39,045 INFO  nl.rdj.GreetPrinter  - hello, typesafe
2015-11-03 22:43:40,036 INFO  nl.rdj.Greeter  - Hello
2015-11-03 22:43:40,036 INFO  nl.rdj.GreetPrinter  - hello, typesafe
2015-11-03 22:43:41,045 INFO  nl.rdj.Greeter  - Hello
2015-11-03 22:43:41,045 INFO  nl.rdj.GreetPrinter  - hello, typesafe
2015-11-03 22:43:42,045 INFO  nl.rdj.Greeter  - Hello
2015-11-03 22:43:42,046 INFO  nl.rdj.GreetPrinter  - hello, typesafe
2015-11-03 22:43:43,036 INFO  nl.rdj.Greeter  - Hello
2015-11-03 22:43:43,036 INFO  nl.rdj.GreetPrinter  - hello, typesafe
2015-11-03 22:43:44,035 INFO  nl.rdj.Greeter  - Hello
2015-11-03 22:43:44,036 INFO  nl.rdj.GreetPrinter  - hello, typesafe
2015-11-03 22:43:45,035 INFO  nl.rdj.Greeter  - Hello
2015-11-03 22:43:45,036 INFO  nl.rdj.GreetPrinter  - hello, typesafe
2015-11-03 22:43:46,038 INFO  nl.rdj.Greeter  - Hello
2015-11-03 22:43:46,038 INFO  nl.rdj.GreetPrinter  - hello, typesafe
2015-11-03 22:43:47,035 INFO  nl.rdj.Greeter  - Hello
2015-11-03 22:43:47,035 INFO  nl.rdj.GreetPrinter  - hello, typesafe
2015-11-03 22:43:48,035 INFO  nl.rdj.Greeter  - Hello
2015-11-03 22:43:48,035 INFO  nl.rdj.GreetPrinter  - hello, typesafe
2015-11-03 22:43:49,035 INFO  nl.rdj.Greeter  - Hello
2015-11-03 22:43:49,035 INFO  nl.rdj.GreetPrinter  - hello, typesafe
2015-11-03 22:43:50,034 INFO  nl.rdj.Greeter  - Hello
2015-11-03 22:43:50,035 INFO  nl.rdj.GreetPrinter  - hello, typesafe
2015-11-03 22:43:51,046 INFO  nl.rdj.Greeter  - Hello
2015-11-03 22:43:51,046 INFO  nl.rdj.GreetPrinter  - hello, typesafe
2015-11-03 22:43:52,045 INFO  nl.rdj.Greeter  - Hello
2015-11-03 22:43:52,045 INFO  nl.rdj.GreetPrinter  - hello, typesafe
2015-11-03 22:43:53,049 INFO  nl.rdj.Greeter  - Hello
2015-11-03 22:43:53,050 INFO  nl.rdj.GreetPrinter  - hello, typesafe
2015-11-03 22:43:54,044 INFO  nl.rdj.Greeter  - Hello
2015-11-03 22:43:54,046 INFO  nl.rdj.GreetPrinter  - hello, typesafe
2015-11-03 22:43:55,044 INFO  nl.rdj.Greeter  - Hello
2015-11-03 22:43:55,045 INFO  nl.rdj.GreetPrinter  - hello, typesafe
2015-11-03 22:43:56,035 INFO  nl.rdj.Greeter  - Hello
2015-11-03 22:43:56,035 INFO  nl.rdj.GreetPrinter  - hello, typesafe
2015-11-03 22:43:57,046 INFO  nl.rdj.Greeter  - Hello
2015-11-03 22:43:57,046 INFO  nl.rdj.GreetPrinter  - hello, typesafe
2015-11-03 22:43:58,046 INFO  nl.rdj.Greeter  - Hello
2015-11-03 22:43:58,046 INFO  nl.rdj.GreetPrinter  - hello, typesafe
2015-11-03 22:43:59,045 INFO  nl.rdj.Greeter  - Hello
2015-11-03 22:43:59,045 INFO  nl.rdj.GreetPrinter  - hello, typesafe
2015-11-03 22:44:00,045 INFO  nl.rdj.Greeter  - Hello
2015-11-03 22:44:00,045 INFO  nl.rdj.GreetPrinter  - hello, typesafe
2015-11-03 22:44:01,045 INFO  nl.rdj.Greeter  - Hello
2015-11-03 22:44:01,045 INFO  nl.rdj.GreetPrinter  - hello, typesafe
2015-11-03 22:44:02,034 INFO  nl.rdj.Greeter  - Hello
2015-11-03 22:44:02,034 INFO  nl.rdj.GreetPrinter  - hello, typesafe
2015-11-03 22:44:03,035 INFO  nl.rdj.Greeter  - Hello
2015-11-03 22:44:03,035 INFO  nl.rdj.GreetPrinter  - hello, typesafe
2015-11-03 22:44:04,036 INFO  nl.rdj.Greeter  - Hello
2015-11-03 22:44:04,037 INFO  nl.rdj.GreetPrinter  - hello, typesafe
2015-11-03 22:44:05,046 INFO  nl.rdj.Greeter  - Hello
2015-11-03 22:44:05,046 INFO  nl.rdj.GreetPrinter  - hello, typesafe
2015-11-03 22:44:06,035 INFO  nl.rdj.Greeter  - Hello
2015-11-03 22:44:06,036 INFO  nl.rdj.GreetPrinter  - hello, typesafe
2015-11-03 22:44:07,045 INFO  nl.rdj.Greeter  - Hello
2015-11-03 22:44:07,046 INFO  nl.rdj.GreetPrinter  - hello, typesafe
2015-11-03 22:44:08,036 INFO  nl.rdj.Greeter  - Hello
2015-11-03 22:44:08,037 INFO  nl.rdj.GreetPrinter  - hello, typesafe
2015-11-03 22:44:09,035 INFO  nl.rdj.Greeter  - Hello
2015-11-03 22:44:09,035 INFO  nl.rdj.GreetPrinter  - hello, typesafe
2015-11-03 22:44:10,044 INFO  nl.rdj.Greeter  - Hello
2015-11-03 22:44:10,045 INFO  nl.rdj.GreetPrinter  - hello, typesafe
2015-11-03 22:44:11,045 INFO  nl.rdj.Greeter  - Hello
2015-11-03 22:44:11,046 INFO  nl.rdj.GreetPrinter  - hello, typesafe
2015-11-03 22:44:12,035 INFO  nl.rdj.Greeter  - Hello
2015-11-03 22:44:12,035 INFO  nl.rdj.GreetPrinter  - hello, typesafe
2015-11-03 22:44:13,036 INFO  nl.rdj.Greeter  - Hello
2015-11-03 22:44:13,036 INFO  nl.rdj.GreetPrinter  - hello, typesafe
2015-11-03 22:44:14,044 INFO  nl.rdj.Greeter  - Hello
2015-11-03 22:44:14,045 INFO  nl.rdj.GreetPrinter  - hello, typesafe
2015-11-03 22:44:15,035 INFO  nl.rdj.Greeter  - Hello
2015-11-03 22:44:15,035 INFO  nl.rdj.GreetPrinter  - hello, typesafe
2015-11-03 22:44:16,045 INFO  nl.rdj.Greeter  - Hello
2015-11-03 22:44:16,045 INFO  nl.rdj.GreetPrinter  - hello, typesafe
2015-11-03 22:44:17,045 INFO  nl.rdj.Greeter  - Hello
2015-11-03 22:44:17,046 INFO  nl.rdj.GreetPrinter  - hello, typesafe
2015-11-03 22:44:18,048 INFO  nl.rdj.Greeter  - Hello
2015-11-03 22:44:18,048 INFO  nl.rdj.GreetPrinter  - hello, typesafe
2015-11-03 22:44:19,045 INFO  nl.rdj.Greeter  - Hello
2015-11-03 22:44:19,045 INFO  nl.rdj.GreetPrinter  - hello, typesafe
2015-11-03 22:44:20,045 INFO  nl.rdj.Greeter  - Hello
2015-11-03 22:44:20,045 INFO  nl.rdj.GreetPrinter  - hello, typesafe
2015-11-03 22:44:21,048 INFO  nl.rdj.Greeter  - Hello
2015-11-03 22:44:21,048 INFO  nl.rdj.GreetPrinter  - hello, typesafe
2015-11-03 22:44:22,046 INFO  nl.rdj.Greeter  - Hello
2015-11-03 22:44:22,046 INFO  nl.rdj.GreetPrinter  - hello, typesafe
2015-11-03 22:44:23,046 INFO  nl.rdj.Greeter  - Hello
2015-11-03 22:44:23,046 INFO  nl.rdj.GreetPrinter  - hello, typesafe
2015-11-03 22:44:24,049 INFO  nl.rdj.Greeter  - Hello
2015-11-03 22:44:24,049 INFO  nl.rdj.GreetPrinter  - hello, typesafe
2015-11-03 22:44:25,046 INFO  nl.rdj.Greeter  - Hello
2015-11-03 22:44:25,046 INFO  nl.rdj.GreetPrinter  - hello, typesafe
2015-11-03 22:44:26,045 INFO  nl.rdj.Greeter  - Hello
2015-11-03 22:44:26,045 INFO  nl.rdj.GreetPrinter  - hello, typesafe
2015-11-03 22:44:27,044 INFO  nl.rdj.Greeter  - Hello
2015-11-03 22:44:27,045 INFO  nl.rdj.GreetPrinter  - hello, typesafe
2015-11-03 22:44:28,045 INFO  nl.rdj.Greeter  - Hello
2015-11-03 22:44:28,045 INFO  nl.rdj.GreetPrinter  - hello, typesafe
2015-11-03 22:44:29,048 INFO  nl.rdj.Greeter  - Hello
2015-11-03 22:44:29,048 INFO  nl.rdj.GreetPrinter  - hello, typesafe
2015-11-03 22:44:30,044 INFO  nl.rdj.Greeter  - Hello
2015-11-03 22:44:30,044 INFO  nl.rdj.GreetPrinter  - hello, typesafe
2015-11-03 22:44:31,045 INFO  nl.rdj.Greeter  - Hello
2015-11-03 22:44:31,045 INFO  nl.rdj.GreetPrinter  - hello, typesafe
2015-11-03 22:44:32,045 INFO  nl.rdj.Greeter  - Hello
2015-11-03 22:44:32,046 INFO  nl.rdj.GreetPrinter  - hello, typesafe
2015-11-03 22:44:33,038 INFO  nl.rdj.Greeter  - Hello
2015-11-03 22:44:33,038 INFO  nl.rdj.GreetPrinter  - hello, typesafe
2015-11-03 22:44:34,036 INFO  nl.rdj.Greeter  - Hello
2015-11-03 22:44:34,036 INFO  nl.rdj.GreetPrinter  - hello, typesafe
2015-11-03 22:44:35,035 INFO  nl.rdj.Greeter  - Hello
2015-11-03 22:44:35,035 INFO  nl.rdj.GreetPrinter  - hello, typesafe
2015-11-03 22:44:36,036 INFO  nl.rdj.Greeter  - Hello
2015-11-03 22:44:36,036 INFO  nl.rdj.GreetPrinter  - hello, typesafe
2015-11-03 22:44:37,038 INFO  nl.rdj.Greeter  - Hello
2015-11-03 22:44:37,038 INFO  nl.rdj.GreetPrinter  - hello, typesafe
2015-11-03 22:44:38,035 INFO  nl.rdj.Greeter  - Hello
2015-11-03 22:44:38,035 INFO  nl.rdj.GreetPrinter  - hello, typesafe
2015-11-03 22:44:39,045 INFO  nl.rdj.Greeter  - Hello
2015-11-03 22:44:39,045 INFO  nl.rdj.GreetPrinter  - hello, typesafe
2015-11-03 22:44:40,045 INFO  nl.rdj.Greeter  - Hello
2015-11-03 22:44:40,046 INFO  nl.rdj.GreetPrinter  - hello, typesafe
2015-11-03 22:44:41,046 INFO  nl.rdj.Greeter  - Hello
2015-11-03 22:44:41,046 INFO  nl.rdj.GreetPrinter  - hello, typesafe
2015-11-03 22:44:42,044 INFO  nl.rdj.Greeter  - Hello
2015-11-03 22:44:42,045 INFO  nl.rdj.GreetPrinter  - hello, typesafe
2015-11-03 22:44:43,048 INFO  nl.rdj.Greeter  - Hello
2015-11-03 22:44:43,055 INFO  nl.rdj.GreetPrinter  - hello, typesafe
2015-11-03 22:44:44,048 INFO  nl.rdj.Greeter  - Hello
2015-11-03 22:44:44,049 INFO  nl.rdj.GreetPrinter  - hello, typesafe
2015-11-03 22:44:45,034 INFO  nl.rdj.Greeter  - Hello
2015-11-03 22:44:45,035 INFO  nl.rdj.GreetPrinter  - hello, typesafe
2015-11-03 22:44:46,036 INFO  nl.rdj.Greeter  - Hello
2015-11-03 22:44:46,037 INFO  nl.rdj.GreetPrinter  - hello, typesafe
2015-11-03 22:44:47,045 INFO  nl.rdj.Greeter  - Hello
2015-11-03 22:44:47,045 INFO  nl.rdj.GreetPrinter  - hello, typesafe
2015-11-03 22:44:48,048 INFO  nl.rdj.Greeter  - Hello
2015-11-03 22:44:48,048 INFO  nl.rdj.GreetPrinter  - hello, typesafe
2015-11-03 22:44:49,045 INFO  nl.rdj.Greeter  - Hello
2015-11-03 22:44:49,045 INFO  nl.rdj.GreetPrinter  - hello, typesafe
2015-11-03 22:44:50,045 INFO  nl.rdj.Greeter  - Hello
2015-11-03 22:44:50,045 INFO  nl.rdj.GreetPrinter  - hello, typesafe
2015-11-03 22:44:51,047 INFO  nl.rdj.Greeter  - Hello
2015-11-03 22:44:51,047 INFO  nl.rdj.GreetPrinter  - hello, typesafe
2015-11-03 22:44:52,046 INFO  nl.rdj.Greeter  - Hello
2015-11-03 22:44:52,046 INFO  nl.rdj.GreetPrinter  - hello, typesafe
2015-11-03 22:44:53,046 INFO  nl.rdj.Greeter  - Hello
2015-11-03 22:44:53,046 INFO  nl.rdj.GreetPrinter  - hello, typesafe
2015-11-03 22:44:54,049 INFO  nl.rdj.Greeter  - Hello
2015-11-03 22:44:54,049 INFO  nl.rdj.GreetPrinter  - hello, typesafe
2015-11-03 22:44:55,046 INFO  nl.rdj.Greeter  - Hello
2015-11-03 22:44:55,046 INFO  nl.rdj.GreetPrinter  - hello, typesafe
2015-11-03 22:44:56,046 INFO  nl.rdj.Greeter  - Hello
2015-11-03 22:44:56,046 INFO  nl.rdj.GreetPrinter  - hello, typesafe
2015-11-03 22:44:57,044 INFO  nl.rdj.Greeter  - Hello
2015-11-03 22:44:57,045 INFO  nl.rdj.GreetPrinter  - hello, typesafe
2015-11-03 22:44:58,045 INFO  nl.rdj.Greeter  - Hello
2015-11-03 22:44:58,045 INFO  nl.rdj.GreetPrinter  - hello, typesafe
2015-11-03 22:44:59,045 INFO  nl.rdj.Greeter  - Hello
2015-11-03 22:44:59,046 INFO  nl.rdj.GreetPrinter  - hello, typesafe
2015-11-03 22:45:00,046 INFO  nl.rdj.Greeter  - Hello
2015-11-03 22:45:00,046 INFO  nl.rdj.GreetPrinter  - hello, typesafe
2015-11-03 22:45:01,046 INFO  nl.rdj.Greeter  - Hello
2015-11-03 22:45:01,046 INFO  nl.rdj.GreetPrinter  - hello, typesafe
2015-11-03 22:45:02,047 INFO  nl.rdj.Greeter  - Hello
2015-11-03 22:45:02,047 INFO  nl.rdj.GreetPrinter  - hello, typesafe
2015-11-03 22:45:03,045 INFO  nl.rdj.Greeter  - Hello
2015-11-03 22:45:03,045 INFO  nl.rdj.GreetPrinter  - hello, typesafe
2015-11-03 22:45:04,045 INFO  nl.rdj.Greeter  - Hello
2015-11-03 22:45:04,045 INFO  nl.rdj.GreetPrinter  - hello, typesafe
2015-11-03 22:45:05,047 INFO  nl.rdj.Greeter  - Hello
2015-11-03 22:45:05,048 INFO  nl.rdj.GreetPrinter  - hello, typesafe
2015-11-03 22:45:06,045 INFO  nl.rdj.Greeter  - Hello
2015-11-03 22:45:06,045 INFO  nl.rdj.GreetPrinter  - hello, typesafe
2015-11-03 22:45:07,036 INFO  nl.rdj.Greeter  - Hello
2015-11-03 22:45:07,036 INFO  nl.rdj.GreetPrinter  - hello, typesafe
2015-11-03 22:45:08,046 INFO  nl.rdj.Greeter  - Hello
2015-11-03 22:45:08,046 INFO  nl.rdj.GreetPrinter  - hello, typesafe
2015-11-03 22:45:09,045 INFO  nl.rdj.Greeter  - Hello
2015-11-03 22:45:09,045 INFO  nl.rdj.GreetPrinter  - hello, typesafe
2015-11-03 22:45:10,046 INFO  nl.rdj.Greeter  - Hello
2015-11-03 22:45:10,046 INFO  nl.rdj.GreetPrinter  - hello, typesafe
2015-11-03 22:45:11,045 INFO  nl.rdj.Greeter  - Hello
2015-11-03 22:45:11,045 INFO  nl.rdj.GreetPrinter  - hello, typesafe
2015-11-03 22:45:12,047 INFO  nl.rdj.Greeter  - Hello
2015-11-03 22:45:12,047 INFO  nl.rdj.GreetPrinter  - hello, typesafe
2015-11-03 22:45:13,035 INFO  nl.rdj.Greeter  - Hello
2015-11-03 22:45:13,035 INFO  nl.rdj.GreetPrinter  - hello, typesafe
2015-11-03 22:45:14,047 INFO  nl.rdj.Greeter  - Hello
2015-11-03 22:45:14,047 INFO  nl.rdj.GreetPrinter  - hello, typesafe
2015-11-03 22:45:15,036 INFO  nl.rdj.Greeter  - Hello
2015-11-03 22:45:15,036 INFO  nl.rdj.GreetPrinter  - hello, typesafe
2015-11-03 22:45:16,046 INFO  nl.rdj.Greeter  - Hello
2015-11-03 22:45:16,046 INFO  nl.rdj.GreetPrinter  - hello, typesafe
2015-11-03 22:45:17,045 INFO  nl.rdj.Greeter  - Hello
2015-11-03 22:45:17,045 INFO  nl.rdj.GreetPrinter  - hello, typesafe
2015-11-03 22:45:18,044 INFO  nl.rdj.Greeter  - Hello
2015-11-03 22:45:18,044 INFO  nl.rdj.GreetPrinter  - hello, typesafe
2015-11-03 22:45:19,034 INFO  nl.rdj.Greeter  - Hello
2015-11-03 22:45:19,034 INFO  nl.rdj.GreetPrinter  - hello, typesafe
2015-11-03 22:45:20,046 INFO  nl.rdj.Greeter  - Hello
2015-11-03 22:45:20,046 INFO  nl.rdj.GreetPrinter  - hello, typesafe
2015-11-03 22:45:21,037 INFO  nl.rdj.Greeter  - Hello
2015-11-03 22:45:21,037 INFO  nl.rdj.GreetPrinter  - hello, typesafe
2015-11-03 22:45:22,046 INFO  nl.rdj.Greeter  - Hello
2015-11-03 22:45:22,046 INFO  nl.rdj.GreetPrinter  - hello, typesafe
2015-11-03 22:45:23,035 INFO  nl.rdj.Greeter  - Hello
2015-11-03 22:45:23,035 INFO  nl.rdj.GreetPrinter  - hello, typesafe
2015-11-03 22:45:24,037 INFO  nl.rdj.Greeter  - Hello
2015-11-03 22:45:24,037 INFO  nl.rdj.GreetPrinter  - hello, typesafe
2015-11-03 22:45:25,036 INFO  nl.rdj.Greeter  - Hello
2015-11-03 22:45:25,037 INFO  nl.rdj.GreetPrinter  - hello, typesafe
2015-11-03 22:45:26,043 INFO  nl.rdj.Greeter  - Hello
2015-11-03 22:45:26,043 INFO  nl.rdj.GreetPrinter  - hello, typesafe
2015-11-03 22:45:27,036 INFO  nl.rdj.Greeter  - Hello
2015-11-03 22:45:27,036 INFO  nl.rdj.GreetPrinter  - hello, typesafe
2015-11-03 22:45:28,037 INFO  nl.rdj.Greeter  - Hello
2015-11-03 22:45:28,037 INFO  nl.rdj.GreetPrinter  - hello, typesafe
2015-11-03 22:45:29,035 INFO  nl.rdj.Greeter  - Hello
2015-11-03 22:45:29,035 INFO  nl.rdj.GreetPrinter  - hello, typesafe
2015-11-03 22:45:30,037 INFO  nl.rdj.Greeter  - Hello
2015-11-03 22:45:30,037 INFO  nl.rdj.GreetPrinter  - hello, typesafe
2015-11-03 22:45:31,034 INFO  nl.rdj.Greeter  - Hello
2015-11-03 22:45:31,034 INFO  nl.rdj.GreetPrinter  - hello, typesafe
2015-11-03 22:45:32,035 INFO  nl.rdj.Greeter  - Hello
2015-11-03 22:45:32,053 INFO  nl.rdj.GreetPrinter  - hello, typesafe
2015-11-03 22:45:33,036 INFO  nl.rdj.Greeter  - Hello
2015-11-03 22:45:33,037 INFO  nl.rdj.GreetPrinter  - hello, typesafe
2015-11-03 22:45:34,035 INFO  nl.rdj.Greeter  - Hello
2015-11-03 22:45:34,035 INFO  nl.rdj.GreetPrinter  - hello, typesafe
2015-11-03 22:45:35,035 INFO  nl.rdj.Greeter  - Hello
2015-11-03 22:45:35,035 INFO  nl.rdj.GreetPrinter  - hello, typesafe
2015-11-03 22:45:36,034 INFO  nl.rdj.Greeter  - Hello
2015-11-03 22:45:36,035 INFO  nl.rdj.GreetPrinter  - hello, typesafe
2015-11-03 22:45:37,041 INFO  nl.rdj.Greeter  - Hello
2015-11-03 22:45:37,041 INFO  nl.rdj.GreetPrinter  - hello, typesafe
2015-11-03 22:45:38,036 INFO  nl.rdj.Greeter  - Hello
2015-11-03 22:45:38,037 INFO  nl.rdj.GreetPrinter  - hello, typesafe
2015-11-03 22:45:39,036 INFO  nl.rdj.Greeter  - Hello
2015-11-03 22:45:39,037 INFO  nl.rdj.GreetPrinter  - hello, typesafe
2015-11-03 22:45:40,037 INFO  nl.rdj.Greeter  - Hello
2015-11-03 22:45:40,037 INFO  nl.rdj.GreetPrinter  - hello, typesafe
2015-11-03 22:45:41,034 INFO  nl.rdj.Greeter  - Hello
2015-11-03 22:45:41,035 INFO  nl.rdj.GreetPrinter  - hello, typesafe
2015-11-03 22:45:42,036 INFO  nl.rdj.Greeter  - Hello
2015-11-03 22:45:42,036 INFO  nl.rdj.GreetPrinter  - hello, typesafe
2015-11-03 22:45:43,038 INFO  nl.rdj.Greeter  - Hello
2015-11-03 22:45:43,039 INFO  nl.rdj.GreetPrinter  - hello, typesafe
2015-11-03 22:45:44,034 INFO  nl.rdj.Greeter  - Hello
2015-11-03 22:45:44,035 INFO  nl.rdj.GreetPrinter  - hello, typesafe
2015-11-03 22:45:45,035 INFO  nl.rdj.Greeter  - Hello
2015-11-03 22:45:45,035 INFO  nl.rdj.GreetPrinter  - hello, typesafe
2015-11-03 22:45:46,035 INFO  nl.rdj.Greeter  - Hello
2015-11-03 22:45:46,035 INFO  nl.rdj.GreetPrinter  - hello, typesafe
2015-11-03 22:45:47,036 INFO  nl.rdj.Greeter  - Hello
2015-11-03 22:45:47,036 INFO  nl.rdj.GreetPrinter  - hello, typesafe
2015-11-03 22:45:48,035 INFO  nl.rdj.Greeter  - Hello
2015-11-03 22:45:48,035 INFO  nl.rdj.GreetPrinter  - hello, typesafe
2015-11-03 22:45:49,036 INFO  nl.rdj.Greeter  - Hello
2015-11-03 22:45:49,036 INFO  nl.rdj.GreetPrinter  - hello, typesafe
2015-11-03 22:45:50,036 INFO  nl.rdj.Greeter  - Hello
2015-11-03 22:45:50,036 INFO  nl.rdj.GreetPrinter  - hello, typesafe
2015-11-03 22:45:51,034 INFO  nl.rdj.Greeter  - Hello
2015-11-03 22:45:51,034 INFO  nl.rdj.GreetPrinter  - hello, typesafe
2015-11-03 22:45:52,035 INFO  nl.rdj.Greeter  - Hello
2015-11-03 22:45:52,035 INFO  nl.rdj.GreetPrinter  - hello, typesafe
2015-11-03 22:45:53,041 INFO  nl.rdj.Greeter  - Hello
2015-11-03 22:45:53,041 INFO  nl.rdj.GreetPrinter  - hello, typesafe
2015-11-03 22:45:54,036 INFO  nl.rdj.Greeter  - Hello
2015-11-03 22:45:54,036 INFO  nl.rdj.GreetPrinter  - hello, typesafe
2015-11-03 22:45:55,035 INFO  nl.rdj.Greeter  - Hello
2015-11-03 22:45:55,035 INFO  nl.rdj.GreetPrinter  - hello, typesafe
2015-11-03 22:45:56,035 INFO  nl.rdj.Greeter  - Hello
2015-11-03 22:45:56,035 INFO  nl.rdj.GreetPrinter  - hello, typesafe
2015-11-03 22:45:57,034 INFO  nl.rdj.Greeter  - Hello
2015-11-03 22:45:57,035 INFO  nl.rdj.GreetPrinter  - hello, typesafe
2015-11-03 22:45:58,036 INFO  nl.rdj.Greeter  - Hello
2015-11-03 22:45:58,036 INFO  nl.rdj.GreetPrinter  - hello, typesafe
2015-11-03 22:45:59,043 INFO  nl.rdj.Greeter  - Hello
2015-11-03 22:45:59,043 INFO  nl.rdj.GreetPrinter  - hello, typesafe
2015-11-03 22:46:00,035 INFO  nl.rdj.Greeter  - Hello
2015-11-03 22:46:00,035 INFO  nl.rdj.GreetPrinter  - hello, typesafe
2015-11-03 22:46:01,035 INFO  nl.rdj.Greeter  - Hello
2015-11-03 22:46:01,035 INFO  nl.rdj.GreetPrinter  - hello, typesafe
2015-11-03 22:46:02,045 INFO  nl.rdj.Greeter  - Hello
2015-11-03 22:46:02,046 INFO  nl.rdj.GreetPrinter  - hello, typesafe
2015-11-03 22:46:03,044 INFO  nl.rdj.Greeter  - Hello
2015-11-03 22:46:03,044 INFO  nl.rdj.GreetPrinter  - hello, typesafe
2015-11-03 22:46:04,044 INFO  nl.rdj.Greeter  - Hello
2015-11-03 22:46:04,044 INFO  nl.rdj.GreetPrinter  - hello, typesafe
2015-11-03 22:46:05,045 INFO  nl.rdj.Greeter  - Hello
2015-11-03 22:46:05,045 INFO  nl.rdj.GreetPrinter  - hello, typesafe
2015-11-03 22:46:06,045 INFO  nl.rdj.Greeter  - Hello
2015-11-03 22:46:06,045 INFO  nl.rdj.GreetPrinter  - hello, typesafe
2015-11-03 22:46:07,045 INFO  nl.rdj.Greeter  - Hello
2015-11-03 22:46:07,045 INFO  nl.rdj.GreetPrinter  - hello, typesafe
2015-11-03 22:46:08,045 INFO  nl.rdj.Greeter  - Hello
2015-11-03 22:46:08,045 INFO  nl.rdj.GreetPrinter  - hello, typesafe
2015-11-03 22:46:09,046 INFO  nl.rdj.Greeter  - Hello
2015-11-03 22:46:09,046 INFO  nl.rdj.GreetPrinter  - hello, typesafe
2015-11-03 22:46:10,044 INFO  nl.rdj.Greeter  - Hello
2015-11-03 22:46:10,044 INFO  nl.rdj.GreetPrinter  - hello, typesafe
2015-11-03 22:46:11,045 INFO  nl.rdj.Greeter  - Hello
2015-11-03 22:46:11,045 INFO  nl.rdj.GreetPrinter  - hello, typesafe
2015-11-03 22:46:12,035 INFO  nl.rdj.Greeter  - Hello
2015-11-03 22:46:12,035 INFO  nl.rdj.GreetPrinter  - hello, typesafe
2015-11-03 22:46:13,045 INFO  nl.rdj.Greeter  - Hello
2015-11-03 22:46:13,045 INFO  nl.rdj.GreetPrinter  - hello, typesafe
2015-11-03 22:46:14,044 INFO  nl.rdj.Greeter  - Hello
2015-11-03 22:46:14,044 INFO  nl.rdj.GreetPrinter  - hello, typesafe
2015-11-03 22:46:15,044 INFO  nl.rdj.Greeter  - Hello
2015-11-03 22:46:15,044 INFO  nl.rdj.GreetPrinter  - hello, typesafe
2015-11-03 22:46:16,044 INFO  nl.rdj.Greeter  - Hello
2015-11-03 22:46:16,044 INFO  nl.rdj.GreetPrinter  - hello, typesafe
2015-11-03 22:46:17,046 INFO  nl.rdj.Greeter  - Hello
2015-11-03 22:46:17,046 INFO  nl.rdj.GreetPrinter  - hello, typesafe
2015-11-03 22:46:18,045 INFO  nl.rdj.Greeter  - Hello
2015-11-03 22:46:18,045 INFO  nl.rdj.GreetPrinter  - hello, typesafe
2015-11-03 22:46:19,035 INFO  nl.rdj.Greeter  - Hello
2015-11-03 22:46:19,036 INFO  nl.rdj.GreetPrinter  - hello, typesafe
2015-11-03 22:46:20,045 INFO  nl.rdj.Greeter  - Hello
2015-11-03 22:46:20,045 INFO  nl.rdj.GreetPrinter  - hello, typesafe
2015-11-03 22:46:21,045 INFO  nl.rdj.Greeter  - Hello
2015-11-03 22:46:21,045 INFO  nl.rdj.GreetPrinter  - hello, typesafe
2015-11-03 22:46:22,045 INFO  nl.rdj.Greeter  - Hello
2015-11-03 22:46:22,046 INFO  nl.rdj.GreetPrinter  - hello, typesafe
2015-11-03 22:46:23,045 INFO  nl.rdj.Greeter  - Hello
2015-11-03 22:46:23,046 INFO  nl.rdj.GreetPrinter  - hello, typesafe
2015-11-03 22:46:24,046 INFO  nl.rdj.Greeter  - Hello
2015-11-03 22:46:24,046 INFO  nl.rdj.GreetPrinter  - hello, typesafe
2015-11-03 22:46:25,045 INFO  nl.rdj.Greeter  - Hello
2015-11-03 22:46:25,045 INFO  nl.rdj.GreetPrinter  - hello, typesafe
2015-11-03 22:46:26,045 INFO  nl.rdj.Greeter  - Hello
2015-11-03 22:46:26,045 INFO  nl.rdj.GreetPrinter  - hello, typesafe
2015-11-03 22:46:27,044 INFO  nl.rdj.Greeter  - Hello
2015-11-03 22:46:27,045 INFO  nl.rdj.GreetPrinter  - hello, typesafe
2015-11-03 22:46:28,045 INFO  nl.rdj.Greeter  - Hello
2015-11-03 22:46:28,045 INFO  nl.rdj.GreetPrinter  - hello, typesafe
2015-11-03 22:46:29,050 INFO  nl.rdj.Greeter  - Hello
2015-11-03 22:46:29,050 INFO  nl.rdj.GreetPrinter  - hello, typesafe
2015-11-03 22:46:30,046 INFO  nl.rdj.Greeter  - Hello
2015-11-03 22:46:30,046 INFO  nl.rdj.GreetPrinter  - hello, typesafe
2015-11-03 22:46:31,046 INFO  nl.rdj.Greeter  - Hello
2015-11-03 22:46:31,046 INFO  nl.rdj.GreetPrinter  - hello, typesafe
2015-11-03 22:46:32,045 INFO  nl.rdj.Greeter  - Hello
2015-11-03 22:46:32,045 INFO  nl.rdj.GreetPrinter  - hello, typesafe
2015-11-03 22:46:33,045 INFO  nl.rdj.Greeter  - Hello
2015-11-03 22:46:33,045 INFO  nl.rdj.GreetPrinter  - hello, typesafe
2015-11-03 22:46:34,045 INFO  nl.rdj.Greeter  - Hello
2015-11-03 22:46:34,046 INFO  nl.rdj.GreetPrinter  - hello, typesafe
2015-11-03 22:46:35,046 INFO  nl.rdj.Greeter  - Hello
2015-11-03 22:46:35,046 INFO  nl.rdj.GreetPrinter  - hello, typesafe
2015-11-03 22:46:36,045 INFO  nl.rdj.Greeter  - Hello
2015-11-03 22:46:36,046 INFO  nl.rdj.GreetPrinter  - hello, typesafe
2015-11-03 22:46:37,045 INFO  nl.rdj.Greeter  - Hello
2015-11-03 22:46:37,045 INFO  nl.rdj.GreetPrinter  - hello, typesafe
2015-11-03 22:46:38,045 INFO  nl.rdj.Greeter  - Hello
2015-11-03 22:46:38,045 INFO  nl.rdj.GreetPrinter  - hello, typesafe
2015-11-03 22:46:39,045 INFO  nl.rdj.Greeter  - Hello
2015-11-03 22:46:39,045 INFO  nl.rdj.GreetPrinter  - hello, typesafe
2015-11-03 22:46:40,046 INFO  nl.rdj.Greeter  - Hello
2015-11-03 22:46:40,046 INFO  nl.rdj.GreetPrinter  - hello, typesafe
2015-11-03 22:46:41,047 INFO  nl.rdj.Greeter  - Hello
2015-11-03 22:46:41,047 INFO  nl.rdj.GreetPrinter  - hello, typesafe
2015-11-03 22:46:42,046 INFO  nl.rdj.Greeter  - Hello
2015-11-03 22:46:42,047 INFO  nl.rdj.GreetPrinter  - hello, typesafe
2015-11-03 22:46:43,045 INFO  nl.rdj.Greeter  - Hello
2015-11-03 22:46:43,045 INFO  nl.rdj.GreetPrinter  - hello, typesafe
2015-11-03 22:46:44,045 INFO  nl.rdj.Greeter  - Hello
2015-11-03 22:46:44,045 INFO  nl.rdj.GreetPrinter  - hello, typesafe
2015-11-03 22:46:45,045 INFO  nl.rdj.Greeter  - Hello
2015-11-03 22:46:45,045 INFO  nl.rdj.GreetPrinter  - hello, typesafe
2015-11-03 22:46:46,045 INFO  nl.rdj.Greeter  - Hello
2015-11-03 22:46:46,052 INFO  nl.rdj.GreetPrinter  - hello, typesafe
2015-11-03 22:46:47,044 INFO  nl.rdj.Greeter  - Hello
2015-11-03 22:46:47,045 INFO  nl.rdj.GreetPrinter  - hello, typesafe
2015-11-03 22:46:48,045 INFO  nl.rdj.Greeter  - Hello
2015-11-03 22:46:48,045 INFO  nl.rdj.GreetPrinter  - hello, typesafe
2015-11-03 22:46:49,045 INFO  nl.rdj.Greeter  - Hello
2015-11-03 22:46:49,045 INFO  nl.rdj.GreetPrinter  - hello, typesafe
2015-11-03 22:46:50,045 INFO  nl.rdj.Greeter  - Hello
2015-11-03 22:46:50,045 INFO  nl.rdj.GreetPrinter  - hello, typesafe
2015-11-03 22:46:51,045 INFO  nl.rdj.Greeter  - Hello
2015-11-03 22:46:51,045 INFO  nl.rdj.GreetPrinter  - hello, typesafe
2015-11-03 22:46:52,045 INFO  nl.rdj.Greeter  - Hello
2015-11-03 22:46:52,045 INFO  nl.rdj.GreetPrinter  - hello, typesafe
2015-11-03 22:46:53,046 INFO  nl.rdj.Greeter  - Hello
2015-11-03 22:46:53,046 INFO  nl.rdj.GreetPrinter  - hello, typesafe
2015-11-03 22:46:54,045 INFO  nl.rdj.Greeter  - Hello
2015-11-03 22:46:54,045 INFO  nl.rdj.GreetPrinter  - hello, typesafe
2015-11-03 22:46:55,045 INFO  nl.rdj.Greeter  - Hello
2015-11-03 22:46:55,045 INFO  nl.rdj.GreetPrinter  - hello, typesafe
2015-11-03 22:46:56,045 INFO  nl.rdj.Greeter  - Hello
2015-11-03 22:46:56,045 INFO  nl.rdj.GreetPrinter  - hello, typesafe
2015-11-03 22:46:57,047 INFO  nl.rdj.Greeter  - Hello
2015-11-03 22:46:57,047 INFO  nl.rdj.GreetPrinter  - hello, typesafe
2015-11-03 22:46:58,046 INFO  nl.rdj.Greeter  - Hello
2015-11-03 22:46:58,046 INFO  nl.rdj.GreetPrinter  - hello, typesafe
2015-11-03 22:46:59,044 INFO  nl.rdj.Greeter  - Hello
2015-11-03 22:46:59,044 INFO  nl.rdj.GreetPrinter  - hello, typesafe
2015-11-03 22:47:00,045 INFO  nl.rdj.Greeter  - Hello
2015-11-03 22:47:00,045 INFO  nl.rdj.GreetPrinter  - hello, typesafe
2015-11-03 22:47:01,045 INFO  nl.rdj.Greeter  - Hello
2015-11-03 22:47:01,045 INFO  nl.rdj.GreetPrinter  - hello, typesafe
2015-11-03 22:47:02,045 INFO  nl.rdj.Greeter  - Hello
2015-11-03 22:47:02,045 INFO  nl.rdj.GreetPrinter  - hello, typesafe
2015-11-03 22:47:03,045 INFO  nl.rdj.Greeter  - Hello
2015-11-03 22:47:03,045 INFO  nl.rdj.GreetPrinter  - hello, typesafe
2015-11-03 22:47:04,046 INFO  nl.rdj.Greeter  - Hello
2015-11-03 22:47:04,046 INFO  nl.rdj.GreetPrinter  - hello, typesafe
2015-11-03 22:47:05,045 INFO  nl.rdj.Greeter  - Hello
2015-11-03 22:47:05,045 INFO  nl.rdj.GreetPrinter  - hello, typesafe
2015-11-03 22:47:06,045 INFO  nl.rdj.Greeter  - Hello
2015-11-03 22:47:06,046 INFO  nl.rdj.GreetPrinter  - hello, typesafe
2015-11-03 22:47:07,038 INFO  nl.rdj.Greeter  - Hello
2015-11-03 22:47:07,038 INFO  nl.rdj.GreetPrinter  - hello, typesafe
2015-11-03 22:47:08,045 INFO  nl.rdj.Greeter  - Hello
2015-11-03 22:47:08,045 INFO  nl.rdj.GreetPrinter  - hello, typesafe
2015-11-03 22:47:09,045 INFO  nl.rdj.Greeter  - Hello
2015-11-03 22:47:09,046 INFO  nl.rdj.GreetPrinter  - hello, typesafe
2015-11-03 22:47:10,046 INFO  nl.rdj.Greeter  - Hello
2015-11-03 22:47:10,046 INFO  nl.rdj.GreetPrinter  - hello, typesafe
2015-11-03 22:47:11,046 INFO  nl.rdj.Greeter  - Hello
2015-11-03 22:47:11,046 INFO  nl.rdj.GreetPrinter  - hello, typesafe
2015-11-03 22:47:12,045 INFO  nl.rdj.Greeter  - Hello
2015-11-03 22:47:12,046 INFO  nl.rdj.GreetPrinter  - hello, typesafe
2015-11-03 22:47:13,045 INFO  nl.rdj.Greeter  - Hello
2015-11-03 22:47:13,045 INFO  nl.rdj.GreetPrinter  - hello, typesafe
2015-11-03 22:47:14,049 INFO  nl.rdj.Greeter  - Hello
2015-11-03 22:47:14,049 INFO  nl.rdj.GreetPrinter  - hello, typesafe
2015-11-03 22:47:15,035 INFO  nl.rdj.Greeter  - Hello
2015-11-03 22:47:15,036 INFO  nl.rdj.GreetPrinter  - hello, typesafe
2015-11-03 22:47:16,049 INFO  nl.rdj.Greeter  - Hello
2015-11-03 22:47:16,050 INFO  nl.rdj.GreetPrinter  - hello, typesafe
2015-11-03 22:47:17,045 INFO  nl.rdj.Greeter  - Hello
2015-11-03 22:47:17,045 INFO  nl.rdj.GreetPrinter  - hello, typesafe
2015-11-03 22:47:18,046 INFO  nl.rdj.Greeter  - Hello
2015-11-03 22:47:18,047 INFO  nl.rdj.GreetPrinter  - hello, typesafe
2015-11-03 22:47:19,036 INFO  nl.rdj.Greeter  - Hello
2015-11-03 22:47:19,036 INFO  nl.rdj.GreetPrinter  - hello, typesafe
2015-11-03 22:47:20,045 INFO  nl.rdj.Greeter  - Hello
2015-11-03 22:47:20,045 INFO  nl.rdj.GreetPrinter  - hello, typesafe
2015-11-03 22:47:21,045 INFO  nl.rdj.Greeter  - Hello
2015-11-03 22:47:21,046 INFO  nl.rdj.GreetPrinter  - hello, typesafe
2015-11-03 22:47:22,045 INFO  nl.rdj.Greeter  - Hello
2015-11-03 22:47:22,046 INFO  nl.rdj.GreetPrinter  - hello, typesafe
2015-11-03 22:47:23,045 INFO  nl.rdj.Greeter  - Hello
2015-11-03 22:47:23,045 INFO  nl.rdj.GreetPrinter  - hello, typesafe
2015-11-03 22:47:24,046 INFO  nl.rdj.Greeter  - Hello
2015-11-03 22:47:24,046 INFO  nl.rdj.GreetPrinter  - hello, typesafe
2015-11-03 22:47:25,047 INFO  nl.rdj.Greeter  - Hello
2015-11-03 22:47:25,047 INFO  nl.rdj.GreetPrinter  - hello, typesafe
2015-11-03 22:47:26,046 INFO  nl.rdj.Greeter  - Hello
2015-11-03 22:47:26,046 INFO  nl.rdj.GreetPrinter  - hello, typesafe
2015-11-03 22:47:27,044 INFO  nl.rdj.Greeter  - Hello
2015-11-03 22:47:27,045 INFO  nl.rdj.GreetPrinter  - hello, typesafe
2015-11-03 22:47:28,046 INFO  nl.rdj.Greeter  - Hello
2015-11-03 22:47:28,047 INFO  nl.rdj.GreetPrinter  - hello, typesafe
2015-11-03 22:47:29,046 INFO  nl.rdj.Greeter  - Hello
2015-11-03 22:47:29,047 INFO  nl.rdj.GreetPrinter  - hello, typesafe
2015-11-03 22:47:30,045 INFO  nl.rdj.Greeter  - Hello
2015-11-03 22:47:30,045 INFO  nl.rdj.GreetPrinter  - hello, typesafe
2015-11-03 22:47:31,050 INFO  nl.rdj.Greeter  - Hello
2015-11-03 22:47:31,050 INFO  nl.rdj.GreetPrinter  - hello, typesafe
2015-11-03 22:47:32,046 INFO  nl.rdj.Greeter  - Hello
2015-11-03 22:47:32,046 INFO  nl.rdj.GreetPrinter  - hello, typesafe
2015-11-03 22:47:33,046 INFO  nl.rdj.Greeter  - Hello
2015-11-03 22:47:33,046 INFO  nl.rdj.GreetPrinter  - hello, typesafe
2015-11-03 22:47:34,046 INFO  nl.rdj.Greeter  - Hello
2015-11-03 22:47:34,046 INFO  nl.rdj.GreetPrinter  - hello, typesafe
2015-11-03 22:47:35,046 INFO  nl.rdj.Greeter  - Hello
2015-11-03 22:47:35,046 INFO  nl.rdj.GreetPrinter  - hello, typesafe
2015-11-03 22:47:36,047 INFO  nl.rdj.Greeter  - Hello
2015-11-03 22:47:36,047 INFO  nl.rdj.GreetPrinter  - hello, typesafe
2015-11-03 22:47:37,044 INFO  nl.rdj.Greeter  - Hello
2015-11-03 22:47:37,045 INFO  nl.rdj.GreetPrinter  - hello, typesafe
2015-11-03 22:47:38,047 INFO  nl.rdj.Greeter  - Hello
2015-11-03 22:47:38,048 INFO  nl.rdj.GreetPrinter  - hello, typesafe
2015-11-03 22:47:39,049 INFO  nl.rdj.Greeter  - Hello
2015-11-03 22:47:39,049 INFO  nl.rdj.GreetPrinter  - hello, typesafe
2015-11-03 22:47:40,045 INFO  nl.rdj.Greeter  - Hello
2015-11-03 22:47:40,045 INFO  nl.rdj.GreetPrinter  - hello, typesafe
2015-11-03 22:47:41,045 INFO  nl.rdj.Greeter  - Hello
2015-11-03 22:47:41,045 INFO  nl.rdj.GreetPrinter  - hello, typesafe
2015-11-03 22:47:42,045 INFO  nl.rdj.Greeter  - Hello
2015-11-03 22:47:42,046 INFO  nl.rdj.GreetPrinter  - hello, typesafe
2015-11-03 22:47:43,047 INFO  nl.rdj.Greeter  - Hello
2015-11-03 22:47:43,047 INFO  nl.rdj.GreetPrinter  - hello, typesafe
2015-11-03 22:47:44,044 INFO  nl.rdj.Greeter  - Hello
2015-11-03 22:47:44,045 INFO  nl.rdj.GreetPrinter  - hello, typesafe
2015-11-03 22:47:45,045 INFO  nl.rdj.Greeter  - Hello
2015-11-03 22:47:45,045 INFO  nl.rdj.GreetPrinter  - hello, typesafe
2015-11-03 22:47:46,045 INFO  nl.rdj.Greeter  - Hello
2015-11-03 22:47:46,045 INFO  nl.rdj.GreetPrinter  - hello, typesafe
2015-11-03 22:47:47,045 INFO  nl.rdj.Greeter  - Hello
2015-11-03 22:47:47,045 INFO  nl.rdj.GreetPrinter  - hello, typesafe
2015-11-03 22:47:48,045 INFO  nl.rdj.Greeter  - Hello
2015-11-03 22:47:48,046 INFO  nl.rdj.GreetPrinter  - hello, typesafe
2015-11-03 22:47:49,046 INFO  nl.rdj.Greeter  - Hello
2015-11-03 22:47:49,046 INFO  nl.rdj.GreetPrinter  - hello, typesafe
2015-11-03 22:47:50,047 INFO  nl.rdj.Greeter  - Hello
2015-11-03 22:47:50,047 INFO  nl.rdj.GreetPrinter  - hello, typesafe
2015-11-03 22:47:51,046 INFO  nl.rdj.Greeter  - Hello
2015-11-03 22:47:51,046 INFO  nl.rdj.GreetPrinter  - hello, typesafe
2015-11-03 22:47:52,045 INFO  nl.rdj.Greeter  - Hello
2015-11-03 22:47:52,045 INFO  nl.rdj.GreetPrinter  - hello, typesafe
2015-11-03 22:47:53,045 INFO  nl.rdj.Greeter  - Hello
2015-11-03 22:47:53,045 INFO  nl.rdj.GreetPrinter  - hello, typesafe
2015-11-03 22:47:54,048 INFO  nl.rdj.Greeter  - Hello
2015-11-03 22:47:54,048 INFO  nl.rdj.GreetPrinter  - hello, typesafe
2015-11-03 22:47:55,045 INFO  nl.rdj.Greeter  - Hello
2015-11-03 22:47:55,046 INFO  nl.rdj.GreetPrinter  - hello, typesafe
2015-11-03 22:47:56,045 INFO  nl.rdj.Greeter  - Hello
2015-11-03 22:47:56,046 INFO  nl.rdj.GreetPrinter  - hello, typesafe
2015-11-03 22:47:57,046 INFO  nl.rdj.Greeter  - Hello
2015-11-03 22:47:57,046 INFO  nl.rdj.GreetPrinter  - hello, typesafe
2015-11-03 22:47:58,048 INFO  nl.rdj.Greeter  - Hello
2015-11-03 22:47:58,048 INFO  nl.rdj.GreetPrinter  - hello, typesafe
2015-11-03 22:47:59,045 INFO  nl.rdj.Greeter  - Hello
2015-11-03 22:47:59,045 INFO  nl.rdj.GreetPrinter  - hello, typesafe
2015-11-03 22:48:00,046 INFO  nl.rdj.Greeter  - Hello
2015-11-03 22:48:00,046 INFO  nl.rdj.GreetPrinter  - hello, typesafe
2015-11-03 22:48:01,045 INFO  nl.rdj.Greeter  - Hello
2015-11-03 22:48:01,046 INFO  nl.rdj.GreetPrinter  - hello, typesafe
2015-11-03 22:48:02,047 INFO  nl.rdj.Greeter  - Hello
2015-11-03 22:48:02,047 INFO  nl.rdj.GreetPrinter  - hello, typesafe
2015-11-03 22:48:03,049 INFO  nl.rdj.Greeter  - Hello
2015-11-03 22:48:03,049 INFO  nl.rdj.GreetPrinter  - hello, typesafe
2015-11-03 22:48:04,048 INFO  nl.rdj.Greeter  - Hello
2015-11-03 22:48:04,048 INFO  nl.rdj.GreetPrinter  - hello, typesafe
2015-11-03 22:48:05,048 INFO  nl.rdj.Greeter  - Hello
2015-11-03 22:48:05,048 INFO  nl.rdj.GreetPrinter  - hello, typesafe
2015-11-03 22:48:06,044 INFO  nl.rdj.Greeter  - Hello
2015-11-03 22:48:06,045 INFO  nl.rdj.GreetPrinter  - hello, typesafe
2015-11-03 22:48:07,045 INFO  nl.rdj.Greeter  - Hello
2015-11-03 22:48:07,045 INFO  nl.rdj.GreetPrinter  - hello, typesafe
2015-11-03 22:48:08,045 INFO  nl.rdj.Greeter  - Hello
2015-11-03 22:48:08,045 INFO  nl.rdj.GreetPrinter  - hello, typesafe
2015-11-03 22:48:09,045 INFO  nl.rdj.Greeter  - Hello
2015-11-03 22:48:09,046 INFO  nl.rdj.GreetPrinter  - hello, typesafe
2015-11-03 22:48:10,045 INFO  nl.rdj.Greeter  - Hello
2015-11-03 22:48:10,045 INFO  nl.rdj.GreetPrinter  - hello, typesafe
2015-11-03 22:48:11,046 INFO  nl.rdj.Greeter  - Hello
2015-11-03 22:48:11,046 INFO  nl.rdj.GreetPrinter  - hello, typesafe
2015-11-03 22:48:12,045 INFO  nl.rdj.Greeter  - Hello
2015-11-03 22:48:12,046 INFO  nl.rdj.GreetPrinter  - hello, typesafe
2015-11-03 22:48:13,045 INFO  nl.rdj.Greeter  - Hello
2015-11-03 22:48:13,045 INFO  nl.rdj.GreetPrinter  - hello, typesafe
2015-11-03 22:48:14,047 INFO  nl.rdj.Greeter  - Hello
2015-11-03 22:48:14,047 INFO  nl.rdj.GreetPrinter  - hello, typesafe
2015-11-03 22:48:15,045 INFO  nl.rdj.Greeter  - Hello
2015-11-03 22:48:15,045 INFO  nl.rdj.GreetPrinter  - hello, typesafe
2015-11-03 22:48:16,048 INFO  nl.rdj.Greeter  - Hello
2015-11-03 22:48:16,049 INFO  nl.rdj.GreetPrinter  - hello, typesafe
2015-11-03 22:48:17,046 INFO  nl.rdj.Greeter  - Hello
2015-11-03 22:48:17,046 INFO  nl.rdj.GreetPrinter  - hello, typesafe
2015-11-03 22:48:18,048 INFO  nl.rdj.Greeter  - Hello
2015-11-03 22:48:18,049 INFO  nl.rdj.GreetPrinter  - hello, typesafe
2015-11-03 22:48:19,045 INFO  nl.rdj.Greeter  - Hello
2015-11-03 22:48:19,045 INFO  nl.rdj.GreetPrinter  - hello, typesafe
2015-11-03 22:48:20,045 INFO  nl.rdj.Greeter  - Hello
2015-11-03 22:48:20,046 INFO  nl.rdj.GreetPrinter  - hello, typesafe
2015-11-03 22:48:21,045 INFO  nl.rdj.Greeter  - Hello
2015-11-03 22:48:21,045 INFO  nl.rdj.GreetPrinter  - hello, typesafe
2015-11-03 22:48:22,047 INFO  nl.rdj.Greeter  - Hello
2015-11-03 22:48:22,047 INFO  nl.rdj.GreetPrinter  - hello, typesafe
2015-11-03 22:48:23,045 INFO  nl.rdj.Greeter  - Hello
2015-11-03 22:48:23,046 INFO  nl.rdj.GreetPrinter  - hello, typesafe
2015-11-03 22:48:24,046 INFO  nl.rdj.Greeter  - Hello
2015-11-03 22:48:24,046 INFO  nl.rdj.GreetPrinter  - hello, typesafe
2015-11-03 22:48:25,045 INFO  nl.rdj.Greeter  - Hello
2015-11-03 22:48:25,045 INFO  nl.rdj.GreetPrinter  - hello, typesafe
2015-11-03 22:48:26,046 INFO  nl.rdj.Greeter  - Hello
2015-11-03 22:48:26,046 INFO  nl.rdj.GreetPrinter  - hello, typesafe
2015-11-03 22:48:27,047 INFO  nl.rdj.Greeter  - Hello
2015-11-03 22:48:27,047 INFO  nl.rdj.GreetPrinter  - hello, typesafe
2015-11-03 22:48:28,045 INFO  nl.rdj.Greeter  - Hello
2015-11-03 22:48:28,045 INFO  nl.rdj.GreetPrinter  - hello, typesafe
2015-11-03 22:48:29,045 INFO  nl.rdj.Greeter  - Hello
2015-11-03 22:48:29,045 INFO  nl.rdj.GreetPrinter  - hello, typesafe
2015-11-03 22:48:30,046 INFO  nl.rdj.Greeter  - Hello
2015-11-03 22:48:30,046 INFO  nl.rdj.GreetPrinter  - hello, typesafe
2015-11-03 22:48:31,047 INFO  nl.rdj.Greeter  - Hello
2015-11-03 22:48:31,047 INFO  nl.rdj.GreetPrinter  - hello, typesafe
2015-11-03 22:48:32,044 INFO  nl.rdj.Greeter  - Hello
2015-11-03 22:48:32,045 INFO  nl.rdj.GreetPrinter  - hello, typesafe
2015-11-03 22:48:33,045 INFO  nl.rdj.Greeter  - Hello
2015-11-03 22:48:33,045 INFO  nl.rdj.GreetPrinter  - hello, typesafe
2015-11-03 22:48:34,045 INFO  nl.rdj.Greeter  - Hello
2015-11-03 22:48:34,045 INFO  nl.rdj.GreetPrinter  - hello, typesafe
2015-11-03 22:48:35,045 INFO  nl.rdj.Greeter  - Hello
2015-11-03 22:48:35,045 INFO  nl.rdj.GreetPrinter  - hello, typesafe
2015-11-03 22:48:36,045 INFO  nl.rdj.Greeter  - Hello
2015-11-03 22:48:36,045 INFO  nl.rdj.GreetPrinter  - hello, typesafe
2015-11-03 22:48:37,044 INFO  nl.rdj.Greeter  - Hello
2015-11-03 22:48:37,044 INFO  nl.rdj.GreetPrinter  - hello, typesafe
2015-11-03 22:48:38,044 INFO  nl.rdj.Greeter  - Hello
2015-11-03 22:48:38,045 INFO  nl.rdj.GreetPrinter  - hello, typesafe
2015-11-03 22:48:39,045 INFO  nl.rdj.Greeter  - Hello
2015-11-03 22:48:39,045 INFO  nl.rdj.GreetPrinter  - hello, typesafe
2015-11-03 22:48:40,045 INFO  nl.rdj.Greeter  - Hello
2015-11-03 22:48:40,045 INFO  nl.rdj.GreetPrinter  - hello, typesafe
2015-11-03 22:48:41,046 INFO  nl.rdj.Greeter  - Hello
2015-11-03 22:48:41,046 INFO  nl.rdj.GreetPrinter  - hello, typesafe
2015-11-03 22:48:42,046 INFO  nl.rdj.Greeter  - Hello
2015-11-03 22:48:42,046 INFO  nl.rdj.GreetPrinter  - hello, typesafe
2015-11-03 22:48:43,046 INFO  nl.rdj.Greeter  - Hello
2015-11-03 22:48:43,046 INFO  nl.rdj.GreetPrinter  - hello, typesafe
2015-11-03 22:48:44,044 INFO  nl.rdj.Greeter  - Hello
2015-11-03 22:48:44,045 INFO  nl.rdj.GreetPrinter  - hello, typesafe
2015-11-03 22:48:45,046 INFO  nl.rdj.Greeter  - Hello
2015-11-03 22:48:45,046 INFO  nl.rdj.GreetPrinter  - hello, typesafe
2015-11-03 22:48:46,045 INFO  nl.rdj.Greeter  - Hello
2015-11-03 22:48:46,045 INFO  nl.rdj.GreetPrinter  - hello, typesafe
2015-11-03 22:48:47,046 INFO  nl.rdj.Greeter  - Hello
2015-11-03 22:48:47,046 INFO  nl.rdj.GreetPrinter  - hello, typesafe
2015-11-03 22:48:48,044 INFO  nl.rdj.Greeter  - Hello
2015-11-03 22:48:48,045 INFO  nl.rdj.GreetPrinter  - hello, typesafe
2015-11-03 22:48:49,045 INFO  nl.rdj.Greeter  - Hello
2015-11-03 22:48:49,045 INFO  nl.rdj.GreetPrinter  - hello, typesafe
2015-11-03 22:48:50,045 INFO  nl.rdj.Greeter  - Hello
2015-11-03 22:48:50,045 INFO  nl.rdj.GreetPrinter  - hello, typesafe
2015-11-03 22:48:51,045 INFO  nl.rdj.Greeter  - Hello
2015-11-03 22:48:51,045 INFO  nl.rdj.GreetPrinter  - hello, typesafe
2015-11-03 22:48:52,034 INFO  nl.rdj.Greeter  - Hello
2015-11-03 22:48:52,035 INFO  nl.rdj.GreetPrinter  - hello, typesafe
2015-11-03 22:48:53,035 INFO  nl.rdj.Greeter  - Hello
2015-11-03 22:48:53,035 INFO  nl.rdj.GreetPrinter  - hello, typesafe
2015-11-03 22:48:54,035 INFO  nl.rdj.Greeter  - Hello
2015-11-03 22:48:54,036 INFO  nl.rdj.GreetPrinter  - hello, typesafe
2015-11-03 22:48:55,036 INFO  nl.rdj.Greeter  - Hello
2015-11-03 22:48:55,036 INFO  nl.rdj.GreetPrinter  - hello, typesafe
2015-11-03 22:48:56,035 INFO  nl.rdj.Greeter  - Hello
2015-11-03 22:48:56,035 INFO  nl.rdj.GreetPrinter  - hello, typesafe
2015-11-03 22:48:57,036 INFO  nl.rdj.Greeter  - Hello
2015-11-03 22:48:57,036 INFO  nl.rdj.GreetPrinter  - hello, typesafe
2015-11-03 22:48:58,036 INFO  nl.rdj.Greeter  - Hello
2015-11-03 22:48:58,036 INFO  nl.rdj.GreetPrinter  - hello, typesafe
2015-11-03 22:48:59,045 INFO  nl.rdj.Greeter  - Hello
2015-11-03 22:48:59,046 INFO  nl.rdj.GreetPrinter  - hello, typesafe
2015-11-03 22:49:00,044 INFO  nl.rdj.Greeter  - Hello
2015-11-03 22:49:00,045 INFO  nl.rdj.GreetPrinter  - hello, typesafe
2015-11-03 22:49:01,045 INFO  nl.rdj.Greeter  - Hello
2015-11-03 22:49:01,046 INFO  nl.rdj.GreetPrinter  - hello, typesafe
2015-11-03 22:49:02,046 INFO  nl.rdj.Greeter  - Hello
2015-11-03 22:49:02,046 INFO  nl.rdj.GreetPrinter  - hello, typesafe
2015-11-03 22:49:03,035 INFO  nl.rdj.Greeter  - Hello
2015-11-03 22:49:03,035 INFO  nl.rdj.GreetPrinter  - hello, typesafe
2015-11-03 22:49:04,046 INFO  nl.rdj.Greeter  - Hello
2015-11-03 22:49:04,046 INFO  nl.rdj.GreetPrinter  - hello, typesafe
2015-11-03 22:49:05,045 INFO  nl.rdj.Greeter  - Hello
2015-11-03 22:49:05,045 INFO  nl.rdj.GreetPrinter  - hello, typesafe
2015-11-03 22:49:06,045 INFO  nl.rdj.Greeter  - Hello
2015-11-03 22:49:06,046 INFO  nl.rdj.GreetPrinter  - hello, typesafe
2015-11-03 22:49:07,046 INFO  nl.rdj.Greeter  - Hello
2015-11-03 22:49:07,046 INFO  nl.rdj.GreetPrinter  - hello, typesafe
2015-11-03 22:49:08,045 INFO  nl.rdj.Greeter  - Hello
2015-11-03 22:49:08,045 INFO  nl.rdj.GreetPrinter  - hello, typesafe
2015-11-03 22:49:09,046 INFO  nl.rdj.Greeter  - Hello
2015-11-03 22:49:09,046 INFO  nl.rdj.GreetPrinter  - hello, typesafe
2015-11-03 22:49:10,045 INFO  nl.rdj.Greeter  - Hello
2015-11-03 22:49:10,045 INFO  nl.rdj.GreetPrinter  - hello, typesafe
2015-11-03 22:49:11,049 INFO  nl.rdj.Greeter  - Hello
2015-11-03 22:49:11,049 INFO  nl.rdj.GreetPrinter  - hello, typesafe
2015-11-03 22:49:12,046 INFO  nl.rdj.Greeter  - Hello
2015-11-03 22:49:12,047 INFO  nl.rdj.GreetPrinter  - hello, typesafe
2015-11-03 22:49:13,048 INFO  nl.rdj.Greeter  - Hello
2015-11-03 22:49:13,048 INFO  nl.rdj.GreetPrinter  - hello, typesafe
2015-11-03 22:49:14,046 INFO  nl.rdj.Greeter  - Hello
2015-11-03 22:49:14,046 INFO  nl.rdj.GreetPrinter  - hello, typesafe
2015-11-03 22:49:15,046 INFO  nl.rdj.Greeter  - Hello
2015-11-03 22:49:15,047 INFO  nl.rdj.GreetPrinter  - hello, typesafe
2015-11-03 22:49:16,045 INFO  nl.rdj.Greeter  - Hello
2015-11-03 22:49:16,046 INFO  nl.rdj.GreetPrinter  - hello, typesafe
2015-11-03 22:49:17,047 INFO  nl.rdj.Greeter  - Hello
2015-11-03 22:49:17,047 INFO  nl.rdj.GreetPrinter  - hello, typesafe
2015-11-03 22:49:18,046 INFO  nl.rdj.Greeter  - Hello
2015-11-03 22:49:18,046 INFO  nl.rdj.GreetPrinter  - hello, typesafe
2015-11-03 22:49:19,046 INFO  nl.rdj.Greeter  - Hello
2015-11-03 22:49:19,046 INFO  nl.rdj.GreetPrinter  - hello, typesafe
2015-11-03 22:49:20,045 INFO  nl.rdj.Greeter  - Hello
2015-11-03 22:49:20,046 INFO  nl.rdj.GreetPrinter  - hello, typesafe
2015-11-03 22:49:21,045 INFO  nl.rdj.Greeter  - Hello
2015-11-03 22:49:21,046 INFO  nl.rdj.GreetPrinter  - hello, typesafe
2015-11-03 22:49:22,045 INFO  nl.rdj.Greeter  - Hello
2015-11-03 22:49:22,045 INFO  nl.rdj.GreetPrinter  - hello, typesafe
2015-11-03 22:49:23,045 INFO  nl.rdj.Greeter  - Hello
2015-11-03 22:49:23,045 INFO  nl.rdj.GreetPrinter  - hello, typesafe
2015-11-03 22:49:24,036 INFO  nl.rdj.Greeter  - Hello
2015-11-03 22:49:24,036 INFO  nl.rdj.GreetPrinter  - hello, typesafe
2015-11-03 22:49:25,048 INFO  nl.rdj.Greeter  - Hello
2015-11-03 22:49:25,048 INFO  nl.rdj.GreetPrinter  - hello, typesafe
2015-11-03 22:49:26,045 INFO  nl.rdj.Greeter  - Hello
2015-11-03 22:49:26,045 INFO  nl.rdj.GreetPrinter  - hello, typesafe
2015-11-03 22:49:27,045 INFO  nl.rdj.Greeter  - Hello
2015-11-03 22:49:27,046 INFO  nl.rdj.GreetPrinter  - hello, typesafe
2015-11-03 22:49:28,048 INFO  nl.rdj.Greeter  - Hello
2015-11-03 22:49:28,049 INFO  nl.rdj.GreetPrinter  - hello, typesafe
2015-11-03 22:49:29,047 INFO  nl.rdj.Greeter  - Hello
2015-11-03 22:49:29,047 INFO  nl.rdj.GreetPrinter  - hello, typesafe
2015-11-03 22:49:30,046 INFO  nl.rdj.Greeter  - Hello
2015-11-03 22:49:30,046 INFO  nl.rdj.GreetPrinter  - hello, typesafe
2015-11-03 22:49:31,045 INFO  nl.rdj.Greeter  - Hello
2015-11-03 22:49:31,045 INFO  nl.rdj.GreetPrinter  - hello, typesafe
2015-11-03 22:49:32,044 INFO  nl.rdj.Greeter  - Hello
2015-11-03 22:49:32,045 INFO  nl.rdj.GreetPrinter  - hello, typesafe
2015-11-03 22:49:33,046 INFO  nl.rdj.Greeter  - Hello
2015-11-03 22:49:33,047 INFO  nl.rdj.GreetPrinter  - hello, typesafe
2015-11-03 22:49:34,045 INFO  nl.rdj.Greeter  - Hello
2015-11-03 22:49:34,046 INFO  nl.rdj.GreetPrinter  - hello, typesafe
2015-11-03 22:49:35,046 INFO  nl.rdj.Greeter  - Hello
2015-11-03 22:49:35,046 INFO  nl.rdj.GreetPrinter  - hello, typesafe
2015-11-03 22:49:36,037 INFO  nl.rdj.Greeter  - Hello
2015-11-03 22:49:36,037 INFO  nl.rdj.GreetPrinter  - hello, typesafe
2015-11-03 22:49:37,050 INFO  nl.rdj.Greeter  - Hello
2015-11-03 22:49:37,050 INFO  nl.rdj.GreetPrinter  - hello, typesafe
2015-11-03 22:49:38,046 INFO  nl.rdj.Greeter  - Hello
2015-11-03 22:49:38,047 INFO  nl.rdj.GreetPrinter  - hello, typesafe
2015-11-03 22:49:39,045 INFO  nl.rdj.Greeter  - Hello
2015-11-03 22:49:39,046 INFO  nl.rdj.GreetPrinter  - hello, typesafe
2015-11-03 22:49:40,045 INFO  nl.rdj.Greeter  - Hello
2015-11-03 22:49:40,045 INFO  nl.rdj.GreetPrinter  - hello, typesafe
2015-11-03 22:49:41,045 INFO  nl.rdj.Greeter  - Hello
2015-11-03 22:49:41,045 INFO  nl.rdj.GreetPrinter  - hello, typesafe
2015-11-03 22:49:42,045 INFO  nl.rdj.Greeter  - Hello
2015-11-03 22:49:42,045 INFO  nl.rdj.GreetPrinter  - hello, typesafe
2015-11-03 22:49:43,045 INFO  nl.rdj.Greeter  - Hello
2015-11-03 22:49:43,045 INFO  nl.rdj.GreetPrinter  - hello, typesafe
2015-11-03 22:49:44,045 INFO  nl.rdj.Greeter  - Hello
2015-11-03 22:49:44,045 INFO  nl.rdj.GreetPrinter  - hello, typesafe
2015-11-03 22:49:45,045 INFO  nl.rdj.Greeter  - Hello
2015-11-03 22:49:45,045 INFO  nl.rdj.GreetPrinter  - hello, typesafe
2015-11-03 22:49:46,046 INFO  nl.rdj.Greeter  - Hello
2015-11-03 22:49:46,046 INFO  nl.rdj.GreetPrinter  - hello, typesafe
2015-11-03 22:49:47,046 INFO  nl.rdj.Greeter  - Hello
2015-11-03 22:49:47,048 INFO  nl.rdj.GreetPrinter  - hello, typesafe
2015-11-03 22:49:48,045 INFO  nl.rdj.Greeter  - Hello
2015-11-03 22:49:48,045 INFO  nl.rdj.GreetPrinter  - hello, typesafe
2015-11-03 22:49:49,047 INFO  nl.rdj.Greeter  - Hello
2015-11-03 22:49:49,047 INFO  nl.rdj.GreetPrinter  - hello, typesafe
2015-11-03 22:49:50,048 INFO  nl.rdj.Greeter  - Hello
2015-11-03 22:49:50,048 INFO  nl.rdj.GreetPrinter  - hello, typesafe
2015-11-03 22:49:51,046 INFO  nl.rdj.Greeter  - Hello
2015-11-03 22:49:51,046 INFO  nl.rdj.GreetPrinter  - hello, typesafe
2015-11-03 22:49:52,046 INFO  nl.rdj.Greeter  - Hello
2015-11-03 22:49:52,046 INFO  nl.rdj.GreetPrinter  - hello, typesafe
2015-11-03 22:49:53,046 INFO  nl.rdj.Greeter  - Hello
2015-11-03 22:49:53,046 INFO  nl.rdj.GreetPrinter  - hello, typesafe
2015-11-03 22:49:54,049 INFO  nl.rdj.Greeter  - Hello
2015-11-03 22:49:54,049 INFO  nl.rdj.GreetPrinter  - hello, typesafe
2015-11-03 22:49:55,044 INFO  nl.rdj.Greeter  - Hello
2015-11-03 22:49:55,044 INFO  nl.rdj.GreetPrinter  - hello, typesafe
2015-11-03 22:49:56,045 INFO  nl.rdj.Greeter  - Hello
2015-11-03 22:49:56,045 INFO  nl.rdj.GreetPrinter  - hello, typesafe
2015-11-03 22:49:57,047 INFO  nl.rdj.Greeter  - Hello
2015-11-03 22:49:57,047 INFO  nl.rdj.GreetPrinter  - hello, typesafe
2015-11-03 22:49:58,044 INFO  nl.rdj.Greeter  - Hello
2015-11-03 22:49:58,044 INFO  nl.rdj.GreetPrinter  - hello, typesafe
2015-11-03 22:49:59,044 INFO  nl.rdj.Greeter  - Hello
2015-11-03 22:49:59,044 INFO  nl.rdj.GreetPrinter  - hello, typesafe
2015-11-03 22:50:00,044 INFO  nl.rdj.Greeter  - Hello
2015-11-03 22:50:00,045 INFO  nl.rdj.GreetPrinter  - hello, typesafe
2015-11-03 22:50:01,045 INFO  nl.rdj.Greeter  - Hello
2015-11-03 22:50:01,045 INFO  nl.rdj.GreetPrinter  - hello, typesafe
2015-11-03 22:50:02,046 INFO  nl.rdj.Greeter  - Hello
2015-11-03 22:50:02,046 INFO  nl.rdj.GreetPrinter  - hello, typesafe
2015-11-03 22:50:03,044 INFO  nl.rdj.Greeter  - Hello
2015-11-03 22:50:03,045 INFO  nl.rdj.GreetPrinter  - hello, typesafe
2015-11-03 22:50:04,045 INFO  nl.rdj.Greeter  - Hello
2015-11-03 22:50:04,046 INFO  nl.rdj.GreetPrinter  - hello, typesafe
2015-11-03 22:50:05,045 INFO  nl.rdj.Greeter  - Hello
2015-11-03 22:50:05,045 INFO  nl.rdj.GreetPrinter  - hello, typesafe
2015-11-03 22:50:06,046 INFO  nl.rdj.Greeter  - Hello
2015-11-03 22:50:06,047 INFO  nl.rdj.GreetPrinter  - hello, typesafe
2015-11-03 22:50:07,046 INFO  nl.rdj.Greeter  - Hello
2015-11-03 22:50:07,046 INFO  nl.rdj.GreetPrinter  - hello, typesafe
2015-11-03 22:50:08,045 INFO  nl.rdj.Greeter  - Hello
2015-11-03 22:50:08,045 INFO  nl.rdj.GreetPrinter  - hello, typesafe
2015-11-03 22:50:09,045 INFO  nl.rdj.Greeter  - Hello
2015-11-03 22:50:09,045 INFO  nl.rdj.GreetPrinter  - hello, typesafe
2015-11-03 22:50:10,046 INFO  nl.rdj.Greeter  - Hello
2015-11-03 22:50:10,046 INFO  nl.rdj.GreetPrinter  - hello, typesafe
2015-11-03 22:50:11,046 INFO  nl.rdj.Greeter  - Hello
2015-11-03 22:50:11,046 INFO  nl.rdj.GreetPrinter  - hello, typesafe
2015-11-03 22:50:12,044 INFO  nl.rdj.Greeter  - Hello
2015-11-03 22:50:12,045 INFO  nl.rdj.GreetPrinter  - hello, typesafe
2015-11-03 22:50:13,045 INFO  nl.rdj.Greeter  - Hello
2015-11-03 22:50:13,045 INFO  nl.rdj.GreetPrinter  - hello, typesafe
2015-11-03 22:50:14,046 INFO  nl.rdj.Greeter  - Hello
2015-11-03 22:50:14,047 INFO  nl.rdj.GreetPrinter  - hello, typesafe
2015-11-03 22:50:15,046 INFO  nl.rdj.Greeter  - Hello
2015-11-03 22:50:15,047 INFO  nl.rdj.GreetPrinter  - hello, typesafe
2015-11-03 22:50:16,045 INFO  nl.rdj.Greeter  - Hello
2015-11-03 22:50:16,046 INFO  nl.rdj.GreetPrinter  - hello, typesafe
2015-11-03 22:50:17,045 INFO  nl.rdj.Greeter  - Hello
2015-11-03 22:50:17,045 INFO  nl.rdj.GreetPrinter  - hello, typesafe
2015-11-03 22:50:18,045 INFO  nl.rdj.Greeter  - Hello
2015-11-03 22:50:18,046 INFO  nl.rdj.GreetPrinter  - hello, typesafe
2015-11-03 22:50:19,045 INFO  nl.rdj.Greeter  - Hello
2015-11-03 22:50:19,045 INFO  nl.rdj.GreetPrinter  - hello, typesafe
2015-11-03 22:50:20,045 INFO  nl.rdj.Greeter  - Hello
2015-11-03 22:50:20,045 INFO  nl.rdj.GreetPrinter  - hello, typesafe
2015-11-03 22:50:21,049 INFO  nl.rdj.Greeter  - Hello
2015-11-03 22:50:21,050 INFO  nl.rdj.GreetPrinter  - hello, typesafe
2015-11-03 22:50:22,044 INFO  nl.rdj.Greeter  - Hello
2015-11-03 22:50:22,045 INFO  nl.rdj.GreetPrinter  - hello, typesafe
2015-11-03 22:50:23,045 INFO  nl.rdj.Greeter  - Hello
2015-11-03 22:50:23,045 INFO  nl.rdj.GreetPrinter  - hello, typesafe
2015-11-03 22:50:24,037 INFO  nl.rdj.Greeter  - Hello
2015-11-03 22:50:24,037 INFO  nl.rdj.GreetPrinter  - hello, typesafe
2015-11-03 22:50:25,044 INFO  nl.rdj.Greeter  - Hello
2015-11-03 22:50:25,045 INFO  nl.rdj.GreetPrinter  - hello, typesafe
2015-11-03 22:50:26,045 INFO  nl.rdj.Greeter  - Hello
2015-11-03 22:50:26,046 INFO  nl.rdj.GreetPrinter  - hello, typesafe
2015-11-03 22:50:27,035 INFO  nl.rdj.Greeter  - Hello
2015-11-03 22:50:27,035 INFO  nl.rdj.GreetPrinter  - hello, typesafe
2015-11-03 22:50:28,049 INFO  nl.rdj.Greeter  - Hello
2015-11-03 22:50:28,050 INFO  nl.rdj.GreetPrinter  - hello, typesafe
2015-11-03 22:50:29,046 INFO  nl.rdj.Greeter  - Hello
2015-11-03 22:50:29,046 INFO  nl.rdj.GreetPrinter  - hello, typesafe
2015-11-03 22:50:30,049 INFO  nl.rdj.Greeter  - Hello
2015-11-03 22:50:30,049 INFO  nl.rdj.GreetPrinter  - hello, typesafe
2015-11-03 22:50:31,045 INFO  nl.rdj.Greeter  - Hello
2015-11-03 22:50:31,045 INFO  nl.rdj.GreetPrinter  - hello, typesafe
2015-11-03 22:50:32,045 INFO  nl.rdj.Greeter  - Hello
2015-11-03 22:50:32,045 INFO  nl.rdj.GreetPrinter  - hello, typesafe
2015-11-03 22:50:33,045 INFO  nl.rdj.Greeter  - Hello
2015-11-03 22:50:33,045 INFO  nl.rdj.GreetPrinter  - hello, typesafe
2015-11-03 22:50:34,044 INFO  nl.rdj.Greeter  - Hello
2015-11-03 22:50:34,045 INFO  nl.rdj.GreetPrinter  - hello, typesafe
2015-11-03 22:50:35,045 INFO  nl.rdj.Greeter  - Hello
2015-11-03 22:50:35,045 INFO  nl.rdj.GreetPrinter  - hello, typesafe
2015-11-03 22:50:36,045 INFO  nl.rdj.Greeter  - Hello
2015-11-03 22:50:36,045 INFO  nl.rdj.GreetPrinter  - hello, typesafe
2015-11-03 22:50:37,046 INFO  nl.rdj.Greeter  - Hello
2015-11-03 22:50:37,046 INFO  nl.rdj.GreetPrinter  - hello, typesafe
2015-11-03 22:50:38,047 INFO  nl.rdj.Greeter  - Hello
2015-11-03 22:50:38,048 INFO  nl.rdj.GreetPrinter  - hello, typesafe
2015-11-03 22:50:39,047 INFO  nl.rdj.Greeter  - Hello
2015-11-03 22:50:39,047 INFO  nl.rdj.GreetPrinter  - hello, typesafe
2015-11-03 22:50:40,046 INFO  nl.rdj.Greeter  - Hello
2015-11-03 22:50:40,046 INFO  nl.rdj.GreetPrinter  - hello, typesafe
2015-11-03 22:50:41,048 INFO  nl.rdj.Greeter  - Hello
2015-11-03 22:50:41,048 INFO  nl.rdj.GreetPrinter  - hello, typesafe
2015-11-03 22:50:42,036 INFO  nl.rdj.Greeter  - Hello
2015-11-03 22:50:42,036 INFO  nl.rdj.GreetPrinter  - hello, typesafe
2015-11-03 22:50:43,047 INFO  nl.rdj.Greeter  - Hello
2015-11-03 22:50:43,048 INFO  nl.rdj.GreetPrinter  - hello, typesafe
2015-11-03 22:50:44,046 INFO  nl.rdj.Greeter  - Hello
2015-11-03 22:50:44,046 INFO  nl.rdj.GreetPrinter  - hello, typesafe
2015-11-03 22:50:45,045 INFO  nl.rdj.Greeter  - Hello
2015-11-03 22:50:45,045 INFO  nl.rdj.GreetPrinter  - hello, typesafe
2015-11-03 22:50:46,046 INFO  nl.rdj.Greeter  - Hello
2015-11-03 22:50:46,046 INFO  nl.rdj.GreetPrinter  - hello, typesafe
2015-11-03 22:50:47,045 INFO  nl.rdj.Greeter  - Hello
2015-11-03 22:50:47,045 INFO  nl.rdj.GreetPrinter  - hello, typesafe
2015-11-03 22:50:48,046 INFO  nl.rdj.Greeter  - Hello
2015-11-03 22:50:48,046 INFO  nl.rdj.GreetPrinter  - hello, typesafe
2015-11-03 22:50:49,045 INFO  nl.rdj.Greeter  - Hello
2015-11-03 22:50:49,045 INFO  nl.rdj.GreetPrinter  - hello, typesafe
2015-11-03 22:50:50,049 INFO  nl.rdj.Greeter  - Hello
2015-11-03 22:50:50,049 INFO  nl.rdj.GreetPrinter  - hello, typesafe
2015-11-03 22:50:51,046 INFO  nl.rdj.Greeter  - Hello
2015-11-03 22:50:51,046 INFO  nl.rdj.GreetPrinter  - hello, typesafe
2015-11-03 22:50:52,035 INFO  nl.rdj.Greeter  - Hello
2015-11-03 22:50:52,035 INFO  nl.rdj.GreetPrinter  - hello, typesafe
2015-11-03 22:50:53,048 INFO  nl.rdj.Greeter  - Hello
2015-11-03 22:50:53,048 INFO  nl.rdj.GreetPrinter  - hello, typesafe
2015-11-03 22:50:54,045 INFO  nl.rdj.Greeter  - Hello
2015-11-03 22:50:54,045 INFO  nl.rdj.GreetPrinter  - hello, typesafe
2015-11-03 22:50:55,046 INFO  nl.rdj.Greeter  - Hello
2015-11-03 22:50:55,046 INFO  nl.rdj.GreetPrinter  - hello, typesafe
2015-11-03 22:50:56,045 INFO  nl.rdj.Greeter  - Hello
2015-11-03 22:50:56,045 INFO  nl.rdj.GreetPrinter  - hello, typesafe
2015-11-03 22:50:57,036 INFO  nl.rdj.Greeter  - Hello
2015-11-03 22:50:57,036 INFO  nl.rdj.GreetPrinter  - hello, typesafe
2015-11-03 22:50:58,045 INFO  nl.rdj.Greeter  - Hello
2015-11-03 22:50:58,045 INFO  nl.rdj.GreetPrinter  - hello, typesafe
2015-11-03 22:50:59,045 INFO  nl.rdj.Greeter  - Hello
2015-11-03 22:50:59,045 INFO  nl.rdj.GreetPrinter  - hello, typesafe
2015-11-03 22:51:00,045 INFO  nl.rdj.Greeter  - Hello
2015-11-03 22:51:00,046 INFO  nl.rdj.GreetPrinter  - hello, typesafe
2015-11-03 22:51:01,045 INFO  nl.rdj.Greeter  - Hello
2015-11-03 22:51:01,045 INFO  nl.rdj.GreetPrinter  - hello, typesafe
2015-11-03 22:51:02,045 INFO  nl.rdj.Greeter  - Hello
2015-11-03 22:51:02,046 INFO  nl.rdj.GreetPrinter  - hello, typesafe
2015-11-03 22:51:03,045 INFO  nl.rdj.Greeter  - Hello
2015-11-03 22:51:03,045 INFO  nl.rdj.GreetPrinter  - hello, typesafe
2015-11-03 22:51:04,045 INFO  nl.rdj.Greeter  - Hello
2015-11-03 22:51:04,045 INFO  nl.rdj.GreetPrinter  - hello, typesafe
2015-11-03 22:51:05,045 INFO  nl.rdj.Greeter  - Hello
2015-11-03 22:51:05,045 INFO  nl.rdj.GreetPrinter  - hello, typesafe
2015-11-03 22:51:06,046 INFO  nl.rdj.Greeter  - Hello
2015-11-03 22:51:06,046 INFO  nl.rdj.GreetPrinter  - hello, typesafe
2015-11-03 22:51:07,046 INFO  nl.rdj.Greeter  - Hello
2015-11-03 22:51:07,046 INFO  nl.rdj.GreetPrinter  - hello, typesafe
2015-11-03 22:51:08,035 INFO  nl.rdj.Greeter  - Hello
2015-11-03 22:51:08,035 INFO  nl.rdj.GreetPrinter  - hello, typesafe
2015-11-03 22:51:09,048 INFO  nl.rdj.Greeter  - Hello
2015-11-03 22:51:09,048 INFO  nl.rdj.GreetPrinter  - hello, typesafe
2015-11-03 22:51:10,048 INFO  nl.rdj.Greeter  - Hello
2015-11-03 22:51:10,048 INFO  nl.rdj.GreetPrinter  - hello, typesafe
2015-11-03 22:51:11,044 INFO  nl.rdj.Greeter  - Hello
2015-11-03 22:51:11,044 INFO  nl.rdj.GreetPrinter  - hello, typesafe
2015-11-03 22:51:12,045 INFO  nl.rdj.Greeter  - Hello
2015-11-03 22:51:12,045 INFO  nl.rdj.GreetPrinter  - hello, typesafe
2015-11-03 22:51:13,045 INFO  nl.rdj.Greeter  - Hello
2015-11-03 22:51:13,045 INFO  nl.rdj.GreetPrinter  - hello, typesafe
2015-11-03 22:51:14,045 INFO  nl.rdj.Greeter  - Hello
2015-11-03 22:51:14,045 INFO  nl.rdj.GreetPrinter  - hello, typesafe
2015-11-03 22:51:15,045 INFO  nl.rdj.Greeter  - Hello
2015-11-03 22:51:15,045 INFO  nl.rdj.GreetPrinter  - hello, typesafe
2015-11-03 22:51:16,046 INFO  nl.rdj.Greeter  - Hello
2015-11-03 22:51:16,046 INFO  nl.rdj.GreetPrinter  - hello, typesafe
2015-11-03 22:51:17,045 INFO  nl.rdj.Greeter  - Hello
2015-11-03 22:51:17,045 INFO  nl.rdj.GreetPrinter  - hello, typesafe
2015-11-03 22:51:18,048 INFO  nl.rdj.Greeter  - Hello
2015-11-03 22:51:18,049 INFO  nl.rdj.GreetPrinter  - hello, typesafe
2015-11-03 22:51:19,047 INFO  nl.rdj.Greeter  - Hello
2015-11-03 22:51:19,047 INFO  nl.rdj.GreetPrinter  - hello, typesafe
2015-11-03 22:51:20,045 INFO  nl.rdj.Greeter  - Hello
2015-11-03 22:51:20,046 INFO  nl.rdj.GreetPrinter  - hello, typesafe
2015-11-03 22:51:21,047 INFO  nl.rdj.Greeter  - Hello
2015-11-03 22:51:21,047 INFO  nl.rdj.GreetPrinter  - hello, typesafe
2015-11-03 22:51:22,046 INFO  nl.rdj.Greeter  - Hello
2015-11-03 22:51:22,047 INFO  nl.rdj.GreetPrinter  - hello, typesafe
2015-11-03 22:51:23,046 INFO  nl.rdj.Greeter  - Hello
2015-11-03 22:51:23,046 INFO  nl.rdj.GreetPrinter  - hello, typesafe
2015-11-03 22:51:24,047 INFO  nl.rdj.Greeter  - Hello
2015-11-03 22:51:24,047 INFO  nl.rdj.GreetPrinter  - hello, typesafe
2015-11-03 22:51:25,045 INFO  nl.rdj.Greeter  - Hello
2015-11-03 22:51:25,045 INFO  nl.rdj.GreetPrinter  - hello, typesafe
2015-11-03 22:51:26,045 INFO  nl.rdj.Greeter  - Hello
2015-11-03 22:51:26,045 INFO  nl.rdj.GreetPrinter  - hello, typesafe
2015-11-03 22:51:27,047 INFO  nl.rdj.Greeter  - Hello
2015-11-03 22:51:27,048 INFO  nl.rdj.GreetPrinter  - hello, typesafe
2015-11-03 22:51:28,045 INFO  nl.rdj.Greeter  - Hello
2015-11-03 22:51:28,045 INFO  nl.rdj.GreetPrinter  - hello, typesafe
2015-11-03 22:51:29,045 INFO  nl.rdj.Greeter  - Hello
2015-11-03 22:51:29,045 INFO  nl.rdj.GreetPrinter  - hello, typesafe
2015-11-03 22:51:30,045 INFO  nl.rdj.Greeter  - Hello
2015-11-03 22:51:30,045 INFO  nl.rdj.GreetPrinter  - hello, typesafe
2015-11-03 22:51:31,045 INFO  nl.rdj.Greeter  - Hello
2015-11-03 22:51:31,046 INFO  nl.rdj.GreetPrinter  - hello, typesafe
2015-11-03 22:51:32,045 INFO  nl.rdj.Greeter  - Hello
2015-11-03 22:51:32,046 INFO  nl.rdj.GreetPrinter  - hello, typesafe
2015-11-03 22:51:33,044 INFO  nl.rdj.Greeter  - Hello
2015-11-03 22:51:33,045 INFO  nl.rdj.GreetPrinter  - hello, typesafe
2015-11-03 22:51:34,045 INFO  nl.rdj.Greeter  - Hello
2015-11-03 22:51:34,045 INFO  nl.rdj.GreetPrinter  - hello, typesafe
2015-11-03 22:51:35,046 INFO  nl.rdj.Greeter  - Hello
2015-11-03 22:51:35,046 INFO  nl.rdj.GreetPrinter  - hello, typesafe
2015-11-03 22:51:36,047 INFO  nl.rdj.Greeter  - Hello
2015-11-03 22:51:36,047 INFO  nl.rdj.GreetPrinter  - hello, typesafe
2015-11-03 22:51:37,047 INFO  nl.rdj.Greeter  - Hello
2015-11-03 22:51:37,047 INFO  nl.rdj.GreetPrinter  - hello, typesafe
2015-11-03 22:51:38,047 INFO  nl.rdj.Greeter  - Hello
2015-11-03 22:51:38,047 INFO  nl.rdj.GreetPrinter  - hello, typesafe
2015-11-03 22:51:39,046 INFO  nl.rdj.Greeter  - Hello
2015-11-03 22:51:39,046 INFO  nl.rdj.GreetPrinter  - hello, typesafe
2015-11-03 22:51:40,035 INFO  nl.rdj.Greeter  - Hello
2015-11-03 22:51:40,035 INFO  nl.rdj.GreetPrinter  - hello, typesafe
2015-11-03 22:51:41,046 INFO  nl.rdj.Greeter  - Hello
2015-11-03 22:51:41,046 INFO  nl.rdj.GreetPrinter  - hello, typesafe
2015-11-03 22:51:42,035 INFO  nl.rdj.Greeter  - Hello
2015-11-03 22:51:42,035 INFO  nl.rdj.GreetPrinter  - hello, typesafe
2015-11-03 22:51:43,045 INFO  nl.rdj.Greeter  - Hello
2015-11-03 22:51:43,045 INFO  nl.rdj.GreetPrinter  - hello, typesafe
2015-11-03 22:51:44,045 INFO  nl.rdj.Greeter  - Hello
2015-11-03 22:51:44,045 INFO  nl.rdj.GreetPrinter  - hello, typesafe
2015-11-03 22:51:45,047 INFO  nl.rdj.Greeter  - Hello
2015-11-03 22:51:45,047 INFO  nl.rdj.GreetPrinter  - hello, typesafe
2015-11-03 22:51:46,044 INFO  nl.rdj.Greeter  - Hello
2015-11-03 22:51:46,045 INFO  nl.rdj.GreetPrinter  - hello, typesafe
2015-11-03 22:51:47,045 INFO  nl.rdj.Greeter  - Hello
2015-11-03 22:51:47,046 INFO  nl.rdj.GreetPrinter  - hello, typesafe
2015-11-03 22:51:48,036 INFO  nl.rdj.Greeter  - Hello
2015-11-03 22:51:48,036 INFO  nl.rdj.GreetPrinter  - hello, typesafe
2015-11-03 22:51:49,046 INFO  nl.rdj.Greeter  - Hello
2015-11-03 22:51:49,046 INFO  nl.rdj.GreetPrinter  - hello, typesafe
2015-11-03 22:51:50,047 INFO  nl.rdj.Greeter  - Hello
2015-11-03 22:51:50,047 INFO  nl.rdj.GreetPrinter  - hello, typesafe
2015-11-03 22:51:51,046 INFO  nl.rdj.Greeter  - Hello
2015-11-03 22:51:51,046 INFO  nl.rdj.GreetPrinter  - hello, typesafe
2015-11-03 22:51:52,045 INFO  nl.rdj.Greeter  - Hello
2015-11-03 22:51:52,046 INFO  nl.rdj.GreetPrinter  - hello, typesafe
2015-11-03 22:51:53,044 INFO  nl.rdj.Greeter  - Hello
2015-11-03 22:51:53,045 INFO  nl.rdj.GreetPrinter  - hello, typesafe
2015-11-03 22:51:54,046 INFO  nl.rdj.Greeter  - Hello
2015-11-03 22:51:54,046 INFO  nl.rdj.GreetPrinter  - hello, typesafe
2015-11-03 22:51:55,047 INFO  nl.rdj.Greeter  - Hello
2015-11-03 22:51:55,047 INFO  nl.rdj.GreetPrinter  - hello, typesafe
2015-11-03 22:51:56,046 INFO  nl.rdj.Greeter  - Hello
2015-11-03 22:51:56,046 INFO  nl.rdj.GreetPrinter  - hello, typesafe
2015-11-03 22:51:57,047 INFO  nl.rdj.Greeter  - Hello
2015-11-03 22:51:57,047 INFO  nl.rdj.GreetPrinter  - hello, typesafe
2015-11-03 22:51:58,052 INFO  nl.rdj.Greeter  - Hello
2015-11-03 22:51:58,052 INFO  nl.rdj.GreetPrinter  - hello, typesafe
2015-11-03 22:51:59,047 INFO  nl.rdj.Greeter  - Hello
2015-11-03 22:51:59,047 INFO  nl.rdj.GreetPrinter  - hello, typesafe
2015-11-03 22:52:00,046 INFO  nl.rdj.Greeter  - Hello
2015-11-03 22:52:00,047 INFO  nl.rdj.GreetPrinter  - hello, typesafe
2015-11-03 22:52:01,045 INFO  nl.rdj.Greeter  - Hello
2015-11-03 22:52:01,045 INFO  nl.rdj.GreetPrinter  - hello, typesafe
2015-11-03 22:52:02,046 INFO  nl.rdj.Greeter  - Hello
2015-11-03 22:52:02,046 INFO  nl.rdj.GreetPrinter  - hello, typesafe
2015-11-03 22:52:03,046 INFO  nl.rdj.Greeter  - Hello
2015-11-03 22:52:03,046 INFO  nl.rdj.GreetPrinter  - hello, typesafe
2015-11-03 22:52:04,045 INFO  nl.rdj.Greeter  - Hello
2015-11-03 22:52:04,045 INFO  nl.rdj.GreetPrinter  - hello, typesafe
2015-11-03 22:52:05,046 INFO  nl.rdj.Greeter  - Hello
2015-11-03 22:52:05,046 INFO  nl.rdj.GreetPrinter  - hello, typesafe
2015-11-03 22:52:06,046 INFO  nl.rdj.Greeter  - Hello
2015-11-03 22:52:06,046 INFO  nl.rdj.GreetPrinter  - hello, typesafe
2015-11-03 22:52:07,036 INFO  nl.rdj.Greeter  - Hello
2015-11-03 22:52:07,037 INFO  nl.rdj.GreetPrinter  - hello, typesafe
2015-11-03 22:52:08,045 INFO  nl.rdj.Greeter  - Hello
2015-11-03 22:52:08,046 INFO  nl.rdj.GreetPrinter  - hello, typesafe
2015-11-03 22:52:09,046 INFO  nl.rdj.Greeter  - Hello
2015-11-03 22:52:09,047 INFO  nl.rdj.GreetPrinter  - hello, typesafe
2015-11-03 22:52:10,046 INFO  nl.rdj.Greeter  - Hello
2015-11-03 22:52:10,047 INFO  nl.rdj.GreetPrinter  - hello, typesafe
2015-11-03 22:52:11,045 INFO  nl.rdj.Greeter  - Hello
2015-11-03 22:52:11,046 INFO  nl.rdj.GreetPrinter  - hello, typesafe
2015-11-03 22:52:12,045 INFO  nl.rdj.Greeter  - Hello
2015-11-03 22:52:12,046 INFO  nl.rdj.GreetPrinter  - hello, typesafe
2015-11-03 22:52:13,045 INFO  nl.rdj.Greeter  - Hello
2015-11-03 22:52:13,045 INFO  nl.rdj.GreetPrinter  - hello, typesafe
2015-11-03 22:52:14,045 INFO  nl.rdj.Greeter  - Hello
2015-11-03 22:52:14,045 INFO  nl.rdj.GreetPrinter  - hello, typesafe
2015-11-03 22:52:15,051 INFO  nl.rdj.Greeter  - Hello
2015-11-03 22:52:15,051 INFO  nl.rdj.GreetPrinter  - hello, typesafe
2015-11-03 22:52:16,045 INFO  nl.rdj.Greeter  - Hello
2015-11-03 22:52:16,045 INFO  nl.rdj.GreetPrinter  - hello, typesafe
2015-11-03 22:52:17,045 INFO  nl.rdj.Greeter  - Hello
2015-11-03 22:52:17,046 INFO  nl.rdj.GreetPrinter  - hello, typesafe
2015-11-03 22:52:18,045 INFO  nl.rdj.Greeter  - Hello
2015-11-03 22:52:18,045 INFO  nl.rdj.GreetPrinter  - hello, typesafe
2015-11-03 22:52:19,046 INFO  nl.rdj.Greeter  - Hello
2015-11-03 22:52:19,046 INFO  nl.rdj.GreetPrinter  - hello, typesafe
2015-11-03 22:52:20,046 INFO  nl.rdj.Greeter  - Hello
2015-11-03 22:52:20,047 INFO  nl.rdj.GreetPrinter  - hello, typesafe
2015-11-03 22:52:21,035 INFO  nl.rdj.Greeter  - Hello
2015-11-03 22:52:21,035 INFO  nl.rdj.GreetPrinter  - hello, typesafe
2015-11-03 22:52:22,045 INFO  nl.rdj.Greeter  - Hello
2015-11-03 22:52:22,045 INFO  nl.rdj.GreetPrinter  - hello, typesafe
2015-11-03 22:52:23,045 INFO  nl.rdj.Greeter  - Hello
2015-11-03 22:52:23,045 INFO  nl.rdj.GreetPrinter  - hello, typesafe
2015-11-03 22:52:24,044 INFO  nl.rdj.Greeter  - Hello
2015-11-03 22:52:24,044 INFO  nl.rdj.GreetPrinter  - hello, typesafe
2015-11-03 22:52:25,045 INFO  nl.rdj.Greeter  - Hello
2015-11-03 22:52:25,045 INFO  nl.rdj.GreetPrinter  - hello, typesafe
2015-11-03 22:52:26,045 INFO  nl.rdj.Greeter  - Hello
2015-11-03 22:52:26,045 INFO  nl.rdj.GreetPrinter  - hello, typesafe
2015-11-03 22:52:27,044 INFO  nl.rdj.Greeter  - Hello
2015-11-03 22:52:27,045 INFO  nl.rdj.GreetPrinter  - hello, typesafe
2015-11-03 22:52:28,045 INFO  nl.rdj.Greeter  - Hello
2015-11-03 22:52:28,045 INFO  nl.rdj.GreetPrinter  - hello, typesafe
2015-11-03 22:52:29,045 INFO  nl.rdj.Greeter  - Hello
2015-11-03 22:52:29,045 INFO  nl.rdj.GreetPrinter  - hello, typesafe
2015-11-03 22:52:30,045 INFO  nl.rdj.Greeter  - Hello
2015-11-03 22:52:30,045 INFO  nl.rdj.GreetPrinter  - hello, typesafe
2015-11-03 22:52:31,044 INFO  nl.rdj.Greeter  - Hello
2015-11-03 22:52:31,045 INFO  nl.rdj.GreetPrinter  - hello, typesafe
2015-11-03 22:52:32,035 INFO  nl.rdj.Greeter  - Hello
2015-11-03 22:52:32,035 INFO  nl.rdj.GreetPrinter  - hello, typesafe
2015-11-03 22:52:33,046 INFO  nl.rdj.Greeter  - Hello
2015-11-03 22:52:33,046 INFO  nl.rdj.GreetPrinter  - hello, typesafe
2015-11-03 22:52:34,046 INFO  nl.rdj.Greeter  - Hello
2015-11-03 22:52:34,046 INFO  nl.rdj.GreetPrinter  - hello, typesafe
2015-11-03 22:52:35,035 INFO  nl.rdj.Greeter  - Hello
2015-11-03 22:52:35,035 INFO  nl.rdj.GreetPrinter  - hello, typesafe
2015-11-03 22:52:36,045 INFO  nl.rdj.Greeter  - Hello
2015-11-03 22:52:36,045 INFO  nl.rdj.GreetPrinter  - hello, typesafe
2015-11-03 22:52:37,045 INFO  nl.rdj.Greeter  - Hello
2015-11-03 22:52:37,045 INFO  nl.rdj.GreetPrinter  - hello, typesafe
2015-11-03 22:52:38,037 INFO  nl.rdj.Greeter  - Hello
2015-11-03 22:52:38,037 INFO  nl.rdj.GreetPrinter  - hello, typesafe
2015-11-03 22:52:39,044 INFO  nl.rdj.Greeter  - Hello
2015-11-03 22:52:39,045 INFO  nl.rdj.GreetPrinter  - hello, typesafe
2015-11-03 22:52:40,045 INFO  nl.rdj.Greeter  - Hello
2015-11-03 22:52:40,045 INFO  nl.rdj.GreetPrinter  - hello, typesafe
2015-11-03 22:52:41,045 INFO  nl.rdj.Greeter  - Hello
2015-11-03 22:52:41,045 INFO  nl.rdj.GreetPrinter  - hello, typesafe
2015-11-03 22:52:42,045 INFO  nl.rdj.Greeter  - Hello
2015-11-03 22:52:42,045 INFO  nl.rdj.GreetPrinter  - hello, typesafe
2015-11-03 22:52:43,046 INFO  nl.rdj.Greeter  - Hello
2015-11-03 22:52:43,046 INFO  nl.rdj.GreetPrinter  - hello, typesafe
2015-11-03 22:52:44,045 INFO  nl.rdj.Greeter  - Hello
2015-11-03 22:52:44,045 INFO  nl.rdj.GreetPrinter  - hello, typesafe
2015-11-03 22:52:45,045 INFO  nl.rdj.Greeter  - Hello
2015-11-03 22:52:45,046 INFO  nl.rdj.GreetPrinter  - hello, typesafe
2015-11-03 22:52:46,044 INFO  nl.rdj.Greeter  - Hello
2015-11-03 22:52:46,045 INFO  nl.rdj.GreetPrinter  - hello, typesafe
2015-11-03 22:52:47,046 INFO  nl.rdj.Greeter  - Hello
2015-11-03 22:52:47,046 INFO  nl.rdj.GreetPrinter  - hello, typesafe
2015-11-03 22:52:48,045 INFO  nl.rdj.Greeter  - Hello
2015-11-03 22:52:48,046 INFO  nl.rdj.GreetPrinter  - hello, typesafe
2015-11-03 22:52:49,045 INFO  nl.rdj.Greeter  - Hello
2015-11-03 22:52:49,046 INFO  nl.rdj.GreetPrinter  - hello, typesafe
2015-11-03 22:52:50,045 INFO  nl.rdj.Greeter  - Hello
2015-11-03 22:52:50,046 INFO  nl.rdj.GreetPrinter  - hello, typesafe
2015-11-03 22:52:51,045 INFO  nl.rdj.Greeter  - Hello
2015-11-03 22:52:51,045 INFO  nl.rdj.GreetPrinter  - hello, typesafe
2015-11-03 22:52:52,048 INFO  nl.rdj.Greeter  - Hello
2015-11-03 22:52:52,049 INFO  nl.rdj.GreetPrinter  - hello, typesafe
2015-11-03 22:52:53,046 INFO  nl.rdj.Greeter  - Hello
2015-11-03 22:52:53,046 INFO  nl.rdj.GreetPrinter  - hello, typesafe
2015-11-03 22:52:54,045 INFO  nl.rdj.Greeter  - Hello
2015-11-03 22:52:54,045 INFO  nl.rdj.GreetPrinter  - hello, typesafe
2015-11-03 22:52:55,045 INFO  nl.rdj.Greeter  - Hello
2015-11-03 22:52:55,045 INFO  nl.rdj.GreetPrinter  - hello, typesafe
2015-11-03 22:52:56,048 INFO  nl.rdj.Greeter  - Hello
2015-11-03 22:52:56,048 INFO  nl.rdj.GreetPrinter  - hello, typesafe
2015-11-03 22:52:57,045 INFO  nl.rdj.Greeter  - Hello
2015-11-03 22:52:57,045 INFO  nl.rdj.GreetPrinter  - hello, typesafe
2015-11-03 22:52:58,045 INFO  nl.rdj.Greeter  - Hello
2015-11-03 22:52:58,045 INFO  nl.rdj.GreetPrinter  - hello, typesafe
2015-11-03 22:52:59,046 INFO  nl.rdj.Greeter  - Hello
2015-11-03 22:52:59,047 INFO  nl.rdj.GreetPrinter  - hello, typesafe
2015-11-03 22:53:00,045 INFO  nl.rdj.Greeter  - Hello
2015-11-03 22:53:00,046 INFO  nl.rdj.GreetPrinter  - hello, typesafe
2015-11-03 22:53:01,046 INFO  nl.rdj.Greeter  - Hello
2015-11-03 22:53:01,046 INFO  nl.rdj.GreetPrinter  - hello, typesafe
2015-11-03 22:53:02,045 INFO  nl.rdj.Greeter  - Hello
2015-11-03 22:53:02,045 INFO  nl.rdj.GreetPrinter  - hello, typesafe
2015-11-03 22:53:03,045 INFO  nl.rdj.Greeter  - Hello
2015-11-03 22:53:03,045 INFO  nl.rdj.GreetPrinter  - hello, typesafe
2015-11-03 22:53:04,045 INFO  nl.rdj.Greeter  - Hello
2015-11-03 22:53:04,045 INFO  nl.rdj.GreetPrinter  - hello, typesafe
2015-11-03 22:53:05,046 INFO  nl.rdj.Greeter  - Hello
2015-11-03 22:53:05,046 INFO  nl.rdj.GreetPrinter  - hello, typesafe
2015-11-03 22:53:06,049 INFO  nl.rdj.Greeter  - Hello
2015-11-03 22:53:06,049 INFO  nl.rdj.GreetPrinter  - hello, typesafe
2015-11-03 22:53:07,045 INFO  nl.rdj.Greeter  - Hello
2015-11-03 22:53:07,045 INFO  nl.rdj.GreetPrinter  - hello, typesafe
2015-11-03 22:53:08,045 INFO  nl.rdj.Greeter  - Hello
2015-11-03 22:53:08,045 INFO  nl.rdj.GreetPrinter  - hello, typesafe
2015-11-03 22:53:09,045 INFO  nl.rdj.Greeter  - Hello
2015-11-03 22:53:09,046 INFO  nl.rdj.GreetPrinter  - hello, typesafe
2015-11-03 22:53:10,045 INFO  nl.rdj.Greeter  - Hello
2015-11-03 22:53:10,046 INFO  nl.rdj.GreetPrinter  - hello, typesafe
2015-11-03 22:53:11,044 INFO  nl.rdj.Greeter  - Hello
2015-11-03 22:53:11,045 INFO  nl.rdj.GreetPrinter  - hello, typesafe
2015-11-03 22:53:12,046 INFO  nl.rdj.Greeter  - Hello
2015-11-03 22:53:12,046 INFO  nl.rdj.GreetPrinter  - hello, typesafe
2015-11-03 22:53:13,048 INFO  nl.rdj.Greeter  - Hello
2015-11-03 22:53:13,049 INFO  nl.rdj.GreetPrinter  - hello, typesafe
2015-11-03 22:53:14,045 INFO  nl.rdj.Greeter  - Hello
2015-11-03 22:53:14,045 INFO  nl.rdj.GreetPrinter  - hello, typesafe
2015-11-03 22:53:15,046 INFO  nl.rdj.Greeter  - Hello
2015-11-03 22:53:15,046 INFO  nl.rdj.GreetPrinter  - hello, typesafe
2015-11-03 22:53:16,048 INFO  nl.rdj.Greeter  - Hello
2015-11-03 22:53:16,049 INFO  nl.rdj.GreetPrinter  - hello, typesafe
2015-11-03 22:53:17,045 INFO  nl.rdj.Greeter  - Hello
2015-11-03 22:53:17,046 INFO  nl.rdj.GreetPrinter  - hello, typesafe
2015-11-03 22:53:18,045 INFO  nl.rdj.Greeter  - Hello
2015-11-03 22:53:18,045 INFO  nl.rdj.GreetPrinter  - hello, typesafe
2015-11-03 22:53:19,048 INFO  nl.rdj.Greeter  - Hello
2015-11-03 22:53:19,048 INFO  nl.rdj.GreetPrinter  - hello, typesafe
2015-11-03 22:53:20,045 INFO  nl.rdj.Greeter  - Hello
2015-11-03 22:53:20,045 INFO  nl.rdj.GreetPrinter  - hello, typesafe
2015-11-03 22:53:21,049 INFO  nl.rdj.Greeter  - Hello
2015-11-03 22:53:21,054 INFO  nl.rdj.GreetPrinter  - hello, typesafe
2015-11-03 22:53:22,045 INFO  nl.rdj.Greeter  - Hello
2015-11-03 22:53:22,045 INFO  nl.rdj.GreetPrinter  - hello, typesafe
2015-11-03 22:53:23,046 INFO  nl.rdj.Greeter  - Hello
2015-11-03 22:53:23,046 INFO  nl.rdj.GreetPrinter  - hello, typesafe
2015-11-03 22:53:24,046 INFO  nl.rdj.Greeter  - Hello
2015-11-03 22:53:24,046 INFO  nl.rdj.GreetPrinter  - hello, typesafe
2015-11-03 22:53:25,044 INFO  nl.rdj.Greeter  - Hello
2015-11-03 22:53:25,045 INFO  nl.rdj.GreetPrinter  - hello, typesafe
2015-11-03 22:53:26,044 INFO  nl.rdj.Greeter  - Hello
2015-11-03 22:53:26,045 INFO  nl.rdj.GreetPrinter  - hello, typesafe
2015-11-03 22:53:27,045 INFO  nl.rdj.Greeter  - Hello
2015-11-03 22:53:27,045 INFO  nl.rdj.GreetPrinter  - hello, typesafe
2015-11-03 22:53:28,045 INFO  nl.rdj.Greeter  - Hello
2015-11-03 22:53:28,045 INFO  nl.rdj.GreetPrinter  - hello, typesafe
2015-11-03 22:53:29,045 INFO  nl.rdj.Greeter  - Hello
2015-11-03 22:53:29,045 INFO  nl.rdj.GreetPrinter  - hello, typesafe
2015-11-03 22:53:30,044 INFO  nl.rdj.Greeter  - Hello
2015-11-03 22:53:30,045 INFO  nl.rdj.GreetPrinter  - hello, typesafe
2015-11-03 22:53:31,044 INFO  nl.rdj.Greeter  - Hello
2015-11-03 22:53:31,044 INFO  nl.rdj.GreetPrinter  - hello, typesafe
2015-11-03 22:53:32,046 INFO  nl.rdj.Greeter  - Hello
2015-11-03 22:53:32,046 INFO  nl.rdj.GreetPrinter  - hello, typesafe
2015-11-03 22:53:33,045 INFO  nl.rdj.Greeter  - Hello
2015-11-03 22:53:33,045 INFO  nl.rdj.GreetPrinter  - hello, typesafe
2015-11-03 22:53:34,045 INFO  nl.rdj.Greeter  - Hello
2015-11-03 22:53:34,045 INFO  nl.rdj.GreetPrinter  - hello, typesafe
2015-11-03 22:53:35,045 INFO  nl.rdj.Greeter  - Hello
2015-11-03 22:53:35,045 INFO  nl.rdj.GreetPrinter  - hello, typesafe
2015-11-03 22:53:36,045 INFO  nl.rdj.Greeter  - Hello
2015-11-03 22:53:36,045 INFO  nl.rdj.GreetPrinter  - hello, typesafe
2015-11-03 22:53:37,044 INFO  nl.rdj.Greeter  - Hello
2015-11-03 22:53:37,044 INFO  nl.rdj.GreetPrinter  - hello, typesafe
2015-11-03 22:53:38,044 INFO  nl.rdj.Greeter  - Hello
2015-11-03 22:53:38,045 INFO  nl.rdj.GreetPrinter  - hello, typesafe
2015-11-03 22:53:39,044 INFO  nl.rdj.Greeter  - Hello
2015-11-03 22:53:39,044 INFO  nl.rdj.GreetPrinter  - hello, typesafe
2015-11-03 22:53:40,045 INFO  nl.rdj.Greeter  - Hello
2015-11-03 22:53:40,045 INFO  nl.rdj.GreetPrinter  - hello, typesafe
2015-11-03 22:53:41,045 INFO  nl.rdj.Greeter  - Hello
2015-11-03 22:53:41,045 INFO  nl.rdj.GreetPrinter  - hello, typesafe
2015-11-03 22:53:42,045 INFO  nl.rdj.Greeter  - Hello
2015-11-03 22:53:42,045 INFO  nl.rdj.GreetPrinter  - hello, typesafe
2015-11-03 22:53:43,044 INFO  nl.rdj.Greeter  - Hello
2015-11-03 22:53:43,044 INFO  nl.rdj.GreetPrinter  - hello, typesafe
2015-11-03 22:53:44,045 INFO  nl.rdj.Greeter  - Hello
2015-11-03 22:53:44,045 INFO  nl.rdj.GreetPrinter  - hello, typesafe
2015-11-03 22:53:45,045 INFO  nl.rdj.Greeter  - Hello
2015-11-03 22:53:45,045 INFO  nl.rdj.GreetPrinter  - hello, typesafe
2015-11-03 22:53:46,045 INFO  nl.rdj.Greeter  - Hello
2015-11-03 22:53:46,045 INFO  nl.rdj.GreetPrinter  - hello, typesafe
2015-11-03 22:53:47,044 INFO  nl.rdj.Greeter  - Hello
2015-11-03 22:53:47,044 INFO  nl.rdj.GreetPrinter  - hello, typesafe
2015-11-03 22:53:48,045 INFO  nl.rdj.Greeter  - Hello
2015-11-03 22:53:48,045 INFO  nl.rdj.GreetPrinter  - hello, typesafe
2015-11-03 22:53:49,045 INFO  nl.rdj.Greeter  - Hello
2015-11-03 22:53:49,045 INFO  nl.rdj.GreetPrinter  - hello, typesafe
2015-11-03 22:53:50,045 INFO  nl.rdj.Greeter  - Hello
2015-11-03 22:53:50,045 INFO  nl.rdj.GreetPrinter  - hello, typesafe
2015-11-03 22:53:51,045 INFO  nl.rdj.Greeter  - Hello
2015-11-03 22:53:51,045 INFO  nl.rdj.GreetPrinter  - hello, typesafe
2015-11-03 22:53:52,046 INFO  nl.rdj.Greeter  - Hello
2015-11-03 22:53:52,046 INFO  nl.rdj.GreetPrinter  - hello, typesafe
2015-11-03 22:53:53,037 INFO  nl.rdj.Greeter  - Hello
2015-11-03 22:53:53,037 INFO  nl.rdj.GreetPrinter  - hello, typesafe
2015-11-03 22:53:54,034 INFO  nl.rdj.Greeter  - Hello
2015-11-03 22:53:54,034 INFO  nl.rdj.GreetPrinter  - hello, typesafe
2015-11-03 22:53:55,035 INFO  nl.rdj.Greeter  - Hello
2015-11-03 22:53:55,035 INFO  nl.rdj.GreetPrinter  - hello, typesafe
2015-11-03 22:53:56,035 INFO  nl.rdj.Greeter  - Hello
2015-11-03 22:53:56,035 INFO  nl.rdj.GreetPrinter  - hello, typesafe
2015-11-03 22:53:57,036 INFO  nl.rdj.Greeter  - Hello
2015-11-03 22:53:57,036 INFO  nl.rdj.GreetPrinter  - hello, typesafe
2015-11-03 22:53:58,036 INFO  nl.rdj.Greeter  - Hello
2015-11-03 22:53:58,036 INFO  nl.rdj.GreetPrinter  - hello, typesafe
2015-11-03 22:53:59,035 INFO  nl.rdj.Greeter  - Hello
2015-11-03 22:53:59,035 INFO  nl.rdj.GreetPrinter  - hello, typesafe
2015-11-03 22:54:00,037 INFO  nl.rdj.Greeter  - Hello
2015-11-03 22:54:00,038 INFO  nl.rdj.GreetPrinter  - hello, typesafe
2015-11-03 22:54:01,036 INFO  nl.rdj.Greeter  - Hello
2015-11-03 22:54:01,036 INFO  nl.rdj.GreetPrinter  - hello, typesafe
2015-11-03 22:54:02,035 INFO  nl.rdj.Greeter  - Hello
2015-11-03 22:54:02,035 INFO  nl.rdj.GreetPrinter  - hello, typesafe
2015-11-03 22:54:03,035 INFO  nl.rdj.Greeter  - Hello
2015-11-03 22:54:03,035 INFO  nl.rdj.GreetPrinter  - hello, typesafe
2015-11-03 22:54:04,036 INFO  nl.rdj.Greeter  - Hello
2015-11-03 22:54:04,036 INFO  nl.rdj.GreetPrinter  - hello, typesafe
2015-11-03 22:54:05,035 INFO  nl.rdj.Greeter  - Hello
2015-11-03 22:54:05,035 INFO  nl.rdj.GreetPrinter  - hello, typesafe
2015-11-03 22:54:06,034 INFO  nl.rdj.Greeter  - Hello
2015-11-03 22:54:06,035 INFO  nl.rdj.GreetPrinter  - hello, typesafe
2015-11-03 22:54:07,036 INFO  nl.rdj.Greeter  - Hello
2015-11-03 22:54:07,036 INFO  nl.rdj.GreetPrinter  - hello, typesafe
2015-11-03 22:54:08,038 INFO  nl.rdj.Greeter  - Hello
2015-11-03 22:54:08,038 INFO  nl.rdj.GreetPrinter  - hello, typesafe
2015-11-03 22:54:09,038 INFO  nl.rdj.Greeter  - Hello
2015-11-03 22:54:09,039 INFO  nl.rdj.GreetPrinter  - hello, typesafe
2015-11-03 22:54:10,036 INFO  nl.rdj.Greeter  - Hello
2015-11-03 22:54:10,036 INFO  nl.rdj.GreetPrinter  - hello, typesafe
2015-11-03 22:54:11,035 INFO  nl.rdj.Greeter  - Hello
2015-11-03 22:54:11,035 INFO  nl.rdj.GreetPrinter  - hello, typesafe
2015-11-03 22:54:12,036 INFO  nl.rdj.Greeter  - Hello
2015-11-03 22:54:12,036 INFO  nl.rdj.GreetPrinter  - hello, typesafe
2015-11-03 22:54:13,035 INFO  nl.rdj.Greeter  - Hello
2015-11-03 22:54:13,036 INFO  nl.rdj.GreetPrinter  - hello, typesafe
2015-11-03 22:54:14,035 INFO  nl.rdj.Greeter  - Hello
2015-11-03 22:54:14,036 INFO  nl.rdj.GreetPrinter  - hello, typesafe
2015-11-03 22:54:15,035 INFO  nl.rdj.Greeter  - Hello
2015-11-03 22:54:15,035 INFO  nl.rdj.GreetPrinter  - hello, typesafe
2015-11-03 22:54:16,036 INFO  nl.rdj.Greeter  - Hello
2015-11-03 22:54:16,036 INFO  nl.rdj.GreetPrinter  - hello, typesafe
2015-11-03 22:54:17,035 INFO  nl.rdj.Greeter  - Hello
2015-11-03 22:54:17,035 INFO  nl.rdj.GreetPrinter  - hello, typesafe
2015-11-03 22:54:18,035 INFO  nl.rdj.Greeter  - Hello
2015-11-03 22:54:18,036 INFO  nl.rdj.GreetPrinter  - hello, typesafe
2015-11-03 22:54:19,036 INFO  nl.rdj.Greeter  - Hello
2015-11-03 22:54:19,036 INFO  nl.rdj.GreetPrinter  - hello, typesafe
2015-11-03 22:54:20,034 INFO  nl.rdj.Greeter  - Hello
2015-11-03 22:54:20,035 INFO  nl.rdj.GreetPrinter  - hello, typesafe
2015-11-03 22:54:21,036 INFO  nl.rdj.Greeter  - Hello
2015-11-03 22:54:21,037 INFO  nl.rdj.GreetPrinter  - hello, typesafe
2015-11-03 22:54:22,035 INFO  nl.rdj.Greeter  - Hello
2015-11-03 22:54:22,035 INFO  nl.rdj.GreetPrinter  - hello, typesafe
2015-11-03 22:54:23,037 INFO  nl.rdj.Greeter  - Hello
2015-11-03 22:54:23,037 INFO  nl.rdj.GreetPrinter  - hello, typesafe
2015-11-03 22:54:24,047 INFO  nl.rdj.Greeter  - Hello
2015-11-03 22:54:24,048 INFO  nl.rdj.GreetPrinter  - hello, typesafe
2015-11-03 22:54:25,045 INFO  nl.rdj.Greeter  - Hello
2015-11-03 22:54:25,045 INFO  nl.rdj.GreetPrinter  - hello, typesafe
2015-11-03 22:54:26,047 INFO  nl.rdj.Greeter  - Hello
2015-11-03 22:54:26,047 INFO  nl.rdj.GreetPrinter  - hello, typesafe
2015-11-03 22:54:27,048 INFO  nl.rdj.Greeter  - Hello
2015-11-03 22:54:27,048 INFO  nl.rdj.GreetPrinter  - hello, typesafe
2015-11-03 22:54:28,046 INFO  nl.rdj.Greeter  - Hello
2015-11-03 22:54:28,046 INFO  nl.rdj.GreetPrinter  - hello, typesafe
2015-11-03 22:54:29,046 INFO  nl.rdj.Greeter  - Hello
2015-11-03 22:54:29,046 INFO  nl.rdj.GreetPrinter  - hello, typesafe
2015-11-03 22:54:30,045 INFO  nl.rdj.Greeter  - Hello
2015-11-03 22:54:30,045 INFO  nl.rdj.GreetPrinter  - hello, typesafe
2015-11-03 22:54:31,045 INFO  nl.rdj.Greeter  - Hello
2015-11-03 22:54:31,045 INFO  nl.rdj.GreetPrinter  - hello, typesafe
2015-11-03 22:54:32,046 INFO  nl.rdj.Greeter  - Hello
2015-11-03 22:54:32,046 INFO  nl.rdj.GreetPrinter  - hello, typesafe
2015-11-03 22:54:33,044 INFO  nl.rdj.Greeter  - Hello
2015-11-03 22:54:33,045 INFO  nl.rdj.GreetPrinter  - hello, typesafe
2015-11-03 22:54:34,045 INFO  nl.rdj.Greeter  - Hello
2015-11-03 22:54:34,046 INFO  nl.rdj.GreetPrinter  - hello, typesafe
2015-11-03 22:54:35,045 INFO  nl.rdj.Greeter  - Hello
2015-11-03 22:54:35,046 INFO  nl.rdj.GreetPrinter  - hello, typesafe
2015-11-03 22:54:36,045 INFO  nl.rdj.Greeter  - Hello
2015-11-03 22:54:36,045 INFO  nl.rdj.GreetPrinter  - hello, typesafe
2015-11-03 22:54:37,045 INFO  nl.rdj.Greeter  - Hello
2015-11-03 22:54:37,045 INFO  nl.rdj.GreetPrinter  - hello, typesafe
2015-11-03 22:54:38,045 INFO  nl.rdj.Greeter  - Hello
2015-11-03 22:54:38,046 INFO  nl.rdj.GreetPrinter  - hello, typesafe
2015-11-03 22:54:39,045 INFO  nl.rdj.Greeter  - Hello
2015-11-03 22:54:39,045 INFO  nl.rdj.GreetPrinter  - hello, typesafe
2015-11-03 22:54:40,045 INFO  nl.rdj.Greeter  - Hello
2015-11-03 22:54:40,045 INFO  nl.rdj.GreetPrinter  - hello, typesafe
2015-11-03 22:54:41,046 INFO  nl.rdj.Greeter  - Hello
2015-11-03 22:54:41,046 INFO  nl.rdj.GreetPrinter  - hello, typesafe
2015-11-03 22:54:42,035 INFO  nl.rdj.Greeter  - Hello
2015-11-03 22:54:42,035 INFO  nl.rdj.GreetPrinter  - hello, typesafe
2015-11-03 22:54:43,036 INFO  nl.rdj.Greeter  - Hello
2015-11-03 22:54:43,036 INFO  nl.rdj.GreetPrinter  - hello, typesafe
2015-11-03 22:54:44,045 INFO  nl.rdj.Greeter  - Hello
2015-11-03 22:54:44,045 INFO  nl.rdj.GreetPrinter  - hello, typesafe
2015-11-03 22:54:45,046 INFO  nl.rdj.Greeter  - Hello
2015-11-03 22:54:45,046 INFO  nl.rdj.GreetPrinter  - hello, typesafe
2015-11-03 22:54:46,047 INFO  nl.rdj.Greeter  - Hello
2015-11-03 22:54:46,047 INFO  nl.rdj.GreetPrinter  - hello, typesafe
2015-11-03 22:54:47,046 INFO  nl.rdj.Greeter  - Hello
2015-11-03 22:54:47,046 INFO  nl.rdj.GreetPrinter  - hello, typesafe
2015-11-03 22:54:48,045 INFO  nl.rdj.Greeter  - Hello
2015-11-03 22:54:48,045 INFO  nl.rdj.GreetPrinter  - hello, typesafe
2015-11-03 22:54:49,045 INFO  nl.rdj.Greeter  - Hello
2015-11-03 22:54:49,045 INFO  nl.rdj.GreetPrinter  - hello, typesafe
2015-11-03 22:54:50,046 INFO  nl.rdj.Greeter  - Hello
2015-11-03 22:54:50,046 INFO  nl.rdj.GreetPrinter  - hello, typesafe
2015-11-03 22:54:51,047 INFO  nl.rdj.Greeter  - Hello
2015-11-03 22:54:51,048 INFO  nl.rdj.GreetPrinter  - hello, typesafe
2015-11-03 22:54:52,035 INFO  nl.rdj.Greeter  - Hello
2015-11-03 22:54:52,035 INFO  nl.rdj.GreetPrinter  - hello, typesafe
2015-11-03 22:54:53,045 INFO  nl.rdj.Greeter  - Hello
2015-11-03 22:54:53,045 INFO  nl.rdj.GreetPrinter  - hello, typesafe
2015-11-03 22:54:54,045 INFO  nl.rdj.Greeter  - Hello
2015-11-03 22:54:54,046 INFO  nl.rdj.GreetPrinter  - hello, typesafe
2015-11-03 22:54:55,045 INFO  nl.rdj.Greeter  - Hello
2015-11-03 22:54:55,045 INFO  nl.rdj.GreetPrinter  - hello, typesafe
2015-11-03 22:54:56,035 INFO  nl.rdj.Greeter  - Hello
2015-11-03 22:54:56,036 INFO  nl.rdj.GreetPrinter  - hello, typesafe
2015-11-03 22:54:57,045 INFO  nl.rdj.Greeter  - Hello
2015-11-03 22:54:57,045 INFO  nl.rdj.GreetPrinter  - hello, typesafe
2015-11-03 22:54:58,046 INFO  nl.rdj.Greeter  - Hello
2015-11-03 22:54:58,046 INFO  nl.rdj.GreetPrinter  - hello, typesafe
2015-11-03 22:54:59,046 INFO  nl.rdj.Greeter  - Hello
2015-11-03 22:54:59,046 INFO  nl.rdj.GreetPrinter  - hello, typesafe
2015-11-03 22:55:00,046 INFO  nl.rdj.Greeter  - Hello
2015-11-03 22:55:00,046 INFO  nl.rdj.GreetPrinter  - hello, typesafe
2015-11-03 22:55:01,045 INFO  nl.rdj.Greeter  - Hello
2015-11-03 22:55:01,045 INFO  nl.rdj.GreetPrinter  - hello, typesafe
2015-11-03 22:55:02,036 INFO  nl.rdj.Greeter  - Hello
2015-11-03 22:55:02,036 INFO  nl.rdj.GreetPrinter  - hello, typesafe
2015-11-03 22:55:03,046 INFO  nl.rdj.Greeter  - Hello
2015-11-03 22:55:03,046 INFO  nl.rdj.GreetPrinter  - hello, typesafe
2015-11-03 22:55:04,045 INFO  nl.rdj.Greeter  - Hello
2015-11-03 22:55:04,045 INFO  nl.rdj.GreetPrinter  - hello, typesafe
2015-11-03 22:55:05,046 INFO  nl.rdj.Greeter  - Hello
2015-11-03 22:55:05,046 INFO  nl.rdj.GreetPrinter  - hello, typesafe
2015-11-03 22:55:06,045 INFO  nl.rdj.Greeter  - Hello
2015-11-03 22:55:06,045 INFO  nl.rdj.GreetPrinter  - hello, typesafe
2015-11-03 22:55:07,046 INFO  nl.rdj.Greeter  - Hello
2015-11-03 22:55:07,046 INFO  nl.rdj.GreetPrinter  - hello, typesafe
2015-11-03 22:55:08,046 INFO  nl.rdj.Greeter  - Hello
2015-11-03 22:55:08,046 INFO  nl.rdj.GreetPrinter  - hello, typesafe
2015-11-03 22:55:09,045 INFO  nl.rdj.Greeter  - Hello
2015-11-03 22:55:09,046 INFO  nl.rdj.GreetPrinter  - hello, typesafe
2015-11-03 22:55:10,038 INFO  nl.rdj.Greeter  - Hello
2015-11-03 22:55:10,038 INFO  nl.rdj.GreetPrinter  - hello, typesafe
2015-11-03 22:55:11,046 INFO  nl.rdj.Greeter  - Hello
2015-11-03 22:55:11,046 INFO  nl.rdj.GreetPrinter  - hello, typesafe
2015-11-03 22:55:12,036 INFO  nl.rdj.Greeter  - Hello
2015-11-03 22:55:12,036 INFO  nl.rdj.GreetPrinter  - hello, typesafe
2015-11-03 22:55:13,046 INFO  nl.rdj.Greeter  - Hello
2015-11-03 22:55:13,047 INFO  nl.rdj.GreetPrinter  - hello, typesafe
2015-11-03 22:55:14,047 INFO  nl.rdj.Greeter  - Hello
2015-11-03 22:55:14,047 INFO  nl.rdj.GreetPrinter  - hello, typesafe
2015-11-03 22:55:15,036 INFO  nl.rdj.Greeter  - Hello
2015-11-03 22:55:15,036 INFO  nl.rdj.GreetPrinter  - hello, typesafe
2015-11-03 22:55:16,046 INFO  nl.rdj.Greeter  - Hello
2015-11-03 22:55:16,046 INFO  nl.rdj.GreetPrinter  - hello, typesafe
2015-11-03 22:55:17,045 INFO  nl.rdj.Greeter  - Hello
2015-11-03 22:55:17,045 INFO  nl.rdj.GreetPrinter  - hello, typesafe
2015-11-03 22:55:18,048 INFO  nl.rdj.Greeter  - Hello
2015-11-03 22:55:18,048 INFO  nl.rdj.GreetPrinter  - hello, typesafe
2015-11-03 22:55:19,045 INFO  nl.rdj.Greeter  - Hello
2015-11-03 22:55:19,045 INFO  nl.rdj.GreetPrinter  - hello, typesafe
2015-11-03 22:55:20,047 INFO  nl.rdj.Greeter  - Hello
2015-11-03 22:55:20,047 INFO  nl.rdj.GreetPrinter  - hello, typesafe
2015-11-03 22:55:21,044 INFO  nl.rdj.Greeter  - Hello
2015-11-03 22:55:21,044 INFO  nl.rdj.GreetPrinter  - hello, typesafe
2015-11-03 22:55:22,045 INFO  nl.rdj.Greeter  - Hello
2015-11-03 22:55:22,046 INFO  nl.rdj.GreetPrinter  - hello, typesafe
2015-11-03 22:55:23,044 INFO  nl.rdj.Greeter  - Hello
2015-11-03 22:55:23,045 INFO  nl.rdj.GreetPrinter  - hello, typesafe
2015-11-03 22:55:24,038 INFO  nl.rdj.Greeter  - Hello
2015-11-03 22:55:24,039 INFO  nl.rdj.GreetPrinter  - hello, typesafe
2015-11-03 22:55:25,035 INFO  nl.rdj.Greeter  - Hello
2015-11-03 22:55:25,035 INFO  nl.rdj.GreetPrinter  - hello, typesafe
2015-11-03 22:55:26,045 INFO  nl.rdj.Greeter  - Hello
2015-11-03 22:55:26,045 INFO  nl.rdj.GreetPrinter  - hello, typesafe
2015-11-03 22:55:27,045 INFO  nl.rdj.Greeter  - Hello
2015-11-03 22:55:27,045 INFO  nl.rdj.GreetPrinter  - hello, typesafe
2015-11-03 22:55:28,037 INFO  nl.rdj.Greeter  - Hello
2015-11-03 22:55:28,038 INFO  nl.rdj.GreetPrinter  - hello, typesafe
2015-11-03 22:55:29,045 INFO  nl.rdj.Greeter  - Hello
2015-11-03 22:55:29,045 INFO  nl.rdj.GreetPrinter  - hello, typesafe
2015-11-03 22:55:30,048 INFO  nl.rdj.Greeter  - Hello
2015-11-03 22:55:30,048 INFO  nl.rdj.GreetPrinter  - hello, typesafe
2015-11-03 22:55:31,045 INFO  nl.rdj.Greeter  - Hello
2015-11-03 22:55:31,045 INFO  nl.rdj.GreetPrinter  - hello, typesafe
2015-11-03 22:55:32,045 INFO  nl.rdj.Greeter  - Hello
2015-11-03 22:55:32,046 INFO  nl.rdj.GreetPrinter  - hello, typesafe
2015-11-03 22:55:33,046 INFO  nl.rdj.Greeter  - Hello
2015-11-03 22:55:33,047 INFO  nl.rdj.GreetPrinter  - hello, typesafe
2015-11-03 22:55:34,045 INFO  nl.rdj.Greeter  - Hello
2015-11-03 22:55:34,045 INFO  nl.rdj.GreetPrinter  - hello, typesafe
2015-11-03 22:55:35,047 INFO  nl.rdj.Greeter  - Hello
2015-11-03 22:55:35,048 INFO  nl.rdj.GreetPrinter  - hello, typesafe
2015-11-03 22:55:36,046 INFO  nl.rdj.Greeter  - Hello
2015-11-03 22:55:36,046 INFO  nl.rdj.GreetPrinter  - hello, typesafe
2015-11-03 22:55:37,046 INFO  nl.rdj.Greeter  - Hello
2015-11-03 22:55:37,046 INFO  nl.rdj.GreetPrinter  - hello, typesafe
2015-11-03 22:55:38,046 INFO  nl.rdj.Greeter  - Hello
2015-11-03 22:55:38,046 INFO  nl.rdj.GreetPrinter  - hello, typesafe
2015-11-03 22:55:39,044 INFO  nl.rdj.Greeter  - Hello
2015-11-03 22:55:39,045 INFO  nl.rdj.GreetPrinter  - hello, typesafe
2015-11-03 22:55:40,048 INFO  nl.rdj.Greeter  - Hello
2015-11-03 22:55:40,048 INFO  nl.rdj.GreetPrinter  - hello, typesafe
2015-11-03 22:55:41,047 INFO  nl.rdj.Greeter  - Hello
2015-11-03 22:55:41,047 INFO  nl.rdj.GreetPrinter  - hello, typesafe
2015-11-03 22:55:42,044 INFO  nl.rdj.Greeter  - Hello
2015-11-03 22:55:42,045 INFO  nl.rdj.GreetPrinter  - hello, typesafe
2015-11-03 22:55:43,045 INFO  nl.rdj.Greeter  - Hello
2015-11-03 22:55:43,045 INFO  nl.rdj.GreetPrinter  - hello, typesafe
2015-11-03 22:55:44,047 INFO  nl.rdj.Greeter  - Hello
2015-11-03 22:55:44,047 INFO  nl.rdj.GreetPrinter  - hello, typesafe
2015-11-03 22:55:45,045 INFO  nl.rdj.Greeter  - Hello
2015-11-03 22:55:45,045 INFO  nl.rdj.GreetPrinter  - hello, typesafe
2015-11-03 22:55:46,044 INFO  nl.rdj.Greeter  - Hello
2015-11-03 22:55:46,045 INFO  nl.rdj.GreetPrinter  - hello, typesafe
2015-11-03 22:55:47,045 INFO  nl.rdj.Greeter  - Hello
2015-11-03 22:55:47,045 INFO  nl.rdj.GreetPrinter  - hello, typesafe
2015-11-03 22:55:48,046 INFO  nl.rdj.Greeter  - Hello
2015-11-03 22:55:48,046 INFO  nl.rdj.GreetPrinter  - hello, typesafe
2015-11-03 22:55:49,047 INFO  nl.rdj.Greeter  - Hello
2015-11-03 22:55:49,047 INFO  nl.rdj.GreetPrinter  - hello, typesafe
2015-11-03 22:55:50,049 INFO  nl.rdj.Greeter  - Hello
2015-11-03 22:55:50,050 INFO  nl.rdj.GreetPrinter  - hello, typesafe
2015-11-03 22:55:51,035 INFO  nl.rdj.Greeter  - Hello
2015-11-03 22:55:51,035 INFO  nl.rdj.GreetPrinter  - hello, typesafe
2015-11-03 22:55:52,051 INFO  nl.rdj.Greeter  - Hello
2015-11-03 22:55:52,052 INFO  nl.rdj.GreetPrinter  - hello, typesafe
2015-11-03 22:55:53,045 INFO  nl.rdj.Greeter  - Hello
2015-11-03 22:55:53,045 INFO  nl.rdj.GreetPrinter  - hello, typesafe
2015-11-03 22:55:54,046 INFO  nl.rdj.Greeter  - Hello
2015-11-03 22:55:54,046 INFO  nl.rdj.GreetPrinter  - hello, typesafe
2015-11-03 22:55:55,045 INFO  nl.rdj.Greeter  - Hello
2015-11-03 22:55:55,045 INFO  nl.rdj.GreetPrinter  - hello, typesafe
2015-11-03 22:55:56,045 INFO  nl.rdj.Greeter  - Hello
2015-11-03 22:55:56,045 INFO  nl.rdj.GreetPrinter  - hello, typesafe
2015-11-03 22:55:57,045 INFO  nl.rdj.Greeter  - Hello
2015-11-03 22:55:57,045 INFO  nl.rdj.GreetPrinter  - hello, typesafe
2015-11-03 22:55:58,035 INFO  nl.rdj.Greeter  - Hello
2015-11-03 22:55:58,036 INFO  nl.rdj.GreetPrinter  - hello, typesafe
2015-11-03 22:55:59,035 INFO  nl.rdj.Greeter  - Hello
2015-11-03 22:55:59,035 INFO  nl.rdj.GreetPrinter  - hello, typesafe
2015-11-03 22:56:00,035 INFO  nl.rdj.Greeter  - Hello
2015-11-03 22:56:00,035 INFO  nl.rdj.GreetPrinter  - hello, typesafe
2015-11-03 22:56:01,035 INFO  nl.rdj.Greeter  - Hello
2015-11-03 22:56:01,036 INFO  nl.rdj.GreetPrinter  - hello, typesafe
2015-11-03 22:56:02,038 INFO  nl.rdj.Greeter  - Hello
2015-11-03 22:56:02,038 INFO  nl.rdj.GreetPrinter  - hello, typesafe
2015-11-03 22:56:03,035 INFO  nl.rdj.Greeter  - Hello
2015-11-03 22:56:03,035 INFO  nl.rdj.GreetPrinter  - hello, typesafe
2015-11-03 22:56:04,034 INFO  nl.rdj.Greeter  - Hello
2015-11-03 22:56:04,035 INFO  nl.rdj.GreetPrinter  - hello, typesafe
2015-11-03 22:56:05,035 INFO  nl.rdj.Greeter  - Hello
2015-11-03 22:56:05,035 INFO  nl.rdj.GreetPrinter  - hello, typesafe
2015-11-03 22:56:06,036 INFO  nl.rdj.Greeter  - Hello
2015-11-03 22:56:06,036 INFO  nl.rdj.GreetPrinter  - hello, typesafe
2015-11-03 22:56:07,036 INFO  nl.rdj.Greeter  - Hello
2015-11-03 22:56:07,036 INFO  nl.rdj.GreetPrinter  - hello, typesafe
2015-11-03 22:56:08,035 INFO  nl.rdj.Greeter  - Hello
2015-11-03 22:56:08,036 INFO  nl.rdj.GreetPrinter  - hello, typesafe
2015-11-03 22:56:09,036 INFO  nl.rdj.Greeter  - Hello
2015-11-03 22:56:09,036 INFO  nl.rdj.GreetPrinter  - hello, typesafe
2015-11-03 22:56:10,035 INFO  nl.rdj.Greeter  - Hello
2015-11-03 22:56:10,035 INFO  nl.rdj.GreetPrinter  - hello, typesafe
2015-11-03 22:56:11,039 INFO  nl.rdj.Greeter  - Hello
2015-11-03 22:56:11,040 INFO  nl.rdj.GreetPrinter  - hello, typesafe
2015-11-03 22:56:12,046 INFO  nl.rdj.Greeter  - Hello
2015-11-03 22:56:12,047 INFO  nl.rdj.GreetPrinter  - hello, typesafe
2015-11-03 22:56:13,045 INFO  nl.rdj.Greeter  - Hello
2015-11-03 22:56:13,046 INFO  nl.rdj.GreetPrinter  - hello, typesafe
2015-11-03 22:56:14,045 INFO  nl.rdj.Greeter  - Hello
2015-11-03 22:56:14,045 INFO  nl.rdj.GreetPrinter  - hello, typesafe
2015-11-03 22:56:15,048 INFO  nl.rdj.Greeter  - Hello
2015-11-03 22:56:15,048 INFO  nl.rdj.GreetPrinter  - hello, typesafe
2015-11-03 22:56:16,047 INFO  nl.rdj.Greeter  - Hello
2015-11-03 22:56:16,047 INFO  nl.rdj.GreetPrinter  - hello, typesafe
2015-11-03 22:56:17,046 INFO  nl.rdj.Greeter  - Hello
2015-11-03 22:56:17,046 INFO  nl.rdj.GreetPrinter  - hello, typesafe
2015-11-03 22:56:18,035 INFO  nl.rdj.Greeter  - Hello
2015-11-03 22:56:18,036 INFO  nl.rdj.GreetPrinter  - hello, typesafe
2015-11-03 22:56:19,045 INFO  nl.rdj.Greeter  - Hello
2015-11-03 22:56:19,045 INFO  nl.rdj.GreetPrinter  - hello, typesafe
2015-11-03 22:56:20,045 INFO  nl.rdj.Greeter  - Hello
2015-11-03 22:56:20,045 INFO  nl.rdj.GreetPrinter  - hello, typesafe
2015-11-03 22:56:21,045 INFO  nl.rdj.Greeter  - Hello
2015-11-03 22:56:21,045 INFO  nl.rdj.GreetPrinter  - hello, typesafe
2015-11-03 22:56:22,045 INFO  nl.rdj.Greeter  - Hello
2015-11-03 22:56:22,045 INFO  nl.rdj.GreetPrinter  - hello, typesafe
2015-11-03 22:56:23,034 INFO  nl.rdj.Greeter  - Hello
2015-11-03 22:56:23,034 INFO  nl.rdj.GreetPrinter  - hello, typesafe
2015-11-03 22:56:24,036 INFO  nl.rdj.Greeter  - Hello
2015-11-03 22:56:24,037 INFO  nl.rdj.GreetPrinter  - hello, typesafe
2015-11-03 22:56:25,035 INFO  nl.rdj.Greeter  - Hello
2015-11-03 22:56:25,035 INFO  nl.rdj.GreetPrinter  - hello, typesafe
2015-11-03 22:56:26,046 INFO  nl.rdj.Greeter  - Hello
2015-11-03 22:56:26,046 INFO  nl.rdj.GreetPrinter  - hello, typesafe
2015-11-03 22:56:27,046 INFO  nl.rdj.Greeter  - Hello
2015-11-03 22:56:27,046 INFO  nl.rdj.GreetPrinter  - hello, typesafe
2015-11-03 22:56:28,045 INFO  nl.rdj.Greeter  - Hello
2015-11-03 22:56:28,045 INFO  nl.rdj.GreetPrinter  - hello, typesafe
2015-11-03 22:56:29,045 INFO  nl.rdj.Greeter  - Hello
2015-11-03 22:56:29,046 INFO  nl.rdj.GreetPrinter  - hello, typesafe
2015-11-03 22:56:30,034 INFO  nl.rdj.Greeter  - Hello
2015-11-03 22:56:30,035 INFO  nl.rdj.GreetPrinter  - hello, typesafe
2015-11-03 22:56:31,035 INFO  nl.rdj.Greeter  - Hello
2015-11-03 22:56:31,035 INFO  nl.rdj.GreetPrinter  - hello, typesafe
2015-11-03 22:56:32,035 INFO  nl.rdj.Greeter  - Hello
2015-11-03 22:56:32,035 INFO  nl.rdj.GreetPrinter  - hello, typesafe
2015-11-03 22:56:33,036 INFO  nl.rdj.Greeter  - Hello
2015-11-03 22:56:33,036 INFO  nl.rdj.GreetPrinter  - hello, typesafe
2015-11-03 22:56:34,036 INFO  nl.rdj.Greeter  - Hello
2015-11-03 22:56:34,036 INFO  nl.rdj.GreetPrinter  - hello, typesafe
2015-11-03 22:56:35,036 INFO  nl.rdj.Greeter  - Hello
2015-11-03 22:56:35,036 INFO  nl.rdj.GreetPrinter  - hello, typesafe
2015-11-03 22:56:36,034 INFO  nl.rdj.Greeter  - Hello
2015-11-03 22:56:36,035 INFO  nl.rdj.GreetPrinter  - hello, typesafe
2015-11-03 22:56:37,035 INFO  nl.rdj.Greeter  - Hello
2015-11-03 22:56:37,035 INFO  nl.rdj.GreetPrinter  - hello, typesafe
2015-11-03 22:56:38,039 INFO  nl.rdj.Greeter  - Hello
2015-11-03 22:56:38,040 INFO  nl.rdj.GreetPrinter  - hello, typesafe
2015-11-03 22:56:39,035 INFO  nl.rdj.Greeter  - Hello
2015-11-03 22:56:39,035 INFO  nl.rdj.GreetPrinter  - hello, typesafe
2015-11-03 22:56:40,036 INFO  nl.rdj.Greeter  - Hello
2015-11-03 22:56:40,036 INFO  nl.rdj.GreetPrinter  - hello, typesafe
2015-11-03 22:56:41,035 INFO  nl.rdj.Greeter  - Hello
2015-11-03 22:56:41,035 INFO  nl.rdj.GreetPrinter  - hello, typesafe
2015-11-03 22:56:42,034 INFO  nl.rdj.Greeter  - Hello
2015-11-03 22:56:42,035 INFO  nl.rdj.GreetPrinter  - hello, typesafe
2015-11-03 22:56:43,041 INFO  nl.rdj.Greeter  - Hello
2015-11-03 22:56:43,041 INFO  nl.rdj.GreetPrinter  - hello, typesafe
2015-11-03 22:56:44,035 INFO  nl.rdj.Greeter  - Hello
2015-11-03 22:56:44,035 INFO  nl.rdj.GreetPrinter  - hello, typesafe
2015-11-03 22:56:45,035 INFO  nl.rdj.Greeter  - Hello
2015-11-03 22:56:45,035 INFO  nl.rdj.GreetPrinter  - hello, typesafe
2015-11-03 22:56:46,035 INFO  nl.rdj.Greeter  - Hello
2015-11-03 22:56:46,035 INFO  nl.rdj.GreetPrinter  - hello, typesafe
2015-11-03 22:56:47,034 INFO  nl.rdj.Greeter  - Hello
2015-11-03 22:56:47,034 INFO  nl.rdj.GreetPrinter  - hello, typesafe
2015-11-03 22:56:48,035 INFO  nl.rdj.Greeter  - Hello
2015-11-03 22:56:48,035 INFO  nl.rdj.GreetPrinter  - hello, typesafe
2015-11-03 22:56:49,046 INFO  nl.rdj.Greeter  - Hello
2015-11-03 22:56:49,046 INFO  nl.rdj.GreetPrinter  - hello, typesafe
2015-11-03 22:56:50,046 INFO  nl.rdj.Greeter  - Hello
2015-11-03 22:56:50,046 INFO  nl.rdj.GreetPrinter  - hello, typesafe
2015-11-03 22:56:51,046 INFO  nl.rdj.Greeter  - Hello
2015-11-03 22:56:51,046 INFO  nl.rdj.GreetPrinter  - hello, typesafe
2015-11-03 22:56:52,045 INFO  nl.rdj.Greeter  - Hello
2015-11-03 22:56:52,045 INFO  nl.rdj.GreetPrinter  - hello, typesafe
2015-11-03 22:56:53,045 INFO  nl.rdj.Greeter  - Hello
2015-11-03 22:56:53,045 INFO  nl.rdj.GreetPrinter  - hello, typesafe
2015-11-03 22:56:54,038 INFO  nl.rdj.Greeter  - Hello
2015-11-03 22:56:54,038 INFO  nl.rdj.GreetPrinter  - hello, typesafe
2015-11-03 22:56:55,044 INFO  nl.rdj.Greeter  - Hello
2015-11-03 22:56:55,045 INFO  nl.rdj.GreetPrinter  - hello, typesafe
2015-11-03 22:56:56,046 INFO  nl.rdj.Greeter  - Hello
2015-11-03 22:56:56,046 INFO  nl.rdj.GreetPrinter  - hello, typesafe
2015-11-03 22:56:57,035 INFO  nl.rdj.Greeter  - Hello
2015-11-03 22:56:57,036 INFO  nl.rdj.GreetPrinter  - hello, typesafe
2015-11-03 22:56:58,045 INFO  nl.rdj.Greeter  - Hello
2015-11-03 22:56:58,045 INFO  nl.rdj.GreetPrinter  - hello, typesafe
2015-11-03 22:56:59,045 INFO  nl.rdj.Greeter  - Hello
2015-11-03 22:56:59,045 INFO  nl.rdj.GreetPrinter  - hello, typesafe
2015-11-03 22:57:00,051 INFO  nl.rdj.Greeter  - Hello
2015-11-03 22:57:00,051 INFO  nl.rdj.GreetPrinter  - hello, typesafe
2015-11-03 22:57:01,047 INFO  nl.rdj.Greeter  - Hello
2015-11-03 22:57:01,047 INFO  nl.rdj.GreetPrinter  - hello, typesafe
2015-11-03 22:57:02,045 INFO  nl.rdj.Greeter  - Hello
2015-11-03 22:57:02,045 INFO  nl.rdj.GreetPrinter  - hello, typesafe
2015-11-03 22:57:03,047 INFO  nl.rdj.Greeter  - Hello
2015-11-03 22:57:03,048 INFO  nl.rdj.GreetPrinter  - hello, typesafe
2015-11-03 22:57:04,045 INFO  nl.rdj.Greeter  - Hello
2015-11-03 22:57:04,045 INFO  nl.rdj.GreetPrinter  - hello, typesafe
2015-11-03 22:57:05,045 INFO  nl.rdj.Greeter  - Hello
2015-11-03 22:57:05,045 INFO  nl.rdj.GreetPrinter  - hello, typesafe
2015-11-03 22:57:06,035 INFO  nl.rdj.Greeter  - Hello
2015-11-03 22:57:06,035 INFO  nl.rdj.GreetPrinter  - hello, typesafe
2015-11-03 22:57:07,044 INFO  nl.rdj.Greeter  - Hello
2015-11-03 22:57:07,044 INFO  nl.rdj.GreetPrinter  - hello, typesafe
2015-11-03 22:57:08,046 INFO  nl.rdj.Greeter  - Hello
2015-11-03 22:57:08,046 INFO  nl.rdj.GreetPrinter  - hello, typesafe
2015-11-03 22:57:09,035 INFO  nl.rdj.Greeter  - Hello
2015-11-03 22:57:09,035 INFO  nl.rdj.GreetPrinter  - hello, typesafe
2015-11-03 22:57:10,045 INFO  nl.rdj.Greeter  - Hello
2015-11-03 22:57:10,045 INFO  nl.rdj.GreetPrinter  - hello, typesafe
2015-11-03 22:57:11,048 INFO  nl.rdj.Greeter  - Hello
2015-11-03 22:57:11,048 INFO  nl.rdj.GreetPrinter  - hello, typesafe
2015-11-03 22:57:12,046 INFO  nl.rdj.Greeter  - Hello
2015-11-03 22:57:12,049 INFO  nl.rdj.GreetPrinter  - hello, typesafe
2015-11-03 22:57:13,046 INFO  nl.rdj.Greeter  - Hello
2015-11-03 22:57:13,046 INFO  nl.rdj.GreetPrinter  - hello, typesafe
2015-11-03 22:57:14,044 INFO  nl.rdj.Greeter  - Hello
2015-11-03 22:57:14,045 INFO  nl.rdj.GreetPrinter  - hello, typesafe
2015-11-03 22:57:15,046 INFO  nl.rdj.Greeter  - Hello
2015-11-03 22:57:15,047 INFO  nl.rdj.GreetPrinter  - hello, typesafe
2015-11-03 22:57:16,048 INFO  nl.rdj.Greeter  - Hello
2015-11-03 22:57:16,048 INFO  nl.rdj.GreetPrinter  - hello, typesafe
2015-11-03 22:57:17,045 INFO  nl.rdj.Greeter  - Hello
2015-11-03 22:57:17,045 INFO  nl.rdj.GreetPrinter  - hello, typesafe
2015-11-03 22:57:18,046 INFO  nl.rdj.Greeter  - Hello
2015-11-03 22:57:18,046 INFO  nl.rdj.GreetPrinter  - hello, typesafe
2015-11-03 22:57:19,044 INFO  nl.rdj.Greeter  - Hello
2015-11-03 22:57:19,045 INFO  nl.rdj.GreetPrinter  - hello, typesafe
2015-11-03 22:57:20,045 INFO  nl.rdj.Greeter  - Hello
2015-11-03 22:57:20,045 INFO  nl.rdj.GreetPrinter  - hello, typesafe
2015-11-03 22:57:21,048 INFO  nl.rdj.Greeter  - Hello
2015-11-03 22:57:21,048 INFO  nl.rdj.GreetPrinter  - hello, typesafe
2015-11-03 22:57:22,045 INFO  nl.rdj.Greeter  - Hello
2015-11-03 22:57:22,045 INFO  nl.rdj.GreetPrinter  - hello, typesafe
2015-11-03 22:57:23,046 INFO  nl.rdj.Greeter  - Hello
2015-11-03 22:57:23,046 INFO  nl.rdj.GreetPrinter  - hello, typesafe
2015-11-03 22:57:24,047 INFO  nl.rdj.Greeter  - Hello
2015-11-03 22:57:24,047 INFO  nl.rdj.GreetPrinter  - hello, typesafe
2015-11-03 22:57:25,045 INFO  nl.rdj.Greeter  - Hello
2015-11-03 22:57:25,045 INFO  nl.rdj.GreetPrinter  - hello, typesafe
2015-11-03 22:57:26,048 INFO  nl.rdj.Greeter  - Hello
2015-11-03 22:57:26,048 INFO  nl.rdj.GreetPrinter  - hello, typesafe
2015-11-03 22:57:27,047 INFO  nl.rdj.Greeter  - Hello
2015-11-03 22:57:27,047 INFO  nl.rdj.GreetPrinter  - hello, typesafe
2015-11-03 22:57:28,045 INFO  nl.rdj.Greeter  - Hello
2015-11-03 22:57:28,045 INFO  nl.rdj.GreetPrinter  - hello, typesafe
2015-11-03 22:57:29,034 INFO  nl.rdj.Greeter  - Hello
2015-11-03 22:57:29,035 INFO  nl.rdj.GreetPrinter  - hello, typesafe
2015-11-03 22:57:30,047 INFO  nl.rdj.Greeter  - Hello
2015-11-03 22:57:30,049 INFO  nl.rdj.GreetPrinter  - hello, typesafe
2015-11-03 22:57:31,046 INFO  nl.rdj.Greeter  - Hello
2015-11-03 22:57:31,046 INFO  nl.rdj.GreetPrinter  - hello, typesafe
2015-11-03 22:57:32,045 INFO  nl.rdj.Greeter  - Hello
2015-11-03 22:57:32,045 INFO  nl.rdj.GreetPrinter  - hello, typesafe
2015-11-03 22:57:33,045 INFO  nl.rdj.Greeter  - Hello
2015-11-03 22:57:33,045 INFO  nl.rdj.GreetPrinter  - hello, typesafe
2015-11-03 22:57:34,045 INFO  nl.rdj.Greeter  - Hello
2015-11-03 22:57:34,045 INFO  nl.rdj.GreetPrinter  - hello, typesafe
2015-11-03 22:57:35,046 INFO  nl.rdj.Greeter  - Hello
2015-11-03 22:57:35,046 INFO  nl.rdj.GreetPrinter  - hello, typesafe
2015-11-03 22:57:36,049 INFO  nl.rdj.Greeter  - Hello
2015-11-03 22:57:36,050 INFO  nl.rdj.GreetPrinter  - hello, typesafe
2015-11-03 22:57:37,047 INFO  nl.rdj.Greeter  - Hello
2015-11-03 22:57:37,047 INFO  nl.rdj.GreetPrinter  - hello, typesafe
2015-11-03 22:57:38,046 INFO  nl.rdj.Greeter  - Hello
2015-11-03 22:57:38,046 INFO  nl.rdj.GreetPrinter  - hello, typesafe
2015-11-03 22:57:39,049 INFO  nl.rdj.Greeter  - Hello
2015-11-03 22:57:39,049 INFO  nl.rdj.GreetPrinter  - hello, typesafe
2015-11-03 22:57:40,045 INFO  nl.rdj.Greeter  - Hello
2015-11-03 22:57:40,046 INFO  nl.rdj.GreetPrinter  - hello, typesafe
2015-11-03 22:57:41,044 INFO  nl.rdj.Greeter  - Hello
2015-11-03 22:57:41,044 INFO  nl.rdj.GreetPrinter  - hello, typesafe
2015-11-03 22:57:42,047 INFO  nl.rdj.Greeter  - Hello
2015-11-03 22:57:42,047 INFO  nl.rdj.GreetPrinter  - hello, typesafe
2015-11-03 22:57:43,047 INFO  nl.rdj.Greeter  - Hello
2015-11-03 22:57:43,047 INFO  nl.rdj.GreetPrinter  - hello, typesafe
2015-11-03 22:57:44,045 INFO  nl.rdj.Greeter  - Hello
2015-11-03 22:57:44,045 INFO  nl.rdj.GreetPrinter  - hello, typesafe
2015-11-03 22:57:45,045 INFO  nl.rdj.Greeter  - Hello
2015-11-03 22:57:45,045 INFO  nl.rdj.GreetPrinter  - hello, typesafe
2015-11-03 22:57:46,046 INFO  nl.rdj.Greeter  - Hello
2015-11-03 22:57:46,046 INFO  nl.rdj.GreetPrinter  - hello, typesafe
2015-11-03 22:57:47,047 INFO  nl.rdj.Greeter  - Hello
2015-11-03 22:57:47,047 INFO  nl.rdj.GreetPrinter  - hello, typesafe
